10-07 17:28:36.861 I/dvm_lock_sample( 1594): [system_server,0,PackageManager,24,ActivityManagerService.java,15989,int com.android.server.am.ActivityManagerService.broadcastIntent(android.app.IApplicationThread, android.content.Intent, java.lang.String, android.content.IIntentReceiver, int, java.lang.String, android.os.Bundle, java.lang.String[], int, android.os.Bundle, boolean, boolean, int),BroadcastQueue.java,984,void com.android.server.am.BroadcastQueue.processNextBroadcast(boolean, boolean),4]
10-07 17:28:37.009 I/dvm_lock_sample( 1594): [system_server,0,Binder:1594_17,5,ActivityManagerService.java,14494,void com.android.server.am.ActivityManagerService.serviceDoneExecuting(android.os.IBinder, int, int, int),-,14285,android.content.ComponentName com.android.server.am.ActivityManagerService.startService(android.app.IApplicationThread, android.content.Intent, java.lang.String, boolean, java.lang.String, int),1]
10-07 17:28:37.101 I/dvm_lock_sample( 1594): [system_server,0,Binder:1594_2,10,ActivityManagerService.java,16095,void com.android.server.am.ActivityManagerService.finishReceiver(android.os.IBinder, int, java.lang.String, android.os.Bundle, boolean, int),-,14450,int com.android.server.am.ActivityManagerService.bindIsolatedService(android.app.IApplicationThread, android.os.IBinder, android.content.Intent, java.lang.String, android.app.IServiceConnection, int, java.lang.String, java.lang.String, int),2]
10-07 17:28:39.076 I/dvm_lock_sample( 1594): [system_server,1,android.ui,6,ActivityManagerService.java,3378,void com.android.server.am.ActivityManagerService.dispatchUidsChanged(),-,5395,void com.android.server.am.ActivityManagerService.attachApplication(android.app.IApplicationThread, long),1]
10-07 17:33:32.764 I/dvm_lock_sample( 1594): [system_server,1,android.ui,9,ActivityManagerService.java,3378,void com.android.server.am.ActivityManagerService.dispatchUidsChanged(),-,14450,int com.android.server.am.ActivityManagerService.bindIsolatedService(android.app.IApplicationThread, android.os.IBinder, android.content.Intent, java.lang.String, android.app.IServiceConnection, int, java.lang.String, java.lang.String, int),1]
10-07 18:20:36.527 I/dvm_lock_sample( 1594): [system_server,1,Binder:1594_17,10,ActivityManagerService.java,14791,android.content.Intent com.android.server.am.ActivityManagerService.registerReceiver(android.app.IApplicationThread, java.lang.String, android.content.IIntentReceiver, android.content.IntentFilter, java.lang.String, int, int),-,14450,int com.android.server.am.ActivityManagerService.bindIsolatedService(android.app.IApplicationThread, android.os.IBinder, android.content.Intent, java.lang.String, android.app.IServiceConnection, int, java.lang.String, java.lang.String, int),2]
10-07 18:24:38.570 I/dvm_lock_sample( 1594): [system_server,1,android.ui,21,ActivityManagerService.java,3378,void com.android.server.am.ActivityManagerService.dispatchUidsChanged(),-,14285,android.content.ComponentName com.android.server.am.ActivityManagerService.startService(android.app.IApplicationThread, android.content.Intent, java.lang.String, boolean, java.lang.String, int),4]
10-07 18:24:38.583 I/dvm_lock_sample( 1594): [system_server,1,android.ui,12,ActivityManagerService.java,3378,void com.android.server.am.ActivityManagerService.dispatchUidsChanged(),-,15989,int com.android.server.am.ActivityManagerService.broadcastIntent(android.app.IApplicationThread, android.content.Intent, java.lang.String, android.content.IIntentReceiver, int, java.lang.String, android.os.Bundle, java.lang.String[], int, android.os.Bundle, boolean, boolean, int),2]
10-07 18:24:38.627 I/dvm_lock_sample( 1594): [system_server,1,android.ui,11,ActivityManagerService.java,3378,void com.android.server.am.ActivityManagerService.dispatchUidsChanged(),-,5395,void com.android.server.am.ActivityManagerService.attachApplication(android.app.IApplicationThread, long),2]
10-07 18:24:42.927 I/dvm_lock_sample( 1594): [system_server,1,Binder:1594_7,6,ActivityManagerService.java,14791,android.content.Intent com.android.server.am.ActivityManagerService.registerReceiver(android.app.IApplicationThread, java.lang.String, android.content.IIntentReceiver, android.content.IntentFilter, java.lang.String, int, int),-,14450,int com.android.server.am.ActivityManagerService.bindIsolatedService(android.app.IApplicationThread, android.os.IBinder, android.content.Intent, java.lang.String, android.app.IServiceConnection, int, java.lang.String, java.lang.String, int),1]
10-07 18:24:43.412 I/dvm_lock_sample( 1594): [system_server,1,Binder:1594_C,20,WindowProcessUtils.java,405,java.lang.String com.android.server.wm.WindowProcessUtils.getCallerPackageName(com.android.server.wm.ActivityTaskManagerService, android.app.IApplicationThread),ActivityStarter.java,1313,int com.android.server.wm.ActivityStarter.startActivityMayWait(android.app.IApplicationThread, int, java.lang.String, int, int, android.content.Intent, java.lang.String, android.service.voice.IVoiceInteractionSession, com.android.internal.app.IVoiceInteractor, android.os.IBinder, java.lang.String, int, int, android.app.ProfilerInfo, android.app.WaitResult, android.content.res.Configuration, com.android.server.wm.SafeActivityOptions, boolean, int, com.android.server.wm.TaskRecord, java.lang.String, boolean, com.android.server.am.PendingIntentRecord, boolean),4]
10-07 18:24:43.530 I/dvm_lock_sample( 1594): [system_server,1,Binder:1594_A,22,ActivityManagerService.java,14343,void com.android.server.am.ActivityManagerService.setServiceForeground(android.content.ComponentName, android.os.IBinder, int, android.app.Notification, int, int),-,14450,int com.android.server.am.ActivityManagerService.bindIsolatedService(android.app.IApplicationThread, android.os.IBinder, android.content.Intent, java.lang.String, android.app.IServiceConnection, int, java.lang.String, java.lang.String, int),4]
10-07 18:24:57.835 I/dvm_lock_sample( 1594): [system_server,0,android.bg,6,ActivityManagerService.java,1964,void com.android.server.am.ActivityManagerService$5.handleMessage(android.os.Message),-,14450,int com.android.server.am.ActivityManagerService.bindIsolatedService(android.app.IApplicationThread, android.os.IBinder, android.content.Intent, java.lang.String, android.app.IServiceConnection, int, java.lang.String, java.lang.String, int),1]
10-07 18:26:53.998 I/dvm_lock_sample( 1594): [system_server,1,Binder:1594_8,10,ActivityManagerService.java,6752,java.lang.String com.android.server.am.ActivityManagerService.checkContentProviderAccess(java.lang.String, int),-,14463,boolean com.android.server.am.ActivityManagerService.unbindService(android.app.IServiceConnection),2]
10-07 18:26:55.844 I/dvm_lock_sample( 1594): [system_server,1,Binder:1594_F,26,ActivityManagerService.java,6752,java.lang.String com.android.server.am.ActivityManagerService.checkContentProviderAccess(java.lang.String, int),-,16095,void com.android.server.am.ActivityManagerService.finishReceiver(android.os.IBinder, int, java.lang.String, android.os.Bundle, boolean, int),5]
10-07 18:27:03.885 I/dvm_lock_sample( 1594): [system_server,1,android.anim,12,WindowAnimator.java,99,void com.android.server.wm.WindowAnimator.lambda$new$1$WindowAnimator(long),ActivityTaskManagerService.java,6942,void com.android.server.wm.ActivityTaskManagerService$LocalService.handleAppDied(com.android.server.wm.WindowProcessController, boolean, java.lang.Runnable),2]
10-07 18:27:40.382 I/dvm_lock_sample( 1594): [system_server,0,android.bg,5,ActivityManagerService.java,1964,void com.android.server.am.ActivityManagerService$5.handleMessage(android.os.Message),-,14463,boolean com.android.server.am.ActivityManagerService.unbindService(android.app.IServiceConnection),1]
10-07 18:33:32.059 I/dvm_lock_sample( 1594): [system_server,1,Binder:1594_14,22,ActivityManagerService.java,14450,int com.android.server.am.ActivityManagerService.bindIsolatedService(android.app.IApplicationThread, android.os.IBinder, android.content.Intent, java.lang.String, android.app.IServiceConnection, int, java.lang.String, java.lang.String, int),-,16095,void com.android.server.am.ActivityManagerService.finishReceiver(android.os.IBinder, int, java.lang.String, android.os.Bundle, boolean, int),4]
10-07 18:33:39.875 I/dvm_lock_sample( 1594): [system_server,1,Binder:1594_1,5,ActivityManagerService.java,6181,boolean com.android.server.am.ActivityManagerService.isAppStartModeDisabled(int, java.lang.String),-,14285,android.content.ComponentName com.android.server.am.ActivityManagerService.startService(android.app.IApplicationThread, android.content.Intent, java.lang.String, boolean, java.lang.String, int),1]
10-07 18:33:40.661 I/dvm_lock_sample( 1594): [system_server,0,Binder:1594_C,324,ActivityTaskManagerService.java,6551,int com.android.server.wm.ActivityTaskManagerService$LocalService.getTopProcessState(),ActivityStarter.java,1313,int com.android.server.wm.ActivityStarter.startActivityMayWait(android.app.IApplicationThread, int, java.lang.String, int, int, android.content.Intent, java.lang.String, android.service.voice.IVoiceInteractionSession, com.android.internal.app.IVoiceInteractor, android.os.IBinder, java.lang.String, int, int, android.app.ProfilerInfo, android.app.WaitResult, android.content.res.Configuration, com.android.server.wm.SafeActivityOptions, boolean, int, com.android.server.wm.TaskRecord, java.lang.String, boolean, com.android.server.am.PendingIntentRecord, boolean),64]
10-07 18:33:40.687 I/dvm_lock_sample( 1594): [system_server,1,Binder:1594_1F,352,ActivityManagerService.java,8605,boolean com.android.server.am.ActivityManagerService.isUidActive(int, java.lang.String),-,16095,void com.android.server.am.ActivityManagerService.finishReceiver(android.os.IBinder, int, java.lang.String, android.os.Bundle, boolean, int),70]
10-07 18:33:40.687 I/dvm_lock_sample( 1594): [system_server,1,Binder:1594_E,336,ActivityManagerService.java,14791,android.content.Intent com.android.server.am.ActivityManagerService.registerReceiver(android.app.IApplicationThread, java.lang.String, android.content.IIntentReceiver, android.content.IntentFilter, java.lang.String, int, int),-,16095,void com.android.server.am.ActivityManagerService.finishReceiver(android.os.IBinder, int, java.lang.String, android.os.Bundle, boolean, int),67]
10-07 18:33:40.688 I/dvm_lock_sample( 1594): [system_server,1,main,305,ActivityManagerService.java,15989,int com.android.server.am.ActivityManagerService.broadcastIntent(android.app.IApplicationThread, android.content.Intent, java.lang.String, android.content.IIntentReceiver, int, java.lang.String, android.os.Bundle, java.lang.String[], int, android.os.Bundle, boolean, boolean, int),-,16095,void com.android.server.am.ActivityManagerService.finishReceiver(android.os.IBinder, int, java.lang.String, android.os.Bundle, boolean, int),61]
10-07 18:33:40.689 I/binder_sample(17493): [android.app.IActivityManager,10,338,android.process.media,67]
10-07 18:33:40.969 I/dvm_lock_sample( 1594): [system_server,1,Binder:1594_1,8,ActivityTaskManagerService.java,4726,int com.android.server.wm.ActivityTaskManagerService.getLastResumedActivityUserId(),WindowSurfacePlacer.java,61,void com.android.server.wm.WindowSurfacePlacer.lambda$new$0$WindowSurfacePlacer(),1]
10-07 18:35:14.760 I/dvm_lock_sample( 1594): [system_server,0,Binder:1594_1,8,WindowManagerService.java,6204,void com.android.server.wm.WindowManagerService.statusBarVisibilityChanged(int, int),ActivityTaskManagerService.java,1601,boolean com.android.server.wm.ActivityTaskManagerService.finishActivity(android.os.IBinder, int, android.content.Intent, int),1]
10-07 18:35:14.761 I/dvm_lock_sample( 1594): [system_server,1,android.anim,16,InputMonitor.java,120,void com.android.server.wm.InputMonitor$1.run(),ActivityTaskManagerService.java,1601,boolean com.android.server.wm.ActivityTaskManagerService.finishActivity(android.os.IBinder, int, android.content.Intent, int),3]
10-07 18:35:15.828 I/dvm_lock_sample( 1594): [system_server,1,ActivityManager,10,BroadcastQueue.java,984,void com.android.server.am.BroadcastQueue.processNextBroadcast(boolean, boolean),ActivityManagerService.java,14450,int com.android.server.am.ActivityManagerService.bindIsolatedService(android.app.IApplicationThread, android.os.IBinder, android.content.Intent, java.lang.String, android.app.IServiceConnection, int, java.lang.String, java.lang.String, int),2]
10-07 18:35:16.125 I/dvm_lock_sample( 1594): [system_server,1,Binder:1594_1,106,ActivityManagerService.java,12299,java.util.ArrayList com.android.server.am.ActivityManagerService.collectProcesses(java.io.PrintWriter, int, boolean, java.lang.String[]),-,5395,void com.android.server.am.ActivityManagerService.attachApplication(android.app.IApplicationThread, long),21]
10-07 18:35:17.181 I/dvm_lock_sample( 1594): [system_server,1,Binder:1594_C,202,ActivityManagerService.java,4467,void com.android.server.am.ActivityManagerService.addPackageDependency(java.lang.String),-,1663,void com.android.server.am.ActivityManagerService$UiHandler.handleMessage(android.os.Message),40]
10-07 18:35:17.194 I/dvm_lock_sample( 1594): [system_server,1,Binder:1594_1,177,ActivityManagerService.java,14791,android.content.Intent com.android.server.am.ActivityManagerService.registerReceiver(android.app.IApplicationThread, java.lang.String, android.content.IIntentReceiver, android.content.IntentFilter, java.lang.String, int, int),-,1663,void com.android.server.am.ActivityManagerService$UiHandler.handleMessage(android.os.Message),35]
10-07 18:35:19.011 I/dvm_lock_sample( 1594): [system_server,1,Binder:1594_13,26,ProcessManagerService.java,1704,java.util.List com.android.server.am.ProcessManagerService.getRunningProcessInfo(int, int, java.lang.String, java.lang.String, int),ActivityManagerService.java,14791,android.content.Intent com.android.server.am.ActivityManagerService.registerReceiver(android.app.IApplicationThread, java.lang.String, android.content.IIntentReceiver, android.content.IntentFilter, java.lang.String, int, int),5]
10-07 18:35:19.018 I/dvm_lock_sample( 1594): [system_server,1,Binder:1594_5,32,ActivityManagerService.java,6752,java.lang.String com.android.server.am.ActivityManagerService.checkContentProviderAccess(java.lang.String, int),-,1537,void com.android.server.am.ActivityManagerService$AppDeathRecipient.binderDied(),6]
10-07 18:35:19.232 I/dvm_lock_sample( 1594): [system_server,1,android.ui,10,ActivityManagerService.java,3378,void com.android.server.am.ActivityManagerService.dispatchUidsChanged(),-,1537,void com.android.server.am.ActivityManagerService$AppDeathRecipient.binderDied(),2]
10-07 18:36:13.544 I/dvm_lock_sample( 1594): [system_server,1,NetworkPolicy.uid,17,ActivityManagerService.java,18347,void com.android.server.am.ActivityManagerService$LocalService.notifyNetworkPolicyRulesUpdated(int, long),-,14335,boolean com.android.server.am.ActivityManagerService.stopServiceToken(android.content.ComponentName, android.os.IBinder, int),3]
10-07 18:36:19.518 I/dvm_lock_sample( 1594): [system_server,1,Binder:1594_15,11,ActivityTaskManagerService.java,1746,void com.android.server.wm.ActivityTaskManagerService.activityTopResumedStateLost(),ActivityStarter.java,1313,int com.android.server.wm.ActivityStarter.startActivityMayWait(android.app.IApplicationThread, int, java.lang.String, int, int, android.content.Intent, java.lang.String, android.service.voice.IVoiceInteractionSession, com.android.internal.app.IVoiceInteractor, android.os.IBinder, java.lang.String, int, int, android.app.ProfilerInfo, android.app.WaitResult, android.content.res.Configuration, com.android.server.wm.SafeActivityOptions, boolean, int, com.android.server.wm.TaskRecord, java.lang.String, boolean, com.android.server.am.PendingIntentRecord, boolean),2]
10-07 18:36:20.326 I/dvm_lock_sample( 1594): [system_server,1,Binder:1594_A,21,ActivityManagerService.java,7717,boolean com.android.server.am.ActivityManagerService.refContentProvider(android.os.IBinder, int, int),-,14450,int com.android.server.am.ActivityManagerService.bindIsolatedService(android.app.IApplicationThread, android.os.IBinder, android.content.Intent, java.lang.String, android.app.IServiceConnection, int, java.lang.String, java.lang.String, int),4]
10-07 18:37:05.950 I/dvm_lock_sample( 1594): [system_server,1,android.ui,9,ActivityManagerService.java,3378,void com.android.server.am.ActivityManagerService.dispatchUidsChanged(),-,14450,int com.android.server.am.ActivityManagerService.bindIsolatedService(android.app.IApplicationThread, android.os.IBinder, android.content.Intent, java.lang.String, android.app.IServiceConnection, int, java.lang.String, java.lang.String, int),1]
10-07 18:39:43.751 I/dvm_lock_sample( 1594): [system_server,1,android.display,19,ProcessRecord.java,1358,void com.android.server.am.ProcessRecord.updateProcessInfo(boolean, boolean, boolean),ActivityManagerService.java,14450,int com.android.server.am.ActivityManagerService.bindIsolatedService(android.app.IApplicationThread, android.os.IBinder, android.content.Intent, java.lang.String, android.app.IServiceConnection, int, java.lang.String, java.lang.String, int),3]
10-07 18:41:12.460 I/dvm_lock_sample( 1594): [system_server,1,Binder:1594_2,23,ActivityManagerService.java,14285,android.content.ComponentName com.android.server.am.ActivityManagerService.startService(android.app.IApplicationThread, android.content.Intent, java.lang.String, boolean, java.lang.String, int),-,6978,android.app.ContentProviderHolder com.android.server.am.ActivityManagerService.getContentProviderImpl(android.app.IApplicationThread, java.lang.String, android.os.IBinder, int, java.lang.String, java.lang.String, boolean, int),4]
10-07 18:41:27.457 I/dvm_lock_sample( 1594): [system_server,1,android.display,27,WindowManagerService.java,5072,void com.android.server.wm.WindowManagerService$H.handleMessage(android.os.Message),ActivityTaskManagerService.java,6869,boolean com.android.server.wm.ActivityTaskManagerService$LocalService.startHomeOnDisplay(int, java.lang.String, int, boolean, boolean),5]
10-07 18:41:27.629 I/dvm_lock_sample( 1594): [system_server,0,android.bg,55,ActivityManagerService.java,2043,void com.android.server.am.ActivityManagerService$5.handleMessage(android.os.Message),-,14450,int com.android.server.am.ActivityManagerService.bindIsolatedService(android.app.IApplicationThread, android.os.IBinder, android.content.Intent, java.lang.String, android.app.IServiceConnection, int, java.lang.String, java.lang.String, int),11]
10-07 18:50:54.236 I/dvm_lock_sample( 1594): [system_server,1,Binder:1594_2,7,ActivityManagerService.java,10031,java.util.List com.android.server.am.ActivityManagerService.getRunningAppProcesses(),-,5395,void com.android.server.am.ActivityManagerService.attachApplication(android.app.IApplicationThread, long),1]
10-07 19:10:51.071 I/auditd  ( 1594): type=1400 audit(0.0:38922): avc: denied { getpgid } for comm="ActivityManager" scontext=u:r:system_server:s0 tcontext=u:r:app_zygote:s0:c512,c768 tclass=process permissive=0
10-07 19:10:51.081 I/auditd  ( 1594): type=1400 audit(0.0:38926): avc: denied { getpgid } for comm="ActivityManager" scontext=u:r:system_server:s0 tcontext=u:r:app_zygote:s0:c512,c768 tclass=process permissive=0
10-07 19:12:19.165 I/binder_sample( 2131): [android.app.IActivityTaskManager,97,314,com.android.systemui,62]
10-07 19:12:19.180 I/dvm_lock_sample( 1594): [system_server,1,Binder:1594_B,342,ActivityManagerService.java,14791,android.content.Intent com.android.server.am.ActivityManagerService.registerReceiver(android.app.IApplicationThread, java.lang.String, android.content.IIntentReceiver, android.content.IntentFilter, java.lang.String, int, int),-,16095,void com.android.server.am.ActivityManagerService.finishReceiver(android.os.IBinder, int, java.lang.String, android.os.Bundle, boolean, int),68]
10-07 19:12:19.181 I/binder_sample(17493): [android.app.IActivityManager,10,354,android.process.media,70]
10-07 19:14:39.773 I/dvm_lock_sample( 1594): [system_server,0,AsyncTask #3,16,ActivityManagerService.java,10090,int com.android.server.am.ActivityManagerService.getMemoryTrimLevel(),-,14310,int com.android.server.am.ActivityManagerService.stopService(android.app.IApplicationThread, android.content.Intent, java.lang.String, int),3]
10-07 19:16:15.290 I/dvm_lock_sample( 1594): [system_server,0,Binder:1594_1D,13,WindowProcessController.java,997,boolean com.android.server.wm.WindowProcessController.hasRecentTasks(),ActivityTaskManagerService.java,1755,void com.android.server.wm.ActivityTaskManagerService.activityPaused(android.os.IBinder),2]
10-07 19:16:15.304 I/dvm_lock_sample( 1594): [system_server,1,android.ui,65,ActivityManagerService.java,3432,void com.android.server.am.ActivityManagerService.dispatchUidsChanged(),-,16095,void com.android.server.am.ActivityManagerService.finishReceiver(android.os.IBinder, int, java.lang.String, android.os.Bundle, boolean, int),13]
10-07 19:17:02.691 I/dvm_lock_sample( 1594): [system_server,0,AsyncTask #3,11,ActivityManagerService.java,10090,int com.android.server.am.ActivityManagerService.getMemoryTrimLevel(),-,16095,void com.android.server.am.ActivityManagerService.finishReceiver(android.os.IBinder, int, java.lang.String, android.os.Bundle, boolean, int),2]
10-07 19:18:35.466 I/dvm_lock_sample( 1594): [system_server,1,android.display,28,WindowProcessController.java,522,boolean com.android.server.wm.WindowProcessController.hasActivities(),ActivityTaskManagerService.java,1755,void com.android.server.wm.ActivityTaskManagerService.activityPaused(android.os.IBinder),5]
10-07 19:22:27.172 I/dvm_lock_sample( 1594): [system_server,1,android.ui,17,ActivityManagerService.java,3378,void com.android.server.am.ActivityManagerService.dispatchUidsChanged(),-,1537,void com.android.server.am.ActivityManagerService$AppDeathRecipient.binderDied(),3]
10-07 19:30:18.976 I/dvm_lock_sample( 1594): [system_server,1,Binder:1594_9,53,WindowProcessUtils.java,405,java.lang.String com.android.server.wm.WindowProcessUtils.getCallerPackageName(com.android.server.wm.ActivityTaskManagerService, android.app.IApplicationThread),ActivityStarter.java,1313,int com.android.server.wm.ActivityStarter.startActivityMayWait(android.app.IApplicationThread, int, java.lang.String, int, int, android.content.Intent, java.lang.String, android.service.voice.IVoiceInteractionSession, com.android.internal.app.IVoiceInteractor, android.os.IBinder, java.lang.String, int, int, android.app.ProfilerInfo, android.app.WaitResult, android.content.res.Configuration, com.android.server.wm.SafeActivityOptions, boolean, int, com.android.server.wm.TaskRecord, java.lang.String, boolean, com.android.server.am.PendingIntentRecord, boolean),10]
10-07 19:30:18.991 I/dvm_lock_sample( 1594): [system_server,1,android.display,11,ActivityManagerService.java,18519,void com.android.server.am.ActivityManagerService$LocalService.updateCpuStats(),-,6978,android.app.ContentProviderHolder com.android.server.am.ActivityManagerService.getContentProviderImpl(android.app.IApplicationThread, java.lang.String, android.os.IBinder, int, java.lang.String, java.lang.String, boolean, int),2]
10-07 19:30:21.420 I/dvm_lock_sample( 1594): [system_server,1,android.ui,49,ActivityManagerService.java,3378,void com.android.server.am.ActivityManagerService.dispatchUidsChanged(),-,5395,void com.android.server.am.ActivityManagerService.attachApplication(android.app.IApplicationThread, long),9]
10-07 19:30:21.422 I/dvm_lock_sample( 1594): [system_server,0,Binder:1594_B,44,ActivityManagerService.java,14494,void com.android.server.am.ActivityManagerService.serviceDoneExecuting(android.os.IBinder, int, int, int),-,15989,int com.android.server.am.ActivityManagerService.broadcastIntent(android.app.IApplicationThread, android.content.Intent, java.lang.String, android.content.IIntentReceiver, int, java.lang.String, android.os.Bundle, java.lang.String[], int, android.os.Bundle, boolean, boolean, int),8]
10-07 19:30:22.823 I/dvm_lock_sample( 1594): [system_server,1,Binder:1594_1,717,WindowProcessUtils.java,405,java.lang.String com.android.server.wm.WindowProcessUtils.getCallerPackageName(com.android.server.wm.ActivityTaskManagerService, android.app.IApplicationThread),ActivityStarter.java,1313,int com.android.server.wm.ActivityStarter.startActivityMayWait(android.app.IApplicationThread, int, java.lang.String, int, int, android.content.Intent, java.lang.String, android.service.voice.IVoiceInteractionSession, com.android.internal.app.IVoiceInteractor, android.os.IBinder, java.lang.String, int, int, android.app.ProfilerInfo, android.app.WaitResult, android.content.res.Configuration, com.android.server.wm.SafeActivityOptions, boolean, int, com.android.server.wm.TaskRecord, java.lang.String, boolean, com.android.server.am.PendingIntentRecord, boolean),100]
10-07 19:30:22.823 I/dvm_lock_sample( 1594): [system_server,1,Binder:1594_1D,706,ActivityTaskManagerService.java,1746,void com.android.server.wm.ActivityTaskManagerService.activityTopResumedStateLost(),ActivityStarter.java,1313,int com.android.server.wm.ActivityStarter.startActivityMayWait(android.app.IApplicationThread, int, java.lang.String, int, int, android.content.Intent, java.lang.String, android.service.voice.IVoiceInteractionSession, com.android.internal.app.IVoiceInteractor, android.os.IBinder, java.lang.String, int, int, android.app.ProfilerInfo, android.app.WaitResult, android.content.res.Configuration, com.android.server.wm.SafeActivityOptions, boolean, int, com.android.server.wm.TaskRecord, java.lang.String, boolean, com.android.server.am.PendingIntentRecord, boolean),100]
10-07 19:30:22.823 I/dvm_lock_sample( 1594): [system_server,1,Binder:1594_8,701,WindowProcessUtils.java,405,java.lang.String com.android.server.wm.WindowProcessUtils.getCallerPackageName(com.android.server.wm.ActivityTaskManagerService, android.app.IApplicationThread),ActivityStarter.java,1313,int com.android.server.wm.ActivityStarter.startActivityMayWait(android.app.IApplicationThread, int, java.lang.String, int, int, android.content.Intent, java.lang.String, android.service.voice.IVoiceInteractionSession, com.android.internal.app.IVoiceInteractor, android.os.IBinder, java.lang.String, int, int, android.app.ProfilerInfo, android.app.WaitResult, android.content.res.Configuration, com.android.server.wm.SafeActivityOptions, boolean, int, com.android.server.wm.TaskRecord, java.lang.String, boolean, com.android.server.am.PendingIntentRecord, boolean),100]
10-07 19:30:22.823 I/dvm_lock_sample( 1594): [system_server,1,Binder:1594_D,640,WindowProcessUtils.java,405,java.lang.String com.android.server.wm.WindowProcessUtils.getCallerPackageName(com.android.server.wm.ActivityTaskManagerService, android.app.IApplicationThread),ActivityStarter.java,1313,int com.android.server.wm.ActivityStarter.startActivityMayWait(android.app.IApplicationThread, int, java.lang.String, int, int, android.content.Intent, java.lang.String, android.service.voice.IVoiceInteractionSession, com.android.internal.app.IVoiceInteractor, android.os.IBinder, java.lang.String, int, int, android.app.ProfilerInfo, android.app.WaitResult, android.content.res.Configuration, com.android.server.wm.SafeActivityOptions, boolean, int, com.android.server.wm.TaskRecord, java.lang.String, boolean, com.android.server.am.PendingIntentRecord, boolean),100]
10-07 19:30:22.824 I/binder_sample( 2404): [android.app.IActivityTaskManager,19,707,com.miui.home,100]
10-07 19:30:22.824 I/dvm_lock_sample( 1594): [system_server,1,Binder:1594_5,453,WindowProcessUtils.java,405,java.lang.String com.android.server.wm.WindowProcessUtils.getCallerPackageName(com.android.server.wm.ActivityTaskManagerService, android.app.IApplicationThread),ActivityStarter.java,1313,int com.android.server.wm.ActivityStarter.startActivityMayWait(android.app.IApplicationThread, int, java.lang.String, int, int, android.content.Intent, java.lang.String, android.service.voice.IVoiceInteractionSession, com.android.internal.app.IVoiceInteractor, android.os.IBinder, java.lang.String, int, int, android.app.ProfilerInfo, android.app.WaitResult, android.content.res.Configuration, com.android.server.wm.SafeActivityOptions, boolean, int, com.android.server.wm.TaskRecord, java.lang.String, boolean, com.android.server.am.PendingIntentRecord, boolean),90]
10-07 19:30:22.835 I/dvm_lock_sample( 1594): [system_server,1,Binder:1594_1C,795,ActivityManagerService.java,15989,int com.android.server.am.ActivityManagerService.broadcastIntent(android.app.IApplicationThread, android.content.Intent, java.lang.String, android.content.IIntentReceiver, int, java.lang.String, android.os.Bundle, java.lang.String[], int, android.os.Bundle, boolean, boolean, int),-,17671,void com.android.server.am.ActivityManagerService.trimApplications(java.lang.String),100]
10-07 19:30:22.836 I/dvm_lock_sample( 1594): [system_server,0,ActivityManager:kill,505,AutoStartManagerService.java,140,void com.android.server.am.AutoStartManagerService$1.run(),ActivityManagerService.java,17671,void com.android.server.am.ActivityManagerService.trimApplications(java.lang.String),100]
10-07 19:30:22.836 I/binder_sample(28639): [android.app.IActivityManager,12,796,com.android.vending,100]
10-07 19:30:22.837 I/dvm_lock_sample( 1594): [system_server,1,Binder:1594_B,470,ActivityManagerService.java,7639,void com.android.server.am.ActivityManagerService.publishContentProviders(android.app.IApplicationThread, java.util.List),-,17671,void com.android.server.am.ActivityManagerService.trimApplications(java.lang.String),94]
10-07 19:30:22.839 I/dvm_lock_sample( 1594): [system_server,1,Binder:1594_6,468,ActivityManagerService.java,6978,android.app.ContentProviderHolder com.android.server.am.ActivityManagerService.getContentProviderImpl(android.app.IApplicationThread, java.lang.String, android.os.IBinder, int, java.lang.String, java.lang.String, boolean, int),-,17671,void com.android.server.am.ActivityManagerService.trimApplications(java.lang.String),93]
10-07 19:30:22.840 I/dvm_lock_sample( 1594): [system_server,0,Binder:1594_12,314,ActivityManagerService.java,7564,void com.android.server.am.ActivityManagerService.removeContentProvider(android.os.IBinder, boolean),-,17671,void com.android.server.am.ActivityManagerService.trimApplications(java.lang.String),62]
10-07 19:30:22.840 I/binder_sample(30160): [android.app.IActivityManager,21,476,com.miui.global.packageinstaller,95]
10-07 19:30:22.851 I/binder_sample( 8712): [android.app.IActivityManager,24,729,com.google.android.gms,100]
10-07 19:30:22.984 I/dvm_lock_sample( 1594): [system_server,1,android.ui,29,ActivityManagerService.java,3378,void com.android.server.am.ActivityManagerService.dispatchUidsChanged(),-,16095,void com.android.server.am.ActivityManagerService.finishReceiver(android.os.IBinder, int, java.lang.String, android.os.Bundle, boolean, int),5]
10-07 19:30:23.472 I/dvm_lock_sample( 1594): [system_server,1,android.display,225,ProcessRecord.java,1330,void com.android.server.am.ProcessRecord.updateServiceConnectionActivities(),ActivityManagerService.java,18411,boolean com.android.server.am.ActivityManagerService$LocalService.isUidActive(int),45]
10-07 19:30:23.473 I/dvm_lock_sample( 1594): [system_server,1,Binder:1594_7,225,ActivityManagerService.java,8605,boolean com.android.server.am.ActivityManagerService.isUidActive(int, java.lang.String),-,18411,boolean com.android.server.am.ActivityManagerService$LocalService.isUidActive(int),45]
10-07 19:30:23.473 I/dvm_lock_sample( 1594): [system_server,1,NetworkPolicy.uid,221,ActivityManagerService.java,18347,void com.android.server.am.ActivityManagerService$LocalService.notifyNetworkPolicyRulesUpdated(int, long),-,1663,void com.android.server.am.ActivityManagerService$UiHandler.handleMessage(android.os.Message),44]
10-07 19:30:23.473 I/dvm_lock_sample( 1594): [system_server,1,Binder:1594_20,221,ActivityManagerService.java,6752,java.lang.String com.android.server.am.ActivityManagerService.checkContentProviderAccess(java.lang.String, int),-,1663,void com.android.server.am.ActivityManagerService$UiHandler.handleMessage(android.os.Message),44]
10-07 19:30:23.474 I/dvm_lock_sample( 1594): [system_server,0,Binder:1594_B,222,ActivityManagerService.java,14494,void com.android.server.am.ActivityManagerService.serviceDoneExecuting(android.os.IBinder, int, int, int),-,1663,void com.android.server.am.ActivityManagerService$UiHandler.handleMessage(android.os.Message),44]
10-07 19:30:23.485 I/dvm_lock_sample( 1594): [system_server,1,Binder:1594_14,224,ActivityManagerService.java,7717,boolean com.android.server.am.ActivityManagerService.refContentProvider(android.os.IBinder, int, int),-,1663,void com.android.server.am.ActivityManagerService$UiHandler.handleMessage(android.os.Message),44]
10-07 19:30:23.486 I/dvm_lock_sample( 1594): [system_server,1,Binder:1594_13,232,ActivityManagerService.java,14474,void com.android.server.am.ActivityManagerService.publishService(android.os.IBinder, android.content.Intent, android.os.IBinder),-,1663,void com.android.server.am.ActivityManagerService$UiHandler.handleMessage(android.os.Message),46]
10-07 19:54:56.896 I/dvm_lock_sample( 1594): [system_server,1,Binder:1594_1C,5,ActivityManagerService.java,14488,void com.android.server.am.ActivityManagerService.unbindFinished(android.os.IBinder, android.content.Intent, boolean),-,14463,boolean com.android.server.am.ActivityManagerService.unbindService(android.app.IServiceConnection),1]
10-07 20:31:02.591 I/binder_sample( 2404): [android.app.IActivityTaskManager,19,321,com.miui.home,64]
10-07 20:31:16.099 I/sysui_multi_action( 1594): [757,147,758,4,759,1,806,com.vitrinedecraques.app]
10-07 20:31:16.428 I/am_create_activity( 1594): [0,260540376,1016,com.vitrinedecraques.app/.MainActivity,NULL,NULL,NULL,268435456]
10-07 20:31:16.516 I/dvm_lock_sample( 1594): [system_server,1,Binder:1594_2,147,ActivityManagerService.java,7639,void com.android.server.am.ActivityManagerService.publishContentProviders(android.app.IApplicationThread, java.util.List),-,7639,void com.android.server.am.ActivityManagerService.publishContentProviders(android.app.IApplicationThread, java.util.List),29]
10-07 20:31:16.697 I/am_proc_start( 1594): [0,2956,11363,com.vitrinedecraques.app,activity,{com.vitrinedecraques.app/com.vitrinedecraques.app.MainActivity}]
10-07 20:31:16.699 I/dvm_lock_sample( 1594): [system_server,1,Binder:1594_16,35,ActivityManagerService.java,8605,boolean com.android.server.am.ActivityManagerService.isUidActive(int, java.lang.String),-,5395,void com.android.server.am.ActivityManagerService.attachApplication(android.app.IApplicationThread, long),7]
10-07 20:31:16.788 I/am_proc_bound( 1594): [0,2956,com.vitrinedecraques.app]
10-07 20:31:16.797 I/am_restart_activity( 1594): [0,260540376,1016,com.vitrinedecraques.app/.MainActivity,2956]
10-07 20:31:16.801 I/am_set_resumed_activity( 1594): [0,com.vitrinedecraques.app/.MainActivity,minimalResumeActivityLocked]
10-07 20:31:17.953 I/dvm_lock_sample( 1594): [system_server,0,Binder:1594_1E,6,ActivityManagerService.java,14494,void com.android.server.am.ActivityManagerService.serviceDoneExecuting(android.os.IBinder, int, int, int),-,14450,int com.android.server.am.ActivityManagerService.bindIsolatedService(android.app.IApplicationThread, android.os.IBinder, android.content.Intent, java.lang.String, android.app.IServiceConnection, int, java.lang.String, java.lang.String, int),1]
10-07 20:31:18.301 I/notification_cancel_all( 1594): [1000,1594,com.vitrinedecraques.app,0,0,0,5,NULL]
10-07 20:31:18.834 I/dvm_lock_sample( 1594): [system_server,1,Binder:1594_1F,21,ActivityManagerService.java,7717,boolean com.android.server.am.ActivityManagerService.refContentProvider(android.os.IBinder, int, int),-,14450,int com.android.server.am.ActivityManagerService.bindIsolatedService(android.app.IApplicationThread, android.os.IBinder, android.content.Intent, java.lang.String, android.app.IServiceConnection, int, java.lang.String, java.lang.String, int),4]
10-07 20:31:19.144 I/sysui_multi_action( 1594): [757,147,758,4,759,1,806,com.vitrinedecraques.app]
10-07 20:31:21.972 I/am_lifecycle_sample( 2956): [0,com.vitrinedecraques.app,110,5158]
10-07 20:31:22.185 I/am_on_create_called( 2956): [0,com.vitrinedecraques.app.MainActivity,performCreate,141]
10-07 20:31:22.238 I/am_on_start_called( 2956): [0,com.vitrinedecraques.app.MainActivity,handleStartActivity,0]
10-07 20:31:22.242 I/am_on_resume_called( 2956): [0,com.vitrinedecraques.app.MainActivity,RESUME_ACTIVITY,1]
10-07 20:31:22.277 I/am_on_top_resumed_gained_called( 2956): [0,com.vitrinedecraques.app.MainActivity,topStateChangedWhenResumed]
10-07 20:31:23.600 I/sysui_multi_action( 1594): [319,525,321,516,322,7268,325,241437,757,761,758,7,759,1,806,com.vitrinedecraques.app,871,com.vitrinedecraques.app.MainActivity,904,com.android.shell,905,0,945,459,1320,12,1321,1]
10-07 20:31:23.605 I/am_activity_launch_time( 1594): [0,260540376,com.vitrinedecraques.app/.MainActivity,7268]
10-07 20:31:26.077 I/am_crash( 1594): [2956,0,com.vitrinedecraques.app,552123974,java.lang.NoSuchMethodException,com.vitrinedecraques.app.ui.feed.FeedViewModel.<init> [class android.app.Application],Class.java,2332]
10-07 20:31:26.079 I/am_finish_activity( 1594): [2956,260540376,1016,com.vitrinedecraques.app/.MainActivity,force-crash]
10-07 20:31:26.083 I/am_pause_activity( 1594): [2956,260540376,com.vitrinedecraques.app/.MainActivity,userLeaving=false]
10-07 20:31:26.233 I/am_proc_died( 1594): [0,2956,com.vitrinedecraques.app,199,2]
10-07 20:31:26.257 I/dvm_lock_sample( 1594): [system_server,1,android.anim,20,InputMonitor.java,120,void com.android.server.wm.InputMonitor$1.run(),ActivityTaskManagerService.java,6942,void com.android.server.wm.ActivityTaskManagerService$LocalService.handleAppDied(com.android.server.wm.WindowProcessController, boolean, java.lang.Runnable),4]
10-07 20:31:26.298 I/dvm_lock_sample( 1594): [system_server,1,Binder:1594_18,15,ActivityManagerService.java,8605,boolean com.android.server.am.ActivityManagerService.isUidActive(int, java.lang.String),ProcessRecord.java,1358,void com.android.server.am.ProcessRecord.updateProcessInfo(boolean, boolean, boolean),3]
10-07 20:34:21.136 I/dvm_lock_sample( 1594): [system_server,0,Binder:1594_13,8,ActivityManagerService.java,14494,void com.android.server.am.ActivityManagerService.serviceDoneExecuting(android.os.IBinder, int, int, int),-,14463,boolean com.android.server.am.ActivityManagerService.unbindService(android.app.IServiceConnection),1]
10-07 20:36:29.603 I/dvm_lock_sample( 1594): [system_server,1,ActivityManager,46,BroadcastQueue.java,984,void com.android.server.am.BroadcastQueue.processNextBroadcast(boolean, boolean),ActivityManagerService.java,14450,int com.android.server.am.ActivityManagerService.bindIsolatedService(android.app.IApplicationThread, android.os.IBinder, android.content.Intent, java.lang.String, android.app.IServiceConnection, int, java.lang.String, java.lang.String, int),9]
10-07 20:36:29.607 I/dvm_lock_sample( 1594): [system_server,1,Binder:1594_1F,46,ActivityManagerService.java,14285,android.content.ComponentName com.android.server.am.ActivityManagerService.startService(android.app.IApplicationThread, android.content.Intent, java.lang.String, boolean, java.lang.String, int),-,14450,int com.android.server.am.ActivityManagerService.bindIsolatedService(android.app.IApplicationThread, android.os.IBinder, android.content.Intent, java.lang.String, android.app.IServiceConnection, int, java.lang.String, java.lang.String, int),9]
10-07 20:36:29.618 I/sysui_multi_action( 1594): [757,147,758,4,759,1,806,com.vitrinedecraques.app]
10-07 20:36:31.937 I/notification_cancel_all( 1594): [1000,1594,com.vitrinedecraques.app,0,0,0,5,NULL]
10-07 20:36:31.976 I/dvm_lock_sample( 1594): [system_server,1,Binder:1594_F,22,ActivityManagerService.java,8605,boolean com.android.server.am.ActivityManagerService.isUidActive(int, java.lang.String),-,14463,boolean com.android.server.am.ActivityManagerService.unbindService(android.app.IServiceConnection),4]
10-07 20:36:31.978 I/dvm_lock_sample( 1594): [system_server,0,Binder:1594_8,24,ActivityManagerService.java,14494,void com.android.server.am.ActivityManagerService.serviceDoneExecuting(android.os.IBinder, int, int, int),-,14463,boolean com.android.server.am.ActivityManagerService.unbindService(android.app.IServiceConnection),4]
10-07 20:36:31.979 I/notification_cancel_all( 1594): [1000,1594,com.vitrinedecraques.app,0,0,0,5,NULL]
10-07 20:36:48.864 I/dvm_lock_sample( 1594): [system_server,1,android.ui,11,ActivityManagerService.java,3432,void com.android.server.am.ActivityManagerService.dispatchUidsChanged(),-,14494,void com.android.server.am.ActivityManagerService.serviceDoneExecuting(android.os.IBinder, int, int, int),2]
10-07 20:39:01.122 I/dvm_lock_sample( 1594): [system_server,1,Binder:1594_14,14,ActivityManagerService.java,14285,android.content.ComponentName com.android.server.am.ActivityManagerService.startService(android.app.IApplicationThread, android.content.Intent, java.lang.String, boolean, java.lang.String, int),BroadcastQueue.java,984,void com.android.server.am.BroadcastQueue.processNextBroadcast(boolean, boolean),2]
10-07 20:39:01.178 I/dvm_lock_sample( 1594): [system_server,1,main,54,ActivityManagerService.java,14285,android.content.ComponentName com.android.server.am.ActivityManagerService.startService(android.app.IApplicationThread, android.content.Intent, java.lang.String, boolean, java.lang.String, int),BroadcastQueue.java,984,void com.android.server.am.BroadcastQueue.processNextBroadcast(boolean, boolean),10]
10-07 20:39:01.244 I/dvm_lock_sample( 1594): [system_server,1,Binder:1594_1B,34,ActivityManagerService.java,14285,android.content.ComponentName com.android.server.am.ActivityManagerService.startService(android.app.IApplicationThread, android.content.Intent, java.lang.String, boolean, java.lang.String, int),BroadcastQueue.java,984,void com.android.server.am.BroadcastQueue.processNextBroadcast(boolean, boolean),6]
10-07 20:39:01.295 I/sysui_multi_action( 1594): [757,147,758,4,759,1,806,com.vitrinedecraques.app]
10-07 20:39:01.310 I/dvm_lock_sample( 1594): [system_server,1,Binder:1594_19,27,ActivityManagerService.java,5827,java.lang.String com.android.server.am.ActivityManagerService.getTagForIntentSender(android.content.IIntentSender, java.lang.String),-,14285,android.content.ComponentName com.android.server.am.ActivityManagerService.startService(android.app.IApplicationThread, android.content.Intent, java.lang.String, boolean, java.lang.String, int),5]
10-07 20:39:01.748 I/notification_cancel_all( 1594): [1000,1594,com.vitrinedecraques.app,0,0,0,5,NULL]
10-07 20:39:01.792 I/notification_cancel_all( 1594): [1000,1594,com.vitrinedecraques.app,0,0,0,5,NULL]
10-07 20:39:02.053 I/am_create_activity( 1594): [0,191296208,1020,com.vitrinedecraques.app/.MainActivity,NULL,NULL,NULL,268435456]
10-07 20:39:02.108 I/am_proc_start( 1594): [0,5484,11363,com.vitrinedecraques.app,activity,{com.vitrinedecraques.app/com.vitrinedecraques.app.MainActivity}]
10-07 20:39:02.182 I/am_proc_bound( 1594): [0,5484,com.vitrinedecraques.app]
10-07 20:39:02.187 I/am_restart_activity( 1594): [0,191296208,1020,com.vitrinedecraques.app/.MainActivity,5484]
10-07 20:39:02.188 I/am_set_resumed_activity( 1594): [0,com.vitrinedecraques.app/.MainActivity,minimalResumeActivityLocked]
10-07 20:39:06.811 I/am_lifecycle_sample( 5484): [0,com.vitrinedecraques.app,110,4609]
10-07 20:39:07.023 I/am_on_create_called( 5484): [0,com.vitrinedecraques.app.MainActivity,performCreate,125]
10-07 20:39:07.076 I/am_on_start_called( 5484): [0,com.vitrinedecraques.app.MainActivity,handleStartActivity,1]
10-07 20:39:07.079 I/am_on_resume_called( 5484): [0,com.vitrinedecraques.app.MainActivity,RESUME_ACTIVITY,1]
10-07 20:39:07.113 I/am_on_top_resumed_gained_called( 5484): [0,com.vitrinedecraques.app.MainActivity,topStateChangedWhenResumed]
10-07 20:39:08.466 I/sysui_multi_action( 1594): [319,168,321,71,322,6426,325,241903,757,761,758,7,759,1,806,com.vitrinedecraques.app,871,com.vitrinedecraques.app.MainActivity,904,com.android.shell,905,0,945,148,1320,12,1321,1]
10-07 20:39:08.469 I/am_activity_launch_time( 1594): [0,191296208,com.vitrinedecraques.app/.MainActivity,6426]
10-07 20:39:10.912 I/am_crash( 1594): [5484,0,com.vitrinedecraques.app,550026822,java.lang.NoSuchMethodException,com.vitrinedecraques.app.ui.feed.FeedViewModel.<init> [class android.app.Application],Class.java,2332]
10-07 20:39:10.914 I/am_finish_activity( 1594): [5484,191296208,1020,com.vitrinedecraques.app/.MainActivity,force-crash]
10-07 20:39:10.916 I/am_pause_activity( 1594): [5484,191296208,com.vitrinedecraques.app/.MainActivity,userLeaving=false]
10-07 20:39:11.040 I/am_proc_died( 1594): [0,5484,com.vitrinedecraques.app,199,2]
10-07 20:40:58.697 I/dvm_lock_sample( 1594): [system_server,1,Binder:1594_F,12,ActivityManagerService.java,5955,boolean com.android.server.am.ActivityManagerService.isAppBad(android.content.pm.ApplicationInfo),-,14494,void com.android.server.am.ActivityManagerService.serviceDoneExecuting(android.os.IBinder, int, int, int),2]
10-07 20:42:33.114 I/dvm_lock_sample( 1594): [system_server,1,Binder:1594_B,5,ProcessManagerService.java,1704,java.util.List com.android.server.am.ProcessManagerService.getRunningProcessInfo(int, int, java.lang.String, java.lang.String, int),ActivityManagerService.java,14450,int com.android.server.am.ActivityManagerService.bindIsolatedService(android.app.IApplicationThread, android.os.IBinder, android.content.Intent, java.lang.String, android.app.IServiceConnection, int, java.lang.String, java.lang.String, int),1]
10-07 20:46:03.319 I/dvm_lock_sample( 1594): [system_server,0,Binder:1594_1E,7,ActivityManagerService.java,14494,void com.android.server.am.ActivityManagerService.serviceDoneExecuting(android.os.IBinder, int, int, int),-,14463,boolean com.android.server.am.ActivityManagerService.unbindService(android.app.IServiceConnection),1]
10-07 20:47:08.991 I/dvm_lock_sample( 1594): [system_server,1,android.display,33,ActivityManagerService.java,17671,void com.android.server.am.ActivityManagerService.trimApplications(java.lang.String),BroadcastQueue.java,984,void com.android.server.am.BroadcastQueue.processNextBroadcast(boolean, boolean),6]
10-07 20:47:09.017 I/notification_cancel_all( 1594): [1000,1594,com.vitrinedecraques.app,0,0,0,5,NULL]
10-07 20:47:09.118 I/dvm_lock_sample( 1594): [system_server,1,Binder:1594_5,100,ActivityManagerService.java,12299,java.util.ArrayList com.android.server.am.ActivityManagerService.collectProcesses(java.io.PrintWriter, int, boolean, java.lang.String[]),-,15989,int com.android.server.am.ActivityManagerService.broadcastIntent(android.app.IApplicationThread, android.content.Intent, java.lang.String, android.content.IIntentReceiver, int, java.lang.String, android.os.Bundle, java.lang.String[], int, android.os.Bundle, boolean, boolean, int),20]
10-07 20:47:09.186 I/sysui_multi_action( 1594): [757,147,758,4,759,1,806,com.vitrinedecraques.app]
10-07 20:47:09.478 I/dvm_lock_sample( 1594): [system_server,1,Binder:1594_D,5,ActivityManagerService.java,14285,android.content.ComponentName com.android.server.am.ActivityManagerService.startService(android.app.IApplicationThread, android.content.Intent, java.lang.String, boolean, java.lang.String, int),-,14450,int com.android.server.am.ActivityManagerService.bindIsolatedService(android.app.IApplicationThread, android.os.IBinder, android.content.Intent, java.lang.String, android.app.IServiceConnection, int, java.lang.String, java.lang.String, int),1]
10-07 20:47:09.569 I/notification_cancel_all( 1594): [1000,1594,com.vitrinedecraques.app,0,0,0,5,NULL]
10-07 20:47:09.770 I/am_create_activity( 1594): [0,54096986,1022,com.vitrinedecraques.app/.MainActivity,NULL,NULL,NULL,268435456]
10-07 20:47:09.831 I/am_proc_start( 1594): [0,6164,11363,com.vitrinedecraques.app,activity,{com.vitrinedecraques.app/com.vitrinedecraques.app.MainActivity}]
10-07 20:47:09.910 I/am_proc_bound( 1594): [0,6164,com.vitrinedecraques.app]
10-07 20:47:09.916 I/am_restart_activity( 1594): [0,54096986,1022,com.vitrinedecraques.app/.MainActivity,6164]
10-07 20:47:09.918 I/am_set_resumed_activity( 1594): [0,com.vitrinedecraques.app/.MainActivity,minimalResumeActivityLocked]
10-07 20:47:14.506 I/am_lifecycle_sample( 6164): [0,com.vitrinedecraques.app,110,4570]
10-07 20:47:14.715 I/am_on_create_called( 6164): [0,com.vitrinedecraques.app.MainActivity,performCreate,140]
10-07 20:47:14.768 I/am_on_start_called( 6164): [0,com.vitrinedecraques.app.MainActivity,handleStartActivity,0]
10-07 20:47:14.771 I/am_on_resume_called( 6164): [0,com.vitrinedecraques.app.MainActivity,RESUME_ACTIVITY,1]
10-07 20:47:14.806 I/am_on_top_resumed_gained_called( 6164): [0,com.vitrinedecraques.app.MainActivity,topStateChangedWhenResumed]
10-07 20:47:15.985 I/sysui_multi_action( 1594): [319,180,321,97,322,6237,325,242390,757,761,758,7,759,1,806,com.vitrinedecraques.app,871,com.vitrinedecraques.app.MainActivity,904,com.android.shell,905,0,945,165,1320,12,1321,1]
10-07 20:47:15.990 I/am_activity_launch_time( 1594): [0,54096986,com.vitrinedecraques.app/.MainActivity,6237]
10-07 20:47:18.411 I/am_crash( 1594): [6164,0,com.vitrinedecraques.app,550026822,java.lang.NoSuchMethodException,com.vitrinedecraques.app.ui.feed.FeedViewModel.<init> [class android.app.Application],Class.java,2332]
10-07 20:47:18.414 I/am_finish_activity( 1594): [6164,54096986,1022,com.vitrinedecraques.app/.MainActivity,force-crash]
10-07 20:47:18.416 I/am_pause_activity( 1594): [6164,54096986,com.vitrinedecraques.app/.MainActivity,userLeaving=false]
10-07 20:47:18.582 I/am_proc_died( 1594): [0,6164,com.vitrinedecraques.app,199,2]
