10-08 17:03:00.108 I/dvm_lock_sample( 1594): [system_server,1,android.ui,22,ActivityManagerService.java,3378,void com.android.server.am.ActivityManagerService.dispatchUidsChanged(),-,14450,int com.android.server.am.ActivityManagerService.bindIsolatedService(android.app.IApplicationThread, android.os.IBinder, android.content.Intent, java.lang.String, android.app.IServiceConnection, int, java.lang.String, java.lang.String, int),4]
10-08 17:03:00.992 I/dvm_lock_sample( 1594): [system_server,1,Binder:1594_19,11,ActivityManagerService.java,5963,int com.android.server.am.ActivityManagerService.getUidState(int),-,14791,android.content.Intent com.android.server.am.ActivityManagerService.registerReceiver(android.app.IApplicationThread, java.lang.String, android.content.IIntentReceiver, android.content.IntentFilter, java.lang.String, int, int),2]
10-08 17:03:00.995 I/dvm_lock_sample( 1594): [system_server,1,Binder:1594_1F,8,ActivityManagerService.java,14463,boolean com.android.server.am.ActivityManagerService.unbindService(android.app.IServiceConnection),-,14450,int com.android.server.am.ActivityManagerService.bindIsolatedService(android.app.IApplicationThread, android.os.IBinder, android.content.Intent, java.lang.String, android.app.IServiceConnection, int, java.lang.String, java.lang.String, int),1]
10-08 17:03:01.351 I/dvm_lock_sample( 1594): [system_server,1,Binder:1594_11,15,ActivityManagerService.java,8605,boolean com.android.server.am.ActivityManagerService.isUidActive(int, java.lang.String),-,14463,boolean com.android.server.am.ActivityManagerService.unbindService(android.app.IServiceConnection),3]
10-08 17:03:01.963 I/dvm_lock_sample( 1594): [system_server,1,Binder:1594_19,26,ActivityManagerService.java,14791,android.content.Intent com.android.server.am.ActivityManagerService.registerReceiver(android.app.IApplicationThread, java.lang.String, android.content.IIntentReceiver, android.content.IntentFilter, java.lang.String, int, int),-,5395,void com.android.server.am.ActivityManagerService.attachApplication(android.app.IApplicationThread, long),5]
10-08 17:04:38.311 I/dvm_lock_sample( 1594): [system_server,1,android.display,27,TaskChangeNotificationController.java,176,void com.android.server.wm.TaskChangeNotificationController$MainHandler.handleMessage(android.os.Message),ActivityTaskManagerService.java,6942,void com.android.server.wm.ActivityTaskManagerService$LocalService.handleAppDied(com.android.server.wm.WindowProcessController, boolean, java.lang.Runnable),5]
10-08 17:06:46.132 I/dvm_lock_sample( 1594): [system_server,1,Binder:1594_5,49,ActivityManagerService.java,14474,void com.android.server.am.ActivityManagerService.publishService(android.os.IBinder, android.content.Intent, android.os.IBinder),-,14450,int com.android.server.am.ActivityManagerService.bindIsolatedService(android.app.IApplicationThread, android.os.IBinder, android.content.Intent, java.lang.String, android.app.IServiceConnection, int, java.lang.String, java.lang.String, int),9]
10-08 17:07:02.570 I/dvm_lock_sample( 1594): [system_server,1,Binder:1594_8,10,ActivityManagerService.java,14450,int com.android.server.am.ActivityManagerService.bindIsolatedService(android.app.IApplicationThread, android.os.IBinder, android.content.Intent, java.lang.String, android.app.IServiceConnection, int, java.lang.String, java.lang.String, int),-,14463,boolean com.android.server.am.ActivityManagerService.unbindService(android.app.IServiceConnection),2]
10-08 17:07:02.580 I/dvm_lock_sample( 1594): [system_server,1,android.ui,16,ActivityManagerService.java,3378,void com.android.server.am.ActivityManagerService.dispatchUidsChanged(),-,14463,boolean com.android.server.am.ActivityManagerService.unbindService(android.app.IServiceConnection),3]
10-08 17:07:14.277 I/dvm_lock_sample( 1594): [system_server,1,android.ui,10,ActivityManagerService.java,3378,void com.android.server.am.ActivityManagerService.dispatchUidsChanged(),-,14450,int com.android.server.am.ActivityManagerService.bindIsolatedService(android.app.IApplicationThread, android.os.IBinder, android.content.Intent, java.lang.String, android.app.IServiceConnection, int, java.lang.String, java.lang.String, int),2]
10-08 17:09:49.276 I/dvm_lock_sample( 1594): [system_server,1,Binder:1594_E,42,ActivityManagerService.java,12299,java.util.ArrayList com.android.server.am.ActivityManagerService.collectProcesses(java.io.PrintWriter, int, boolean, java.lang.String[]),-,14285,android.content.ComponentName com.android.server.am.ActivityManagerService.startService(android.app.IApplicationThread, android.content.Intent, java.lang.String, boolean, java.lang.String, int),8]
10-08 17:09:49.285 I/dvm_lock_sample( 1594): [system_server,0,Binder:1594_1B,34,ActivityManagerService.java,14494,void com.android.server.am.ActivityManagerService.serviceDoneExecuting(android.os.IBinder, int, int, int),-,15989,int com.android.server.am.ActivityManagerService.broadcastIntent(android.app.IApplicationThread, android.content.Intent, java.lang.String, android.content.IIntentReceiver, int, java.lang.String, android.os.Bundle, java.lang.String[], int, android.os.Bundle, boolean, boolean, int),6]
10-08 17:09:49.292 I/dvm_lock_sample( 1594): [system_server,1,ActivityManager,31,BroadcastQueue.java,984,void com.android.server.am.BroadcastQueue.processNextBroadcast(boolean, boolean),ActivityManagerService.java,10090,int com.android.server.am.ActivityManagerService.getMemoryTrimLevel(),6]
10-08 17:10:11.464 I/dvm_lock_sample( 1594): [system_server,1,android.ui,49,ActivityManagerService.java,3378,void com.android.server.am.ActivityManagerService.dispatchUidsChanged(),-,4424,void com.android.server.am.ActivityManagerService.forceStopPackage(java.lang.String, int, java.lang.String),9]
10-08 17:12:26.555 I/dvm_lock_sample( 1594): [system_server,1,Binder:1594_1A,33,ActivityManagerService.java,1537,void com.android.server.am.ActivityManagerService$AppDeathRecipient.binderDied(),-,5395,void com.android.server.am.ActivityManagerService.attachApplication(android.app.IApplicationThread, long),6]
10-08 17:12:26.555 I/dvm_lock_sample( 1594): [system_server,1,Binder:1594_15,47,ActivityManagerService.java,1537,void com.android.server.am.ActivityManagerService$AppDeathRecipient.binderDied(),-,5395,void com.android.server.am.ActivityManagerService.attachApplication(android.app.IApplicationThread, long),9]
10-08 17:12:26.555 I/dvm_lock_sample( 1594): [system_server,1,Binder:1594_19,81,ActivityManagerService.java,1537,void com.android.server.am.ActivityManagerService$AppDeathRecipient.binderDied(),-,5395,void com.android.server.am.ActivityManagerService.attachApplication(android.app.IApplicationThread, long),16]
10-08 17:12:26.579 I/dvm_lock_sample( 1594): [system_server,1,Binder:1594_10,104,ActivityManagerService.java,1537,void com.android.server.am.ActivityManagerService$AppDeathRecipient.binderDied(),-,5395,void com.android.server.am.ActivityManagerService.attachApplication(android.app.IApplicationThread, long),20]
10-08 17:12:26.593 I/dvm_lock_sample( 1594): [system_server,1,Binder:1594_7,113,ProcessManagerService.java,1704,java.util.List com.android.server.am.ProcessManagerService.getRunningProcessInfo(int, int, java.lang.String, java.lang.String, int),ActivityManagerService.java,1537,void com.android.server.am.ActivityManagerService$AppDeathRecipient.binderDied(),22]
10-08 17:12:26.594 I/dvm_lock_sample( 1594): [system_server,1,main,87,ActivityManagerService.java,14463,boolean com.android.server.am.ActivityManagerService.unbindService(android.app.IServiceConnection),-,1537,void com.android.server.am.ActivityManagerService$AppDeathRecipient.binderDied(),17]
10-08 17:12:26.596 I/dvm_lock_sample( 1594): [system_server,1,Binder:1594_15,41,ActivityManagerService.java,1537,void com.android.server.am.ActivityManagerService$AppDeathRecipient.binderDied(),-,1537,void com.android.server.am.ActivityManagerService$AppDeathRecipient.binderDied(),8]
10-08 17:13:38.152 I/dvm_lock_sample( 1594): [system_server,0,Binder:1594_7,7,ActivityManagerService.java,14494,void com.android.server.am.ActivityManagerService.serviceDoneExecuting(android.os.IBinder, int, int, int),-,14463,boolean com.android.server.am.ActivityManagerService.unbindService(android.app.IServiceConnection),1]
10-08 17:14:25.497 I/dvm_lock_sample( 1594): [system_server,1,ActivityManager:procStart,47,ProcessList.java,1687,void com.android.server.am.ProcessList.lambda$startProcessLocked$0$ProcessList(com.android.server.am.ProcessRecord, java.lang.String, int[], int, int, java.lang.String, java.lang.String, java.lang.String, long),ActivityManagerService.java,14450,int com.android.server.am.ActivityManagerService.bindIsolatedService(android.app.IApplicationThread, android.os.IBinder, android.content.Intent, java.lang.String, android.app.IServiceConnection, int, java.lang.String, java.lang.String, int),9]
10-08 17:14:25.691 I/dvm_lock_sample( 1594): [system_server,1,Binder:1594_7,73,ActivityManagerService.java,14285,android.content.ComponentName com.android.server.am.ActivityManagerService.startService(android.app.IApplicationThread, android.content.Intent, java.lang.String, boolean, java.lang.String, int),BroadcastQueue.java,984,void com.android.server.am.BroadcastQueue.processNextBroadcast(boolean, boolean),14]
10-08 17:14:25.785 I/dvm_lock_sample( 1594): [system_server,1,Binder:1594_17,40,ActivityManagerService.java,8605,boolean com.android.server.am.ActivityManagerService.isUidActive(int, java.lang.String),-,14285,android.content.ComponentName com.android.server.am.ActivityManagerService.startService(android.app.IApplicationThread, android.content.Intent, java.lang.String, boolean, java.lang.String, int),8]
10-08 17:14:25.804 I/dvm_lock_sample( 1594): [system_server,1,Binder:1594_18,25,ActivityManagerService.java,14335,boolean com.android.server.am.ActivityManagerService.stopServiceToken(android.content.ComponentName, android.os.IBinder, int),-,5395,void com.android.server.am.ActivityManagerService.attachApplication(android.app.IApplicationThread, long),5]
10-08 17:14:25.884 I/dvm_lock_sample( 1594): [system_server,0,Binder:1594_6,5,ActivityManagerService.java,14494,void com.android.server.am.ActivityManagerService.serviceDoneExecuting(android.os.IBinder, int, int, int),-,8605,boolean com.android.server.am.ActivityManagerService.isUidActive(int, java.lang.String),1]
10-08 17:14:27.484 I/dvm_lock_sample( 1594): [system_server,0,Binder:1594_18,43,ActivityTaskManagerService.java,7377,com.android.server.wm.WindowProcessController com.android.server.wm.ActivityTaskManagerService$LocalService.getTopApp(),ActivityStarter.java,1313,int com.android.server.wm.ActivityStarter.startActivityMayWait(android.app.IApplicationThread, int, java.lang.String, int, int, android.content.Intent, java.lang.String, android.service.voice.IVoiceInteractionSession, com.android.internal.app.IVoiceInteractor, android.os.IBinder, java.lang.String, int, int, android.app.ProfilerInfo, android.app.WaitResult, android.content.res.Configuration, com.android.server.wm.SafeActivityOptions, boolean, int, com.android.server.wm.TaskRecord, java.lang.String, boolean, com.android.server.am.PendingIntentRecord, boolean),8]
10-08 17:14:41.074 I/dvm_lock_sample( 1594): [system_server,1,Binder:1594_4,5,ActivityManagerService.java,14463,boolean com.android.server.am.ActivityManagerService.unbindService(android.app.IServiceConnection),-,14463,boolean com.android.server.am.ActivityManagerService.unbindService(android.app.IServiceConnection),1]
10-08 17:14:48.950 I/dvm_lock_sample( 1594): [system_server,1,Binder:1594_C,26,ActivityManagerService.java,6752,java.lang.String com.android.server.am.ActivityManagerService.checkContentProviderAccess(java.lang.String, int),-,1537,void com.android.server.am.ActivityManagerService$AppDeathRecipient.binderDied(),5]
10-08 17:14:48.951 I/dvm_lock_sample( 1594): [system_server,1,android.ui,42,ActivityManagerService.java,3378,void com.android.server.am.ActivityManagerService.dispatchUidsChanged(),-,1537,void com.android.server.am.ActivityManagerService$AppDeathRecipient.binderDied(),8]
10-08 17:16:01.272 I/dvm_lock_sample( 1594): [system_server,1,Binder:1594_8,22,ProcessManagerService.java,1704,java.util.List com.android.server.am.ProcessManagerService.getRunningProcessInfo(int, int, java.lang.String, java.lang.String, int),ActivityManagerService.java,1537,void com.android.server.am.ActivityManagerService$AppDeathRecipient.binderDied(),4]
10-08 17:16:06.741 I/auditd  ( 1594): type=1400 audit(0.0:50086): avc: denied { getpgid } for comm="ActivityManager" scontext=u:r:system_server:s0 tcontext=u:r:app_zygote:s0:c512,c768 tclass=process permissive=0
10-08 17:16:06.751 I/auditd  ( 1594): type=1400 audit(0.0:50090): avc: denied { getpgid } for comm="ActivityManager" scontext=u:r:system_server:s0 tcontext=u:r:app_zygote:s0:c512,c768 tclass=process permissive=0
10-08 17:16:24.323 I/dvm_lock_sample( 1594): [system_server,1,main,6,BroadcastDispatcher.java,186,void com.android.server.am.BroadcastDispatcher$1.broadcastAlarmComplete(int),ActivityManagerService.java,16095,void com.android.server.am.ActivityManagerService.finishReceiver(android.os.IBinder, int, java.lang.String, android.os.Bundle, boolean, int),1]
10-08 17:17:24.860 I/dvm_lock_sample( 1594): [system_server,1,Binder:1594_3,8,ActivityManagerService.java,8605,boolean com.android.server.am.ActivityManagerService.isUidActive(int, java.lang.String),-,14494,void com.android.server.am.ActivityManagerService.serviceDoneExecuting(android.os.IBinder, int, int, int),1]
10-08 17:19:02.199 I/dvm_lock_sample( 1594): [system_server,1,Binder:1594_3,5,WindowProcessController.java,542,boolean com.android.server.wm.WindowProcessController.hasActivitiesOrRecentTasks(),ActivityTaskManagerService.java,1601,boolean com.android.server.wm.ActivityTaskManagerService.finishActivity(android.os.IBinder, int, android.content.Intent, int),1]
10-08 17:19:04.798 I/dvm_lock_sample( 1594): [system_server,1,ActivityManager,32,BroadcastQueue.java,984,void com.android.server.am.BroadcastQueue.processNextBroadcast(boolean, boolean),ActivityManagerService.java,14285,android.content.ComponentName com.android.server.am.ActivityManagerService.startService(android.app.IApplicationThread, android.content.Intent, java.lang.String, boolean, java.lang.String, int),6]
10-08 17:19:06.963 I/dvm_lock_sample( 1594): [system_server,1,Binder:1594_9,6,ActivityManagerService.java,14474,void com.android.server.am.ActivityManagerService.publishService(android.os.IBinder, android.content.Intent, android.os.IBinder),-,14450,int com.android.server.am.ActivityManagerService.bindIsolatedService(android.app.IApplicationThread, android.os.IBinder, android.content.Intent, java.lang.String, android.app.IServiceConnection, int, java.lang.String, java.lang.String, int),1]
10-08 17:19:09.314 I/dvm_lock_sample( 1594): [system_server,1,Binder:1594_E,38,ActivityManagerService.java,14474,void com.android.server.am.ActivityManagerService.publishService(android.os.IBinder, android.content.Intent, android.os.IBinder),-,1537,void com.android.server.am.ActivityManagerService$AppDeathRecipient.binderDied(),7]
10-08 17:19:09.315 I/dvm_lock_sample( 1594): [system_server,1,Binder:1594_1F,26,ProcessManagerService.java,1704,java.util.List com.android.server.am.ProcessManagerService.getRunningProcessInfo(int, int, java.lang.String, java.lang.String, int),ActivityManagerService.java,1537,void com.android.server.am.ActivityManagerService$AppDeathRecipient.binderDied(),5]
10-08 17:19:29.903 I/dvm_lock_sample( 1594): [system_server,1,android.ui,5,ActivityManagerService.java,3378,void com.android.server.am.ActivityManagerService.dispatchUidsChanged(),-,1537,void com.android.server.am.ActivityManagerService$AppDeathRecipient.binderDied(),1]
10-08 17:21:02.457 I/dvm_lock_sample( 1594): [system_server,1,ActivityManager,50,AlarmManagerService.java,1691,void com.android.server.AlarmManagerService.removeImpl(android.app.PendingIntent, android.app.IAlarmListener),-,4041,void com.android.server.AlarmManagerService$AlarmThread.run(),10]
10-08 17:28:34.315 I/dvm_lock_sample( 1594): [system_server,0,android.bg,11,ActivityManagerService.java,1964,void com.android.server.am.ActivityManagerService$5.handleMessage(android.os.Message),-,14450,int com.android.server.am.ActivityManagerService.bindIsolatedService(android.app.IApplicationThread, android.os.IBinder, android.content.Intent, java.lang.String, android.app.IServiceConnection, int, java.lang.String, java.lang.String, int),2]
10-08 17:38:51.686 I/dvm_lock_sample( 1594): [system_server,1,android.display,11,ActivityTaskManagerService.java,6551,int com.android.server.wm.ActivityTaskManagerService$LocalService.getTopProcessState(),-,1817,void com.android.server.wm.ActivityTaskManagerService.activityDestroyed(android.os.IBinder),2]
10-08 17:38:53.247 I/dvm_lock_sample( 1594): [system_server,1,ActivityManager,37,BroadcastQueue.java,984,void com.android.server.am.BroadcastQueue.processNextBroadcast(boolean, boolean),ActivityManagerService.java,14285,android.content.ComponentName com.android.server.am.ActivityManagerService.startService(android.app.IApplicationThread, android.content.Intent, java.lang.String, boolean, java.lang.String, int),7]
10-08 17:38:53.632 I/dvm_lock_sample( 1594): [system_server,0,Binder:1594_2,15,ActivityManagerService.java,14494,void com.android.server.am.ActivityManagerService.serviceDoneExecuting(android.os.IBinder, int, int, int),-,14450,int com.android.server.am.ActivityManagerService.bindIsolatedService(android.app.IApplicationThread, android.os.IBinder, android.content.Intent, java.lang.String, android.app.IServiceConnection, int, java.lang.String, java.lang.String, int),3]
10-08 17:40:26.849 I/dvm_lock_sample( 1594): [system_server,1,Binder:1594_4,24,ActivityManagerService.java,15989,int com.android.server.am.ActivityManagerService.broadcastIntent(android.app.IApplicationThread, android.content.Intent, java.lang.String, android.content.IIntentReceiver, int, java.lang.String, android.os.Bundle, java.lang.String[], int, android.os.Bundle, boolean, boolean, int),-,14463,boolean com.android.server.am.ActivityManagerService.unbindService(android.app.IServiceConnection),4]
10-08 17:40:33.941 I/dvm_lock_sample( 1594): [system_server,1,main,27,ActivityTaskManagerService.java,2624,boolean com.android.server.wm.ActivityTaskManagerService.isControllerAMonkey(),-,6869,boolean com.android.server.wm.ActivityTaskManagerService$LocalService.startHomeOnDisplay(int, java.lang.String, int, boolean, boolean),5]
10-08 17:40:36.184 I/dvm_lock_sample( 1594): [system_server,1,android.ui,6,ActivityManagerService.java,3378,void com.android.server.am.ActivityManagerService.dispatchUidsChanged(),-,14450,int com.android.server.am.ActivityManagerService.bindIsolatedService(android.app.IApplicationThread, android.os.IBinder, android.content.Intent, java.lang.String, android.app.IServiceConnection, int, java.lang.String, java.lang.String, int),1]
10-08 17:40:37.141 I/dvm_lock_sample( 1594): [system_server,1,main,6,ActivityManagerService.java,6752,java.lang.String com.android.server.am.ActivityManagerService.checkContentProviderAccess(java.lang.String, int),-,14463,boolean com.android.server.am.ActivityManagerService.unbindService(android.app.IServiceConnection),1]
10-08 17:40:48.139 I/dvm_lock_sample( 1594): [system_server,1,Binder:1594_5,8,ActivityManagerService.java,6181,boolean com.android.server.am.ActivityManagerService.isAppStartModeDisabled(int, java.lang.String),-,14463,boolean com.android.server.am.ActivityManagerService.unbindService(android.app.IServiceConnection),1]
10-08 17:47:30.699 I/dvm_lock_sample( 1594): [system_server,1,Binder:1594_1D,8,ActivityManagerService.java,14474,void com.android.server.am.ActivityManagerService.publishService(android.os.IBinder, android.content.Intent, android.os.IBinder),-,14450,int com.android.server.am.ActivityManagerService.bindIsolatedService(android.app.IApplicationThread, android.os.IBinder, android.content.Intent, java.lang.String, android.app.IServiceConnection, int, java.lang.String, java.lang.String, int),1]
10-08 17:49:33.855 I/dvm_lock_sample( 1594): [system_server,1,Binder:1594_16,5,ActivityManagerService.java,6752,java.lang.String com.android.server.am.ActivityManagerService.checkContentProviderAccess(java.lang.String, int),-,16095,void com.android.server.am.ActivityManagerService.finishReceiver(android.os.IBinder, int, java.lang.String, android.os.Bundle, boolean, int),1]
10-08 18:04:44.935 I/dvm_lock_sample( 1594): [system_server,1,Binder:1594_F,14,ActivityManagerService.java,7717,boolean com.android.server.am.ActivityManagerService.refContentProvider(android.os.IBinder, int, int),-,16095,void com.android.server.am.ActivityManagerService.finishReceiver(android.os.IBinder, int, java.lang.String, android.os.Bundle, boolean, int),2]
10-08 18:04:45.026 I/dvm_lock_sample( 1594): [system_server,1,android.ui,11,ActivityManagerService.java,3378,void com.android.server.am.ActivityManagerService.dispatchUidsChanged(),-,1537,void com.android.server.am.ActivityManagerService$AppDeathRecipient.binderDied(),2]
10-08 18:04:49.572 I/dvm_lock_sample( 1594): [system_server,1,Binder:1594_1E,5,ActivityManagerService.java,14791,android.content.Intent com.android.server.am.ActivityManagerService.registerReceiver(android.app.IApplicationThread, java.lang.String, android.content.IIntentReceiver, android.content.IntentFilter, java.lang.String, int, int),-,14494,void com.android.server.am.ActivityManagerService.serviceDoneExecuting(android.os.IBinder, int, int, int),1]
10-08 18:25:16.872 I/dvm_lock_sample( 1594): [system_server,1,ActivityManager,183,PowerManagerService.java,3101,void com.android.server.power.PowerManagerService.updateUidProcStateInternal(int, int),-,4022,void com.android.server.power.PowerManagerService$BatteryReceiver.onReceive(android.content.Context, android.content.Intent),36]
10-08 18:25:16.892 I/dvm_lock_sample( 1594): [system_server,0,android.bg,190,ActivityManagerService.java,1964,void com.android.server.am.ActivityManagerService$5.handleMessage(android.os.Message),BroadcastQueue.java,984,void com.android.server.am.BroadcastQueue.processNextBroadcast(boolean, boolean),38]
10-08 18:25:16.965 I/dvm_lock_sample( 1594): [system_server,1,main,84,ActivityManagerService.java,8177,void com.android.server.am.ActivityManagerService.onWakefulnessChanged(int),-,14285,android.content.ComponentName com.android.server.am.ActivityManagerService.startService(android.app.IApplicationThread, android.content.Intent, java.lang.String, boolean, java.lang.String, int),16]
10-08 18:25:16.992 I/dvm_lock_sample( 1594): [system_server,0,Binder:1594_E,57,ActivityManagerService.java,14494,void com.android.server.am.ActivityManagerService.serviceDoneExecuting(android.os.IBinder, int, int, int),-,14285,android.content.ComponentName com.android.server.am.ActivityManagerService.startService(android.app.IApplicationThread, android.content.Intent, java.lang.String, boolean, java.lang.String, int),11]
10-08 18:25:17.125 I/dvm_lock_sample( 1594): [system_server,1,Binder:1594_E,15,ActivityManagerService.java,6181,boolean com.android.server.am.ActivityManagerService.isAppStartModeDisabled(int, java.lang.String),-,5395,void com.android.server.am.ActivityManagerService.attachApplication(android.app.IApplicationThread, long),3]
10-08 18:27:13.814 I/dvm_lock_sample( 1594): [system_server,1,Binder:1594_F,74,ActivityTaskManagerService.java,1746,void com.android.server.wm.ActivityTaskManagerService.activityTopResumedStateLost(),ActivityStarter.java,1313,int com.android.server.wm.ActivityStarter.startActivityMayWait(android.app.IApplicationThread, int, java.lang.String, int, int, android.content.Intent, java.lang.String, android.service.voice.IVoiceInteractionSession, com.android.internal.app.IVoiceInteractor, android.os.IBinder, java.lang.String, int, int, android.app.ProfilerInfo, android.app.WaitResult, android.content.res.Configuration, com.android.server.wm.SafeActivityOptions, boolean, int, com.android.server.wm.TaskRecord, java.lang.String, boolean, com.android.server.am.PendingIntentRecord, boolean),14]
10-08 18:27:13.815 I/dvm_lock_sample( 1594): [system_server,1,Binder:1594_10,239,ActivityTaskManagerService.java,2648,java.util.List com.android.server.wm.ActivityTaskManagerService.getFilteredTasks(int, int, int),ActivityStarter.java,1313,int com.android.server.wm.ActivityStarter.startActivityMayWait(android.app.IApplicationThread, int, java.lang.String, int, int, android.content.Intent, java.lang.String, android.service.voice.IVoiceInteractionSession, com.android.internal.app.IVoiceInteractor, android.os.IBinder, java.lang.String, int, int, android.app.ProfilerInfo, android.app.WaitResult, android.content.res.Configuration, com.android.server.wm.SafeActivityOptions, boolean, int, com.android.server.wm.TaskRecord, java.lang.String, boolean, com.android.server.am.PendingIntentRecord, boolean),47]
10-08 18:27:13.815 I/dvm_lock_sample( 1594): [system_server,1,Binder:1594_7,182,WindowProcessUtils.java,405,java.lang.String com.android.server.wm.WindowProcessUtils.getCallerPackageName(com.android.server.wm.ActivityTaskManagerService, android.app.IApplicationThread),ActivityStarter.java,1313,int com.android.server.wm.ActivityStarter.startActivityMayWait(android.app.IApplicationThread, int, java.lang.String, int, int, android.content.Intent, java.lang.String, android.service.voice.IVoiceInteractionSession, com.android.internal.app.IVoiceInteractor, android.os.IBinder, java.lang.String, int, int, android.app.ProfilerInfo, android.app.WaitResult, android.content.res.Configuration, com.android.server.wm.SafeActivityOptions, boolean, int, com.android.server.wm.TaskRecord, java.lang.String, boolean, com.android.server.am.PendingIntentRecord, boolean),36]
10-08 18:27:13.828 I/dvm_lock_sample( 1594): [system_server,1,android.anim,10,WindowSurfacePlacer.java,61,void com.android.server.wm.WindowSurfacePlacer.lambda$new$0$WindowSurfacePlacer(),ActivityTaskManagerService.java,1755,void com.android.server.wm.ActivityTaskManagerService.activityPaused(android.os.IBinder),2]
10-08 18:27:13.834 I/dvm_lock_sample( 1594): [system_server,1,Binder:1594_15,323,ActivityManagerService.java,14450,int com.android.server.am.ActivityManagerService.bindIsolatedService(android.app.IApplicationThread, android.os.IBinder, android.content.Intent, java.lang.String, android.app.IServiceConnection, int, java.lang.String, java.lang.String, int),-,6978,android.app.ContentProviderHolder com.android.server.am.ActivityManagerService.getContentProviderImpl(android.app.IApplicationThread, java.lang.String, android.os.IBinder, int, java.lang.String, java.lang.String, boolean, int),64]
10-08 18:27:32.755 I/dvm_lock_sample( 1594): [system_server,0,android.bg,6,ActivityManagerService.java,1964,void com.android.server.am.ActivityManagerService$5.handleMessage(android.os.Message),-,18684,android.content.ComponentName com.android.server.am.ActivityManagerService$LocalService.startServiceInPackage(int, android.content.Intent, java.lang.String, boolean, java.lang.String, int, boolean),1]
10-08 18:29:15.362 I/dvm_lock_sample( 1594): [system_server,1,Binder:1594_C,16,ActivityManagerService.java,8605,boolean com.android.server.am.ActivityManagerService.isUidActive(int, java.lang.String),-,14285,android.content.ComponentName com.android.server.am.ActivityManagerService.startService(android.app.IApplicationThread, android.content.Intent, java.lang.String, boolean, java.lang.String, int),3]
10-08 18:29:15.439 I/sysui_multi_action( 1594): [757,147,758,4,759,1,806,com.vitrinedecraques.app]
10-08 18:29:16.518 I/am_create_activity( 1594): [0,137261528,1101,com.vitrinedecraques.app/.MainActivity,NULL,NULL,NULL,268435456]
10-08 18:29:16.593 I/dvm_lock_sample( 1594): [system_server,1,Binder:1594_C,195,ActivityManagerService.java,14791,android.content.Intent com.android.server.am.ActivityManagerService.registerReceiver(android.app.IApplicationThread, java.lang.String, android.content.IIntentReceiver, android.content.IntentFilter, java.lang.String, int, int),-,14463,boolean com.android.server.am.ActivityManagerService.unbindService(android.app.IServiceConnection),39]
10-08 18:29:16.594 I/dvm_lock_sample( 1594): [system_server,1,Binder:1594_1B,172,ActivityManagerService.java,6752,java.lang.String com.android.server.am.ActivityManagerService.checkContentProviderAccess(java.lang.String, int),-,14463,boolean com.android.server.am.ActivityManagerService.unbindService(android.app.IServiceConnection),34]
10-08 18:29:16.597 I/dvm_lock_sample( 1594): [system_server,1,Binder:1594_11,123,ActivityManagerService.java,10076,void com.android.server.am.ActivityManagerService.getMyMemoryState(android.app.ActivityManager$RunningAppProcessInfo),-,14463,boolean com.android.server.am.ActivityManagerService.unbindService(android.app.IServiceConnection),24]
10-08 18:29:16.675 I/am_proc_start( 1594): [0,26392,11365,com.vitrinedecraques.app,activity,{com.vitrinedecraques.app/com.vitrinedecraques.app.MainActivity}]
10-08 18:29:16.709 I/dvm_lock_sample( 1594): [system_server,1,android.ui,18,ActivityManagerService.java,3378,void com.android.server.am.ActivityManagerService.dispatchUidsChanged(),-,14494,void com.android.server.am.ActivityManagerService.serviceDoneExecuting(android.os.IBinder, int, int, int),3]
10-08 18:29:16.857 I/am_proc_bound( 1594): [0,26392,com.vitrinedecraques.app]
10-08 18:29:16.869 I/am_restart_activity( 1594): [0,137261528,1101,com.vitrinedecraques.app/.MainActivity,26392]
10-08 18:29:16.880 I/am_set_resumed_activity( 1594): [0,com.vitrinedecraques.app/.MainActivity,minimalResumeActivityLocked]
10-08 18:29:17.535 I/dvm_lock_sample( 1594): [system_server,1,ActivityManager:procStart,21,PackageManagerService.java,4817,android.content.pm.ApplicationInfo com.android.server.pm.PackageManagerService.getApplicationInfoInternal(java.lang.String, int, int, int),-,8752,android.content.pm.ParceledListSlice com.android.server.pm.PackageManagerService.getInstalledPackages(int, int),4]
10-08 18:29:17.615 I/dvm_lock_sample( 1594): [system_server,1,Binder:1594_10,28,ProcessManagerService.java,1704,java.util.List com.android.server.am.ProcessManagerService.getRunningProcessInfo(int, int, java.lang.String, java.lang.String, int),ActivityManagerService.java,5395,void com.android.server.am.ActivityManagerService.attachApplication(android.app.IApplicationThread, long),5]
10-08 18:29:17.763 I/notification_cancel_all( 1594): [1000,1594,com.vitrinedecraques.app,0,0,0,5,NULL]
10-08 18:29:20.655 I/dvm_lock_sample( 1594): [system_server,1,Binder:1594_1B,105,ActivityManagerService.java,1537,void com.android.server.am.ActivityManagerService$AppDeathRecipient.binderDied(),-,1537,void com.android.server.am.ActivityManagerService$AppDeathRecipient.binderDied(),21]
10-08 18:29:20.678 I/dvm_lock_sample( 1594): [system_server,1,Binder:1594_9,141,ProcessManagerService.java,1704,java.util.List com.android.server.am.ProcessManagerService.getRunningProcessInfo(int, int, java.lang.String, java.lang.String, int),ActivityManagerService.java,1537,void com.android.server.am.ActivityManagerService$AppDeathRecipient.binderDied(),28]
10-08 18:29:20.687 I/dvm_lock_sample( 1594): [system_server,1,Binder:1594_1F,106,ActivityManagerService.java,6752,java.lang.String com.android.server.am.ActivityManagerService.checkContentProviderAccess(java.lang.String, int),-,14463,boolean com.android.server.am.ActivityManagerService.unbindService(android.app.IServiceConnection),21]
10-08 18:29:22.348 I/am_lifecycle_sample(26392): [0,com.vitrinedecraques.app,110,5454]
10-08 18:29:22.657 I/am_on_create_called(26392): [0,com.vitrinedecraques.app.MainActivity,performCreate,178]
10-08 18:29:22.732 I/am_on_start_called(26392): [0,com.vitrinedecraques.app.MainActivity,handleStartActivity,0]
10-08 18:29:22.739 I/am_on_resume_called(26392): [0,com.vitrinedecraques.app.MainActivity,RESUME_ACTIVITY,2]
10-08 18:29:22.794 I/am_on_top_resumed_gained_called(26392): [0,com.vitrinedecraques.app.MainActivity,topStateChangedWhenResumed]
10-08 18:29:22.982 I/dvm_lock_sample( 1594): [system_server,1,Binder:1594_B,14,ProcessManagerService.java,1704,java.util.List com.android.server.am.ProcessManagerService.getRunningProcessInfo(int, int, java.lang.String, java.lang.String, int),ActivityManagerService.java,14463,boolean com.android.server.am.ActivityManagerService.unbindService(android.app.IServiceConnection),2]
10-08 18:29:24.217 I/sysui_multi_action( 1594): [319,512,321,500,322,7822,325,320517,757,761,758,7,759,1,806,com.vitrinedecraques.app,871,com.vitrinedecraques.app.MainActivity,904,com.android.shell,905,0,945,468,1320,12,1321,1]
10-08 18:29:24.222 I/am_activity_launch_time( 1594): [0,137261528,com.vitrinedecraques.app/.MainActivity,7822]
10-08 18:29:27.738 I/am_pss  ( 1594): [26392,11365,com.vitrinedecraques.app,150651904,140640256,209920,238727168,0,2,21]
10-08 18:29:38.586 I/am_pss  ( 1594): [26392,11365,com.vitrinedecraques.app,167450624,157081600,203776,256880640,0,2,19]
10-08 18:30:28.374 I/dvm_lock_sample( 1594): [system_server,1,android.ui,17,ActivityManagerService.java,3272,void com.android.server.am.ActivityManagerService.dispatchProcessesChanged(),-,14343,void com.android.server.am.ActivityManagerService.setServiceForeground(android.content.ComponentName, android.os.IBinder, int, android.app.Notification, int, int),3]
10-08 18:30:28.562 I/dvm_lock_sample( 1594): [system_server,1,android.ui,34,ActivityManagerService.java,3272,void com.android.server.am.ActivityManagerService.dispatchProcessesChanged(),-,14285,android.content.ComponentName com.android.server.am.ActivityManagerService.startService(android.app.IApplicationThread, android.content.Intent, java.lang.String, boolean, java.lang.String, int),6]
10-08 18:30:33.801 I/dvm_lock_sample( 1594): [system_server,1,android.ui,171,ActivityManagerService.java,3378,void com.android.server.am.ActivityManagerService.dispatchUidsChanged(),-,1537,void com.android.server.am.ActivityManagerService$AppDeathRecipient.binderDied(),34]
10-08 18:30:34.170 I/dvm_lock_sample( 1594): [system_server,1,Binder:1594_7,37,ActivityManagerService.java,14450,int com.android.server.am.ActivityManagerService.bindIsolatedService(android.app.IApplicationThread, android.os.IBinder, android.content.Intent, java.lang.String, android.app.IServiceConnection, int, java.lang.String, java.lang.String, int),-,5395,void com.android.server.am.ActivityManagerService.attachApplication(android.app.IApplicationThread, long),7]
10-08 18:30:36.333 I/dvm_lock_sample( 1594): [system_server,1,Binder:1594_1F,20,ActivityManagerService.java,5955,boolean com.android.server.am.ActivityManagerService.isAppBad(android.content.pm.ApplicationInfo),-,14450,int com.android.server.am.ActivityManagerService.bindIsolatedService(android.app.IApplicationThread, android.os.IBinder, android.content.Intent, java.lang.String, android.app.IServiceConnection, int, java.lang.String, java.lang.String, int),4]
10-08 18:30:36.334 I/dvm_lock_sample( 1594): [system_server,1,Binder:1594_12,17,ActivityManagerService.java,14450,int com.android.server.am.ActivityManagerService.bindIsolatedService(android.app.IApplicationThread, android.os.IBinder, android.content.Intent, java.lang.String, android.app.IServiceConnection, int, java.lang.String, java.lang.String, int),-,14450,int com.android.server.am.ActivityManagerService.bindIsolatedService(android.app.IApplicationThread, android.os.IBinder, android.content.Intent, java.lang.String, android.app.IServiceConnection, int, java.lang.String, java.lang.String, int),3]
10-08 18:30:37.294 I/dvm_lock_sample( 1594): [system_server,0,Binder:1594_4,12,ActivityManagerService.java,14494,void com.android.server.am.ActivityManagerService.serviceDoneExecuting(android.os.IBinder, int, int, int),-,14791,android.content.Intent com.android.server.am.ActivityManagerService.registerReceiver(android.app.IApplicationThread, java.lang.String, android.content.IIntentReceiver, android.content.IntentFilter, java.lang.String, int, int),2]
10-08 18:30:37.650 I/dvm_lock_sample( 1594): [system_server,1,android.ui,12,ActivityManagerService.java,3378,void com.android.server.am.ActivityManagerService.dispatchUidsChanged(),-,14450,int com.android.server.am.ActivityManagerService.bindIsolatedService(android.app.IApplicationThread, android.os.IBinder, android.content.Intent, java.lang.String, android.app.IServiceConnection, int, java.lang.String, java.lang.String, int),2]
10-08 18:30:38.173 I/dvm_lock_sample( 1594): [system_server,1,Binder:1594_D,5,ActivityManagerService.java,14450,int com.android.server.am.ActivityManagerService.bindIsolatedService(android.app.IApplicationThread, android.os.IBinder, android.content.Intent, java.lang.String, android.app.IServiceConnection, int, java.lang.String, java.lang.String, int),-,14494,void com.android.server.am.ActivityManagerService.serviceDoneExecuting(android.os.IBinder, int, int, int),1]
10-08 18:30:38.613 I/am_pss  ( 1594): [26392,11365,com.vitrinedecraques.app,176266240,168767488,176128,257257472,0,2,16]
10-08 18:30:43.435 I/am_pause_activity( 1594): [26392,137261528,com.vitrinedecraques.app/.MainActivity,userLeaving=true]
10-08 18:30:43.438 I/am_add_to_stopping( 1594): [0,137261528,com.vitrinedecraques.app/.MainActivity,makeInvisible]
10-08 18:30:43.440 I/am_on_top_resumed_lost_called(26392): [0,com.vitrinedecraques.app.MainActivity,topStateChangedWhenResumed]
10-08 18:30:43.534 I/am_on_paused_called(26392): [0,com.vitrinedecraques.app.MainActivity,performPause,0]
10-08 18:30:44.049 I/am_stop_activity( 1594): [0,137261528,com.vitrinedecraques.app/.MainActivity]
10-08 18:30:44.282 I/am_on_stop_called(26392): [0,com.vitrinedecraques.app.MainActivity,STOP_ACTIVITY_ITEM,0]
10-08 18:30:45.398 I/sysui_multi_action( 2131): [757,289,758,4,806,ComponentInfo{com.vitrinedecraques.app/com.vitrinedecraques.app.MainActivity}]
10-08 18:30:45.404 I/am_finish_activity( 1594): [26392,137261528,1101,com.vitrinedecraques.app/.MainActivity,remove-task]
10-08 18:30:45.404 I/am_destroy_activity( 1594): [26392,137261528,1101,com.vitrinedecraques.app/.MainActivity,finish-imm:finishActivityLocked]
10-08 18:30:45.437 I/am_kill ( 1594): [0,26392,com.vitrinedecraques.app,905,SwipeUpClean]
10-08 18:30:45.611 I/am_proc_died( 1594): [0,26392,com.vitrinedecraques.app,905,20]
10-08 18:30:48.324 I/dvm_lock_sample( 1594): [system_server,1,Binder:1594_19,30,ActivityManagerService.java,14791,android.content.Intent com.android.server.am.ActivityManagerService.registerReceiver(android.app.IApplicationThread, java.lang.String, android.content.IIntentReceiver, android.content.IntentFilter, java.lang.String, int, int),ProcessRecord.java,1358,void com.android.server.am.ProcessRecord.updateProcessInfo(boolean, boolean, boolean),6]
10-08 18:30:48.520 I/dvm_lock_sample( 1594): [system_server,1,Binder:1594_16,60,ActivityManagerService.java,14791,android.content.Intent com.android.server.am.ActivityManagerService.registerReceiver(android.app.IApplicationThread, java.lang.String, android.content.IIntentReceiver, android.content.IntentFilter, java.lang.String, int, int),-,1537,void com.android.server.am.ActivityManagerService$AppDeathRecipient.binderDied(),12]
10-08 18:32:23.891 I/am_create_activity( 1594): [0,103612594,1102,com.vitrinedecraques.app/.MainActivity,android.intent.action.MAIN,NULL,NULL,270532608]
10-08 18:32:23.945 I/am_proc_start( 1594): [0,29719,11365,com.vitrinedecraques.app,activity,{com.vitrinedecraques.app/com.vitrinedecraques.app.MainActivity}]
10-08 18:32:24.022 I/am_proc_bound( 1594): [0,29719,com.vitrinedecraques.app]
10-08 18:32:24.027 I/am_restart_activity( 1594): [0,103612594,1102,com.vitrinedecraques.app/.MainActivity,29719]
10-08 18:32:24.028 I/am_set_resumed_activity( 1594): [0,com.vitrinedecraques.app/.MainActivity,minimalResumeActivityLocked]
10-08 18:32:28.649 I/am_lifecycle_sample(29719): [0,com.vitrinedecraques.app,110,4600]
10-08 18:32:28.923 I/am_on_create_called(29719): [0,com.vitrinedecraques.app.MainActivity,performCreate,180]
10-08 18:32:28.979 I/am_on_start_called(29719): [0,com.vitrinedecraques.app.MainActivity,handleStartActivity,0]
10-08 18:32:28.982 I/am_on_resume_called(29719): [0,com.vitrinedecraques.app.MainActivity,RESUME_ACTIVITY,1]
10-08 18:32:29.016 I/am_on_top_resumed_gained_called(29719): [0,com.vitrinedecraques.app.MainActivity,topStateChangedWhenResumed]
10-08 18:32:30.277 I/sysui_multi_action( 1594): [319,165,321,84,322,6399,325,320705,757,761,758,7,759,1,806,com.vitrinedecraques.app,871,com.vitrinedecraques.app.MainActivity,904,com.miui.home,905,0,945,146,1320,12,1321,1]
10-08 18:32:30.281 I/am_activity_launch_time( 1594): [0,103612594,com.vitrinedecraques.app/.MainActivity,6399]
10-08 18:32:38.346 I/am_pss  ( 1594): [29719,11365,com.vitrinedecraques.app,178307072,167362560,166912,266403840,0,2,18]
10-08 18:32:48.390 I/am_on_top_resumed_lost_called(29719): [0,com.vitrinedecraques.app.MainActivity,topStateChangedWhenResumed]
10-08 18:32:48.393 I/am_pause_activity( 1594): [29719,103612594,com.vitrinedecraques.app/.MainActivity,userLeaving=true]
10-08 18:32:48.395 I/am_add_to_stopping( 1594): [0,103612594,com.vitrinedecraques.app/.MainActivity,makeInvisible]
10-08 18:32:48.405 I/am_on_paused_called(29719): [0,com.vitrinedecraques.app.MainActivity,performPause,1]
10-08 18:32:48.437 I/am_pss  ( 1594): [29719,11365,com.vitrinedecraques.app,177444864,166899712,169984,265256960,0,2,15]
10-08 18:32:48.833 I/am_stop_activity( 1594): [0,103612594,com.vitrinedecraques.app/.MainActivity]
10-08 18:32:48.923 I/am_on_stop_called(29719): [0,com.vitrinedecraques.app.MainActivity,STOP_ACTIVITY_ITEM,0]
10-08 18:32:49.437 I/sysui_multi_action( 2131): [757,289,758,4,806,ComponentInfo{com.vitrinedecraques.app/com.vitrinedecraques.app.MainActivity}]
10-08 18:32:49.462 I/am_finish_activity( 1594): [29719,103612594,1102,com.vitrinedecraques.app/.MainActivity,remove-task]
10-08 18:32:49.462 I/am_destroy_activity( 1594): [29719,103612594,1102,com.vitrinedecraques.app/.MainActivity,finish-imm:finishActivityLocked]
10-08 18:32:49.522 I/dvm_lock_sample( 1594): [system_server,1,Binder:1594_15,27,ActivityManagerService.java,15989,int com.android.server.am.ActivityManagerService.broadcastIntent(android.app.IApplicationThread, android.content.Intent, java.lang.String, android.content.IIntentReceiver, int, java.lang.String, android.os.Bundle, java.lang.String[], int, android.os.Bundle, boolean, boolean, int),ProcessRecord.java,1358,void com.android.server.am.ProcessRecord.updateProcessInfo(boolean, boolean, boolean),5]
10-08 18:32:49.547 I/am_kill ( 1594): [0,29719,com.vitrinedecraques.app,905,SwipeUpClean]
10-08 18:32:49.726 I/am_proc_died( 1594): [0,29719,com.vitrinedecraques.app,905,20]
10-08 18:37:38.155 I/dvm_lock_sample( 1594): [system_server,1,android.ui,6,ActivityManagerService.java,3378,void com.android.server.am.ActivityManagerService.dispatchUidsChanged(),-,14450,int com.android.server.am.ActivityManagerService.bindIsolatedService(android.app.IApplicationThread, android.os.IBinder, android.content.Intent, java.lang.String, android.app.IServiceConnection, int, java.lang.String, java.lang.String, int),1]
10-08 18:52:18.315 I/dvm_lock_sample( 1594): [system_server,1,Binder:1594_8,9,ActivityManagerService.java,14474,void com.android.server.am.ActivityManagerService.publishService(android.os.IBinder, android.content.Intent, android.os.IBinder),-,14450,int com.android.server.am.ActivityManagerService.bindIsolatedService(android.app.IApplicationThread, android.os.IBinder, android.content.Intent, java.lang.String, android.app.IServiceConnection, int, java.lang.String, java.lang.String, int),1]
10-08 18:56:00.990 I/dvm_lock_sample( 1594): [system_server,1,main,8,ActivityManagerService.java,14463,boolean com.android.server.am.ActivityManagerService.unbindService(android.app.IServiceConnection),-,5395,void com.android.server.am.ActivityManagerService.attachApplication(android.app.IApplicationThread, long),1]
10-08 19:09:13.935 I/dvm_lock_sample( 1594): [system_server,0,Binder:1594_5,7,ActivityManagerService.java,14494,void com.android.server.am.ActivityManagerService.serviceDoneExecuting(android.os.IBinder, int, int, int),-,14463,boolean com.android.server.am.ActivityManagerService.unbindService(android.app.IServiceConnection),1]
10-08 19:15:36.251 I/dvm_lock_sample( 1594): [system_server,1,Binder:1594_8,13,ActivityManagerService.java,14791,android.content.Intent com.android.server.am.ActivityManagerService.registerReceiver(android.app.IApplicationThread, java.lang.String, android.content.IIntentReceiver, android.content.IntentFilter, java.lang.String, int, int),-,14450,int com.android.server.am.ActivityManagerService.bindIsolatedService(android.app.IApplicationThread, android.os.IBinder, android.content.Intent, java.lang.String, android.app.IServiceConnection, int, java.lang.String, java.lang.String, int),2]
10-08 19:30:29.704 I/dvm_lock_sample( 1594): [system_server,1,Binder:1594_16,16,ActivityManagerService.java,15989,int com.android.server.am.ActivityManagerService.broadcastIntent(android.app.IApplicationThread, android.content.Intent, java.lang.String, android.content.IIntentReceiver, int, java.lang.String, android.os.Bundle, java.lang.String[], int, android.os.Bundle, boolean, boolean, int),-,1537,void com.android.server.am.ActivityManagerService$AppDeathRecipient.binderDied(),3]
10-08 19:44:00.063 I/dvm_lock_sample( 1594): [system_server,1,Binder:1594_12,7,ActivityManagerService.java,8605,boolean com.android.server.am.ActivityManagerService.isUidActive(int, java.lang.String),-,16095,void com.android.server.am.ActivityManagerService.finishReceiver(android.os.IBinder, int, java.lang.String, android.os.Bundle, boolean, int),1]
10-08 20:01:01.364 I/dvm_lock_sample( 1594): [system_server,1,Binder:1594_18,11,ActivityManagerService.java,14791,android.content.Intent com.android.server.am.ActivityManagerService.registerReceiver(android.app.IApplicationThread, java.lang.String, android.content.IIntentReceiver, android.content.IntentFilter, java.lang.String, int, int),-,14450,int com.android.server.am.ActivityManagerService.bindIsolatedService(android.app.IApplicationThread, android.os.IBinder, android.content.Intent, java.lang.String, android.app.IServiceConnection, int, java.lang.String, java.lang.String, int),2]
10-08 20:12:48.951 I/dvm_lock_sample( 1594): [system_server,0,android.bg,34,ActivityManagerService.java,1964,void com.android.server.am.ActivityManagerService$5.handleMessage(android.os.Message),-,14450,int com.android.server.am.ActivityManagerService.bindIsolatedService(android.app.IApplicationThread, android.os.IBinder, android.content.Intent, java.lang.String, android.app.IServiceConnection, int, java.lang.String, java.lang.String, int),6]
10-08 20:15:44.570 I/dvm_lock_sample( 1594): [system_server,0,AlarmManager,10,ActivityManagerService.java,18666,int com.android.server.am.ActivityManagerService$LocalService.broadcastIntentInPackage(java.lang.String, int, int, int, android.content.Intent, java.lang.String, android.content.IIntentReceiver, int, java.lang.String, android.os.Bundle, java.lang.String, android.os.Bundle, boolean, boolean, int, boolean),BroadcastQueue.java,984,void com.android.server.am.BroadcastQueue.processNextBroadcast(boolean, boolean),2]
10-08 20:34:08.077 I/dvm_lock_sample( 1594): [system_server,1,Binder:1594_1A,9,ActivityManagerService.java,8605,boolean com.android.server.am.ActivityManagerService.isUidActive(int, java.lang.String),-,16095,void com.android.server.am.ActivityManagerService.finishReceiver(android.os.IBinder, int, java.lang.String, android.os.Bundle, boolean, int),1]
10-08 20:37:50.509 I/dvm_lock_sample( 1594): [system_server,1,Binder:1594_7,5,ActivityManagerService.java,14488,void com.android.server.am.ActivityManagerService.unbindFinished(android.os.IBinder, android.content.Intent, boolean),-,14463,boolean com.android.server.am.ActivityManagerService.unbindService(android.app.IServiceConnection),1]
10-08 20:41:08.720 I/dvm_lock_sample( 1594): [system_server,0,android.bg,10,ActivityManagerService.java,1964,void com.android.server.am.ActivityManagerService$5.handleMessage(android.os.Message),-,14450,int com.android.server.am.ActivityManagerService.bindIsolatedService(android.app.IApplicationThread, android.os.IBinder, android.content.Intent, java.lang.String, android.app.IServiceConnection, int, java.lang.String, java.lang.String, int),2]
10-08 20:51:24.615 I/dvm_lock_sample( 1594): [system_server,1,Binder:1594_4,6,ActivityManagerService.java,5955,boolean com.android.server.am.ActivityManagerService.isAppBad(android.content.pm.ApplicationInfo),-,14285,android.content.ComponentName com.android.server.am.ActivityManagerService.startService(android.app.IApplicationThread, android.content.Intent, java.lang.String, boolean, java.lang.String, int),1]
10-08 20:58:24.629 I/dvm_lock_sample( 1594): [system_server,0,miui.fg,17,ActivityManagerService.java,5955,boolean com.android.server.am.ActivityManagerService.isAppBad(android.content.pm.ApplicationInfo),-,18684,android.content.ComponentName com.android.server.am.ActivityManagerService$LocalService.startServiceInPackage(int, android.content.Intent, java.lang.String, boolean, java.lang.String, int, boolean),3]
10-08 21:13:02.522 I/dvm_lock_sample( 1594): [system_server,1,Binder:1594_A,18,ActivityManagerService.java,5955,boolean com.android.server.am.ActivityManagerService.isAppBad(android.content.pm.ApplicationInfo),-,14450,int com.android.server.am.ActivityManagerService.bindIsolatedService(android.app.IApplicationThread, android.os.IBinder, android.content.Intent, java.lang.String, android.app.IServiceConnection, int, java.lang.String, java.lang.String, int),3]
