10-18 14:37:10.198 I/dvm_lock_sample( 1594): [system_server,1,Binder:1594_4,14,ActivityManagerService.java,14450,int com.android.server.am.ActivityManagerService.bindIsolatedService(android.app.IApplicationThread, android.os.IBinder, android.content.Intent, java.lang.String, android.app.IServiceConnection, int, java.lang.String, java.lang.String, int),-,5395,void com.android.server.am.ActivityManagerService.attachApplication(android.app.IApplicationThread, long),2]
10-18 14:37:11.617 I/am_pss  ( 1594): [9587,11389,com.vitrinedecraques.app,265548800,257155072,186368,350035968,1,2,20]
10-18 14:37:30.094 I/am_on_top_resumed_lost_called( 9587): [0,com.vitrinedecraques.app.MainActivity,topStateChangedWhenResumed]
10-18 14:37:30.098 I/am_pause_activity( 1594): [9587,237376417,com.vitrinedecraques.app/.MainActivity,userLeaving=true]
10-18 14:37:30.100 I/am_add_to_stopping( 1594): [0,237376417,com.vitrinedecraques.app/.MainActivity,makeInvisible]
10-18 14:37:30.113 I/am_on_paused_called( 9587): [0,com.vitrinedecraques.app.MainActivity,performPause,0]
10-18 14:37:30.545 I/am_stop_activity( 1594): [0,237376417,com.vitrinedecraques.app/.MainActivity]
10-18 14:37:30.588 I/am_on_stop_called( 9587): [0,com.vitrinedecraques.app.MainActivity,STOP_ACTIVITY_ITEM,0]
10-18 14:37:31.044 I/sysui_multi_action( 2131): [757,289,758,4,806,ComponentInfo{com.vitrinedecraques.app/com.vitrinedecraques.app.MainActivity}]
10-18 14:37:31.046 I/am_finish_activity( 1594): [9587,237376417,1604,com.vitrinedecraques.app/.MainActivity,remove-task]
10-18 14:37:31.046 I/am_destroy_activity( 1594): [9587,237376417,1604,com.vitrinedecraques.app/.MainActivity,finish-imm:finishActivityLocked]
10-18 14:37:31.059 I/am_kill ( 1594): [0,9587,com.vitrinedecraques.app,700,SwipeUpClean]
10-18 14:37:31.246 I/am_proc_died( 1594): [0,9587,com.vitrinedecraques.app,700,16]
10-18 14:37:31.294 I/dvm_lock_sample( 1594): [system_server,1,android.ui,26,ActivityManagerService.java,3378,void com.android.server.am.ActivityManagerService.dispatchUidsChanged(),-,1537,void com.android.server.am.ActivityManagerService$AppDeathRecipient.binderDied(),5]
10-18 14:55:07.213 I/dvm_lock_sample( 1594): [system_server,1,android.ui,8,ActivityManagerService.java,3378,void com.android.server.am.ActivityManagerService.dispatchUidsChanged(),-,14450,int com.android.server.am.ActivityManagerService.bindIsolatedService(android.app.IApplicationThread, android.os.IBinder, android.content.Intent, java.lang.String, android.app.IServiceConnection, int, java.lang.String, java.lang.String, int),1]
10-18 15:01:59.386 I/dvm_lock_sample( 1594): [system_server,1,android.ui,21,ActivityManagerService.java,3378,void com.android.server.am.ActivityManagerService.dispatchUidsChanged(),-,14450,int com.android.server.am.ActivityManagerService.bindIsolatedService(android.app.IApplicationThread, android.os.IBinder, android.content.Intent, java.lang.String, android.app.IServiceConnection, int, java.lang.String, java.lang.String, int),4]
10-18 15:05:30.128 I/dvm_lock_sample( 1594): [system_server,1,Binder:1594_12,10,ActivityManagerService.java,14450,int com.android.server.am.ActivityManagerService.bindIsolatedService(android.app.IApplicationThread, android.os.IBinder, android.content.Intent, java.lang.String, android.app.IServiceConnection, int, java.lang.String, java.lang.String, int),-,5395,void com.android.server.am.ActivityManagerService.attachApplication(android.app.IApplicationThread, long),2]
10-18 15:05:56.695 I/dvm_lock_sample( 1594): [system_server,1,Binder:1594_14,10,ActivityManagerService.java,5827,java.lang.String com.android.server.am.ActivityManagerService.getTagForIntentSender(android.content.IIntentSender, java.lang.String),-,14450,int com.android.server.am.ActivityManagerService.bindIsolatedService(android.app.IApplicationThread, android.os.IBinder, android.content.Intent, java.lang.String, android.app.IServiceConnection, int, java.lang.String, java.lang.String, int),2]
10-18 15:10:45.304 I/dvm_lock_sample( 1594): [system_server,1,main,6,BroadcastDispatcher.java,186,void com.android.server.am.BroadcastDispatcher$1.broadcastAlarmComplete(int),ActivityManagerService.java,16095,void com.android.server.am.ActivityManagerService.finishReceiver(android.os.IBinder, int, java.lang.String, android.os.Bundle, boolean, int),1]
10-18 15:10:46.792 I/dvm_lock_sample( 1594): [system_server,1,Binder:1594_8,27,ActivityManagerService.java,10031,java.util.List com.android.server.am.ActivityManagerService.getRunningAppProcesses(),-,1537,void com.android.server.am.ActivityManagerService$AppDeathRecipient.binderDied(),5]
10-18 15:10:46.794 I/dvm_lock_sample( 1594): [system_server,1,Binder:1594_1D,21,ActivityManagerService.java,14450,int com.android.server.am.ActivityManagerService.bindIsolatedService(android.app.IApplicationThread, android.os.IBinder, android.content.Intent, java.lang.String, android.app.IServiceConnection, int, java.lang.String, java.lang.String, int),-,1537,void com.android.server.am.ActivityManagerService$AppDeathRecipient.binderDied(),4]
10-18 15:32:57.341 I/dvm_lock_sample( 1594): [system_server,1,Binder:1594_3,7,ActivityManagerService.java,6181,boolean com.android.server.am.ActivityManagerService.isAppStartModeDisabled(int, java.lang.String),-,14463,boolean com.android.server.am.ActivityManagerService.unbindService(android.app.IServiceConnection),1]
10-18 15:37:42.620 I/dvm_lock_sample( 1594): [system_server,1,android.anim,18,InputMonitor.java,120,void com.android.server.wm.InputMonitor$1.run(),ActivityTaskManagerService.java,7052,boolean com.android.server.wm.ActivityTaskManagerService$LocalService.attachApplication(com.android.server.wm.WindowProcessController),3]
10-18 15:37:44.669 I/dvm_lock_sample( 1594): [system_server,0,PackageManager,77,ActivityManagerService.java,15989,int com.android.server.am.ActivityManagerService.broadcastIntent(android.app.IApplicationThread, android.content.Intent, java.lang.String, android.content.IIntentReceiver, int, java.lang.String, android.os.Bundle, java.lang.String[], int, android.os.Bundle, boolean, boolean, int),BroadcastQueue.java,984,void com.android.server.am.BroadcastQueue.processNextBroadcast(boolean, boolean),15]
10-18 15:37:44.738 I/sysui_multi_action( 1594): [757,147,758,4,759,1,806,com.vitrinedecraques.app]
10-18 15:37:44.838 I/dvm_lock_sample( 1594): [system_server,0,PackageManager,39,ActivityManagerService.java,15989,int com.android.server.am.ActivityManagerService.broadcastIntent(android.app.IApplicationThread, android.content.Intent, java.lang.String, android.content.IIntentReceiver, int, java.lang.String, android.os.Bundle, java.lang.String[], int, android.os.Bundle, boolean, boolean, int),-,5395,void com.android.server.am.ActivityManagerService.attachApplication(android.app.IApplicationThread, long),7]
10-18 15:37:45.544 I/am_create_activity( 1594): [0,71933923,1606,com.vitrinedecraques.app/.MainActivity,NULL,NULL,NULL,268435456]
10-18 15:37:45.757 I/dvm_lock_sample( 1594): [system_server,1,Binder:1594_3,255,WindowProcessUtils.java,405,java.lang.String com.android.server.wm.WindowProcessUtils.getCallerPackageName(com.android.server.wm.ActivityTaskManagerService, android.app.IApplicationThread),ActivityStarter.java,1313,int com.android.server.wm.ActivityStarter.startActivityMayWait(android.app.IApplicationThread, int, java.lang.String, int, int, android.content.Intent, java.lang.String, android.service.voice.IVoiceInteractionSession, com.android.internal.app.IVoiceInteractor, android.os.IBinder, java.lang.String, int, int, android.app.ProfilerInfo, android.app.WaitResult, android.content.res.Configuration, com.android.server.wm.SafeActivityOptions, boolean, int, com.android.server.wm.TaskRecord, java.lang.String, boolean, com.android.server.am.PendingIntentRecord, boolean),51]
10-18 15:37:45.758 I/dvm_lock_sample( 1594): [system_server,1,Binder:1594_15,251,WindowProcessUtils.java,405,java.lang.String com.android.server.wm.WindowProcessUtils.getCallerPackageName(com.android.server.wm.ActivityTaskManagerService, android.app.IApplicationThread),ActivityStarter.java,1313,int com.android.server.wm.ActivityStarter.startActivityMayWait(android.app.IApplicationThread, int, java.lang.String, int, int, android.content.Intent, java.lang.String, android.service.voice.IVoiceInteractionSession, com.android.internal.app.IVoiceInteractor, android.os.IBinder, java.lang.String, int, int, android.app.ProfilerInfo, android.app.WaitResult, android.content.res.Configuration, com.android.server.wm.SafeActivityOptions, boolean, int, com.android.server.wm.TaskRecord, java.lang.String, boolean, com.android.server.am.PendingIntentRecord, boolean),50]
10-18 15:37:45.774 I/dvm_lock_sample( 1594): [system_server,1,Binder:1594_1F,42,ActivityManagerService.java,6752,java.lang.String com.android.server.am.ActivityManagerService.checkContentProviderAccess(java.lang.String, int),-,7639,void com.android.server.am.ActivityManagerService.publishContentProviders(android.app.IApplicationThread, java.util.List),8]
10-18 15:37:45.777 I/binder_sample( 9255): [android.app.IActivityManager,24,320,com.google.android.gms,64]
10-18 15:37:45.804 I/dvm_lock_sample( 1594): [system_server,1,Binder:1594_E,36,ActivityManagerService.java,14285,android.content.ComponentName com.android.server.am.ActivityManagerService.startService(android.app.IApplicationThread, android.content.Intent, java.lang.String, boolean, java.lang.String, int),-,7639,void com.android.server.am.ActivityManagerService.publishContentProviders(android.app.IApplicationThread, java.util.List),7]
10-18 15:37:45.820 I/dvm_lock_sample( 1594): [system_server,1,Binder:1594_6,26,ActivityManagerService.java,7717,boolean com.android.server.am.ActivityManagerService.refContentProvider(android.os.IBinder, int, int),-,14450,int com.android.server.am.ActivityManagerService.bindIsolatedService(android.app.IApplicationThread, android.os.IBinder, android.content.Intent, java.lang.String, android.app.IServiceConnection, int, java.lang.String, java.lang.String, int),5]
10-18 15:37:45.848 I/dvm_lock_sample( 1594): [system_server,0,Binder:1594_19,10,ActivityManagerService.java,14494,void com.android.server.am.ActivityManagerService.serviceDoneExecuting(android.os.IBinder, int, int, int),-,14450,int com.android.server.am.ActivityManagerService.bindIsolatedService(android.app.IApplicationThread, android.os.IBinder, android.content.Intent, java.lang.String, android.app.IServiceConnection, int, java.lang.String, java.lang.String, int),2]
10-18 15:37:45.908 I/am_proc_start( 1594): [0,16951,11389,com.vitrinedecraques.app,activity,{com.vitrinedecraques.app/com.vitrinedecraques.app.MainActivity}]
10-18 15:37:45.928 I/dvm_lock_sample( 1594): [system_server,1,Binder:1594_6,17,ActivityManagerService.java,8605,boolean com.android.server.am.ActivityManagerService.isUidActive(int, java.lang.String),-,14450,int com.android.server.am.ActivityManagerService.bindIsolatedService(android.app.IApplicationThread, android.os.IBinder, android.content.Intent, java.lang.String, android.app.IServiceConnection, int, java.lang.String, java.lang.String, int),3]
10-18 15:37:46.055 I/am_proc_bound( 1594): [0,16951,com.vitrinedecraques.app]
10-18 15:37:46.066 I/am_restart_activity( 1594): [0,71933923,1606,com.vitrinedecraques.app/.MainActivity,16951]
10-18 15:37:46.068 I/am_set_resumed_activity( 1594): [0,com.vitrinedecraques.app/.MainActivity,minimalResumeActivityLocked]
10-18 15:37:47.512 I/notification_cancel_all( 1594): [1000,1594,com.vitrinedecraques.app,0,0,0,5,NULL]
10-18 15:37:47.537 I/notification_cancel_all( 1594): [1000,1594,com.vitrinedecraques.app,0,0,0,5,NULL]
10-18 15:37:51.320 I/am_lifecycle_sample(16951): [0,com.vitrinedecraques.app,110,5170]
10-18 15:37:51.558 I/am_on_create_called(16951): [0,com.vitrinedecraques.app.MainActivity,performCreate,155]
10-18 15:37:51.613 I/am_on_start_called(16951): [0,com.vitrinedecraques.app.MainActivity,handleStartActivity,0]
10-18 15:37:51.616 I/am_on_resume_called(16951): [0,com.vitrinedecraques.app.MainActivity,RESUME_ACTIVITY,2]
10-18 15:37:51.659 I/am_on_top_resumed_gained_called(16951): [0,com.vitrinedecraques.app.MainActivity,topStateChangedWhenResumed]
10-18 15:37:53.073 I/sysui_multi_action( 1594): [319,680,321,618,322,7633,325,1167049,757,761,758,7,759,1,806,com.vitrinedecraques.app,871,com.vitrinedecraques.app.MainActivity,904,com.android.shell,905,0,945,620,1320,12,1321,1]
10-18 15:37:53.077 I/am_activity_launch_time( 1594): [0,71933923,com.vitrinedecraques.app/.MainActivity,7633]
10-18 15:37:56.171 I/am_pss  ( 1594): [16951,11389,com.vitrinedecraques.app,148480000,140431360,195584,235921408,0,2,15]
10-18 15:37:59.964 I/am_on_top_resumed_lost_called(16951): [0,com.vitrinedecraques.app.MainActivity,topStateChangedWhenResumed]
10-18 15:37:59.969 I/am_pause_activity( 1594): [16951,71933923,com.vitrinedecraques.app/.MainActivity,userLeaving=true]
10-18 15:37:59.973 I/am_add_to_stopping( 1594): [0,71933923,com.vitrinedecraques.app/.MainActivity,makeInvisible]
10-18 15:37:59.996 I/am_on_paused_called(16951): [0,com.vitrinedecraques.app.MainActivity,performPause,0]
10-18 15:38:00.430 I/am_stop_activity( 1594): [0,71933923,com.vitrinedecraques.app/.MainActivity]
10-18 15:38:01.126 I/sysui_multi_action( 2131): [757,289,758,4,806,ComponentInfo{com.vitrinedecraques.app/com.vitrinedecraques.app.MainActivity}]
10-18 15:38:01.131 I/am_finish_activity( 1594): [16951,71933923,1606,com.vitrinedecraques.app/.MainActivity,remove-task]
10-18 15:38:01.131 I/am_destroy_activity( 1594): [16951,71933923,1606,com.vitrinedecraques.app/.MainActivity,finish-imm:finishActivityLocked]
10-18 15:38:01.147 I/dvm_lock_sample( 1594): [system_server,1,android.anim,13,InputMonitor.java,120,void com.android.server.wm.InputMonitor$1.run(),WindowProcessUtils.java,293,void com.android.server.wm.WindowProcessUtils.removeTask(int, com.android.server.wm.ActivityTaskManagerService),2]
10-18 15:38:01.252 I/am_kill ( 1594): [0,16951,com.vitrinedecraques.app,905,SwipeUpClean]
10-18 15:38:01.286 I/dvm_lock_sample( 1594): [system_server,1,android.display,66,ProcessRecord.java,1358,void com.android.server.am.ProcessRecord.updateProcessInfo(boolean, boolean, boolean),ActivityManagerService.java,14463,boolean com.android.server.am.ActivityManagerService.unbindService(android.app.IServiceConnection),13]
10-18 15:38:01.427 I/am_proc_died( 1594): [0,16951,com.vitrinedecraques.app,905,20]
10-18 15:38:11.005 I/dvm_lock_sample( 1594): [system_server,0,ActivityManager:kill,99,AutoStartManagerService.java,140,void com.android.server.am.AutoStartManagerService$1.run(),BroadcastQueue.java,984,void com.android.server.am.BroadcastQueue.processNextBroadcast(boolean, boolean),19]
10-18 15:38:13.523 I/notification_cancel_all( 1594): [1000,1594,com.vitrinedecraques.app,0,0,0,5,NULL]
10-18 15:38:13.676 I/am_wtf  ( 1594): [0,1594,system_server,-1,PasspointManager,No app ops listener found for com.vitrinedecraques.app]
10-18 15:38:15.556 I/dvm_lock_sample( 1594): [system_server,1,Binder:1594_9,21,ActivityManagerService.java,1537,void com.android.server.am.ActivityManagerService$AppDeathRecipient.binderDied(),-,14335,boolean com.android.server.am.ActivityManagerService.stopServiceToken(android.content.ComponentName, android.os.IBinder, int),4]
10-18 15:39:31.194 I/dvm_lock_sample( 1594): [system_server,1,Binder:1594_3,10,ActivityTaskManagerService.java,1746,void com.android.server.wm.ActivityTaskManagerService.activityTopResumedStateLost(),ActivityStarter.java,1313,int com.android.server.wm.ActivityStarter.startActivityMayWait(android.app.IApplicationThread, int, java.lang.String, int, int, android.content.Intent, java.lang.String, android.service.voice.IVoiceInteractionSession, com.android.internal.app.IVoiceInteractor, android.os.IBinder, java.lang.String, int, int, android.app.ProfilerInfo, android.app.WaitResult, android.content.res.Configuration, com.android.server.wm.SafeActivityOptions, boolean, int, com.android.server.wm.TaskRecord, java.lang.String, boolean, com.android.server.am.PendingIntentRecord, boolean),2]
10-18 15:39:36.667 I/sysui_multi_action( 1594): [757,147,758,4,759,1,806,com.vitrinedecraques.app]
10-18 15:39:36.851 I/dvm_lock_sample( 1594): [system_server,1,Binder:1594_20,7,ActivityManagerService.java,14335,boolean com.android.server.am.ActivityManagerService.stopServiceToken(android.content.ComponentName, android.os.IBinder, int),-,14494,void com.android.server.am.ActivityManagerService.serviceDoneExecuting(android.os.IBinder, int, int, int),1]
10-18 15:39:36.997 I/notification_cancel_all( 1594): [1000,1594,com.vitrinedecraques.app,0,0,0,5,NULL]
10-18 15:39:37.351 I/am_create_activity( 1594): [0,265268215,1608,com.vitrinedecraques.app/.MainActivity,NULL,NULL,NULL,268435456]
10-18 15:39:37.505 I/am_proc_start( 1594): [0,18789,11390,com.vitrinedecraques.app,activity,{com.vitrinedecraques.app/com.vitrinedecraques.app.MainActivity}]
10-18 15:39:37.605 I/am_proc_bound( 1594): [0,18789,com.vitrinedecraques.app]
10-18 15:39:37.624 I/am_restart_activity( 1594): [0,265268215,1608,com.vitrinedecraques.app/.MainActivity,18789]
10-18 15:39:37.626 I/am_set_resumed_activity( 1594): [0,com.vitrinedecraques.app/.MainActivity,minimalResumeActivityLocked]
10-18 15:39:37.697 I/dvm_lock_sample( 1594): [system_server,1,android.ui,28,ActivityManagerService.java,3272,void com.android.server.am.ActivityManagerService.dispatchProcessesChanged(),-,14463,boolean com.android.server.am.ActivityManagerService.unbindService(android.app.IServiceConnection),5]
10-18 15:39:37.698 I/dvm_lock_sample( 1594): [system_server,1,Binder:1594_17,21,ActivityManagerService.java,14450,int com.android.server.am.ActivityManagerService.bindIsolatedService(android.app.IApplicationThread, android.os.IBinder, android.content.Intent, java.lang.String, android.app.IServiceConnection, int, java.lang.String, java.lang.String, int),-,5395,void com.android.server.am.ActivityManagerService.attachApplication(android.app.IApplicationThread, long),4]
10-18 15:39:38.322 I/dvm_lock_sample( 1594): [system_server,1,Binder:1594_3,14,ActivityManagerService.java,14343,void com.android.server.am.ActivityManagerService.setServiceForeground(android.content.ComponentName, android.os.IBinder, int, android.app.Notification, int, int),-,14450,int com.android.server.am.ActivityManagerService.bindIsolatedService(android.app.IApplicationThread, android.os.IBinder, android.content.Intent, java.lang.String, android.app.IServiceConnection, int, java.lang.String, java.lang.String, int),2]
10-18 15:39:39.539 I/sysui_multi_action( 1594): [757,147,758,4,759,1,806,com.vitrinedecraques.app]
10-18 15:39:43.187 I/am_lifecycle_sample(18789): [0,com.vitrinedecraques.app,110,5535]
10-18 15:39:43.449 I/am_on_create_called(18789): [0,com.vitrinedecraques.app.MainActivity,performCreate,181]
10-18 15:39:43.504 I/am_on_start_called(18789): [0,com.vitrinedecraques.app.MainActivity,handleStartActivity,0]
10-18 15:39:43.508 I/am_on_resume_called(18789): [0,com.vitrinedecraques.app.MainActivity,RESUME_ACTIVITY,1]
10-18 15:39:43.566 I/am_on_top_resumed_gained_called(18789): [0,com.vitrinedecraques.app.MainActivity,topStateChangedWhenResumed]
10-18 15:39:44.970 I/sysui_multi_action( 1594): [319,326,321,96,322,7643,325,1167161,757,761,758,7,759,1,806,com.vitrinedecraques.app,871,com.vitrinedecraques.app.MainActivity,904,com.android.shell,905,0,945,280,1320,12,1321,1]
10-18 15:39:44.974 I/am_activity_launch_time( 1594): [0,265268215,com.vitrinedecraques.app/.MainActivity,7643]
10-18 15:39:46.395 I/am_on_top_resumed_lost_called(18789): [0,com.vitrinedecraques.app.MainActivity,topStateChangedWhenResumed]
10-18 15:39:46.398 I/am_pause_activity( 1594): [18789,265268215,com.vitrinedecraques.app/.MainActivity,userLeaving=true]
10-18 15:39:46.401 I/am_add_to_stopping( 1594): [0,265268215,com.vitrinedecraques.app/.MainActivity,makeInvisible]
10-18 15:39:46.411 I/am_on_paused_called(18789): [0,com.vitrinedecraques.app.MainActivity,performPause,1]
10-18 15:39:46.828 I/am_stop_activity( 1594): [0,265268215,com.vitrinedecraques.app/.MainActivity]
10-18 15:39:46.867 I/am_on_stop_called(18789): [0,com.vitrinedecraques.app.MainActivity,STOP_ACTIVITY_ITEM,0]
10-18 15:39:47.323 I/sysui_multi_action( 2131): [757,289,758,4,806,ComponentInfo{com.vitrinedecraques.app/com.vitrinedecraques.app.MainActivity}]
10-18 15:39:47.326 I/am_finish_activity( 1594): [18789,265268215,1608,com.vitrinedecraques.app/.MainActivity,remove-task]
10-18 15:39:47.326 I/am_destroy_activity( 1594): [18789,265268215,1608,com.vitrinedecraques.app/.MainActivity,finish-imm:finishActivityLocked]
10-18 15:39:47.385 I/am_kill ( 1594): [0,18789,com.vitrinedecraques.app,905,SwipeUpClean]
10-18 15:39:47.527 I/am_proc_died( 1594): [0,18789,com.vitrinedecraques.app,905,20]
10-18 15:40:09.719 I/dvm_lock_sample( 1594): [system_server,1,Binder:1594_8,13,ActivityManagerService.java,15989,int com.android.server.am.ActivityManagerService.broadcastIntent(android.app.IApplicationThread, android.content.Intent, java.lang.String, android.content.IIntentReceiver, int, java.lang.String, android.os.Bundle, java.lang.String[], int, android.os.Bundle, boolean, boolean, int),-,14450,int com.android.server.am.ActivityManagerService.bindIsolatedService(android.app.IApplicationThread, android.os.IBinder, android.content.Intent, java.lang.String, android.app.IServiceConnection, int, java.lang.String, java.lang.String, int),2]
10-18 15:40:29.147 I/dvm_lock_sample( 1594): [system_server,1,Binder:1594_11,60,ActivityManagerService.java,14791,android.content.Intent com.android.server.am.ActivityManagerService.registerReceiver(android.app.IApplicationThread, java.lang.String, android.content.IIntentReceiver, android.content.IntentFilter, java.lang.String, int, int),-,16095,void com.android.server.am.ActivityManagerService.finishReceiver(android.os.IBinder, int, java.lang.String, android.os.Bundle, boolean, int),12]
10-18 15:41:33.292 I/dvm_lock_sample( 1594): [system_server,1,Binder:1594_A,7,ActivityManagerService.java,6752,java.lang.String com.android.server.am.ActivityManagerService.checkContentProviderAccess(java.lang.String, int),-,14450,int com.android.server.am.ActivityManagerService.bindIsolatedService(android.app.IApplicationThread, android.os.IBinder, android.content.Intent, java.lang.String, android.app.IServiceConnection, int, java.lang.String, java.lang.String, int),1]
10-18 16:03:25.691 I/dvm_lock_sample( 1594): [system_server,0,pool-1-thread-1,5,WindowManagerService.java,8527,void com.android.server.wm.WindowManagerService.overrideMiuiAnimationInfo(android.graphics.GraphicBuffer, android.graphics.Rect, int),ActivityTaskManagerService.java,1601,boolean com.android.server.wm.ActivityTaskManagerService.finishActivity(android.os.IBinder, int, android.content.Intent, int),1]
10-18 16:03:27.915 I/dvm_lock_sample( 1594): [system_server,1,ActivityManager,1288,PackageManagerService.java,7389,java.lang.String com.android.server.pm.PackageManagerService.getInstantAppPackageName(int),-,17551,void com.android.server.pm.PackageManagerService.installPackagesLI(java.util.List),100]
10-18 16:03:27.919 I/dvm_lock_sample( 1594): [system_server,0,Binder:1594_1B,1235,ActivityManagerService.java,7564,void com.android.server.am.ActivityManagerService.removeContentProvider(android.os.IBinder, boolean),ActiveServices.java,2189,void com.android.server.am.ActiveServices$ServiceRestarter.run(),100]
10-18 16:03:28.151 I/notification_cancel_all( 1594): [1000,1594,com.vitrinedecraques.app,0,0,0,5,NULL]
10-18 16:03:28.267 I/dvm_lock_sample( 1594): [system_server,0,miui.fg,74,ActivityManagerService.java,10090,int com.android.server.am.ActivityManagerService.getMemoryTrimLevel(),BroadcastQueue.java,984,void com.android.server.am.BroadcastQueue.processNextBroadcast(boolean, boolean),14]
10-18 16:03:28.387 I/dvm_lock_sample( 1594): [system_server,1,Binder:1594_9,50,ActivityManagerService.java,5963,int com.android.server.am.ActivityManagerService.getUidState(int),ProcessList.java,1687,void com.android.server.am.ProcessList.lambda$startProcessLocked$0$ProcessList(com.android.server.am.ProcessRecord, java.lang.String, int[], int, int, java.lang.String, java.lang.String, java.lang.String, long),10]
10-18 16:03:28.439 I/sysui_multi_action( 1594): [757,147,758,4,759,1,806,com.vitrinedecraques.app]
10-18 16:03:29.274 I/am_create_activity( 1594): [0,234608429,1611,com.vitrinedecraques.app/.MainActivity,NULL,NULL,NULL,268435456]
10-18 16:03:29.305 I/dvm_lock_sample( 1594): [system_server,1,Binder:1594_1A,116,WindowProcessUtils.java,405,java.lang.String com.android.server.wm.WindowProcessUtils.getCallerPackageName(com.android.server.wm.ActivityTaskManagerService, android.app.IApplicationThread),ActivityStarter.java,1313,int com.android.server.wm.ActivityStarter.startActivityMayWait(android.app.IApplicationThread, int, java.lang.String, int, int, android.content.Intent, java.lang.String, android.service.voice.IVoiceInteractionSession, com.android.internal.app.IVoiceInteractor, android.os.IBinder, java.lang.String, int, int, android.app.ProfilerInfo, android.app.WaitResult, android.content.res.Configuration, com.android.server.wm.SafeActivityOptions, boolean, int, com.android.server.wm.TaskRecord, java.lang.String, boolean, com.android.server.am.PendingIntentRecord, boolean),23]
10-18 16:03:29.306 I/dvm_lock_sample( 1594): [system_server,1,Binder:1594_7,99,ActivityTaskManagerService.java,7377,com.android.server.wm.WindowProcessController com.android.server.wm.ActivityTaskManagerService$LocalService.getTopApp(),ActivityStarter.java,1313,int com.android.server.wm.ActivityStarter.startActivityMayWait(android.app.IApplicationThread, int, java.lang.String, int, int, android.content.Intent, java.lang.String, android.service.voice.IVoiceInteractionSession, com.android.internal.app.IVoiceInteractor, android.os.IBinder, java.lang.String, int, int, android.app.ProfilerInfo, android.app.WaitResult, android.content.res.Configuration, com.android.server.wm.SafeActivityOptions, boolean, int, com.android.server.wm.TaskRecord, java.lang.String, boolean, com.android.server.am.PendingIntentRecord, boolean),19]
10-18 16:03:29.455 I/am_proc_start( 1594): [0,21765,11390,com.vitrinedecraques.app,activity,{com.vitrinedecraques.app/com.vitrinedecraques.app.MainActivity}]
10-18 16:03:29.713 I/am_proc_bound( 1594): [0,21765,com.vitrinedecraques.app]
10-18 16:03:29.726 I/am_restart_activity( 1594): [0,234608429,1611,com.vitrinedecraques.app/.MainActivity,21765]
10-18 16:03:29.728 I/am_set_resumed_activity( 1594): [0,com.vitrinedecraques.app/.MainActivity,minimalResumeActivityLocked]
10-18 16:03:30.054 I/notification_cancel_all( 1594): [1000,1594,com.vitrinedecraques.app,0,0,0,5,NULL]
10-18 16:03:30.141 I/dvm_lock_sample( 1594): [system_server,1,android.ui,102,ActivityManagerService.java,3378,void com.android.server.am.ActivityManagerService.dispatchUidsChanged(),-,1537,void com.android.server.am.ActivityManagerService$AppDeathRecipient.binderDied(),20]
10-18 16:03:35.341 I/am_lifecycle_sample(21765): [0,com.vitrinedecraques.app,110,5265]
10-18 16:03:35.530 I/am_on_create_called(21765): [0,com.vitrinedecraques.app.MainActivity,performCreate,123]
10-18 16:03:35.585 I/am_on_start_called(21765): [0,com.vitrinedecraques.app.MainActivity,handleStartActivity,0]
10-18 16:03:35.589 I/am_on_resume_called(21765): [0,com.vitrinedecraques.app.MainActivity,RESUME_ACTIVITY,1]
10-18 16:03:35.617 I/am_on_top_resumed_gained_called(21765): [0,com.vitrinedecraques.app.MainActivity,topStateChangedWhenResumed]
10-18 16:03:36.489 I/am_crash( 1594): [21765,0,com.vitrinedecraques.app,550026822,java.lang.NoSuchMethodException,com.vitrinedecraques.app.ui.auth.AuthViewModel.<init> [class android.app.Application],Class.java,2332]
10-18 16:03:36.491 I/am_finish_activity( 1594): [21765,234608429,1611,com.vitrinedecraques.app/.MainActivity,force-crash]
10-18 16:03:36.493 I/am_pause_activity( 1594): [21765,234608429,com.vitrinedecraques.app/.MainActivity,userLeaving=false]
10-18 16:03:36.497 I/sysui_multi_action( 1594): [757,1144,758,7,806,com.vitrinedecraques.app,871,com.vitrinedecraques.app.MainActivity]
10-18 16:03:36.664 I/am_proc_died( 1594): [0,21765,com.vitrinedecraques.app,199,2]
10-18 16:03:36.709 I/dvm_lock_sample( 1594): [system_server,0,Binder:1594_6,56,ActivityManagerService.java,14494,void com.android.server.am.ActivityManagerService.serviceDoneExecuting(android.os.IBinder, int, int, int),-,14450,int com.android.server.am.ActivityManagerService.bindIsolatedService(android.app.IApplicationThread, android.os.IBinder, android.content.Intent, java.lang.String, android.app.IServiceConnection, int, java.lang.String, java.lang.String, int),11]
10-18 16:03:36.710 I/dvm_lock_sample( 1594): [system_server,1,Binder:1594_16,43,ActivityManagerService.java,14450,int com.android.server.am.ActivityManagerService.bindIsolatedService(android.app.IApplicationThread, android.os.IBinder, android.content.Intent, java.lang.String, android.app.IServiceConnection, int, java.lang.String, java.lang.String, int),-,1537,void com.android.server.am.ActivityManagerService$AppDeathRecipient.binderDied(),8]
10-18 16:06:51.643 I/am_create_activity( 1594): [0,125381225,1612,com.vitrinedecraques.app/.MainActivity,android.intent.action.MAIN,NULL,NULL,270532608]
10-18 16:06:51.698 I/am_proc_start( 1594): [0,22666,11390,com.vitrinedecraques.app,activity,{com.vitrinedecraques.app/com.vitrinedecraques.app.MainActivity}]
10-18 16:06:51.763 I/am_proc_bound( 1594): [0,22666,com.vitrinedecraques.app]
10-18 16:06:51.768 I/am_restart_activity( 1594): [0,125381225,1612,com.vitrinedecraques.app/.MainActivity,22666]
10-18 16:06:51.771 I/am_set_resumed_activity( 1594): [0,com.vitrinedecraques.app/.MainActivity,minimalResumeActivityLocked]
10-18 16:06:56.333 I/am_lifecycle_sample(22666): [0,com.vitrinedecraques.app,110,4543]
10-18 16:06:56.519 I/am_on_create_called(22666): [0,com.vitrinedecraques.app.MainActivity,performCreate,124]
10-18 16:06:56.572 I/am_on_start_called(22666): [0,com.vitrinedecraques.app.MainActivity,handleStartActivity,0]
10-18 16:06:56.575 I/am_on_resume_called(22666): [0,com.vitrinedecraques.app.MainActivity,RESUME_ACTIVITY,1]
10-18 16:06:56.601 I/am_on_top_resumed_gained_called(22666): [0,com.vitrinedecraques.app.MainActivity,topStateChangedWhenResumed]
10-18 16:06:57.535 I/am_crash( 1594): [22666,0,com.vitrinedecraques.app,550026822,java.lang.NoSuchMethodException,com.vitrinedecraques.app.ui.auth.AuthViewModel.<init> [class android.app.Application],Class.java,2332]
10-18 16:06:57.548 I/am_finish_activity( 1594): [22666,125381225,1612,com.vitrinedecraques.app/.MainActivity,force-crash]
10-18 16:06:57.551 I/am_pause_activity( 1594): [22666,125381225,com.vitrinedecraques.app/.MainActivity,userLeaving=false]
10-18 16:06:57.557 I/sysui_multi_action( 1594): [757,1144,758,7,806,com.vitrinedecraques.app,871,com.vitrinedecraques.app.MainActivity]
10-18 16:06:57.705 I/am_proc_died( 1594): [0,22666,com.vitrinedecraques.app,199,2]
10-18 16:06:59.230 I/am_create_activity( 1594): [0,202902799,1613,com.vitrinedecraques.app/.MainActivity,android.intent.action.MAIN,NULL,NULL,270532608]
10-18 16:06:59.282 I/am_proc_start( 1594): [0,22700,11390,com.vitrinedecraques.app,activity,{com.vitrinedecraques.app/com.vitrinedecraques.app.MainActivity}]
10-18 16:06:59.350 I/am_proc_bound( 1594): [0,22700,com.vitrinedecraques.app]
10-18 16:06:59.358 I/am_restart_activity( 1594): [0,202902799,1613,com.vitrinedecraques.app/.MainActivity,22700]
10-18 16:06:59.363 I/am_set_resumed_activity( 1594): [0,com.vitrinedecraques.app/.MainActivity,minimalResumeActivityLocked]
10-18 16:07:03.935 I/am_lifecycle_sample(22700): [0,com.vitrinedecraques.app,110,4564]
10-18 16:07:04.121 I/am_on_create_called(22700): [0,com.vitrinedecraques.app.MainActivity,performCreate,124]
10-18 16:07:04.173 I/am_on_start_called(22700): [0,com.vitrinedecraques.app.MainActivity,handleStartActivity,0]
10-18 16:07:04.177 I/am_on_resume_called(22700): [0,com.vitrinedecraques.app.MainActivity,RESUME_ACTIVITY,1]
10-18 16:07:04.205 I/am_on_top_resumed_gained_called(22700): [0,com.vitrinedecraques.app.MainActivity,topStateChangedWhenResumed]
10-18 16:07:05.039 I/am_crash( 1594): [22700,0,com.vitrinedecraques.app,550026822,java.lang.NoSuchMethodException,com.vitrinedecraques.app.ui.auth.AuthViewModel.<init> [class android.app.Application],Class.java,2332]
10-18 16:07:05.041 I/am_finish_activity( 1594): [22700,202902799,1613,com.vitrinedecraques.app/.MainActivity,force-crash]
10-18 16:07:05.044 I/am_pause_activity( 1594): [22700,202902799,com.vitrinedecraques.app/.MainActivity,userLeaving=false]
10-18 16:07:05.048 I/sysui_multi_action( 1594): [757,1144,758,7,806,com.vitrinedecraques.app,871,com.vitrinedecraques.app.MainActivity]
10-18 16:07:05.230 I/am_proc_died( 1594): [0,22700,com.vitrinedecraques.app,199,2]
10-18 16:09:56.527 I/dvm_lock_sample( 1594): [system_server,1,Binder:1594_B,6,ActivityManagerService.java,14791,android.content.Intent com.android.server.am.ActivityManagerService.registerReceiver(android.app.IApplicationThread, java.lang.String, android.content.IIntentReceiver, android.content.IntentFilter, java.lang.String, int, int),-,14494,void com.android.server.am.ActivityManagerService.serviceDoneExecuting(android.os.IBinder, int, int, int),1]
10-18 16:09:56.531 I/dvm_lock_sample( 1594): [system_server,1,Binder:1594_16,6,ActivityManagerService.java,14450,int com.android.server.am.ActivityManagerService.bindIsolatedService(android.app.IApplicationThread, android.os.IBinder, android.content.Intent, java.lang.String, android.app.IServiceConnection, int, java.lang.String, java.lang.String, int),-,14494,void com.android.server.am.ActivityManagerService.serviceDoneExecuting(android.os.IBinder, int, int, int),1]
10-18 16:21:58.430 I/dvm_lock_sample( 1594): [system_server,1,main,9,BroadcastDispatcher.java,186,void com.android.server.am.BroadcastDispatcher$1.broadcastAlarmComplete(int),ActivityManagerService.java,16095,void com.android.server.am.ActivityManagerService.finishReceiver(android.os.IBinder, int, java.lang.String, android.os.Bundle, boolean, int),1]
10-18 16:21:58.431 I/dvm_lock_sample( 1594): [system_server,0,android.bg,66,ActivityManagerService.java,1964,void com.android.server.am.ActivityManagerService$5.handleMessage(android.os.Message),-,16095,void com.android.server.am.ActivityManagerService.finishReceiver(android.os.IBinder, int, java.lang.String, android.os.Bundle, boolean, int),13]
10-18 16:40:55.282 I/dvm_lock_sample( 1594): [system_server,0,android.bg,16,ActivityManagerService.java,1964,void com.android.server.am.ActivityManagerService$5.handleMessage(android.os.Message),-,5395,void com.android.server.am.ActivityManagerService.attachApplication(android.app.IApplicationThread, long),3]
10-18 16:40:56.740 I/dvm_lock_sample( 1594): [system_server,1,android.ui,10,ActivityManagerService.java,3378,void com.android.server.am.ActivityManagerService.dispatchUidsChanged(),-,5395,void com.android.server.am.ActivityManagerService.attachApplication(android.app.IApplicationThread, long),2]
10-18 16:46:17.356 I/dvm_lock_sample( 1594): [system_server,1,Binder:1594_9,10,ActivityManagerService.java,6181,boolean com.android.server.am.ActivityManagerService.isAppStartModeDisabled(int, java.lang.String),-,14494,void com.android.server.am.ActivityManagerService.serviceDoneExecuting(android.os.IBinder, int, int, int),2]
10-18 16:48:56.420 I/dvm_lock_sample( 1594): [system_server,1,android.ui,5,ActivityManagerService.java,3378,void com.android.server.am.ActivityManagerService.dispatchUidsChanged(),-,5395,void com.android.server.am.ActivityManagerService.attachApplication(android.app.IApplicationThread, long),1]
10-18 16:51:39.540 I/dvm_lock_sample( 1594): [system_server,1,android.ui,9,ActivityManagerService.java,3378,void com.android.server.am.ActivityManagerService.dispatchUidsChanged(),-,5395,void com.android.server.am.ActivityManagerService.attachApplication(android.app.IApplicationThread, long),1]
10-18 16:53:30.149 I/dvm_lock_sample( 1594): [system_server,1,Binder:1594_1B,22,ActivityManagerService.java,14450,int com.android.server.am.ActivityManagerService.bindIsolatedService(android.app.IApplicationThread, android.os.IBinder, android.content.Intent, java.lang.String, android.app.IServiceConnection, int, java.lang.String, java.lang.String, int),-,14450,int com.android.server.am.ActivityManagerService.bindIsolatedService(android.app.IApplicationThread, android.os.IBinder, android.content.Intent, java.lang.String, android.app.IServiceConnection, int, java.lang.String, java.lang.String, int),4]
10-18 16:54:27.401 I/dvm_lock_sample( 1594): [system_server,1,android.ui,7,ActivityManagerService.java,3378,void com.android.server.am.ActivityManagerService.dispatchUidsChanged(),-,1537,void com.android.server.am.ActivityManagerService$AppDeathRecipient.binderDied(),1]
10-18 17:03:46.899 I/dvm_lock_sample( 1594): [system_server,1,android.ui,5,ActivityManagerService.java,3272,void com.android.server.am.ActivityManagerService.dispatchProcessesChanged(),-,14343,void com.android.server.am.ActivityManagerService.setServiceForeground(android.content.ComponentName, android.os.IBinder, int, android.app.Notification, int, int),1]
10-18 17:18:45.825 I/dvm_lock_sample( 1594): [system_server,1,Binder:1594_1F,25,ProcessManagerService.java,1704,java.util.List com.android.server.am.ProcessManagerService.getRunningProcessInfo(int, int, java.lang.String, java.lang.String, int),ActivityManagerService.java,1537,void com.android.server.am.ActivityManagerService$AppDeathRecipient.binderDied(),5]
10-18 17:19:12.661 I/dvm_lock_sample( 1594): [system_server,1,Binder:1594_9,9,ActivityManagerService.java,14791,android.content.Intent com.android.server.am.ActivityManagerService.registerReceiver(android.app.IApplicationThread, java.lang.String, android.content.IIntentReceiver, android.content.IntentFilter, java.lang.String, int, int),-,14450,int com.android.server.am.ActivityManagerService.bindIsolatedService(android.app.IApplicationThread, android.os.IBinder, android.content.Intent, java.lang.String, android.app.IServiceConnection, int, java.lang.String, java.lang.String, int),1]
10-18 17:21:06.620 I/dvm_lock_sample( 1594): [system_server,0,android.bg,8,ActivityManagerService.java,1964,void com.android.server.am.ActivityManagerService$5.handleMessage(android.os.Message),-,14450,int com.android.server.am.ActivityManagerService.bindIsolatedService(android.app.IApplicationThread, android.os.IBinder, android.content.Intent, java.lang.String, android.app.IServiceConnection, int, java.lang.String, java.lang.String, int),1]
10-18 17:23:16.016 I/dvm_lock_sample( 1594): [system_server,0,Binder:1594_9,5,ActivityManagerService.java,14494,void com.android.server.am.ActivityManagerService.serviceDoneExecuting(android.os.IBinder, int, int, int),-,14463,boolean com.android.server.am.ActivityManagerService.unbindService(android.app.IServiceConnection),1]
10-18 17:39:57.450 I/dvm_lock_sample( 1594): [system_server,1,Binder:1594_A,13,ActivityManagerService.java,8605,boolean com.android.server.am.ActivityManagerService.isUidActive(int, java.lang.String),-,14494,void com.android.server.am.ActivityManagerService.serviceDoneExecuting(android.os.IBinder, int, int, int),2]
10-18 17:40:33.634 I/dvm_lock_sample( 1594): [system_server,1,Binder:1594_A,18,ActivityManagerService.java,5955,boolean com.android.server.am.ActivityManagerService.isAppBad(android.content.pm.ApplicationInfo),-,1537,void com.android.server.am.ActivityManagerService$AppDeathRecipient.binderDied(),3]
10-18 17:48:12.649 I/dvm_lock_sample( 1594): [system_server,0,Binder:1594_10,9,ActivityManagerService.java,14494,void com.android.server.am.ActivityManagerService.serviceDoneExecuting(android.os.IBinder, int, int, int),-,14450,int com.android.server.am.ActivityManagerService.bindIsolatedService(android.app.IApplicationThread, android.os.IBinder, android.content.Intent, java.lang.String, android.app.IServiceConnection, int, java.lang.String, java.lang.String, int),1]
10-18 18:01:13.672 I/dvm_lock_sample( 1594): [system_server,1,android.ui,5,ActivityManagerService.java,3378,void com.android.server.am.ActivityManagerService.dispatchUidsChanged(),-,5395,void com.android.server.am.ActivityManagerService.attachApplication(android.app.IApplicationThread, long),1]
10-18 18:03:20.333 I/dvm_lock_sample( 1594): [system_server,1,Binder:1594_D,16,ActivityManagerService.java,5955,boolean com.android.server.am.ActivityManagerService.isAppBad(android.content.pm.ApplicationInfo),-,14450,int com.android.server.am.ActivityManagerService.bindIsolatedService(android.app.IApplicationThread, android.os.IBinder, android.content.Intent, java.lang.String, android.app.IServiceConnection, int, java.lang.String, java.lang.String, int),3]
10-18 18:03:23.900 I/dvm_lock_sample( 1594): [system_server,1,Binder:1594_7,9,ActivityManagerService.java,6752,java.lang.String com.android.server.am.ActivityManagerService.checkContentProviderAccess(java.lang.String, int),-,14463,boolean com.android.server.am.ActivityManagerService.unbindService(android.app.IServiceConnection),1]
10-18 18:19:12.859 I/dvm_lock_sample( 1594): [system_server,0,miui.fg,5,ActivityManagerService.java,5955,boolean com.android.server.am.ActivityManagerService.isAppBad(android.content.pm.ApplicationInfo),-,18666,int com.android.server.am.ActivityManagerService$LocalService.broadcastIntentInPackage(java.lang.String, int, int, int, android.content.Intent, java.lang.String, android.content.IIntentReceiver, int, java.lang.String, android.os.Bundle, java.lang.String, android.os.Bundle, boolean, boolean, int, boolean),1]
10-18 18:19:22.998 I/dvm_lock_sample( 1594): [system_server,0,Binder:1594_14,13,ActivityManagerService.java,14494,void com.android.server.am.ActivityManagerService.serviceDoneExecuting(android.os.IBinder, int, int, int),-,14285,android.content.ComponentName com.android.server.am.ActivityManagerService.startService(android.app.IApplicationThread, android.content.Intent, java.lang.String, boolean, java.lang.String, int),2]
10-18 18:27:14.516 I/dvm_lock_sample( 1594): [system_server,0,Binder:1594_8,6,ActivityManagerService.java,14494,void com.android.server.am.ActivityManagerService.serviceDoneExecuting(android.os.IBinder, int, int, int),-,14450,int com.android.server.am.ActivityManagerService.bindIsolatedService(android.app.IApplicationThread, android.os.IBinder, android.content.Intent, java.lang.String, android.app.IServiceConnection, int, java.lang.String, java.lang.String, int),1]
10-18 18:37:52.810 I/dvm_lock_sample( 1594): [system_server,1,Binder:1594_F,14,ActivityManagerService.java,14450,int com.android.server.am.ActivityManagerService.bindIsolatedService(android.app.IApplicationThread, android.os.IBinder, android.content.Intent, java.lang.String, android.app.IServiceConnection, int, java.lang.String, java.lang.String, int),-,14450,int com.android.server.am.ActivityManagerService.bindIsolatedService(android.app.IApplicationThread, android.os.IBinder, android.content.Intent, java.lang.String, android.app.IServiceConnection, int, java.lang.String, java.lang.String, int),2]
10-18 18:37:53.750 I/dvm_lock_sample( 1594): [system_server,1,android.ui,12,ActivityManagerService.java,3378,void com.android.server.am.ActivityManagerService.dispatchUidsChanged(),-,14474,void com.android.server.am.ActivityManagerService.publishService(android.os.IBinder, android.content.Intent, android.os.IBinder),2]
10-18 18:37:53.976 I/dvm_lock_sample( 1594): [system_server,1,Binder:1594_D,8,ActivityManagerService.java,14791,android.content.Intent com.android.server.am.ActivityManagerService.registerReceiver(android.app.IApplicationThread, java.lang.String, android.content.IIntentReceiver, android.content.IntentFilter, java.lang.String, int, int),-,14450,int com.android.server.am.ActivityManagerService.bindIsolatedService(android.app.IApplicationThread, android.os.IBinder, android.content.Intent, java.lang.String, android.app.IServiceConnection, int, java.lang.String, java.lang.String, int),1]
10-18 18:37:54.582 I/dvm_lock_sample( 1594): [system_server,1,android.ui,5,ActivityManagerService.java,3378,void com.android.server.am.ActivityManagerService.dispatchUidsChanged(),-,5395,void com.android.server.am.ActivityManagerService.attachApplication(android.app.IApplicationThread, long),1]
10-18 18:38:13.250 I/dvm_lock_sample( 1594): [system_server,1,Binder:1594_10,29,ProcessManagerService.java,1704,java.util.List com.android.server.am.ProcessManagerService.getRunningProcessInfo(int, int, java.lang.String, java.lang.String, int),ActivityManagerService.java,1537,void com.android.server.am.ActivityManagerService$AppDeathRecipient.binderDied(),5]
10-18 18:38:18.476 I/auditd  ( 1594): type=1400 audit(0.0:182173): avc: denied { getpgid } for comm="ActivityManager" scontext=u:r:system_server:s0 tcontext=u:r:app_zygote:s0:c512,c768 tclass=process permissive=0
10-18 18:38:18.486 I/auditd  ( 1594): type=1400 audit(0.0:182177): avc: denied { getpgid } for comm="ActivityManager" scontext=u:r:system_server:s0 tcontext=u:r:app_zygote:s0:c512,c768 tclass=process permissive=0
10-18 18:42:33.812 I/dvm_lock_sample( 1594): [system_server,1,ActivityManager:procStart,12,ProcessList.java,1687,void com.android.server.am.ProcessList.lambda$startProcessLocked$0$ProcessList(com.android.server.am.ProcessRecord, java.lang.String, int[], int, int, java.lang.String, java.lang.String, java.lang.String, long),ActivityManagerService.java,14463,boolean com.android.server.am.ActivityManagerService.unbindService(android.app.IServiceConnection),2]
10-18 18:42:35.422 I/dvm_lock_sample( 1594): [system_server,1,Binder:1594_11,7,ActivityManagerService.java,14343,void com.android.server.am.ActivityManagerService.setServiceForeground(android.content.ComponentName, android.os.IBinder, int, android.app.Notification, int, int),-,14450,int com.android.server.am.ActivityManagerService.bindIsolatedService(android.app.IApplicationThread, android.os.IBinder, android.content.Intent, java.lang.String, android.app.IServiceConnection, int, java.lang.String, java.lang.String, int),1]
10-18 18:42:36.027 I/dvm_lock_sample( 1594): [system_server,1,Binder:1594_12,38,ActivityManagerService.java,7717,boolean com.android.server.am.ActivityManagerService.refContentProvider(android.os.IBinder, int, int),-,14450,int com.android.server.am.ActivityManagerService.bindIsolatedService(android.app.IApplicationThread, android.os.IBinder, android.content.Intent, java.lang.String, android.app.IServiceConnection, int, java.lang.String, java.lang.String, int),7]
10-18 18:42:52.729 I/dvm_lock_sample( 1594): [system_server,1,Binder:1594_2,10,ActivityManagerService.java,14488,void com.android.server.am.ActivityManagerService.unbindFinished(android.os.IBinder, android.content.Intent, boolean),-,14463,boolean com.android.server.am.ActivityManagerService.unbindService(android.app.IServiceConnection),2]
10-18 18:43:05.631 I/dvm_lock_sample( 1594): [system_server,0,Binder:1594_2,13,ActivityManagerService.java,14494,void com.android.server.am.ActivityManagerService.serviceDoneExecuting(android.os.IBinder, int, int, int),-,1537,void com.android.server.am.ActivityManagerService$AppDeathRecipient.binderDied(),2]
10-18 19:12:59.262 I/dvm_lock_sample( 1594): [system_server,1,Binder:1594_12,31,ActivityManagerService.java,14474,void com.android.server.am.ActivityManagerService.publishService(android.os.IBinder, android.content.Intent, android.os.IBinder),-,14450,int com.android.server.am.ActivityManagerService.bindIsolatedService(android.app.IApplicationThread, android.os.IBinder, android.content.Intent, java.lang.String, android.app.IServiceConnection, int, java.lang.String, java.lang.String, int),6]
10-18 19:17:31.293 I/dvm_lock_sample( 1594): [system_server,1,Binder:1594_1D,5,ActivityManagerService.java,8605,boolean com.android.server.am.ActivityManagerService.isUidActive(int, java.lang.String),-,14450,int com.android.server.am.ActivityManagerService.bindIsolatedService(android.app.IApplicationThread, android.os.IBinder, android.content.Intent, java.lang.String, android.app.IServiceConnection, int, java.lang.String, java.lang.String, int),1]
10-18 19:17:31.558 I/dvm_lock_sample( 1594): [system_server,1,android.ui,8,ActivityManagerService.java,3378,void com.android.server.am.ActivityManagerService.dispatchUidsChanged(),-,14474,void com.android.server.am.ActivityManagerService.publishService(android.os.IBinder, android.content.Intent, android.os.IBinder),1]
10-18 19:18:14.560 I/dvm_lock_sample( 1594): [system_server,1,Binder:1594_C,9,ActivityManagerService.java,6978,android.app.ContentProviderHolder com.android.server.am.ActivityManagerService.getContentProviderImpl(android.app.IApplicationThread, java.lang.String, android.os.IBinder, int, java.lang.String, java.lang.String, boolean, int),-,14474,void com.android.server.am.ActivityManagerService.publishService(android.os.IBinder, android.content.Intent, android.os.IBinder),1]
10-18 20:14:11.706 I/dvm_lock_sample( 1594): [system_server,0,android.bg,9,ActivityManagerService.java,1964,void com.android.server.am.ActivityManagerService$5.handleMessage(android.os.Message),BroadcastQueue.java,984,void com.android.server.am.BroadcastQueue.processNextBroadcast(boolean, boolean),1]
10-18 20:14:58.903 I/dvm_lock_sample( 1594): [system_server,1,Binder:1594_3,11,ProcessManagerService.java,1704,java.util.List com.android.server.am.ProcessManagerService.getRunningProcessInfo(int, int, java.lang.String, java.lang.String, int),ActivityManagerService.java,1537,void com.android.server.am.ActivityManagerService$AppDeathRecipient.binderDied(),2]
