10-18 10:56:07.733 I/binder_sample(15641): [android.app.IActivityManager,15,438,<pre-initialized>,87]
10-18 10:56:08.015 I/sysui_multi_action( 1594): [757,147,758,4,759,1,806,com.vitrinedecraques.app]
10-18 10:56:08.189 I/dvm_lock_sample( 1594): [system_server,0,Binder:1594_6,19,ActivityManagerService.java,14494,void com.android.server.am.ActivityManagerService.serviceDoneExecuting(android.os.IBinder, int, int, int),-,14450,int com.android.server.am.ActivityManagerService.bindIsolatedService(android.app.IApplicationThread, android.os.IBinder, android.content.Intent, java.lang.String, android.app.IServiceConnection, int, java.lang.String, java.lang.String, int),3]
10-18 10:56:09.212 I/dvm_lock_sample( 1594): [system_server,1,android.ui,25,ActivityManagerService.java,3378,void com.android.server.am.ActivityManagerService.dispatchUidsChanged(),-,1537,void com.android.server.am.ActivityManagerService$AppDeathRecipient.binderDied(),5]
10-18 10:56:09.753 I/am_create_activity( 1594): [0,34619296,1596,com.vitrinedecraques.app/.MainActivity,NULL,NULL,NULL,268435456]
10-18 10:56:09.962 I/dvm_lock_sample( 1594): [system_server,1,Binder:1594_14,403,ActivityTaskManagerService.java,6513,boolean com.android.server.wm.ActivityTaskManagerService$LocalService.isGetTasksAllowed(java.lang.String, int, int),ActivityStarter.java,1313,int com.android.server.wm.ActivityStarter.startActivityMayWait(android.app.IApplicationThread, int, java.lang.String, int, int, android.content.Intent, java.lang.String, android.service.voice.IVoiceInteractionSession, com.android.internal.app.IVoiceInteractor, android.os.IBinder, java.lang.String, int, int, android.app.ProfilerInfo, android.app.WaitResult, android.content.res.Configuration, com.android.server.wm.SafeActivityOptions, boolean, int, com.android.server.wm.TaskRecord, java.lang.String, boolean, com.android.server.am.PendingIntentRecord, boolean),80]
10-18 10:56:09.963 I/dvm_lock_sample( 1594): [system_server,1,Binder:1594_5,295,WindowProcessUtils.java,405,java.lang.String com.android.server.wm.WindowProcessUtils.getCallerPackageName(com.android.server.wm.ActivityTaskManagerService, android.app.IApplicationThread),ActivityStarter.java,1313,int com.android.server.wm.ActivityStarter.startActivityMayWait(android.app.IApplicationThread, int, java.lang.String, int, int, android.content.Intent, java.lang.String, android.service.voice.IVoiceInteractionSession, com.android.internal.app.IVoiceInteractor, android.os.IBinder, java.lang.String, int, int, android.app.ProfilerInfo, android.app.WaitResult, android.content.res.Configuration, com.android.server.wm.SafeActivityOptions, boolean, int, com.android.server.wm.TaskRecord, java.lang.String, boolean, com.android.server.am.PendingIntentRecord, boolean),59]
10-18 10:56:09.963 I/dvm_lock_sample( 1594): [system_server,1,Binder:1594_12,416,ActivityManagerService.java,14791,android.content.Intent com.android.server.am.ActivityManagerService.registerReceiver(android.app.IApplicationThread, java.lang.String, android.content.IIntentReceiver, android.content.IntentFilter, java.lang.String, int, int),-,14494,void com.android.server.am.ActivityManagerService.serviceDoneExecuting(android.os.IBinder, int, int, int),83]
10-18 10:56:09.964 I/dvm_lock_sample( 1594): [system_server,1,Binder:1594_1A,370,ActivityManagerService.java,1537,void com.android.server.am.ActivityManagerService$AppDeathRecipient.binderDied(),-,14494,void com.android.server.am.ActivityManagerService.serviceDoneExecuting(android.os.IBinder, int, int, int),74]
10-18 10:56:09.988 I/dvm_lock_sample( 1594): [system_server,1,Binder:1594_1B,344,ActivityManagerService.java,14463,boolean com.android.server.am.ActivityManagerService.unbindService(android.app.IServiceConnection),-,14494,void com.android.server.am.ActivityManagerService.serviceDoneExecuting(android.os.IBinder, int, int, int),68]
10-18 10:56:09.994 I/dvm_lock_sample( 1594): [system_server,1,Binder:1594_20,308,ActivityManagerService.java,14791,android.content.Intent com.android.server.am.ActivityManagerService.registerReceiver(android.app.IApplicationThread, java.lang.String, android.content.IIntentReceiver, android.content.IntentFilter, java.lang.String, int, int),-,14494,void com.android.server.am.ActivityManagerService.serviceDoneExecuting(android.os.IBinder, int, int, int),61]
10-18 10:56:09.995 I/dvm_lock_sample( 1594): [system_server,1,Binder:1594_1E,349,ActivityManagerService.java,14791,android.content.Intent com.android.server.am.ActivityManagerService.registerReceiver(android.app.IApplicationThread, java.lang.String, android.content.IIntentReceiver, android.content.IntentFilter, java.lang.String, int, int),-,14494,void com.android.server.am.ActivityManagerService.serviceDoneExecuting(android.os.IBinder, int, int, int),69]
10-18 10:56:10.004 I/dvm_lock_sample( 1594): [system_server,0,NetworkStats,210,ActivityManagerService.java,15989,int com.android.server.am.ActivityManagerService.broadcastIntent(android.app.IApplicationThread, android.content.Intent, java.lang.String, android.content.IIntentReceiver, int, java.lang.String, android.os.Bundle, java.lang.String[], int, android.os.Bundle, boolean, boolean, int),-,14494,void com.android.server.am.ActivityManagerService.serviceDoneExecuting(android.os.IBinder, int, int, int),42]
10-18 10:56:10.066 I/binder_sample( 7233): [android.app.IActivityManager,29,428,com.miui.securitycenter.remote,85]
10-18 10:56:10.094 I/dvm_lock_sample( 1594): [system_server,1,ActivityManager,87,BroadcastQueue.java,984,void com.android.server.am.BroadcastQueue.processNextBroadcast(boolean, boolean),ActivityManagerService.java,1537,void com.android.server.am.ActivityManagerService$AppDeathRecipient.binderDied(),17]
10-18 10:56:10.133 I/dvm_lock_sample( 1594): [system_server,1,NetworkPolicy.uid,35,ActivityManagerService.java,18347,void com.android.server.am.ActivityManagerService$LocalService.notifyNetworkPolicyRulesUpdated(int, long),-,18863,void com.android.server.am.ActivityManagerService$LocalService.startProcess(java.lang.String, android.content.pm.ApplicationInfo, boolean, java.lang.String, android.content.ComponentName, java.lang.String),7]
10-18 10:56:10.147 I/dvm_lock_sample( 1594): [system_server,1,Binder:1594_1A,37,ActivityManagerService.java,7717,boolean com.android.server.am.ActivityManagerService.refContentProvider(android.os.IBinder, int, int),-,14285,android.content.ComponentName com.android.server.am.ActivityManagerService.startService(android.app.IApplicationThread, android.content.Intent, java.lang.String, boolean, java.lang.String, int),7]
10-18 10:56:10.239 I/am_proc_start( 1594): [0,16092,11389,com.vitrinedecraques.app,activity,{com.vitrinedecraques.app/com.vitrinedecraques.app.MainActivity}]
10-18 10:56:10.489 I/am_proc_bound( 1594): [0,16092,com.vitrinedecraques.app]
10-18 10:56:10.506 I/am_restart_activity( 1594): [0,34619296,1596,com.vitrinedecraques.app/.MainActivity,16092]
10-18 10:56:10.509 I/am_set_resumed_activity( 1594): [0,com.vitrinedecraques.app/.MainActivity,minimalResumeActivityLocked]
10-18 10:56:10.576 I/dvm_lock_sample( 1594): [system_server,1,Binder:1594_B,5,ActivityManagerService.java,7717,boolean com.android.server.am.ActivityManagerService.refContentProvider(android.os.IBinder, int, int),-,14494,void com.android.server.am.ActivityManagerService.serviceDoneExecuting(android.os.IBinder, int, int, int),1]
10-18 10:56:10.704 I/notification_cancel_all( 1594): [1000,1594,com.vitrinedecraques.app,0,0,0,5,NULL]
10-18 10:56:11.320 I/sysui_multi_action( 1594): [757,147,758,4,759,1,806,com.vitrinedecraques.app]
10-18 10:56:11.527 I/dvm_lock_sample( 1594): [system_server,1,Binder:1594_A,5,ActivityManagerService.java,10076,void com.android.server.am.ActivityManagerService.getMyMemoryState(android.app.ActivityManager$RunningAppProcessInfo),-,5395,void com.android.server.am.ActivityManagerService.attachApplication(android.app.IApplicationThread, long),1]
10-18 10:56:11.879 I/dvm_lock_sample( 1594): [system_server,1,android.ui,8,ActivityManagerService.java,3378,void com.android.server.am.ActivityManagerService.dispatchUidsChanged(),-,14474,void com.android.server.am.ActivityManagerService.publishService(android.os.IBinder, android.content.Intent, android.os.IBinder),1]
10-18 10:56:15.847 I/am_lifecycle_sample(16092): [0,com.vitrinedecraques.app,110,5306]
10-18 10:56:16.044 I/am_on_create_called(16092): [0,com.vitrinedecraques.app.MainActivity,performCreate,133]
10-18 10:56:16.097 I/am_on_start_called(16092): [0,com.vitrinedecraques.app.MainActivity,handleStartActivity,0]
10-18 10:56:16.100 I/am_on_resume_called(16092): [0,com.vitrinedecraques.app.MainActivity,RESUME_ACTIVITY,1]
10-18 10:56:16.123 I/am_on_top_resumed_gained_called(16092): [0,com.vitrinedecraques.app.MainActivity,topStateChangedWhenResumed]
10-18 10:56:17.453 I/sysui_multi_action( 1594): [319,1031,321,641,322,7953,325,1150153,757,761,758,7,759,1,806,com.vitrinedecraques.app,871,com.vitrinedecraques.app.MainActivity,904,com.android.shell,905,0,945,994,1320,12,1321,1]
10-18 10:56:17.456 I/am_activity_launch_time( 1594): [0,34619296,com.vitrinedecraques.app/.MainActivity,7953]
10-18 10:56:21.367 I/am_pss  ( 1594): [16092,11389,com.vitrinedecraques.app,162485248,153583616,222208,250941440,0,2,22]
10-18 10:56:32.882 I/am_pss  ( 1594): [16092,11389,com.vitrinedecraques.app,199607296,188198912,223232,291487744,0,2,18]
10-18 10:56:34.312 I/am_on_top_resumed_lost_called(16092): [0,com.vitrinedecraques.app.MainActivity,topStateChangedWhenResumed]
10-18 10:56:34.314 I/am_pause_activity( 1594): [16092,34619296,com.vitrinedecraques.app/.MainActivity,userLeaving=true]
10-18 10:56:34.316 I/am_add_to_stopping( 1594): [0,34619296,com.vitrinedecraques.app/.MainActivity,makeInvisible]
10-18 10:56:34.327 I/am_on_paused_called(16092): [0,com.vitrinedecraques.app.MainActivity,performPause,0]
10-18 10:56:34.851 I/am_stop_activity( 1594): [0,34619296,com.vitrinedecraques.app/.MainActivity]
10-18 10:56:34.992 I/am_on_stop_called(16092): [0,com.vitrinedecraques.app.MainActivity,STOP_ACTIVITY_ITEM,0]
10-18 10:56:35.591 I/sysui_multi_action( 2131): [757,289,758,4,806,ComponentInfo{com.vitrinedecraques.app/com.vitrinedecraques.app.MainActivity}]
10-18 10:56:35.594 I/am_finish_activity( 1594): [16092,34619296,1596,com.vitrinedecraques.app/.MainActivity,remove-task]
10-18 10:56:35.594 I/am_destroy_activity( 1594): [16092,34619296,1596,com.vitrinedecraques.app/.MainActivity,finish-imm:finishActivityLocked]
10-18 10:56:35.612 I/am_kill ( 1594): [0,16092,com.vitrinedecraques.app,915,SwipeUpClean]
10-18 10:56:35.728 I/am_proc_died( 1594): [0,16092,com.vitrinedecraques.app,915,20]
10-18 10:56:48.286 I/dvm_lock_sample( 1594): [system_server,1,Binder:1594_5,10,ActivityManagerService.java,14450,int com.android.server.am.ActivityManagerService.bindIsolatedService(android.app.IApplicationThread, android.os.IBinder, android.content.Intent, java.lang.String, android.app.IServiceConnection, int, java.lang.String, java.lang.String, int),-,14450,int com.android.server.am.ActivityManagerService.bindIsolatedService(android.app.IApplicationThread, android.os.IBinder, android.content.Intent, java.lang.String, android.app.IServiceConnection, int, java.lang.String, java.lang.String, int),2]
10-18 11:03:21.372 I/dvm_lock_sample( 1594): [system_server,0,Binder:1594_A,11,ActivityManagerService.java,14494,void com.android.server.am.ActivityManagerService.serviceDoneExecuting(android.os.IBinder, int, int, int),-,6978,android.app.ContentProviderHolder com.android.server.am.ActivityManagerService.getContentProviderImpl(android.app.IApplicationThread, java.lang.String, android.os.IBinder, int, java.lang.String, java.lang.String, boolean, int),2]
10-18 11:09:20.156 I/dvm_lock_sample( 1594): [system_server,1,Binder:1594_5,7,ActivityManagerService.java,14474,void com.android.server.am.ActivityManagerService.publishService(android.os.IBinder, android.content.Intent, android.os.IBinder),-,14450,int com.android.server.am.ActivityManagerService.bindIsolatedService(android.app.IApplicationThread, android.os.IBinder, android.content.Intent, java.lang.String, android.app.IServiceConnection, int, java.lang.String, java.lang.String, int),1]
10-18 11:09:22.913 I/dvm_lock_sample( 1594): [system_server,0,Binder:1594_A,52,ActivityManagerService.java,14494,void com.android.server.am.ActivityManagerService.serviceDoneExecuting(android.os.IBinder, int, int, int),-,14450,int com.android.server.am.ActivityManagerService.bindIsolatedService(android.app.IApplicationThread, android.os.IBinder, android.content.Intent, java.lang.String, android.app.IServiceConnection, int, java.lang.String, java.lang.String, int),10]
10-18 11:09:38.004 I/dvm_lock_sample( 1594): [system_server,0,Binder:1594_E,6,ActivityManagerService.java,14494,void com.android.server.am.ActivityManagerService.serviceDoneExecuting(android.os.IBinder, int, int, int),-,14463,boolean com.android.server.am.ActivityManagerService.unbindService(android.app.IServiceConnection),1]
10-18 11:12:00.122 I/dvm_lock_sample( 1594): [system_server,1,main,6,BroadcastDispatcher.java,186,void com.android.server.am.BroadcastDispatcher$1.broadcastAlarmComplete(int),ActivityManagerService.java,16095,void com.android.server.am.ActivityManagerService.finishReceiver(android.os.IBinder, int, java.lang.String, android.os.Bundle, boolean, int),1]
10-18 11:34:48.070 I/dvm_lock_sample( 1594): [system_server,1,Binder:1594_6,16,ActivityManagerService.java,14450,int com.android.server.am.ActivityManagerService.bindIsolatedService(android.app.IApplicationThread, android.os.IBinder, android.content.Intent, java.lang.String, android.app.IServiceConnection, int, java.lang.String, java.lang.String, int),-,14450,int com.android.server.am.ActivityManagerService.bindIsolatedService(android.app.IApplicationThread, android.os.IBinder, android.content.Intent, java.lang.String, android.app.IServiceConnection, int, java.lang.String, java.lang.String, int),3]
10-18 11:35:39.775 I/dvm_lock_sample( 1594): [system_server,1,android.ui,9,ActivityManagerService.java,3378,void com.android.server.am.ActivityManagerService.dispatchUidsChanged(),-,14450,int com.android.server.am.ActivityManagerService.bindIsolatedService(android.app.IApplicationThread, android.os.IBinder, android.content.Intent, java.lang.String, android.app.IServiceConnection, int, java.lang.String, java.lang.String, int),1]
10-18 11:36:52.570 I/dvm_lock_sample( 1594): [system_server,1,Binder:1594_5,6,ActivityManagerService.java,8605,boolean com.android.server.am.ActivityManagerService.isUidActive(int, java.lang.String),-,14494,void com.android.server.am.ActivityManagerService.serviceDoneExecuting(android.os.IBinder, int, int, int),1]
10-18 11:38:01.447 I/dvm_lock_sample( 1594): [system_server,0,android.bg,25,ActivityManagerService.java,1964,void com.android.server.am.ActivityManagerService$5.handleMessage(android.os.Message),-,17200,void com.android.server.am.ActivityManagerService$ProcStatsRunnable.run(),5]
10-18 11:51:53.515 I/dvm_lock_sample( 1594): [system_server,1,Binder:1594_20,12,ActivityManagerService.java,7717,boolean com.android.server.am.ActivityManagerService.refContentProvider(android.os.IBinder, int, int),-,14450,int com.android.server.am.ActivityManagerService.bindIsolatedService(android.app.IApplicationThread, android.os.IBinder, android.content.Intent, java.lang.String, android.app.IServiceConnection, int, java.lang.String, java.lang.String, int),2]
10-18 12:03:29.969 I/dvm_lock_sample( 1594): [system_server,1,Binder:1594_18,5,ActivityManagerService.java,14488,void com.android.server.am.ActivityManagerService.unbindFinished(android.os.IBinder, android.content.Intent, boolean),-,14463,boolean com.android.server.am.ActivityManagerService.unbindService(android.app.IServiceConnection),1]
10-18 12:04:12.431 I/dvm_lock_sample( 1594): [system_server,1,Binder:1594_18,12,ActivityManagerService.java,6181,boolean com.android.server.am.ActivityManagerService.isAppStartModeDisabled(int, java.lang.String),-,14450,int com.android.server.am.ActivityManagerService.bindIsolatedService(android.app.IApplicationThread, android.os.IBinder, android.content.Intent, java.lang.String, android.app.IServiceConnection, int, java.lang.String, java.lang.String, int),2]
10-18 12:20:40.155 I/dvm_lock_sample( 1594): [system_server,0,Binder:1594_F,6,ActivityManagerService.java,14494,void com.android.server.am.ActivityManagerService.serviceDoneExecuting(android.os.IBinder, int, int, int),-,14463,boolean com.android.server.am.ActivityManagerService.unbindService(android.app.IServiceConnection),1]
10-18 12:29:18.336 I/auditd  ( 1594): type=1400 audit(0.0:179427): avc: denied { getpgid } for comm="ActivityManager" scontext=u:r:system_server:s0 tcontext=u:r:app_zygote:s0:c512,c768 tclass=process permissive=0
10-18 12:29:18.346 I/auditd  ( 1594): type=1400 audit(0.0:179431): avc: denied { getpgid } for comm="ActivityManager" scontext=u:r:system_server:s0 tcontext=u:r:app_zygote:s0:c512,c768 tclass=process permissive=0
10-18 12:39:04.441 I/dvm_lock_sample( 1594): [system_server,0,miui.fg,17,ActivityManagerService.java,5955,boolean com.android.server.am.ActivityManagerService.isAppBad(android.content.pm.ApplicationInfo),-,14450,int com.android.server.am.ActivityManagerService.bindIsolatedService(android.app.IApplicationThread, android.os.IBinder, android.content.Intent, java.lang.String, android.app.IServiceConnection, int, java.lang.String, java.lang.String, int),3]
10-18 12:54:07.177 I/dvm_lock_sample( 1594): [system_server,0,android.bg,8,ActivityManagerService.java,1964,void com.android.server.am.ActivityManagerService$5.handleMessage(android.os.Message),-,14450,int com.android.server.am.ActivityManagerService.bindIsolatedService(android.app.IApplicationThread, android.os.IBinder, android.content.Intent, java.lang.String, android.app.IServiceConnection, int, java.lang.String, java.lang.String, int),1]
10-18 12:54:10.169 I/dvm_lock_sample( 1594): [system_server,1,Binder:1594_6,8,ActivityManagerService.java,8605,boolean com.android.server.am.ActivityManagerService.isUidActive(int, java.lang.String),-,14450,int com.android.server.am.ActivityManagerService.bindIsolatedService(android.app.IApplicationThread, android.os.IBinder, android.content.Intent, java.lang.String, android.app.IServiceConnection, int, java.lang.String, java.lang.String, int),1]
10-18 12:54:10.170 I/dvm_lock_sample( 1594): [system_server,1,android.ui,8,ActivityManagerService.java,3432,void com.android.server.am.ActivityManagerService.dispatchUidsChanged(),-,14450,int com.android.server.am.ActivityManagerService.bindIsolatedService(android.app.IApplicationThread, android.os.IBinder, android.content.Intent, java.lang.String, android.app.IServiceConnection, int, java.lang.String, java.lang.String, int),1]
10-18 13:01:49.036 I/dvm_lock_sample( 1594): [system_server,0,miui.fg,7,ActivityManagerService.java,5955,boolean com.android.server.am.ActivityManagerService.isAppBad(android.content.pm.ApplicationInfo),-,1537,void com.android.server.am.ActivityManagerService$AppDeathRecipient.binderDied(),1]
10-18 13:22:03.565 I/dvm_lock_sample( 1594): [system_server,1,ActivityManager,366,PackageManagerService.java,7389,java.lang.String com.android.server.pm.PackageManagerService.getInstantAppPackageName(int),-,17551,void com.android.server.pm.PackageManagerService.installPackagesLI(java.util.List),73]
10-18 13:22:03.704 I/notification_cancel_all( 1594): [1000,1594,com.vitrinedecraques.app,0,0,0,5,NULL]
10-18 13:22:03.811 I/dvm_lock_sample( 1594): [system_server,1,ActivityManager:procStart,59,ProcessList.java,1687,void com.android.server.am.ProcessList.lambda$startProcessLocked$0$ProcessList(com.android.server.am.ProcessRecord, java.lang.String, int[], int, int, java.lang.String, java.lang.String, java.lang.String, long),BroadcastQueue.java,984,void com.android.server.am.BroadcastQueue.processNextBroadcast(boolean, boolean),11]
10-18 13:22:03.830 I/dvm_lock_sample( 1594): [system_server,1,ActivityManager,52,BroadcastQueue.java,984,void com.android.server.am.BroadcastQueue.processNextBroadcast(boolean, boolean),ActivityManagerService.java,15989,int com.android.server.am.ActivityManagerService.broadcastIntent(android.app.IApplicationThread, android.content.Intent, java.lang.String, android.content.IIntentReceiver, int, java.lang.String, android.os.Bundle, java.lang.String[], int, android.os.Bundle, boolean, boolean, int),10]
10-18 13:22:03.911 I/dvm_lock_sample( 1594): [system_server,1,Binder:1594_B,62,ActivityManagerService.java,14450,int com.android.server.am.ActivityManagerService.bindIsolatedService(android.app.IApplicationThread, android.os.IBinder, android.content.Intent, java.lang.String, android.app.IServiceConnection, int, java.lang.String, java.lang.String, int),-,15989,int com.android.server.am.ActivityManagerService.broadcastIntent(android.app.IApplicationThread, android.content.Intent, java.lang.String, android.content.IIntentReceiver, int, java.lang.String, android.os.Bundle, java.lang.String[], int, android.os.Bundle, boolean, boolean, int),12]
10-18 13:22:03.973 I/sysui_multi_action( 1594): [757,147,758,4,759,1,806,com.vitrinedecraques.app]
10-18 13:22:05.362 I/am_create_activity( 1594): [0,102923714,1599,com.vitrinedecraques.app/.MainActivity,NULL,NULL,NULL,268435456]
10-18 13:22:05.533 I/dvm_lock_sample( 1594): [system_server,1,Binder:1594_1D,282,ActivityManagerService.java,15989,int com.android.server.am.ActivityManagerService.broadcastIntent(android.app.IApplicationThread, android.content.Intent, java.lang.String, android.content.IIntentReceiver, int, java.lang.String, android.os.Bundle, java.lang.String[], int, android.os.Bundle, boolean, boolean, int),-,6978,android.app.ContentProviderHolder com.android.server.am.ActivityManagerService.getContentProviderImpl(android.app.IApplicationThread, java.lang.String, android.os.IBinder, int, java.lang.String, java.lang.String, boolean, int),56]
10-18 13:22:05.533 I/dvm_lock_sample( 1594): [system_server,1,Binder:1594_17,283,ActivityManagerService.java,14791,android.content.Intent com.android.server.am.ActivityManagerService.registerReceiver(android.app.IApplicationThread, java.lang.String, android.content.IIntentReceiver, android.content.IntentFilter, java.lang.String, int, int),-,6978,android.app.ContentProviderHolder com.android.server.am.ActivityManagerService.getContentProviderImpl(android.app.IApplicationThread, java.lang.String, android.os.IBinder, int, java.lang.String, java.lang.String, boolean, int),56]
10-18 13:22:05.535 I/dvm_lock_sample( 1594): [system_server,1,Binder:1594_16,230,ActivityManagerService.java,1537,void com.android.server.am.ActivityManagerService$AppDeathRecipient.binderDied(),-,6978,android.app.ContentProviderHolder com.android.server.am.ActivityManagerService.getContentProviderImpl(android.app.IApplicationThread, java.lang.String, android.os.IBinder, int, java.lang.String, java.lang.String, boolean, int),46]
10-18 13:22:05.535 I/dvm_lock_sample( 1594): [system_server,1,Binder:1594_1A,273,ActivityManagerService.java,6978,android.app.ContentProviderHolder com.android.server.am.ActivityManagerService.getContentProviderImpl(android.app.IApplicationThread, java.lang.String, android.os.IBinder, int, java.lang.String, java.lang.String, boolean, int),-,6978,android.app.ContentProviderHolder com.android.server.am.ActivityManagerService.getContentProviderImpl(android.app.IApplicationThread, java.lang.String, android.os.IBinder, int, java.lang.String, java.lang.String, boolean, int),54]
10-18 13:22:05.564 I/dvm_lock_sample( 1594): [system_server,1,Binder:1594_12,243,ActivityManagerService.java,14791,android.content.Intent com.android.server.am.ActivityManagerService.registerReceiver(android.app.IApplicationThread, java.lang.String, android.content.IIntentReceiver, android.content.IntentFilter, java.lang.String, int, int),-,6978,android.app.ContentProviderHolder com.android.server.am.ActivityManagerService.getContentProviderImpl(android.app.IApplicationThread, java.lang.String, android.os.IBinder, int, java.lang.String, java.lang.String, boolean, int),48]
10-18 13:22:05.624 I/dvm_lock_sample( 1594): [system_server,0,Binder:1594_17,24,ActivityManagerService.java,14494,void com.android.server.am.ActivityManagerService.serviceDoneExecuting(android.os.IBinder, int, int, int),-,14463,boolean com.android.server.am.ActivityManagerService.unbindService(android.app.IServiceConnection),4]
10-18 13:22:05.782 I/am_proc_start( 1594): [0,27480,11389,com.vitrinedecraques.app,activity,{com.vitrinedecraques.app/com.vitrinedecraques.app.MainActivity}]
10-18 13:22:05.980 I/am_proc_bound( 1594): [0,27480,com.vitrinedecraques.app]
10-18 13:22:05.999 I/am_restart_activity( 1594): [0,102923714,1599,com.vitrinedecraques.app/.MainActivity,27480]
10-18 13:22:06.003 I/am_set_resumed_activity( 1594): [0,com.vitrinedecraques.app/.MainActivity,minimalResumeActivityLocked]
10-18 13:22:06.006 I/dvm_lock_sample( 1594): [system_server,1,Binder:1594_12,22,ActivityManagerService.java,5395,void com.android.server.am.ActivityManagerService.attachApplication(android.app.IApplicationThread, long),-,5395,void com.android.server.am.ActivityManagerService.attachApplication(android.app.IApplicationThread, long),4]
10-18 13:22:06.349 I/notification_cancel_all( 1594): [1000,1594,com.vitrinedecraques.app,0,0,0,5,NULL]
10-18 13:22:08.167 I/dvm_lock_sample( 1594): [system_server,1,android.ui,29,ActivityManagerService.java,3378,void com.android.server.am.ActivityManagerService.dispatchUidsChanged(),-,1537,void com.android.server.am.ActivityManagerService$AppDeathRecipient.binderDied(),5]
10-18 13:22:11.826 I/am_lifecycle_sample(27480): [0,com.vitrinedecraques.app,110,5805]
10-18 13:22:12.039 I/am_on_create_called(27480): [0,com.vitrinedecraques.app.MainActivity,performCreate,128]
10-18 13:22:12.092 I/am_on_start_called(27480): [0,com.vitrinedecraques.app.MainActivity,handleStartActivity,0]
10-18 13:22:12.096 I/am_on_resume_called(27480): [0,com.vitrinedecraques.app.MainActivity,RESUME_ACTIVITY,1]
10-18 13:22:12.128 I/am_on_top_resumed_gained_called(27480): [0,com.vitrinedecraques.app.MainActivity,topStateChangedWhenResumed]
10-18 13:22:13.419 I/sysui_multi_action( 1594): [319,813,321,704,322,8201,325,1158909,757,761,758,7,759,1,806,com.vitrinedecraques.app,871,com.vitrinedecraques.app.MainActivity,904,com.android.shell,905,0,945,766,1320,12,1321,1]
10-18 13:22:13.425 I/am_activity_launch_time( 1594): [0,102923714,com.vitrinedecraques.app/.MainActivity,8201]
10-18 13:22:13.587 I/dvm_lock_sample( 1594): [system_server,1,Binder:1594_7,6,ActivityManagerService.java,14962,void com.android.server.am.ActivityManagerService.unregisterReceiver(android.content.IIntentReceiver),-,14463,boolean com.android.server.am.ActivityManagerService.unbindService(android.app.IServiceConnection),1]
10-18 13:22:16.118 I/am_pss  ( 1594): [27480,11389,com.vitrinedecraques.app,141539328,133156864,207872,226942976,0,2,21]
10-18 13:22:26.148 I/am_pss  ( 1594): [27480,11389,com.vitrinedecraques.app,188429312,176893952,191488,280018944,0,2,25]
10-18 13:22:56.228 I/am_on_top_resumed_lost_called(27480): [0,com.vitrinedecraques.app.MainActivity,topStateChangedWhenResumed]
10-18 13:22:56.230 I/am_pause_activity( 1594): [27480,102923714,com.vitrinedecraques.app/.MainActivity,userLeaving=true]
10-18 13:22:56.233 I/am_add_to_stopping( 1594): [0,102923714,com.vitrinedecraques.app/.MainActivity,makeInvisible]
10-18 13:22:56.253 I/am_on_paused_called(27480): [0,com.vitrinedecraques.app.MainActivity,performPause,0]
10-18 13:22:56.666 I/am_stop_activity( 1594): [0,102923714,com.vitrinedecraques.app/.MainActivity]
10-18 13:22:56.710 I/am_on_stop_called(27480): [0,com.vitrinedecraques.app.MainActivity,STOP_ACTIVITY_ITEM,0]
10-18 13:22:58.720 I/sysui_multi_action( 2131): [757,289,758,4,806,ComponentInfo{com.vitrinedecraques.app/com.vitrinedecraques.app.MainActivity}]
10-18 13:22:58.723 I/am_finish_activity( 1594): [27480,102923714,1599,com.vitrinedecraques.app/.MainActivity,remove-task]
10-18 13:22:58.724 I/am_destroy_activity( 1594): [27480,102923714,1599,com.vitrinedecraques.app/.MainActivity,finish-imm:finishActivityLocked]
10-18 13:22:58.742 I/am_kill ( 1594): [0,27480,com.vitrinedecraques.app,905,SwipeUpClean]
10-18 13:22:58.884 I/am_proc_died( 1594): [0,27480,com.vitrinedecraques.app,905,20]
10-18 13:23:19.865 I/dvm_lock_sample( 1594): [system_server,0,Binder:1594_19,13,ActivityManagerService.java,14494,void com.android.server.am.ActivityManagerService.serviceDoneExecuting(android.os.IBinder, int, int, int),-,14463,boolean com.android.server.am.ActivityManagerService.unbindService(android.app.IServiceConnection),2]
10-18 13:23:20.342 I/dvm_lock_sample( 1594): [system_server,1,Binder:1594_2,13,ActivityManagerService.java,5955,boolean com.android.server.am.ActivityManagerService.isAppBad(android.content.pm.ApplicationInfo),-,14450,int com.android.server.am.ActivityManagerService.bindIsolatedService(android.app.IApplicationThread, android.os.IBinder, android.content.Intent, java.lang.String, android.app.IServiceConnection, int, java.lang.String, java.lang.String, int),2]
10-18 13:23:40.862 I/dvm_lock_sample( 1594): [system_server,0,AsyncTask #7,19,ActivityManagerService.java,10090,int com.android.server.am.ActivityManagerService.getMemoryTrimLevel(),ProcessRecord.java,1358,void com.android.server.am.ProcessRecord.updateProcessInfo(boolean, boolean, boolean),3]
10-18 13:23:41.306 I/dvm_lock_sample( 1594): [system_server,1,Binder:1594_15,131,ActivityManagerService.java,5395,void com.android.server.am.ActivityManagerService.attachApplication(android.app.IApplicationThread, long),-,14494,void com.android.server.am.ActivityManagerService.serviceDoneExecuting(android.os.IBinder, int, int, int),26]
10-18 13:23:41.327 I/dvm_lock_sample( 1594): [system_server,1,Binder:1594_13,109,ActivityManagerService.java,14791,android.content.Intent com.android.server.am.ActivityManagerService.registerReceiver(android.app.IApplicationThread, java.lang.String, android.content.IIntentReceiver, android.content.IntentFilter, java.lang.String, int, int),-,14494,void com.android.server.am.ActivityManagerService.serviceDoneExecuting(android.os.IBinder, int, int, int),21]
10-18 13:24:24.394 I/am_create_activity( 1594): [0,44662526,1601,com.vitrinedecraques.app/.MainActivity,android.intent.action.MAIN,NULL,NULL,270532608]
10-18 13:24:24.442 I/am_proc_start( 1594): [0,29824,11389,com.vitrinedecraques.app,activity,{com.vitrinedecraques.app/com.vitrinedecraques.app.MainActivity}]
10-18 13:24:24.513 I/am_proc_bound( 1594): [0,29824,com.vitrinedecraques.app]
10-18 13:24:24.523 I/am_restart_activity( 1594): [0,44662526,1601,com.vitrinedecraques.app/.MainActivity,29824]
10-18 13:24:24.524 I/am_set_resumed_activity( 1594): [0,com.vitrinedecraques.app/.MainActivity,minimalResumeActivityLocked]
10-18 13:24:29.219 I/am_lifecycle_sample(29824): [0,com.vitrinedecraques.app,110,4663]
10-18 13:24:29.495 I/am_on_create_called(29824): [0,com.vitrinedecraques.app.MainActivity,performCreate,211]
10-18 13:24:29.547 I/am_on_start_called(29824): [0,com.vitrinedecraques.app.MainActivity,handleStartActivity,0]
10-18 13:24:29.550 I/am_on_resume_called(29824): [0,com.vitrinedecraques.app.MainActivity,RESUME_ACTIVITY,1]
10-18 13:24:29.592 I/am_on_top_resumed_gained_called(29824): [0,com.vitrinedecraques.app.MainActivity,topStateChangedWhenResumed]
10-18 13:24:30.764 I/sysui_multi_action( 1594): [319,160,321,83,322,6387,325,1159048,757,761,758,7,759,1,806,com.vitrinedecraques.app,871,com.vitrinedecraques.app.MainActivity,904,com.miui.home,905,0,945,139,1320,12,1321,1]
10-18 13:24:30.769 I/am_activity_launch_time( 1594): [0,44662526,com.vitrinedecraques.app/.MainActivity,6387]
10-18 13:24:37.443 I/am_pss  ( 1594): [29824,11389,com.vitrinedecraques.app,175087616,165154816,176128,269602816,0,2,26]
10-18 13:25:11.970 I/am_pss  ( 1594): [29824,11389,com.vitrinedecraques.app,202205184,190324736,169984,300027904,0,2,22]
10-18 13:25:30.917 I/am_on_top_resumed_lost_called(29824): [0,com.vitrinedecraques.app.MainActivity,topStateChangedWhenResumed]
10-18 13:25:30.921 I/am_pause_activity( 1594): [29824,44662526,com.vitrinedecraques.app/.MainActivity,userLeaving=true]
10-18 13:25:30.923 I/am_add_to_stopping( 1594): [0,44662526,com.vitrinedecraques.app/.MainActivity,makeInvisible]
10-18 13:25:30.931 I/am_on_paused_called(29824): [0,com.vitrinedecraques.app.MainActivity,performPause,0]
10-18 13:25:31.339 I/am_stop_activity( 1594): [0,44662526,com.vitrinedecraques.app/.MainActivity]
10-18 13:25:31.380 I/am_on_stop_called(29824): [0,com.vitrinedecraques.app.MainActivity,STOP_ACTIVITY_ITEM,0]
10-18 13:25:32.286 I/sysui_multi_action( 2131): [757,289,758,4,806,ComponentInfo{com.vitrinedecraques.app/com.vitrinedecraques.app.MainActivity}]
10-18 13:25:32.288 I/am_finish_activity( 1594): [29824,44662526,1601,com.vitrinedecraques.app/.MainActivity,remove-task]
10-18 13:25:32.289 I/am_destroy_activity( 1594): [29824,44662526,1601,com.vitrinedecraques.app/.MainActivity,finish-imm:finishActivityLocked]
10-18 13:25:32.298 I/am_kill ( 1594): [0,29824,com.vitrinedecraques.app,700,SwipeUpClean]
10-18 13:25:32.444 I/am_proc_died( 1594): [0,29824,com.vitrinedecraques.app,700,16]
10-18 13:25:33.565 I/dvm_lock_sample( 1594): [system_server,1,Binder:1594_9,42,ActivityManagerService.java,1537,void com.android.server.am.ActivityManagerService$AppDeathRecipient.binderDied(),-,1537,void com.android.server.am.ActivityManagerService$AppDeathRecipient.binderDied(),8]
10-18 13:25:33.655 I/dvm_lock_sample( 1594): [system_server,1,Binder:1594_1E,17,ActivityManagerService.java,8605,boolean com.android.server.am.ActivityManagerService.isUidActive(int, java.lang.String),-,1537,void com.android.server.am.ActivityManagerService$AppDeathRecipient.binderDied(),3]
10-18 13:25:33.671 I/dvm_lock_sample( 1594): [system_server,1,main,29,ActivityManagerService.java,14463,boolean com.android.server.am.ActivityManagerService.unbindService(android.app.IServiceConnection),-,1537,void com.android.server.am.ActivityManagerService$AppDeathRecipient.binderDied(),5]
10-18 13:36:05.179 I/dvm_lock_sample( 1594): [system_server,1,Binder:1594_B,15,ActivityManagerService.java,10031,java.util.List com.android.server.am.ActivityManagerService.getRunningAppProcesses(),-,14450,int com.android.server.am.ActivityManagerService.bindIsolatedService(android.app.IApplicationThread, android.os.IBinder, android.content.Intent, java.lang.String, android.app.IServiceConnection, int, java.lang.String, java.lang.String, int),3]
10-18 13:36:05.254 I/dvm_lock_sample( 1594): [system_server,1,Binder:1594_9,5,ActivityManagerService.java,7717,boolean com.android.server.am.ActivityManagerService.refContentProvider(android.os.IBinder, int, int),-,14463,boolean com.android.server.am.ActivityManagerService.unbindService(android.app.IServiceConnection),1]
10-18 13:36:39.558 I/dvm_lock_sample( 1594): [system_server,0,Binder:1594_12,12,ActivityManagerService.java,14494,void com.android.server.am.ActivityManagerService.serviceDoneExecuting(android.os.IBinder, int, int, int),-,8605,boolean com.android.server.am.ActivityManagerService.isUidActive(int, java.lang.String),2]
10-18 13:36:42.036 I/dvm_lock_sample( 1594): [system_server,1,Binder:1594_17,15,ActivityManagerService.java,6752,java.lang.String com.android.server.am.ActivityManagerService.checkContentProviderAccess(java.lang.String, int),-,14450,int com.android.server.am.ActivityManagerService.bindIsolatedService(android.app.IApplicationThread, android.os.IBinder, android.content.Intent, java.lang.String, android.app.IServiceConnection, int, java.lang.String, java.lang.String, int),3]
10-18 13:39:10.216 I/dvm_lock_sample( 1594): [system_server,1,android.ui,5,ActivityManagerService.java,3378,void com.android.server.am.ActivityManagerService.dispatchUidsChanged(),-,5395,void com.android.server.am.ActivityManagerService.attachApplication(android.app.IApplicationThread, long),1]
10-18 13:46:39.556 I/dvm_lock_sample( 1594): [system_server,1,android.ui,10,ActivityManagerService.java,3378,void com.android.server.am.ActivityManagerService.dispatchUidsChanged(),-,14450,int com.android.server.am.ActivityManagerService.bindIsolatedService(android.app.IApplicationThread, android.os.IBinder, android.content.Intent, java.lang.String, android.app.IServiceConnection, int, java.lang.String, java.lang.String, int),2]
10-18 13:49:54.684 I/dvm_lock_sample( 1594): [system_server,1,main,11,ActivityManagerService.java,14463,boolean com.android.server.am.ActivityManagerService.unbindService(android.app.IServiceConnection),-,14463,boolean com.android.server.am.ActivityManagerService.unbindService(android.app.IServiceConnection),2]
10-18 13:53:30.948 I/dvm_lock_sample( 1594): [system_server,1,Binder:1594_C,14,ActivityManagerService.java,14450,int com.android.server.am.ActivityManagerService.bindIsolatedService(android.app.IApplicationThread, android.os.IBinder, android.content.Intent, java.lang.String, android.app.IServiceConnection, int, java.lang.String, java.lang.String, int),-,14450,int com.android.server.am.ActivityManagerService.bindIsolatedService(android.app.IApplicationThread, android.os.IBinder, android.content.Intent, java.lang.String, android.app.IServiceConnection, int, java.lang.String, java.lang.String, int),2]
10-18 13:59:07.317 I/dvm_lock_sample( 1594): [system_server,0,Binder:1594_18,5,ActivityManagerService.java,14494,void com.android.server.am.ActivityManagerService.serviceDoneExecuting(android.os.IBinder, int, int, int),-,14450,int com.android.server.am.ActivityManagerService.bindIsolatedService(android.app.IApplicationThread, android.os.IBinder, android.content.Intent, java.lang.String, android.app.IServiceConnection, int, java.lang.String, java.lang.String, int),1]
10-18 14:00:37.070 I/dvm_lock_sample( 1594): [system_server,1,android.ui,12,ActivityManagerService.java,3378,void com.android.server.am.ActivityManagerService.dispatchUidsChanged(),-,14450,int com.android.server.am.ActivityManagerService.bindIsolatedService(android.app.IApplicationThread, android.os.IBinder, android.content.Intent, java.lang.String, android.app.IServiceConnection, int, java.lang.String, java.lang.String, int),2]
10-18 14:07:52.429 I/dvm_lock_sample( 1594): [system_server,1,Binder:1594_1C,12,ActivityManagerService.java,6752,java.lang.String com.android.server.am.ActivityManagerService.checkContentProviderAccess(java.lang.String, int),-,16095,void com.android.server.am.ActivityManagerService.finishReceiver(android.os.IBinder, int, java.lang.String, android.os.Bundle, boolean, int),2]
10-18 14:07:53.066 I/dvm_lock_sample( 1594): [system_server,0,android.bg,12,ActivityManagerService.java,2043,void com.android.server.am.ActivityManagerService$5.handleMessage(android.os.Message),-,16095,void com.android.server.am.ActivityManagerService.finishReceiver(android.os.IBinder, int, java.lang.String, android.os.Bundle, boolean, int),2]
10-18 14:10:12.027 I/dvm_lock_sample( 1594): [system_server,1,android.display,11,WindowProcessController.java,542,boolean com.android.server.wm.WindowProcessController.hasActivitiesOrRecentTasks(),ActivityTaskManagerService.java,4006,void com.android.server.wm.ActivityTaskManagerService.keyguardGoingAway(int),2]
10-18 14:10:12.030 I/dvm_lock_sample( 1594): [system_server,1,Binder:1594_1B,32,ActivityManagerService.java,6752,java.lang.String com.android.server.am.ActivityManagerService.checkContentProviderAccess(java.lang.String, int),ProcessRecord.java,1358,void com.android.server.am.ProcessRecord.updateProcessInfo(boolean, boolean, boolean),6]
10-18 14:14:25.306 I/dvm_lock_sample( 1594): [system_server,1,Binder:1594_E,9,ActivityManagerService.java,5955,boolean com.android.server.am.ActivityManagerService.isAppBad(android.content.pm.ApplicationInfo),-,14450,int com.android.server.am.ActivityManagerService.bindIsolatedService(android.app.IApplicationThread, android.os.IBinder, android.content.Intent, java.lang.String, android.app.IServiceConnection, int, java.lang.String, java.lang.String, int),1]
10-18 14:14:26.272 I/dvm_lock_sample( 1594): [system_server,1,android.ui,10,ActivityManagerService.java,3378,void com.android.server.am.ActivityManagerService.dispatchUidsChanged(),-,16095,void com.android.server.am.ActivityManagerService.finishReceiver(android.os.IBinder, int, java.lang.String, android.os.Bundle, boolean, int),2]
10-18 14:14:34.051 I/dvm_lock_sample( 1594): [system_server,1,Binder:1594_9,17,ActivityManagerService.java,14474,void com.android.server.am.ActivityManagerService.publishService(android.os.IBinder, android.content.Intent, android.os.IBinder),-,7564,void com.android.server.am.ActivityManagerService.removeContentProvider(android.os.IBinder, boolean),3]
10-18 14:15:10.933 I/dvm_lock_sample( 1594): [system_server,1,Binder:1594_2,12,ActivityManagerService.java,6978,android.app.ContentProviderHolder com.android.server.am.ActivityManagerService.getContentProviderImpl(android.app.IApplicationThread, java.lang.String, android.os.IBinder, int, java.lang.String, java.lang.String, boolean, int),-,1537,void com.android.server.am.ActivityManagerService$AppDeathRecipient.binderDied(),2]
10-18 14:16:10.657 I/dvm_lock_sample( 1594): [system_server,1,Binder:1594_4,6,ActivityManagerService.java,8605,boolean com.android.server.am.ActivityManagerService.isUidActive(int, java.lang.String),-,14450,int com.android.server.am.ActivityManagerService.bindIsolatedService(android.app.IApplicationThread, android.os.IBinder, android.content.Intent, java.lang.String, android.app.IServiceConnection, int, java.lang.String, java.lang.String, int),1]
10-18 14:16:11.336 I/dvm_lock_sample( 1594): [system_server,1,Binder:1594_4,8,ActivityManagerService.java,14450,int com.android.server.am.ActivityManagerService.bindIsolatedService(android.app.IApplicationThread, android.os.IBinder, android.content.Intent, java.lang.String, android.app.IServiceConnection, int, java.lang.String, java.lang.String, int),-,16095,void com.android.server.am.ActivityManagerService.finishReceiver(android.os.IBinder, int, java.lang.String, android.os.Bundle, boolean, int),1]
10-18 14:16:33.411 I/dvm_lock_sample( 1594): [system_server,1,Binder:1594_19,8,ActivityManagerService.java,5955,boolean com.android.server.am.ActivityManagerService.isAppBad(android.content.pm.ApplicationInfo),-,14494,void com.android.server.am.ActivityManagerService.serviceDoneExecuting(android.os.IBinder, int, int, int),1]
10-18 14:16:34.486 I/dvm_lock_sample( 1594): [system_server,1,Binder:1594_19,5,ActivityManagerService.java,1537,void com.android.server.am.ActivityManagerService$AppDeathRecipient.binderDied(),-,1537,void com.android.server.am.ActivityManagerService$AppDeathRecipient.binderDied(),1]
10-18 14:16:38.768 I/dvm_lock_sample( 1594): [system_server,1,android.ui,8,ActivityManagerService.java,3378,void com.android.server.am.ActivityManagerService.dispatchUidsChanged(),-,14450,int com.android.server.am.ActivityManagerService.bindIsolatedService(android.app.IApplicationThread, android.os.IBinder, android.content.Intent, java.lang.String, android.app.IServiceConnection, int, java.lang.String, java.lang.String, int),1]
10-18 14:17:30.353 I/dvm_lock_sample( 1594): [system_server,1,Binder:1594_19,5,ActivityManagerService.java,14488,void com.android.server.am.ActivityManagerService.unbindFinished(android.os.IBinder, android.content.Intent, boolean),-,14463,boolean com.android.server.am.ActivityManagerService.unbindService(android.app.IServiceConnection),1]
10-18 14:22:10.688 I/dvm_lock_sample( 1594): [system_server,1,android.ui,5,ActivityManagerService.java,3378,void com.android.server.am.ActivityManagerService.dispatchUidsChanged(),-,5395,void com.android.server.am.ActivityManagerService.attachApplication(android.app.IApplicationThread, long),1]
10-18 14:25:45.627 I/dvm_lock_sample( 1594): [system_server,1,Binder:1594_C,10,ActivityManagerService.java,6752,java.lang.String com.android.server.am.ActivityManagerService.checkContentProviderAccess(java.lang.String, int),-,14463,boolean com.android.server.am.ActivityManagerService.unbindService(android.app.IServiceConnection),2]
10-18 14:25:51.804 I/dvm_lock_sample( 1594): [system_server,1,android.ui,6,ActivityManagerService.java,3378,void com.android.server.am.ActivityManagerService.dispatchUidsChanged(),-,14463,boolean com.android.server.am.ActivityManagerService.unbindService(android.app.IServiceConnection),1]
10-18 14:29:06.414 I/notification_cancel_all( 1594): [1000,1594,com.vitrinedecraques.app,0,0,0,5,NULL]
10-18 14:29:06.550 I/dvm_lock_sample( 1594): [system_server,1,ActivityManager:procStart,38,ProcessList.java,1687,void com.android.server.am.ProcessList.lambda$startProcessLocked$0$ProcessList(com.android.server.am.ProcessRecord, java.lang.String, int[], int, int, java.lang.String, java.lang.String, java.lang.String, long),ActivityManagerService.java,14474,void com.android.server.am.ActivityManagerService.publishService(android.os.IBinder, android.content.Intent, android.os.IBinder),7]
10-18 14:29:06.571 I/sysui_multi_action( 1594): [757,147,758,4,759,1,806,com.vitrinedecraques.app]
10-18 14:29:06.584 I/dvm_lock_sample( 1594): [system_server,1,Binder:1594_9,11,ActivityManagerService.java,15989,int com.android.server.am.ActivityManagerService.broadcastIntent(android.app.IApplicationThread, android.content.Intent, java.lang.String, android.content.IIntentReceiver, int, java.lang.String, android.os.Bundle, java.lang.String[], int, android.os.Bundle, boolean, boolean, int),BroadcastQueue.java,984,void com.android.server.am.BroadcastQueue.processNextBroadcast(boolean, boolean),2]
10-18 14:29:07.241 I/dvm_lock_sample( 1594): [system_server,0,Binder:1594_16,34,ActivityManagerService.java,14494,void com.android.server.am.ActivityManagerService.serviceDoneExecuting(android.os.IBinder, int, int, int),-,14285,android.content.ComponentName com.android.server.am.ActivityManagerService.startService(android.app.IApplicationThread, android.content.Intent, java.lang.String, boolean, java.lang.String, int),6]
10-18 14:29:07.370 I/am_create_activity( 1594): [0,237376417,1604,com.vitrinedecraques.app/.MainActivity,NULL,NULL,NULL,268435456]
10-18 14:29:07.406 I/dvm_lock_sample( 1594): [system_server,1,Binder:1594_15,35,ActivityTaskManagerService.java,1746,void com.android.server.wm.ActivityTaskManagerService.activityTopResumedStateLost(),ActivityStarter.java,1313,int com.android.server.wm.ActivityStarter.startActivityMayWait(android.app.IApplicationThread, int, java.lang.String, int, int, android.content.Intent, java.lang.String, android.service.voice.IVoiceInteractionSession, com.android.internal.app.IVoiceInteractor, android.os.IBinder, java.lang.String, int, int, android.app.ProfilerInfo, android.app.WaitResult, android.content.res.Configuration, com.android.server.wm.SafeActivityOptions, boolean, int, com.android.server.wm.TaskRecord, java.lang.String, boolean, com.android.server.am.PendingIntentRecord, boolean),7]
10-18 14:29:07.454 I/dvm_lock_sample( 1594): [system_server,1,Binder:1594_16,32,ActivityManagerService.java,6752,java.lang.String com.android.server.am.ActivityManagerService.checkContentProviderAccess(java.lang.String, int),-,14463,boolean com.android.server.am.ActivityManagerService.unbindService(android.app.IServiceConnection),6]
10-18 14:29:07.501 I/am_proc_start( 1594): [0,9587,11389,com.vitrinedecraques.app,activity,{com.vitrinedecraques.app/com.vitrinedecraques.app.MainActivity}]
10-18 14:29:07.667 I/am_proc_bound( 1594): [0,9587,com.vitrinedecraques.app]
10-18 14:29:07.677 I/am_restart_activity( 1594): [0,237376417,1604,com.vitrinedecraques.app/.MainActivity,9587]
10-18 14:29:07.679 I/am_set_resumed_activity( 1594): [0,com.vitrinedecraques.app/.MainActivity,minimalResumeActivityLocked]
10-18 14:29:09.839 I/notification_cancel_all( 1594): [1000,1594,com.vitrinedecraques.app,0,0,0,5,NULL]
10-18 14:29:10.899 I/dvm_lock_sample( 1594): [system_server,0,Binder:1594_D,17,ActivityManagerService.java,16095,void com.android.server.am.ActivityManagerService.finishReceiver(android.os.IBinder, int, java.lang.String, android.os.Bundle, boolean, int),-,14450,int com.android.server.am.ActivityManagerService.bindIsolatedService(android.app.IApplicationThread, android.os.IBinder, android.content.Intent, java.lang.String, android.app.IServiceConnection, int, java.lang.String, java.lang.String, int),3]
10-18 14:29:12.915 I/am_lifecycle_sample( 9587): [0,com.vitrinedecraques.app,110,5198]
10-18 14:29:13.110 I/am_on_create_called( 9587): [0,com.vitrinedecraques.app.MainActivity,performCreate,124]
10-18 14:29:13.162 I/am_on_start_called( 9587): [0,com.vitrinedecraques.app.MainActivity,handleStartActivity,0]
10-18 14:29:13.166 I/am_on_resume_called( 9587): [0,com.vitrinedecraques.app.MainActivity,RESUME_ACTIVITY,1]
10-18 14:29:13.195 I/am_on_top_resumed_gained_called( 9587): [0,com.vitrinedecraques.app.MainActivity,topStateChangedWhenResumed]
10-18 14:29:14.629 I/sysui_multi_action( 1594): [319,367,321,300,322,7301,325,1162931,757,761,758,7,759,1,806,com.vitrinedecraques.app,871,com.vitrinedecraques.app.MainActivity,904,com.android.shell,905,0,945,342,1320,12,1321,1]
10-18 14:29:14.641 I/am_activity_launch_time( 1594): [0,237376417,com.vitrinedecraques.app/.MainActivity,7301]
10-18 14:29:18.330 I/am_pss  ( 1594): [9587,11389,com.vitrinedecraques.app,152126464,143777792,229376,234389504,0,2,19]
10-18 14:29:28.758 I/am_pss  ( 1594): [9587,11389,com.vitrinedecraques.app,194969600,183422976,210944,283607040,0,2,19]
10-18 14:30:31.317 I/am_pss  ( 1594): [9587,11389,com.vitrinedecraques.app,229991424,218214400,196608,323469312,0,2,26]
10-18 14:32:13.395 I/am_pss  ( 1594): [9587,11389,com.vitrinedecraques.app,253343744,241725440,196608,346558464,0,2,29]
10-18 14:34:28.799 I/am_pss  ( 1594): [9587,11389,com.vitrinedecraques.app,248738816,240070656,179200,336060416,0,2,22]
