10-18 13:22:03.811 I/dvm_lock_sample( 1594): [system_server,1,ActivityManager:procStart,59,ProcessList.java,1687,void com.android.server.am.ProcessList.lambda$startProcessLocked$0$ProcessList(com.android.server.am.ProcessRecord, java.lang.String, int[], int, int, java.lang.String, java.lang.String, java.lang.String, long),BroadcastQueue.java,984,void com.android.server.am.BroadcastQueue.processNextBroadcast(boolean, boolean),11]
10-18 13:22:03.830 I/dvm_lock_sample( 1594): [system_server,1,ActivityManager,52,BroadcastQueue.java,984,void com.android.server.am.BroadcastQueue.processNextBroadcast(boolean, boolean),ActivityManagerService.java,15989,int com.android.server.am.ActivityManagerService.broadcastIntent(android.app.IApplicationThread, android.content.Intent, java.lang.String, android.content.IIntentReceiver, int, java.lang.String, android.os.Bundle, java.lang.String[], int, android.os.Bundle, boolean, boolean, int),10]
10-18 13:22:03.911 I/dvm_lock_sample( 1594): [system_server,1,Binder:1594_B,62,ActivityManagerService.java,14450,int com.android.server.am.ActivityManagerService.bindIsolatedService(android.app.IApplicationThread, android.os.IBinder, android.content.Intent, java.lang.String, android.app.IServiceConnection, int, java.lang.String, java.lang.String, int),-,15989,int com.android.server.am.ActivityManagerService.broadcastIntent(android.app.IApplicationThread, android.content.Intent, java.lang.String, android.content.IIntentReceiver, int, java.lang.String, android.os.Bundle, java.lang.String[], int, android.os.Bundle, boolean, boolean, int),12]
10-18 13:22:03.973 I/sysui_multi_action( 1594): [757,147,758,4,759,1,806,com.vitrinedecraques.app]
10-18 13:22:05.362 I/am_create_activity( 1594): [0,102923714,1599,com.vitrinedecraques.app/.MainActivity,NULL,NULL,NULL,268435456]
10-18 13:22:05.533 I/dvm_lock_sample( 1594): [system_server,1,Binder:1594_1D,282,ActivityManagerService.java,15989,int com.android.server.am.ActivityManagerService.broadcastIntent(android.app.IApplicationThread, android.content.Intent, java.lang.String, android.content.IIntentReceiver, int, java.lang.String, android.os.Bundle, java.lang.String[], int, android.os.Bundle, boolean, boolean, int),-,6978,android.app.ContentProviderHolder com.android.server.am.ActivityManagerService.getContentProviderImpl(android.app.IApplicationThread, java.lang.String, android.os.IBinder, int, java.lang.String, java.lang.String, boolean, int),56]
10-18 13:22:05.533 I/dvm_lock_sample( 1594): [system_server,1,Binder:1594_17,283,ActivityManagerService.java,14791,android.content.Intent com.android.server.am.ActivityManagerService.registerReceiver(android.app.IApplicationThread, java.lang.String, android.content.IIntentReceiver, android.content.IntentFilter, java.lang.String, int, int),-,6978,android.app.ContentProviderHolder com.android.server.am.ActivityManagerService.getContentProviderImpl(android.app.IApplicationThread, java.lang.String, android.os.IBinder, int, java.lang.String, java.lang.String, boolean, int),56]
10-18 13:22:05.535 I/dvm_lock_sample( 1594): [system_server,1,Binder:1594_16,230,ActivityManagerService.java,1537,void com.android.server.am.ActivityManagerService$AppDeathRecipient.binderDied(),-,6978,android.app.ContentProviderHolder com.android.server.am.ActivityManagerService.getContentProviderImpl(android.app.IApplicationThread, java.lang.String, android.os.IBinder, int, java.lang.String, java.lang.String, boolean, int),46]
10-18 13:22:05.535 I/dvm_lock_sample( 1594): [system_server,1,Binder:1594_1A,273,ActivityManagerService.java,6978,android.app.ContentProviderHolder com.android.server.am.ActivityManagerService.getContentProviderImpl(android.app.IApplicationThread, java.lang.String, android.os.IBinder, int, java.lang.String, java.lang.String, boolean, int),-,6978,android.app.ContentProviderHolder com.android.server.am.ActivityManagerService.getContentProviderImpl(android.app.IApplicationThread, java.lang.String, android.os.IBinder, int, java.lang.String, java.lang.String, boolean, int),54]
10-18 13:22:05.564 I/dvm_lock_sample( 1594): [system_server,1,Binder:1594_12,243,ActivityManagerService.java,14791,android.content.Intent com.android.server.am.ActivityManagerService.registerReceiver(android.app.IApplicationThread, java.lang.String, android.content.IIntentReceiver, android.content.IntentFilter, java.lang.String, int, int),-,6978,android.app.ContentProviderHolder com.android.server.am.ActivityManagerService.getContentProviderImpl(android.app.IApplicationThread, java.lang.String, android.os.IBinder, int, java.lang.String, java.lang.String, boolean, int),48]
10-18 13:22:05.624 I/dvm_lock_sample( 1594): [system_server,0,Binder:1594_17,24,ActivityManagerService.java,14494,void com.android.server.am.ActivityManagerService.serviceDoneExecuting(android.os.IBinder, int, int, int),-,14463,boolean com.android.server.am.ActivityManagerService.unbindService(android.app.IServiceConnection),4]
10-18 13:22:05.782 I/am_proc_start( 1594): [0,27480,11389,com.vitrinedecraques.app,activity,{com.vitrinedecraques.app/com.vitrinedecraques.app.MainActivity}]
10-18 13:22:05.980 I/am_proc_bound( 1594): [0,27480,com.vitrinedecraques.app]
10-18 13:22:05.999 I/am_restart_activity( 1594): [0,102923714,1599,com.vitrinedecraques.app/.MainActivity,27480]
10-18 13:22:06.003 I/am_set_resumed_activity( 1594): [0,com.vitrinedecraques.app/.MainActivity,minimalResumeActivityLocked]
10-18 13:22:06.006 I/dvm_lock_sample( 1594): [system_server,1,Binder:1594_12,22,ActivityManagerService.java,5395,void com.android.server.am.ActivityManagerService.attachApplication(android.app.IApplicationThread, long),-,5395,void com.android.server.am.ActivityManagerService.attachApplication(android.app.IApplicationThread, long),4]
10-18 13:22:06.349 I/notification_cancel_all( 1594): [1000,1594,com.vitrinedecraques.app,0,0,0,5,NULL]
10-18 13:22:08.167 I/dvm_lock_sample( 1594): [system_server,1,android.ui,29,ActivityManagerService.java,3378,void com.android.server.am.ActivityManagerService.dispatchUidsChanged(),-,1537,void com.android.server.am.ActivityManagerService$AppDeathRecipient.binderDied(),5]
10-18 13:22:11.826 I/am_lifecycle_sample(27480): [0,com.vitrinedecraques.app,110,5805]
10-18 13:22:12.039 I/am_on_create_called(27480): [0,com.vitrinedecraques.app.MainActivity,performCreate,128]
10-18 13:22:12.092 I/am_on_start_called(27480): [0,com.vitrinedecraques.app.MainActivity,handleStartActivity,0]
10-18 13:22:12.096 I/am_on_resume_called(27480): [0,com.vitrinedecraques.app.MainActivity,RESUME_ACTIVITY,1]
10-18 13:22:12.128 I/am_on_top_resumed_gained_called(27480): [0,com.vitrinedecraques.app.MainActivity,topStateChangedWhenResumed]
10-18 13:22:13.419 I/sysui_multi_action( 1594): [319,813,321,704,322,8201,325,1158909,757,761,758,7,759,1,806,com.vitrinedecraques.app,871,com.vitrinedecraques.app.MainActivity,904,com.android.shell,905,0,945,766,1320,12,1321,1]
10-18 13:22:13.425 I/am_activity_launch_time( 1594): [0,102923714,com.vitrinedecraques.app/.MainActivity,8201]
10-18 13:22:13.587 I/dvm_lock_sample( 1594): [system_server,1,Binder:1594_7,6,ActivityManagerService.java,14962,void com.android.server.am.ActivityManagerService.unregisterReceiver(android.content.IIntentReceiver),-,14463,boolean com.android.server.am.ActivityManagerService.unbindService(android.app.IServiceConnection),1]
10-18 13:22:16.118 I/am_pss  ( 1594): [27480,11389,com.vitrinedecraques.app,141539328,133156864,207872,226942976,0,2,21]
10-18 13:22:26.148 I/am_pss  ( 1594): [27480,11389,com.vitrinedecraques.app,188429312,176893952,191488,280018944,0,2,25]
10-18 13:22:56.228 I/am_on_top_resumed_lost_called(27480): [0,com.vitrinedecraques.app.MainActivity,topStateChangedWhenResumed]
10-18 13:22:56.230 I/am_pause_activity( 1594): [27480,102923714,com.vitrinedecraques.app/.MainActivity,userLeaving=true]
10-18 13:22:56.233 I/am_add_to_stopping( 1594): [0,102923714,com.vitrinedecraques.app/.MainActivity,makeInvisible]
10-18 13:22:56.253 I/am_on_paused_called(27480): [0,com.vitrinedecraques.app.MainActivity,performPause,0]
10-18 13:22:56.666 I/am_stop_activity( 1594): [0,102923714,com.vitrinedecraques.app/.MainActivity]
10-18 13:22:56.710 I/am_on_stop_called(27480): [0,com.vitrinedecraques.app.MainActivity,STOP_ACTIVITY_ITEM,0]
10-18 13:22:58.720 I/sysui_multi_action( 2131): [757,289,758,4,806,ComponentInfo{com.vitrinedecraques.app/com.vitrinedecraques.app.MainActivity}]
10-18 13:22:58.723 I/am_finish_activity( 1594): [27480,102923714,1599,com.vitrinedecraques.app/.MainActivity,remove-task]
10-18 13:22:58.724 I/am_destroy_activity( 1594): [27480,102923714,1599,com.vitrinedecraques.app/.MainActivity,finish-imm:finishActivityLocked]
10-18 13:22:58.742 I/am_kill ( 1594): [0,27480,com.vitrinedecraques.app,905,SwipeUpClean]
10-18 13:22:58.884 I/am_proc_died( 1594): [0,27480,com.vitrinedecraques.app,905,20]
10-18 13:23:19.865 I/dvm_lock_sample( 1594): [system_server,0,Binder:1594_19,13,ActivityManagerService.java,14494,void com.android.server.am.ActivityManagerService.serviceDoneExecuting(android.os.IBinder, int, int, int),-,14463,boolean com.android.server.am.ActivityManagerService.unbindService(android.app.IServiceConnection),2]
10-18 13:23:20.342 I/dvm_lock_sample( 1594): [system_server,1,Binder:1594_2,13,ActivityManagerService.java,5955,boolean com.android.server.am.ActivityManagerService.isAppBad(android.content.pm.ApplicationInfo),-,14450,int com.android.server.am.ActivityManagerService.bindIsolatedService(android.app.IApplicationThread, android.os.IBinder, android.content.Intent, java.lang.String, android.app.IServiceConnection, int, java.lang.String, java.lang.String, int),2]
10-18 13:23:40.862 I/dvm_lock_sample( 1594): [system_server,0,AsyncTask #7,19,ActivityManagerService.java,10090,int com.android.server.am.ActivityManagerService.getMemoryTrimLevel(),ProcessRecord.java,1358,void com.android.server.am.ProcessRecord.updateProcessInfo(boolean, boolean, boolean),3]
10-18 13:23:41.306 I/dvm_lock_sample( 1594): [system_server,1,Binder:1594_15,131,ActivityManagerService.java,5395,void com.android.server.am.ActivityManagerService.attachApplication(android.app.IApplicationThread, long),-,14494,void com.android.server.am.ActivityManagerService.serviceDoneExecuting(android.os.IBinder, int, int, int),26]
10-18 13:23:41.327 I/dvm_lock_sample( 1594): [system_server,1,Binder:1594_13,109,ActivityManagerService.java,14791,android.content.Intent com.android.server.am.ActivityManagerService.registerReceiver(android.app.IApplicationThread, java.lang.String, android.content.IIntentReceiver, android.content.IntentFilter, java.lang.String, int, int),-,14494,void com.android.server.am.ActivityManagerService.serviceDoneExecuting(android.os.IBinder, int, int, int),21]
10-18 13:24:24.394 I/am_create_activity( 1594): [0,44662526,1601,com.vitrinedecraques.app/.MainActivity,android.intent.action.MAIN,NULL,NULL,270532608]
10-18 13:24:24.442 I/am_proc_start( 1594): [0,29824,11389,com.vitrinedecraques.app,activity,{com.vitrinedecraques.app/com.vitrinedecraques.app.MainActivity}]
10-18 13:24:24.513 I/am_proc_bound( 1594): [0,29824,com.vitrinedecraques.app]
10-18 13:24:24.523 I/am_restart_activity( 1594): [0,44662526,1601,com.vitrinedecraques.app/.MainActivity,29824]
10-18 13:24:24.524 I/am_set_resumed_activity( 1594): [0,com.vitrinedecraques.app/.MainActivity,minimalResumeActivityLocked]
10-18 13:24:29.219 I/am_lifecycle_sample(29824): [0,com.vitrinedecraques.app,110,4663]
10-18 13:24:29.495 I/am_on_create_called(29824): [0,com.vitrinedecraques.app.MainActivity,performCreate,211]
10-18 13:24:29.547 I/am_on_start_called(29824): [0,com.vitrinedecraques.app.MainActivity,handleStartActivity,0]
10-18 13:24:29.550 I/am_on_resume_called(29824): [0,com.vitrinedecraques.app.MainActivity,RESUME_ACTIVITY,1]
10-18 13:24:29.592 I/am_on_top_resumed_gained_called(29824): [0,com.vitrinedecraques.app.MainActivity,topStateChangedWhenResumed]
10-18 13:24:30.764 I/sysui_multi_action( 1594): [319,160,321,83,322,6387,325,1159048,757,761,758,7,759,1,806,com.vitrinedecraques.app,871,com.vitrinedecraques.app.MainActivity,904,com.miui.home,905,0,945,139,1320,12,1321,1]
10-18 13:24:30.769 I/am_activity_launch_time( 1594): [0,44662526,com.vitrinedecraques.app/.MainActivity,6387]
10-18 13:24:37.443 I/am_pss  ( 1594): [29824,11389,com.vitrinedecraques.app,175087616,165154816,176128,269602816,0,2,26]
10-18 13:25:11.970 I/am_pss  ( 1594): [29824,11389,com.vitrinedecraques.app,202205184,190324736,169984,300027904,0,2,22]
10-18 13:25:30.917 I/am_on_top_resumed_lost_called(29824): [0,com.vitrinedecraques.app.MainActivity,topStateChangedWhenResumed]
10-18 13:25:30.921 I/am_pause_activity( 1594): [29824,44662526,com.vitrinedecraques.app/.MainActivity,userLeaving=true]
10-18 13:25:30.923 I/am_add_to_stopping( 1594): [0,44662526,com.vitrinedecraques.app/.MainActivity,makeInvisible]
10-18 13:25:30.931 I/am_on_paused_called(29824): [0,com.vitrinedecraques.app.MainActivity,performPause,0]
10-18 13:25:31.339 I/am_stop_activity( 1594): [0,44662526,com.vitrinedecraques.app/.MainActivity]
10-18 13:25:31.380 I/am_on_stop_called(29824): [0,com.vitrinedecraques.app.MainActivity,STOP_ACTIVITY_ITEM,0]
10-18 13:25:32.286 I/sysui_multi_action( 2131): [757,289,758,4,806,ComponentInfo{com.vitrinedecraques.app/com.vitrinedecraques.app.MainActivity}]
10-18 13:25:32.288 I/am_finish_activity( 1594): [29824,44662526,1601,com.vitrinedecraques.app/.MainActivity,remove-task]
10-18 13:25:32.289 I/am_destroy_activity( 1594): [29824,44662526,1601,com.vitrinedecraques.app/.MainActivity,finish-imm:finishActivityLocked]
10-18 13:25:32.298 I/am_kill ( 1594): [0,29824,com.vitrinedecraques.app,700,SwipeUpClean]
10-18 13:25:32.444 I/am_proc_died( 1594): [0,29824,com.vitrinedecraques.app,700,16]
10-18 13:25:33.565 I/dvm_lock_sample( 1594): [system_server,1,Binder:1594_9,42,ActivityManagerService.java,1537,void com.android.server.am.ActivityManagerService$AppDeathRecipient.binderDied(),-,1537,void com.android.server.am.ActivityManagerService$AppDeathRecipient.binderDied(),8]
10-18 13:25:33.655 I/dvm_lock_sample( 1594): [system_server,1,Binder:1594_1E,17,ActivityManagerService.java,8605,boolean com.android.server.am.ActivityManagerService.isUidActive(int, java.lang.String),-,1537,void com.android.server.am.ActivityManagerService$AppDeathRecipient.binderDied(),3]
10-18 13:25:33.671 I/dvm_lock_sample( 1594): [system_server,1,main,29,ActivityManagerService.java,14463,boolean com.android.server.am.ActivityManagerService.unbindService(android.app.IServiceConnection),-,1537,void com.android.server.am.ActivityManagerService$AppDeathRecipient.binderDied(),5]
10-18 13:36:05.179 I/dvm_lock_sample( 1594): [system_server,1,Binder:1594_B,15,ActivityManagerService.java,10031,java.util.List com.android.server.am.ActivityManagerService.getRunningAppProcesses(),-,14450,int com.android.server.am.ActivityManagerService.bindIsolatedService(android.app.IApplicationThread, android.os.IBinder, android.content.Intent, java.lang.String, android.app.IServiceConnection, int, java.lang.String, java.lang.String, int),3]
10-18 13:36:05.254 I/dvm_lock_sample( 1594): [system_server,1,Binder:1594_9,5,ActivityManagerService.java,7717,boolean com.android.server.am.ActivityManagerService.refContentProvider(android.os.IBinder, int, int),-,14463,boolean com.android.server.am.ActivityManagerService.unbindService(android.app.IServiceConnection),1]
10-18 13:36:39.558 I/dvm_lock_sample( 1594): [system_server,0,Binder:1594_12,12,ActivityManagerService.java,14494,void com.android.server.am.ActivityManagerService.serviceDoneExecuting(android.os.IBinder, int, int, int),-,8605,boolean com.android.server.am.ActivityManagerService.isUidActive(int, java.lang.String),2]
10-18 13:36:42.036 I/dvm_lock_sample( 1594): [system_server,1,Binder:1594_17,15,ActivityManagerService.java,6752,java.lang.String com.android.server.am.ActivityManagerService.checkContentProviderAccess(java.lang.String, int),-,14450,int com.android.server.am.ActivityManagerService.bindIsolatedService(android.app.IApplicationThread, android.os.IBinder, android.content.Intent, java.lang.String, android.app.IServiceConnection, int, java.lang.String, java.lang.String, int),3]
10-18 13:39:10.216 I/dvm_lock_sample( 1594): [system_server,1,android.ui,5,ActivityManagerService.java,3378,void com.android.server.am.ActivityManagerService.dispatchUidsChanged(),-,5395,void com.android.server.am.ActivityManagerService.attachApplication(android.app.IApplicationThread, long),1]
10-18 13:46:39.556 I/dvm_lock_sample( 1594): [system_server,1,android.ui,10,ActivityManagerService.java,3378,void com.android.server.am.ActivityManagerService.dispatchUidsChanged(),-,14450,int com.android.server.am.ActivityManagerService.bindIsolatedService(android.app.IApplicationThread, android.os.IBinder, android.content.Intent, java.lang.String, android.app.IServiceConnection, int, java.lang.String, java.lang.String, int),2]
10-18 13:49:54.684 I/dvm_lock_sample( 1594): [system_server,1,main,11,ActivityManagerService.java,14463,boolean com.android.server.am.ActivityManagerService.unbindService(android.app.IServiceConnection),-,14463,boolean com.android.server.am.ActivityManagerService.unbindService(android.app.IServiceConnection),2]
10-18 13:53:30.948 I/dvm_lock_sample( 1594): [system_server,1,Binder:1594_C,14,ActivityManagerService.java,14450,int com.android.server.am.ActivityManagerService.bindIsolatedService(android.app.IApplicationThread, android.os.IBinder, android.content.Intent, java.lang.String, android.app.IServiceConnection, int, java.lang.String, java.lang.String, int),-,14450,int com.android.server.am.ActivityManagerService.bindIsolatedService(android.app.IApplicationThread, android.os.IBinder, android.content.Intent, java.lang.String, android.app.IServiceConnection, int, java.lang.String, java.lang.String, int),2]
10-18 13:59:07.317 I/dvm_lock_sample( 1594): [system_server,0,Binder:1594_18,5,ActivityManagerService.java,14494,void com.android.server.am.ActivityManagerService.serviceDoneExecuting(android.os.IBinder, int, int, int),-,14450,int com.android.server.am.ActivityManagerService.bindIsolatedService(android.app.IApplicationThread, android.os.IBinder, android.content.Intent, java.lang.String, android.app.IServiceConnection, int, java.lang.String, java.lang.String, int),1]
10-18 14:00:37.070 I/dvm_lock_sample( 1594): [system_server,1,android.ui,12,ActivityManagerService.java,3378,void com.android.server.am.ActivityManagerService.dispatchUidsChanged(),-,14450,int com.android.server.am.ActivityManagerService.bindIsolatedService(android.app.IApplicationThread, android.os.IBinder, android.content.Intent, java.lang.String, android.app.IServiceConnection, int, java.lang.String, java.lang.String, int),2]
10-18 14:07:52.429 I/dvm_lock_sample( 1594): [system_server,1,Binder:1594_1C,12,ActivityManagerService.java,6752,java.lang.String com.android.server.am.ActivityManagerService.checkContentProviderAccess(java.lang.String, int),-,16095,void com.android.server.am.ActivityManagerService.finishReceiver(android.os.IBinder, int, java.lang.String, android.os.Bundle, boolean, int),2]
10-18 14:07:53.066 I/dvm_lock_sample( 1594): [system_server,0,android.bg,12,ActivityManagerService.java,2043,void com.android.server.am.ActivityManagerService$5.handleMessage(android.os.Message),-,16095,void com.android.server.am.ActivityManagerService.finishReceiver(android.os.IBinder, int, java.lang.String, android.os.Bundle, boolean, int),2]
10-18 14:10:12.027 I/dvm_lock_sample( 1594): [system_server,1,android.display,11,WindowProcessController.java,542,boolean com.android.server.wm.WindowProcessController.hasActivitiesOrRecentTasks(),ActivityTaskManagerService.java,4006,void com.android.server.wm.ActivityTaskManagerService.keyguardGoingAway(int),2]
10-18 14:10:12.030 I/dvm_lock_sample( 1594): [system_server,1,Binder:1594_1B,32,ActivityManagerService.java,6752,java.lang.String com.android.server.am.ActivityManagerService.checkContentProviderAccess(java.lang.String, int),ProcessRecord.java,1358,void com.android.server.am.ProcessRecord.updateProcessInfo(boolean, boolean, boolean),6]
10-18 14:14:25.306 I/dvm_lock_sample( 1594): [system_server,1,Binder:1594_E,9,ActivityManagerService.java,5955,boolean com.android.server.am.ActivityManagerService.isAppBad(android.content.pm.ApplicationInfo),-,14450,int com.android.server.am.ActivityManagerService.bindIsolatedService(android.app.IApplicationThread, android.os.IBinder, android.content.Intent, java.lang.String, android.app.IServiceConnection, int, java.lang.String, java.lang.String, int),1]
10-18 14:14:26.272 I/dvm_lock_sample( 1594): [system_server,1,android.ui,10,ActivityManagerService.java,3378,void com.android.server.am.ActivityManagerService.dispatchUidsChanged(),-,16095,void com.android.server.am.ActivityManagerService.finishReceiver(android.os.IBinder, int, java.lang.String, android.os.Bundle, boolean, int),2]
10-18 14:14:34.051 I/dvm_lock_sample( 1594): [system_server,1,Binder:1594_9,17,ActivityManagerService.java,14474,void com.android.server.am.ActivityManagerService.publishService(android.os.IBinder, android.content.Intent, android.os.IBinder),-,7564,void com.android.server.am.ActivityManagerService.removeContentProvider(android.os.IBinder, boolean),3]
10-18 14:15:10.933 I/dvm_lock_sample( 1594): [system_server,1,Binder:1594_2,12,ActivityManagerService.java,6978,android.app.ContentProviderHolder com.android.server.am.ActivityManagerService.getContentProviderImpl(android.app.IApplicationThread, java.lang.String, android.os.IBinder, int, java.lang.String, java.lang.String, boolean, int),-,1537,void com.android.server.am.ActivityManagerService$AppDeathRecipient.binderDied(),2]
10-18 14:16:10.657 I/dvm_lock_sample( 1594): [system_server,1,Binder:1594_4,6,ActivityManagerService.java,8605,boolean com.android.server.am.ActivityManagerService.isUidActive(int, java.lang.String),-,14450,int com.android.server.am.ActivityManagerService.bindIsolatedService(android.app.IApplicationThread, android.os.IBinder, android.content.Intent, java.lang.String, android.app.IServiceConnection, int, java.lang.String, java.lang.String, int),1]
10-18 14:16:11.336 I/dvm_lock_sample( 1594): [system_server,1,Binder:1594_4,8,ActivityManagerService.java,14450,int com.android.server.am.ActivityManagerService.bindIsolatedService(android.app.IApplicationThread, android.os.IBinder, android.content.Intent, java.lang.String, android.app.IServiceConnection, int, java.lang.String, java.lang.String, int),-,16095,void com.android.server.am.ActivityManagerService.finishReceiver(android.os.IBinder, int, java.lang.String, android.os.Bundle, boolean, int),1]
10-18 14:16:33.411 I/dvm_lock_sample( 1594): [system_server,1,Binder:1594_19,8,ActivityManagerService.java,5955,boolean com.android.server.am.ActivityManagerService.isAppBad(android.content.pm.ApplicationInfo),-,14494,void com.android.server.am.ActivityManagerService.serviceDoneExecuting(android.os.IBinder, int, int, int),1]
10-18 14:16:34.486 I/dvm_lock_sample( 1594): [system_server,1,Binder:1594_19,5,ActivityManagerService.java,1537,void com.android.server.am.ActivityManagerService$AppDeathRecipient.binderDied(),-,1537,void com.android.server.am.ActivityManagerService$AppDeathRecipient.binderDied(),1]
10-18 14:16:38.768 I/dvm_lock_sample( 1594): [system_server,1,android.ui,8,ActivityManagerService.java,3378,void com.android.server.am.ActivityManagerService.dispatchUidsChanged(),-,14450,int com.android.server.am.ActivityManagerService.bindIsolatedService(android.app.IApplicationThread, android.os.IBinder, android.content.Intent, java.lang.String, android.app.IServiceConnection, int, java.lang.String, java.lang.String, int),1]
10-18 14:17:30.353 I/dvm_lock_sample( 1594): [system_server,1,Binder:1594_19,5,ActivityManagerService.java,14488,void com.android.server.am.ActivityManagerService.unbindFinished(android.os.IBinder, android.content.Intent, boolean),-,14463,boolean com.android.server.am.ActivityManagerService.unbindService(android.app.IServiceConnection),1]
10-18 14:22:10.688 I/dvm_lock_sample( 1594): [system_server,1,android.ui,5,ActivityManagerService.java,3378,void com.android.server.am.ActivityManagerService.dispatchUidsChanged(),-,5395,void com.android.server.am.ActivityManagerService.attachApplication(android.app.IApplicationThread, long),1]
10-18 14:25:45.627 I/dvm_lock_sample( 1594): [system_server,1,Binder:1594_C,10,ActivityManagerService.java,6752,java.lang.String com.android.server.am.ActivityManagerService.checkContentProviderAccess(java.lang.String, int),-,14463,boolean com.android.server.am.ActivityManagerService.unbindService(android.app.IServiceConnection),2]
10-18 14:25:51.804 I/dvm_lock_sample( 1594): [system_server,1,android.ui,6,ActivityManagerService.java,3378,void com.android.server.am.ActivityManagerService.dispatchUidsChanged(),-,14463,boolean com.android.server.am.ActivityManagerService.unbindService(android.app.IServiceConnection),1]
10-18 14:29:06.414 I/notification_cancel_all( 1594): [1000,1594,com.vitrinedecraques.app,0,0,0,5,NULL]
10-18 14:29:06.550 I/dvm_lock_sample( 1594): [system_server,1,ActivityManager:procStart,38,ProcessList.java,1687,void com.android.server.am.ProcessList.lambda$startProcessLocked$0$ProcessList(com.android.server.am.ProcessRecord, java.lang.String, int[], int, int, java.lang.String, java.lang.String, java.lang.String, long),ActivityManagerService.java,14474,void com.android.server.am.ActivityManagerService.publishService(android.os.IBinder, android.content.Intent, android.os.IBinder),7]
10-18 14:29:06.571 I/sysui_multi_action( 1594): [757,147,758,4,759,1,806,com.vitrinedecraques.app]
10-18 14:29:06.584 I/dvm_lock_sample( 1594): [system_server,1,Binder:1594_9,11,ActivityManagerService.java,15989,int com.android.server.am.ActivityManagerService.broadcastIntent(android.app.IApplicationThread, android.content.Intent, java.lang.String, android.content.IIntentReceiver, int, java.lang.String, android.os.Bundle, java.lang.String[], int, android.os.Bundle, boolean, boolean, int),BroadcastQueue.java,984,void com.android.server.am.BroadcastQueue.processNextBroadcast(boolean, boolean),2]
10-18 14:29:07.241 I/dvm_lock_sample( 1594): [system_server,0,Binder:1594_16,34,ActivityManagerService.java,14494,void com.android.server.am.ActivityManagerService.serviceDoneExecuting(android.os.IBinder, int, int, int),-,14285,android.content.ComponentName com.android.server.am.ActivityManagerService.startService(android.app.IApplicationThread, android.content.Intent, java.lang.String, boolean, java.lang.String, int),6]
10-18 14:29:07.370 I/am_create_activity( 1594): [0,237376417,1604,com.vitrinedecraques.app/.MainActivity,NULL,NULL,NULL,268435456]
10-18 14:29:07.406 I/dvm_lock_sample( 1594): [system_server,1,Binder:1594_15,35,ActivityTaskManagerService.java,1746,void com.android.server.wm.ActivityTaskManagerService.activityTopResumedStateLost(),ActivityStarter.java,1313,int com.android.server.wm.ActivityStarter.startActivityMayWait(android.app.IApplicationThread, int, java.lang.String, int, int, android.content.Intent, java.lang.String, android.service.voice.IVoiceInteractionSession, com.android.internal.app.IVoiceInteractor, android.os.IBinder, java.lang.String, int, int, android.app.ProfilerInfo, android.app.WaitResult, android.content.res.Configuration, com.android.server.wm.SafeActivityOptions, boolean, int, com.android.server.wm.TaskRecord, java.lang.String, boolean, com.android.server.am.PendingIntentRecord, boolean),7]
10-18 14:29:07.454 I/dvm_lock_sample( 1594): [system_server,1,Binder:1594_16,32,ActivityManagerService.java,6752,java.lang.String com.android.server.am.ActivityManagerService.checkContentProviderAccess(java.lang.String, int),-,14463,boolean com.android.server.am.ActivityManagerService.unbindService(android.app.IServiceConnection),6]
10-18 14:29:07.501 I/am_proc_start( 1594): [0,9587,11389,com.vitrinedecraques.app,activity,{com.vitrinedecraques.app/com.vitrinedecraques.app.MainActivity}]
10-18 14:29:07.582 I/PI-ScanDispatch( 9470): service bind, pkgName = com.vitrinedecraques.app, installer = null, isReplace = true, firstGoogleTime = 1614890563430
10-18 14:29:07.667 I/am_proc_bound( 1594): [0,9587,com.vitrinedecraques.app]
10-18 14:29:07.677 I/am_restart_activity( 1594): [0,237376417,1604,com.vitrinedecraques.app/.MainActivity,9587]
10-18 14:29:07.678 D/AutoInstallService( 9320): onForegroundInfoChanged: com.vitrinedecraques.app
10-18 14:29:07.678 I/GST     (10006): forePkg: com.vitrinedecraques.app, preForePkg: com.miui.home
10-18 14:29:07.679 D/PerfEngineController( 8951): ForegroundInfo{mForegroundPackageName='com.vitrinedecraques.app', mForegroundUid=11389, mForegroundPid=9587, mLastForegroundPackageName='com.miui.home', mLastForegroundUid=10064, mLastForegroundPid=2404, mMultiWindowForegroundPackageName='null', mMultiWindowForegroundUid=-1, mFlags=1}
10-18 14:29:07.679 I/ProcessMonitor( 7233): onForegroundInfoChanged: ForegroundInfo{mForegroundPackageName='com.vitrinedecraques.app', mForegroundUid=11389, mForegroundPid=9587, mLastForegroundPackageName='com.miui.home', mLastForegroundUid=10064, mLastForegroundPid=2404, mMultiWindowForegroundPackageName='null', mMultiWindowForegroundUid=-1, mFlags=1}
10-18 14:29:07.679 I/am_set_resumed_activity( 1594): [0,com.vitrinedecraques.app/.MainActivity,minimalResumeActivityLocked]
10-18 14:29:08.006 I/ActivityManager( 1594): Killing 6599:com.miui.gallery/u0a47 (adj 985): empty #17
10-18 14:29:08.615 I/ActivityManager( 1594): Process com.huaqin.sarcontroller:controller (pid 5967) has died: svcb SVC 
10-18 14:29:08.625 W/ActivityManager( 1594): Scheduling restart of crashed service com.huaqin.sarcontroller/.SarControllerService in 0ms
10-18 14:29:08.656 I/ActivityManager( 1594): Start proc 9800:com.huaqin.sarcontroller:controller/1000 for service {com.huaqin.sarcontroller/com.huaqin.sarcontroller.SarControllerService} caller=com.huaqin.sarcontroller
10-18 14:29:08.800 I/ActivityManager( 1594): Process com.google.process.gapps (pid 7082) has died: cch+65 CEM 
10-18 14:29:08.881 I/ActivityManager( 1594): Process com.google.android.projection.gearhead:car (pid 7530) has died: cch+65 CEM 
10-18 14:29:08.887 W/ActivityManager( 1594): Scheduling restart of crashed service com.google.android.projection.gearhead/com.google.android.apps.auto.carservice.service.impl.GearheadCarStartupService in 1000ms
10-18 14:29:08.893 I/ActivityManager( 1594): Process com.qualcomm.qti.qdma (pid 6055) has died: svcb SVC 
10-18 14:29:08.897 W/ActivityManager( 1594): Scheduling restart of crashed service com.qualcomm.qti.qdma/.job.QDMAJobService in 10990ms
10-18 14:29:08.898 W/ActivityManager( 1594): Scheduling restart of crashed service com.qualcomm.qti.qdma/.uploader.UploaderService in 20990ms
10-18 14:29:09.088 I/ActivityManager( 1594): Process com.google.android.youtube (pid 7623) has died: cch+55 CEM 
10-18 14:29:09.136 I/ActivityManager( 1594): Process com.google.android.apps.maps (pid 7452) has died: cch+55 CEM 
10-18 14:29:09.295 I/ActivityManager( 1594): Start proc 9920:com.google.process.gapps/u0a29 for content provider {com.google.android.gsf/com.google.android.gsf.settings.GoogleSettingsProvider} caller=com.android.vending
10-18 14:29:09.770 I/ActivityManager( 1594): Start proc 9999:com.android.vending:background/u0a54 for broadcast {com.android.vending/com.google.android.finsky.packagemonitor.backgroundimpl.BackgroundPackageMonitorReceiverImpl$RegisteredReceiver} caller=null
10-18 14:29:09.781 W/BpBinder( 9495): Slow Binder: BpBinder transact took 531ms, interface=android.app.IActivityManager, code=20 oneway=false
10-18 14:29:09.839 I/notification_cancel_all( 1594): [1000,1594,com.vitrinedecraques.app,0,0,0,5,NULL]
10-18 14:29:09.851 I/Finsky  ( 9495): [2] AIM: AppInfoCacheUpdater -> invalidating apps: [com.vitrinedecraques.app]
10-18 14:29:09.956 I/ActivityManager( 1594): Process com.qualcomm.qti.workloadclassifier (pid 6136) has died: svcb SVC 
10-18 14:29:09.965 W/ActivityManager( 1594): Scheduling restart of crashed service com.qualcomm.qti.workloadclassifier/.WLCService in 29922ms
10-18 14:29:09.986 I/Finsky  ( 9495): [85841] AIM: AppInfoManager-Perf > OnDeviceAppInfo > cacheHitCount=0, cacheMissCount=1. Missed  in cache (limit 10) : [com.vitrinedecraques.app]
10-18 14:29:10.026 I/ActivityManager( 1594): Process com.google.android.apps.messaging (pid 6685) has died: cch+99 CEM 
10-18 14:29:10.159 I/ActivityManager( 1594): Process com.miui.videoplayer (pid 7804) has died: cch+95 CEM 
10-18 14:29:10.195 I/ActivityManager( 1594): Start proc 10045:com.google.android.webview:sandboxed_process0:org.chromium.content.app.SandboxedProcessService0:0/u0i844 for  {com.miui.global.packageinstaller/org.chromium.content.app.SandboxedProcessService0:0} caller=com.miui.global.packageinstaller
10-18 14:29:10.324 D/Launcher.Model( 2404): LauncherAppsCallback onPackageChanged|com.vitrinedecraques.app|UserHandle{0}
10-18 14:29:10.325 D/Launcher.Model( 2404): Got broadcast:Intent { act=android.intent.action.PACKAGE_CHANGED dat=package:com.vitrinedecraques.app (has extras) }
10-18 14:29:10.401 D/Launcher.AllAppsList( 2404): updatePackage, packageName=com.vitrinedecraques.app, loadMissing=false, user=UserHandle{0}, matchedSize=1
10-18 14:29:10.419 D/Launcher.AllAppsList( 2404): updatePackage, find appInfo=AppInfo, id=-1, itemType=0, user=UserHandle{0}, mIconType=0, pkgName=com.vitrinedecraques.app, className=com.vitrinedecraques.app.MainActivity, screenId=-1, container=-1, cellX=-1, cellY=-1, spanX=1, spanY=1, isLandscapePos=false from ComponentInfo{com.vitrinedecraques.app/com.vitrinedecraques.app.MainActivity}
10-18 14:29:10.426 D/Launcher.Model( 2404): onReceiveBackground, mAllAppsList=add=[], remove=[], modified=[(0, AppInfo, id=-1, itemType=0, user=UserHandle{0}, mIconType=0, pkgName=com.vitrinedecraques.app, className=com.vitrinedecraques.app.MainActivity, screenId=-1, container=-1, cellX=-1, cellY=-1, spanX=1, spanY=1, isLandscapePos=false)]
10-18 14:29:10.485 W/BroadcastQueue( 1594): Background execution not allowed: receiving Intent { act=android.intent.action.PACKAGE_REPLACED dat=package:com.vitrinedecraques.app flg=0x4000010 (has extras) } to com.facebook.appmanager/com.facebook.oxygen.common.packages.event.manifest.ManifestPackageEventReceiver
10-18 14:29:10.503 W/BroadcastQueue( 1594): Background execution not allowed: receiving Intent { act=android.intent.action.PACKAGE_REPLACED dat=package:com.vitrinedecraques.app flg=0x4000010 (has extras) } to com.google.android.gms/.chimera.GmsIntentOperationService$PersistentTrustedReceiver
10-18 14:29:10.504 W/BroadcastQueue( 1594): Background execution not allowed: receiving Intent { act=android.intent.action.PACKAGE_REPLACED dat=package:com.vitrinedecraques.app flg=0x4000010 (has extras) } to com.google.android.gms/.gass.chimera.PackageChangeBroadcastReceiver
10-18 14:29:10.504 W/BroadcastQueue( 1594): Background execution not allowed: receiving Intent { act=android.intent.action.PACKAGE_REPLACED dat=package:com.vitrinedecraques.app flg=0x4000010 (has extras) } to com.miui.audioeffect/com.android.musicfx.Compatibility$Receiver
10-18 14:29:10.505 W/BroadcastQueue( 1594): Background execution not allowed: receiving Intent { act=android.intent.action.PACKAGE_REPLACED dat=package:com.vitrinedecraques.app flg=0x4000010 (has extras) } to com.miui.notes/com.miui.floatwindow.BootBroadcastReceiver
10-18 14:29:10.505 W/BroadcastQueue( 1594): Background execution not allowed: receiving Intent { act=android.intent.action.PACKAGE_REPLACED dat=package:com.vitrinedecraques.app flg=0x4000010 (has extras) } to com.google.android.apps.photos/.account.full.FetchAccountPropertiesAppUpgradeBroadcastReceiver
10-18 14:29:10.505 W/BroadcastQueue( 1594): Background execution not allowed: receiving Intent { act=android.intent.action.PACKAGE_REPLACED dat=package:com.vitrinedecraques.app flg=0x4000010 (has extras) } to com.google.android.apps.photos/.account.full.SyncAccountsForLoginBroadcastReceiver
10-18 14:29:10.506 W/BroadcastQueue( 1594): Background execution not allowed: receiving Intent { act=android.intent.action.PACKAGE_REPLACED dat=package:com.vitrinedecraques.app flg=0x4000010 (has extras) } to com.google.android.apps.photos/.notificationchannels.AppUpdateBroadcastReceiver
10-18 14:29:10.615 I/ActivityManager( 1594): Process com.miui.cloudservice (pid 7186) has died: cch+55 CEM 
10-18 14:29:10.775 I/ActivityManager( 1594): Process com.google.android.apps.wellbeing (pid 8211) has died: cch+95 CEM 
10-18 14:29:10.899 I/dvm_lock_sample( 1594): [system_server,0,Binder:1594_D,17,ActivityManagerService.java,16095,void com.android.server.am.ActivityManagerService.finishReceiver(android.os.IBinder, int, java.lang.String, android.os.Bundle, boolean, int),-,14450,int com.android.server.am.ActivityManagerService.bindIsolatedService(android.app.IApplicationThread, android.os.IBinder, android.content.Intent, java.lang.String, android.app.IServiceConnection, int, java.lang.String, java.lang.String, int),3]
10-18 14:29:10.932 I/ActivityManager( 1594): Start proc 10157:com.google.android.webview:webview_service/u0a112 for service {com.google.android.webview/org.chromium.android_webview.services.ComponentsProviderService} caller=com.miui.global.packageinstaller
10-18 14:29:11.055 I/ActivityManager( 1594): Process com.google.android.apps.photos:mediametadataservice (pid 8830) has died: cch+65 CEM 
10-18 14:29:11.093 I/ActivityManager( 1594): Process com.google.android.apps.photos (pid 8776) has died: cch+55 CEM 
10-18 14:29:11.103 I/ActivityManager( 1594): Process com.xiaomi.mipicks (pid 8197) has died: cch+55 CEM 
10-18 14:29:11.236 I/ActivityManager( 1594): Process com.google.android.googlequicksearchbox:search (pid 8880) has died: cch+55 CEM 
10-18 14:29:11.393 I/ActivityManager( 1594): Process com.miui.securitycenter (pid 9295) has died: cch+45 CEM 
10-18 14:29:11.403 W/ActivityManager( 1594): setHasOverlayUi called on unknown pid: 9295
10-18 14:29:11.605 I/ActivityManager( 1594): Process com.android.keychain (pid 9444) has died: cch+35 CEM 
10-18 14:29:11.907 I/ActivityManager( 1594): Process com.miui.global.packageinstaller (pid 9470) has died: cch+25 CEM 
10-18 14:29:11.933 I/ActivityManager( 1594): Killing 10045:com.google.android.webview:sandboxed_process0:org.chromium.content.app.SandboxedProcessService0:0/u0a121i844 (adj 0): isolated not needed
