11-02 11:37:29.071 I/am_on_resume_called(26940): [0,com.vitrinedecraques.app.MainActivity,RESUME_ACTIVITY,1]
11-02 11:37:29.073 I/am_on_top_resumed_gained_called(26940): [0,com.vitrinedecraques.app.MainActivity,topWhenResuming]
11-02 11:37:29.349 I/sysui_multi_action( 1594): [319,71,321,43,322,369,325,2436494,757,761,758,9,759,4,806,com.vitrinedecraques.app,871,com.vitrinedecraques.app.MainActivity,904,com.android.shell,905,0,1320,12,1321,1]
11-02 11:37:33.980 I/am_on_top_resumed_lost_called(26940): [0,com.vitrinedecraques.app.MainActivity,topStateChangedWhenResumed]
11-02 11:37:33.982 I/am_pause_activity( 1594): [26940,134439188,com.vitrinedecraques.app/.MainActivity,userLeaving=true]
11-02 11:37:33.997 I/am_add_to_stopping( 1594): [0,134439188,com.vitrinedecraques.app/.MainActivity,makeInvisible]
11-02 11:37:34.024 I/am_on_paused_called(26940): [0,com.vitrinedecraques.app.MainActivity,performPause,1]
11-02 11:37:34.129 I/dvm_lock_sample( 1594): [system_server,1,android.ui,14,ActivityManagerService.java,3432,void com.android.server.am.ActivityManagerService.dispatchUidsChanged(),-,17671,void com.android.server.am.ActivityManagerService.trimApplications(java.lang.String),2]
11-02 11:37:34.590 I/am_stop_activity( 1594): [0,134439188,com.vitrinedecraques.app/.MainActivity]
11-02 11:37:34.693 I/am_on_stop_called(26940): [0,com.vitrinedecraques.app.MainActivity,STOP_ACTIVITY_ITEM,0]
11-02 11:37:35.869 I/sysui_multi_action(14041): [757,289,758,4,806,ComponentInfo{com.vitrinedecraques.app/com.vitrinedecraques.app.MainActivity}]
11-02 11:37:35.872 I/am_finish_activity( 1594): [26940,134439188,2141,com.vitrinedecraques.app/.MainActivity,remove-task]
11-02 11:37:35.872 I/am_destroy_activity( 1594): [26940,134439188,2141,com.vitrinedecraques.app/.MainActivity,finish-imm:finishActivityLocked]
11-02 11:37:35.963 I/am_kill ( 1594): [0,26940,com.vitrinedecraques.app,905,SwipeUpClean]
11-02 11:37:36.187 I/am_proc_died( 1594): [0,26940,com.vitrinedecraques.app,905,20]
11-02 11:37:37.671 I/dvm_lock_sample( 1594): [system_server,1,Binder:1594_3,15,ActivityManagerService.java,6752,java.lang.String com.android.server.am.ActivityManagerService.checkContentProviderAccess(java.lang.String, int),ProcessRecord.java,1358,void com.android.server.am.ProcessRecord.updateProcessInfo(boolean, boolean, boolean),3]
11-02 11:37:38.045 I/dvm_lock_sample( 1594): [system_server,1,Binder:1594_19,15,ActivityManagerService.java,14962,void com.android.server.am.ActivityManagerService.unregisterReceiver(android.content.IIntentReceiver),-,14463,boolean com.android.server.am.ActivityManagerService.unbindService(android.app.IServiceConnection),3]
11-02 11:50:04.562 I/dvm_lock_sample( 1594): [system_server,1,Binder:1594_13,5,ProcessManagerService.java,1704,java.util.List com.android.server.am.ProcessManagerService.getRunningProcessInfo(int, int, java.lang.String, java.lang.String, int),ActivityManagerService.java,1537,void com.android.server.am.ActivityManagerService$AppDeathRecipient.binderDied(),1]
11-02 11:51:38.806 I/dvm_lock_sample( 1594): [system_server,1,android.anim,5,InputMonitor.java,120,void com.android.server.wm.InputMonitor$1.run(),ActivityTaskManagerService.java,1755,void com.android.server.wm.ActivityTaskManagerService.activityPaused(android.os.IBinder),1]
11-02 11:51:42.200 I/dvm_lock_sample( 1594): [system_server,1,ActivityManager,499,PackageManagerService.java,25144,boolean com.android.server.pm.PackageManagerService$PackageManagerInternalImpl.isPermissionsReviewRequired(java.lang.String, int),-,17551,void com.android.server.pm.PackageManagerService.installPackagesLI(java.util.List),99]
11-02 11:51:42.236 I/dvm_lock_sample( 1594): [system_server,0,Binder:1594_13,475,ActivityManagerService.java,7564,void com.android.server.am.ActivityManagerService.removeContentProvider(android.os.IBinder, boolean),BroadcastQueue.java,984,void com.android.server.am.BroadcastQueue.processNextBroadcast(boolean, boolean),95]
11-02 11:51:42.485 I/dvm_lock_sample( 1594): [system_server,1,ActivityManager:procStart,35,ProcessList.java,1687,void com.android.server.am.ProcessList.lambda$startProcessLocked$0$ProcessList(com.android.server.am.ProcessRecord, java.lang.String, int[], int, int, java.lang.String, java.lang.String, java.lang.String, long),ActivityManagerService.java,15989,int com.android.server.am.ActivityManagerService.broadcastIntent(android.app.IApplicationThread, android.content.Intent, java.lang.String, android.content.IIntentReceiver, int, java.lang.String, android.os.Bundle, java.lang.String[], int, android.os.Bundle, boolean, boolean, int),7]
11-02 11:51:42.548 I/sysui_multi_action( 1594): [757,147,758,4,759,1,806,com.vitrinedecraques.app]
11-02 11:51:42.558 I/dvm_lock_sample( 1594): [system_server,1,Binder:1594_1B,26,ActivityManagerService.java,14285,android.content.ComponentName com.android.server.am.ActivityManagerService.startService(android.app.IApplicationThread, android.content.Intent, java.lang.String, boolean, java.lang.String, int),BroadcastQueue.java,984,void com.android.server.am.BroadcastQueue.processNextBroadcast(boolean, boolean),5]
11-02 11:51:43.346 I/am_create_activity( 1594): [0,97203560,2144,com.vitrinedecraques.app/.MainActivity,NULL,NULL,NULL,268435456]
11-02 11:51:43.439 I/am_proc_start( 1594): [0,1407,11404,com.vitrinedecraques.app,activity,{com.vitrinedecraques.app/com.vitrinedecraques.app.MainActivity}]
11-02 11:51:43.553 I/ActivityManager( 1594): Process com.huaqin.sarcontroller:controller (pid 31656) has died: svcb SVC 
11-02 11:51:43.561 W/ActivityManager( 1594): Scheduling restart of crashed service com.huaqin.sarcontroller/.SarControllerService in 0ms
11-02 11:51:43.608 I/ActivityManager( 1594): Start proc 1491:com.huaqin.sarcontroller:controller/1000 for service {com.huaqin.sarcontroller/com.huaqin.sarcontroller.SarControllerService} caller=com.huaqin.sarcontroller
11-02 11:51:43.631 I/am_proc_bound( 1594): [0,1407,com.vitrinedecraques.app]
11-02 11:51:43.652 I/am_restart_activity( 1594): [0,97203560,2144,com.vitrinedecraques.app/.MainActivity,1407]
11-02 11:51:43.654 I/am_set_resumed_activity( 1594): [0,com.vitrinedecraques.app/.MainActivity,minimalResumeActivityLocked]
11-02 11:51:43.655 D/AutoInstallService(32549): onForegroundInfoChanged: com.vitrinedecraques.app
11-02 11:51:43.657 I/GST     (10006): forePkg: com.vitrinedecraques.app, preForePkg: com.miui.home
11-02 11:51:43.658 D/PerfEngineController(  507): ForegroundInfo{mForegroundPackageName='com.vitrinedecraques.app', mForegroundUid=11404, mForegroundPid=1407, mLastForegroundPackageName='com.miui.home', mLastForegroundUid=10064, mLastForegroundPid=2404, mMultiWindowForegroundPackageName='null', mMultiWindowForegroundUid=-1, mFlags=1}
11-02 11:51:43.663 I/ProcessMonitor( 6042): onForegroundInfoChanged: ForegroundInfo{mForegroundPackageName='com.vitrinedecraques.app', mForegroundUid=11404, mForegroundPid=1407, mLastForegroundPackageName='com.miui.home', mLastForegroundUid=10064, mLastForegroundPid=2404, mMultiWindowForegroundPackageName='null', mMultiWindowForegroundUid=-1, mFlags=1}
11-02 11:51:43.664 I/dvm_lock_sample( 1594): [system_server,1,Binder:1594_1,12,ActivityManagerService.java,6752,java.lang.String com.android.server.am.ActivityManagerService.checkContentProviderAccess(java.lang.String, int),-,5395,void com.android.server.am.ActivityManagerService.attachApplication(android.app.IApplicationThread, long),2]
11-02 11:51:43.700 I/PI-ScanDispatch( 1175): service bind, pkgName = com.vitrinedecraques.app, installer = null, isReplace = true, firstGoogleTime = 1614890563430
11-02 11:51:43.751 I/ActivityManager( 1594): Process com.google.android.googlequicksearchbox:search (pid 32069) has died: cch+75 CEM 
11-02 11:51:43.775 I/dvm_lock_sample( 1594): [system_server,1,Binder:1594_1A,39,ActivityManagerService.java,14463,boolean com.android.server.am.ActivityManagerService.unbindService(android.app.IServiceConnection),-,5395,void com.android.server.am.ActivityManagerService.attachApplication(android.app.IApplicationThread, long),7]
11-02 11:51:44.120 I/ActivityManager( 1594): Process com.google.android.apps.turbo (pid 32407) has died: cch+65 CEM 
11-02 11:51:44.176 I/ActivityManager( 1594): Process com.google.android.googlequicksearchbox:googleapp (pid 32209) has died: cch+65 CEM 
11-02 11:51:44.250 I/ActivityManager( 1594): Process com.google.android.apps.photos:mediametadataservice (pid 32501) has died: cch+55 CEM 
11-02 11:51:44.349 I/ActivityManager( 1594): Start proc 1730:com.google.process.gapps/u0a29 for content provider {com.google.android.gsf/com.google.android.gsf.settings.GoogleSettingsProvider} caller=com.android.vending
11-02 11:51:44.591 I/ActivityManager( 1594): Process com.qualcomm.qti.qdma (pid 31983) has died: svcb SVC 
11-02 11:51:44.615 W/ActivityManager( 1594): Scheduling restart of crashed service com.qualcomm.qti.qdma/.job.QDMAJobService in 1000ms
11-02 11:51:44.616 W/ActivityManager( 1594): Scheduling restart of crashed service com.qualcomm.qti.qdma/.uploader.UploaderService in 11000ms
11-02 11:51:44.811 I/ActivityManager( 1594): Process com.android.keychain (pid 1091) has died: cch+15 CEM 
11-02 11:51:44.834 I/notification_cancel_all( 1594): [1000,1594,com.vitrinedecraques.app,0,0,0,5,NULL]
11-02 11:51:44.863 I/ActivityManager( 1594): Process com.miui.securitycenter (pid 682) has died: cch+15 CEM 
11-02 11:51:44.875 W/ActivityManager( 1594): setHasOverlayUi called on unknown pid: 682
11-02 11:51:44.875 I/ActivityManager( 1594): Process com.google.android.apps.photos (pid 32440) has died: cch+25 CEM 
11-02 11:51:44.883 I/notification_cancel_all( 1594): [1000,1594,com.vitrinedecraques.app,0,0,0,5,NULL]
11-02 11:51:44.942 W/Looper  ( 1594): Slow dispatch took 110ms android.ui h=com.android.server.am.ActivityManagerService$UiHandler c=null m=53
11-02 11:51:44.946 I/dvm_lock_sample( 1594): [system_server,1,Binder:1594_2,54,ActivityManagerService.java,5963,int com.android.server.am.ActivityManagerService.getUidState(int),-,7717,boolean com.android.server.am.ActivityManagerService.refContentProvider(android.os.IBinder, int, int),10]
11-02 11:51:44.976 I/dvm_lock_sample( 1594): [system_server,1,Binder:1594_2,29,ActivityManagerService.java,5963,int com.android.server.am.ActivityManagerService.getUidState(int),-,14875,android.content.Intent com.android.server.am.ActivityManagerService.registerReceiver(android.app.IApplicationThread, java.lang.String, android.content.IIntentReceiver, android.content.IntentFilter, java.lang.String, int, int),5]
11-02 11:51:45.059 W/BpBinder( 1256): Slow Binder: BpBinder transact took 793ms, interface=android.app.IActivityManager, code=20 oneway=false
11-02 11:51:45.124 I/ActivityManager( 1594): Process com.miui.global.packageinstaller (pid 1175) has died: fore SVC 
11-02 11:51:45.392 I/ActivityManager( 1594): Process com.xiaomi.bluetooth (pid 32113) has died: svcb SVC 
11-02 11:51:45.396 W/ActivityManager( 1594): Scheduling restart of crashed service com.xiaomi.bluetooth/com.android.bluetooth.ble.app.MiuiBleAppService in 20219ms
11-02 11:51:45.397 W/ActivityManager( 1594): Scheduling restart of crashed service com.xiaomi.bluetooth/com.android.bluetooth.ble.app.MiuiFastConnectService in 30218ms
11-02 11:51:45.397 W/ActivityManager( 1594): Scheduling restart of crashed service com.xiaomi.bluetooth/com.android.bluetooth.ble.app.MiuiNearbyService in 40218ms
11-02 11:51:45.420 I/ActivityManager( 1594): Process com.qualcomm.qti.workloadclassifier (pid 32305) has died: svcb SVC 
11-02 11:51:45.423 W/ActivityManager( 1594): Scheduling restart of crashed service com.qualcomm.qti.workloadclassifier/.WLCService in 50192ms
11-02 11:51:45.453 I/ActivityManager( 1594): Process com.miui.powerkeeper (pid 507) has died: svcb BTOP
11-02 11:51:45.457 W/ActivityManager( 1594): Scheduling restart of crashed service com.miui.powerkeeper/.feedbackcontrol.FeedbackControlService in 60158ms
11-02 11:51:45.457 W/ActivityManager( 1594): Scheduling restart of crashed service com.miui.powerkeeper/.PowerKeeperBackgroundService in 70158ms
11-02 11:51:45.457 W/ActivityManager( 1594): Scheduling restart of crashed service com.miui.powerkeeper/.powerchecker.PowerCheckerService in 83996ms
11-02 11:51:45.458 W/ActivityManager( 1594): Scheduling restart of crashed service com.miui.powerkeeper/.statemachine.PowerStateMachineService in 123996ms
11-02 11:51:45.458 W/ActivityManager( 1594): Scheduling restart of crashed service com.miui.powerkeeper/.stepsprovider.StepsService in 163996ms
11-02 11:51:45.458 W/ActivityManager( 1594): Scheduling restart of crashed service com.xiaomi.powerchecker/.PowerCheckerService in 203992ms
11-02 11:51:45.462 I/ActivityManager( 1594): Process com.miui.core (pid 32549) has died: svcb SVC 
11-02 11:51:45.464 W/ActivityManager( 1594): Scheduling restart of crashed service com.miui.core/miui.autoinstall.config.service.AutoInstallService in 93989ms
11-02 11:51:45.648 I/ActivityManager( 1594): Start proc 2010:com.qualcomm.qti.qdma/1000 for service {com.qualcomm.qti.qdma/com.qualcomm.qti.qdma.job.QDMAJobService} caller=com.qualcomm.qti.qdma
11-02 11:51:45.800 I/ActivityManager( 1594): Process com.qualcomm.telephony (pid 966) has died: svcb SVC 
11-02 11:51:45.804 W/ActivityManager( 1594): Scheduling restart of crashed service com.qualcomm.atfwd/.AtFwdService in 4000ms
11-02 11:51:45.808 I/ActivityManager( 1594): Process com.android.settings:remote (pid 32173) has died: svcb SVC 
11-02 11:51:45.811 W/ActivityManager( 1594): Scheduling restart of crashed service com.android.settings/.dangerousoptions.DangerousOptionsWarningService in 103643ms
11-02 11:51:45.881 I/ActivityManager( 1594): Process com.huaqin.diaglogger (pid 32623) has died: svcb SVC 
11-02 11:51:45.884 W/ActivityManager( 1594): Scheduling restart of crashed service com.huaqin.diaglogger/.DiagLogService in 133570ms
11-02 11:51:45.991 D/Launcher.Model( 2404): LauncherAppsCallback onPackageChanged|com.vitrinedecraques.app|UserHandle{0}
11-02 11:51:45.991 D/Launcher.Model( 2404): Got broadcast:Intent { act=android.intent.action.PACKAGE_CHANGED dat=package:com.vitrinedecraques.app (has extras) }
11-02 11:51:46.140 D/Launcher.AllAppsList( 2404): updatePackage, packageName=com.vitrinedecraques.app, loadMissing=false, user=UserHandle{0}, matchedSize=1
11-02 11:51:46.140 D/Launcher.AllAppsList( 2404): updatePackage, find appInfo=AppInfo, id=-1, itemType=0, user=UserHandle{0}, mIconType=0, pkgName=com.vitrinedecraques.app, className=com.vitrinedecraques.app.MainActivity, screenId=-1, container=-1, cellX=-1, cellY=-1, spanX=1, spanY=1, isLandscapePos=false from ComponentInfo{com.vitrinedecraques.app/com.vitrinedecraques.app.MainActivity}
11-02 11:51:46.186 D/Launcher.Model( 2404): onReceiveBackground, mAllAppsList=add=[], remove=[], modified=[(0, AppInfo, id=-1, itemType=0, user=UserHandle{0}, mIconType=0, pkgName=com.vitrinedecraques.app, className=com.vitrinedecraques.app.MainActivity, screenId=-1, container=-1, cellX=-1, cellY=-1, spanX=1, spanY=1, isLandscapePos=false)]
11-02 11:51:46.255 I/ActivityManager( 1594): Start proc 2107:com.android.vending:background/u0a54 for broadcast {com.android.vending/com.google.android.finsky.packagemonitor.backgroundimpl.BackgroundPackageMonitorReceiverImpl$RegisteredReceiver} caller=null
11-02 11:51:46.525 I/Finsky  ( 1256): [2] AIM: AppInfoCacheUpdater -> invalidating apps: [com.vitrinedecraques.app]
11-02 11:51:46.565 I/Finsky  ( 1256): [227611] AIM: AppInfoManager-Perf > OnDeviceAppInfo > cacheHitCount=0, cacheMissCount=1. Missed  in cache (limit 10) : [com.vitrinedecraques.app]
11-02 11:51:46.892 W/BroadcastQueue( 1594): Background execution not allowed: receiving Intent { act=android.intent.action.PACKAGE_REPLACED dat=package:com.vitrinedecraques.app flg=0x4000010 (has extras) } to com.facebook.appmanager/com.facebook.oxygen.common.packages.event.manifest.ManifestPackageEventReceiver
11-02 11:51:46.894 W/BroadcastQueue( 1594): Background execution not allowed: receiving Intent { act=android.intent.action.PACKAGE_REPLACED dat=package:com.vitrinedecraques.app flg=0x4000010 (has extras) } to com.google.android.gms/.chimera.GmsIntentOperationService$PersistentTrustedReceiver
11-02 11:51:46.895 W/BroadcastQueue( 1594): Background execution not allowed: receiving Intent { act=android.intent.action.PACKAGE_REPLACED dat=package:com.vitrinedecraques.app flg=0x4000010 (has extras) } to com.google.android.gms/.gass.chimera.PackageChangeBroadcastReceiver
11-02 11:51:46.895 W/BroadcastQueue( 1594): Background execution not allowed: receiving Intent { act=android.intent.action.PACKAGE_REPLACED dat=package:com.vitrinedecraques.app flg=0x4000010 (has extras) } to com.miui.audioeffect/com.android.musicfx.Compatibility$Receiver
11-02 11:51:46.895 W/BroadcastQueue( 1594): Background execution not allowed: receiving Intent { act=android.intent.action.PACKAGE_REPLACED dat=package:com.vitrinedecraques.app flg=0x4000010 (has extras) } to com.miui.notes/com.miui.floatwindow.BootBroadcastReceiver
11-02 11:51:46.895 W/BroadcastQueue( 1594): Background execution not allowed: receiving Intent { act=android.intent.action.PACKAGE_REPLACED dat=package:com.vitrinedecraques.app flg=0x4000010 (has extras) } to com.google.android.apps.photos/.account.full.FetchAccountPropertiesAppUpgradeBroadcastReceiver
11-02 11:51:46.895 W/BroadcastQueue( 1594): Background execution not allowed: receiving Intent { act=android.intent.action.PACKAGE_REPLACED dat=package:com.vitrinedecraques.app flg=0x4000010 (has extras) } to com.google.android.apps.photos/.account.full.SyncAccountsForLoginBroadcastReceiver
11-02 11:51:46.895 W/BroadcastQueue( 1594): Background execution not allowed: receiving Intent { act=android.intent.action.PACKAGE_REPLACED dat=package:com.vitrinedecraques.app flg=0x4000010 (has extras) } to com.google.android.apps.photos/.notificationchannels.AppUpdateBroadcastReceiver
11-02 11:51:48.767 I/am_lifecycle_sample( 1407): [0,com.vitrinedecraques.app,110,5094]
11-02 11:51:48.777 E/Perf    ( 1407): Fail to get file list com.vitrinedecraques.app
11-02 11:51:48.778 E/Perf    ( 1407): Fail to get file list com.vitrinedecraques.app
11-02 11:51:48.889 D/ForceDarkHelper( 1407): updateByCheckExcludeList: pkg: com.vitrinedecraques.app activity: com.vitrinedecraques.app.MainActivity@a23a989
11-02 11:51:48.894 D/ForceDarkHelper( 1407): updateByCheckExcludeList: pkg: com.vitrinedecraques.app activity: com.vitrinedecraques.app.MainActivity@a23a989
11-02 11:51:48.929 D/ForceDarkHelper( 1407): updateByCheckExcludeList: pkg: com.vitrinedecraques.app activity: com.vitrinedecraques.app.MainActivity@a23a989
11-02 11:51:49.005 I/am_on_create_called( 1407): [0,com.vitrinedecraques.app.MainActivity,performCreate,147]
11-02 11:51:49.063 I/am_on_start_called( 1407): [0,com.vitrinedecraques.app.MainActivity,handleStartActivity,0]
11-02 11:51:49.067 I/am_on_resume_called( 1407): [0,com.vitrinedecraques.app.MainActivity,RESUME_ACTIVITY,1]
11-02 11:51:49.097 W/Looper  ( 1407): Slow Looper main: Activity com.vitrinedecraques.app/.MainActivity is 5049ms late (wall=323ms running=0ms ClientTransaction{ callbacks=[android.app.servertransaction.LaunchActivityItem] lifecycleRequest=android.app.servertransaction.ResumeActivityItem }) because of 1 msg, msg 1 took 5096ms (seq=2 late=2ms h=android.app.ActivityThread$H w=110)
11-02 11:51:49.098 I/am_on_top_resumed_gained_called( 1407): [0,com.vitrinedecraques.app.MainActivity,topStateChangedWhenResumed]
11-02 11:51:49.099 W/Looper  ( 1407): Slow Looper main: Activity com.vitrinedecraques.app/.MainActivity is 5373ms late (wall=0ms running=0ms ClientTransaction{ callbacks=[android.app.servertransaction.TopResumedActivityChangeItem] }) because of 2 msg, msg 1 took 5096ms (seq=2 late=2ms h=android.app.ActivityThread$H w=110), msg 2 took 323ms (seq=3 late=5049ms h=android.app.ActivityThread$H w=159)
11-02 11:51:49.388 D/ForceDarkHelper( 1407): updateByCheckExcludeList: pkg: com.vitrinedecraques.app activity: com.vitrinedecraques.app.MainActivity@a23a989
11-02 11:51:49.831 I/ActivityManager( 1594): Start proc 2252:com.qualcomm.telephony/u0a147 for service {com.qualcomm.atfwd/com.qualcomm.atfwd.AtFwdService} caller=com.qualcomm.atfwd
