10-19 11:30:32.783 I/dvm_lock_sample( 1594): [system_server,1,Binder:1594_12,75,ActivityManagerService.java,6752,java.lang.String com.android.server.am.ActivityManagerService.checkContentProviderAccess(java.lang.String, int),-,14450,int com.android.server.am.ActivityManagerService.bindIsolatedService(android.app.IApplicationThread, android.os.IBinder, android.content.Intent, java.lang.String, android.app.IServiceConnection, int, java.lang.String, java.lang.String, int),15]
10-19 11:30:32.816 I/sysui_multi_action( 1594): [757,147,758,4,759,1,806,com.vitrinedecraques.app]
10-19 11:30:33.081 I/dvm_lock_sample( 1594): [system_server,0,Binder:1594_13,34,ActivityManagerService.java,14494,void com.android.server.am.ActivityManagerService.serviceDoneExecuting(android.os.IBinder, int, int, int),-,5395,void com.android.server.am.ActivityManagerService.attachApplication(android.app.IApplicationThread, long),6]
10-19 11:30:34.926 I/am_create_activity( 1594): [0,230053289,1634,com.vitrinedecraques.app/.MainActivity,NULL,NULL,NULL,268435456]
10-19 11:30:35.857 I/dvm_lock_sample( 1594): [system_server,1,Binder:1594_2,1174,WindowProcessUtils.java,405,java.lang.String com.android.server.wm.WindowProcessUtils.getCallerPackageName(com.android.server.wm.ActivityTaskManagerService, android.app.IApplicationThread),ActivityStarter.java,1313,int com.android.server.wm.ActivityStarter.startActivityMayWait(android.app.IApplicationThread, int, java.lang.String, int, int, android.content.Intent, java.lang.String, android.service.voice.IVoiceInteractionSession, com.android.internal.app.IVoiceInteractor, android.os.IBinder, java.lang.String, int, int, android.app.ProfilerInfo, android.app.WaitResult, android.content.res.Configuration, com.android.server.wm.SafeActivityOptions, boolean, int, com.android.server.wm.TaskRecord, java.lang.String, boolean, com.android.server.am.PendingIntentRecord, boolean),100]
10-19 11:30:35.857 I/dvm_lock_sample( 1594): [system_server,1,Binder:1594_16,1163,WindowProcessUtils.java,405,java.lang.String com.android.server.wm.WindowProcessUtils.getCallerPackageName(com.android.server.wm.ActivityTaskManagerService, android.app.IApplicationThread),ActivityStarter.java,1313,int com.android.server.wm.ActivityStarter.startActivityMayWait(android.app.IApplicationThread, int, java.lang.String, int, int, android.content.Intent, java.lang.String, android.service.voice.IVoiceInteractionSession, com.android.internal.app.IVoiceInteractor, android.os.IBinder, java.lang.String, int, int, android.app.ProfilerInfo, android.app.WaitResult, android.content.res.Configuration, com.android.server.wm.SafeActivityOptions, boolean, int, com.android.server.wm.TaskRecord, java.lang.String, boolean, com.android.server.am.PendingIntentRecord, boolean),100]
10-19 11:30:35.858 I/dvm_lock_sample( 1594): [system_server,1,Binder:1594_12,927,ActivityTaskManagerService.java,1746,void com.android.server.wm.ActivityTaskManagerService.activityTopResumedStateLost(),ActivityStarter.java,1313,int com.android.server.wm.ActivityStarter.startActivityMayWait(android.app.IApplicationThread, int, java.lang.String, int, int, android.content.Intent, java.lang.String, android.service.voice.IVoiceInteractionSession, com.android.internal.app.IVoiceInteractor, android.os.IBinder, java.lang.String, int, int, android.app.ProfilerInfo, android.app.WaitResult, android.content.res.Configuration, com.android.server.wm.SafeActivityOptions, boolean, int, com.android.server.wm.TaskRecord, java.lang.String, boolean, com.android.server.am.PendingIntentRecord, boolean),100]
10-19 11:30:35.860 I/binder_sample( 2404): [android.app.IActivityTaskManager,19,929,com.miui.home,100]
10-19 11:30:35.861 I/dvm_lock_sample( 1594): [system_server,1,Binder:1594_1C,1154,ActivityManagerService.java,6978,android.app.ContentProviderHolder com.android.server.am.ActivityManagerService.getContentProviderImpl(android.app.IApplicationThread, java.lang.String, android.os.IBinder, int, java.lang.String, java.lang.String, boolean, int),-,6978,android.app.ContentProviderHolder com.android.server.am.ActivityManagerService.getContentProviderImpl(android.app.IApplicationThread, java.lang.String, android.os.IBinder, int, java.lang.String, java.lang.String, boolean, int),100]
10-19 11:30:35.865 I/dvm_lock_sample( 1594): [system_server,1,Binder:1594_5,1156,ActivityManagerService.java,6752,java.lang.String com.android.server.am.ActivityManagerService.checkContentProviderAccess(java.lang.String, int),-,6978,android.app.ContentProviderHolder com.android.server.am.ActivityManagerService.getContentProviderImpl(android.app.IApplicationThread, java.lang.String, android.os.IBinder, int, java.lang.String, java.lang.String, boolean, int),100]
10-19 11:30:35.865 I/dvm_lock_sample( 1594): [system_server,0,Binder:1594_11,1144,ActivityManagerService.java,14494,void com.android.server.am.ActivityManagerService.serviceDoneExecuting(android.os.IBinder, int, int, int),-,6978,android.app.ContentProviderHolder com.android.server.am.ActivityManagerService.getContentProviderImpl(android.app.IApplicationThread, java.lang.String, android.os.IBinder, int, java.lang.String, java.lang.String, boolean, int),100]
10-19 11:30:35.865 I/dvm_lock_sample( 1594): [system_server,1,Binder:1594_1E,1142,ActivityManagerService.java,14474,void com.android.server.am.ActivityManagerService.publishService(android.os.IBinder, android.content.Intent, android.os.IBinder),-,6978,android.app.ContentProviderHolder com.android.server.am.ActivityManagerService.getContentProviderImpl(android.app.IApplicationThread, java.lang.String, android.os.IBinder, int, java.lang.String, java.lang.String, boolean, int),100]
10-19 11:30:35.870 I/dvm_lock_sample( 1594): [system_server,1,Binder:1594_19,1136,ActivityManagerService.java,14791,android.content.Intent com.android.server.am.ActivityManagerService.registerReceiver(android.app.IApplicationThread, java.lang.String, android.content.IIntentReceiver, android.content.IntentFilter, java.lang.String, int, int),-,6978,android.app.ContentProviderHolder com.android.server.am.ActivityManagerService.getContentProviderImpl(android.app.IApplicationThread, java.lang.String, android.os.IBinder, int, java.lang.String, java.lang.String, boolean, int),100]
10-19 11:30:35.871 I/dvm_lock_sample( 1594): [system_server,1,Binder:1594_D,1136,ActivityManagerService.java,14791,android.content.Intent com.android.server.am.ActivityManagerService.registerReceiver(android.app.IApplicationThread, java.lang.String, android.content.IIntentReceiver, android.content.IntentFilter, java.lang.String, int, int),-,6978,android.app.ContentProviderHolder com.android.server.am.ActivityManagerService.getContentProviderImpl(android.app.IApplicationThread, java.lang.String, android.os.IBinder, int, java.lang.String, java.lang.String, boolean, int),100]
10-19 11:30:35.871 I/dvm_lock_sample( 1594): [system_server,1,Binder:1594_E,1019,ActivityManagerService.java,14791,android.content.Intent com.android.server.am.ActivityManagerService.registerReceiver(android.app.IApplicationThread, java.lang.String, android.content.IIntentReceiver, android.content.IntentFilter, java.lang.String, int, int),-,6978,android.app.ContentProviderHolder com.android.server.am.ActivityManagerService.getContentProviderImpl(android.app.IApplicationThread, java.lang.String, android.os.IBinder, int, java.lang.String, java.lang.String, boolean, int),100]
10-19 11:30:35.871 I/dvm_lock_sample( 1594): [system_server,1,Binder:1594_7,1020,ActivityManagerService.java,14791,android.content.Intent com.android.server.am.ActivityManagerService.registerReceiver(android.app.IApplicationThread, java.lang.String, android.content.IIntentReceiver, android.content.IntentFilter, java.lang.String, int, int),-,6978,android.app.ContentProviderHolder com.android.server.am.ActivityManagerService.getContentProviderImpl(android.app.IApplicationThread, java.lang.String, android.os.IBinder, int, java.lang.String, java.lang.String, boolean, int),100]
10-19 11:30:35.871 I/dvm_lock_sample( 1594): [system_server,1,Binder:1594_A,996,ActivityManagerService.java,6978,android.app.ContentProviderHolder com.android.server.am.ActivityManagerService.getContentProviderImpl(android.app.IApplicationThread, java.lang.String, android.os.IBinder, int, java.lang.String, java.lang.String, boolean, int),-,6978,android.app.ContentProviderHolder com.android.server.am.ActivityManagerService.getContentProviderImpl(android.app.IApplicationThread, java.lang.String, android.os.IBinder, int, java.lang.String, java.lang.String, boolean, int),100]
10-19 11:30:35.872 I/dvm_lock_sample( 1594): [system_server,1,Binder:1594_1A,959,ActivityManagerService.java,14791,android.content.Intent com.android.server.am.ActivityManagerService.registerReceiver(android.app.IApplicationThread, java.lang.String, android.content.IIntentReceiver, android.content.IntentFilter, java.lang.String, int, int),-,6978,android.app.ContentProviderHolder com.android.server.am.ActivityManagerService.getContentProviderImpl(android.app.IApplicationThread, java.lang.String, android.os.IBinder, int, java.lang.String, java.lang.String, boolean, int),100]
10-19 11:30:35.872 I/dvm_lock_sample( 1594): [system_server,1,Binder:1594_16,14,ActivityManagerService.java,14450,int com.android.server.am.ActivityManagerService.bindIsolatedService(android.app.IApplicationThread, android.os.IBinder, android.content.Intent, java.lang.String, android.app.IServiceConnection, int, java.lang.String, java.lang.String, int),-,6978,android.app.ContentProviderHolder com.android.server.am.ActivityManagerService.getContentProviderImpl(android.app.IApplicationThread, java.lang.String, android.os.IBinder, int, java.lang.String, java.lang.String, boolean, int),2]
10-19 11:30:35.870 I/binder_sample(10231): [android.app.IActivityManager,30,1147,com.miui.global.packageinstaller,100]
10-19 11:30:35.874 I/binder_sample(10370): [android.app.IActivityManager,20,375,com.qualcomm.qti.qdma,75]
10-19 11:30:36.067 I/am_proc_start( 1594): [0,10563,11390,com.vitrinedecraques.app,activity,{com.vitrinedecraques.app/com.vitrinedecraques.app.MainActivity}]
10-19 11:30:36.238 I/am_proc_bound( 1594): [0,10563,com.vitrinedecraques.app]
10-19 11:30:36.244 I/am_restart_activity( 1594): [0,230053289,1634,com.vitrinedecraques.app/.MainActivity,10563]
10-19 11:30:36.247 I/am_set_resumed_activity( 1594): [0,com.vitrinedecraques.app/.MainActivity,minimalResumeActivityLocked]
10-19 11:30:36.281 I/dvm_lock_sample( 1594): [system_server,1,Binder:1594_5,11,ActivityManagerService.java,6978,android.app.ContentProviderHolder com.android.server.am.ActivityManagerService.getContentProviderImpl(android.app.IApplicationThread, java.lang.String, android.os.IBinder, int, java.lang.String, java.lang.String, boolean, int),-,14494,void com.android.server.am.ActivityManagerService.serviceDoneExecuting(android.os.IBinder, int, int, int),2]
10-19 11:30:36.762 I/dvm_lock_sample( 1594): [system_server,1,Binder:1594_7,5,ActivityTaskManagerService.java,6551,int com.android.server.wm.ActivityTaskManagerService$LocalService.getTopProcessState(),WindowAnimator.java,144,void com.android.server.wm.WindowAnimator.animate(long),1]
10-19 11:30:36.861 I/notification_cancel_all( 1594): [1000,1594,com.vitrinedecraques.app,0,0,0,5,NULL]
10-19 11:30:36.942 I/notification_cancel_all( 1594): [1000,1594,com.vitrinedecraques.app,0,0,0,5,NULL]
10-19 11:30:41.500 I/am_lifecycle_sample(10563): [0,com.vitrinedecraques.app,110,5221]
10-19 11:30:41.696 I/am_on_create_called(10563): [0,com.vitrinedecraques.app.MainActivity,performCreate,123]
10-19 11:30:41.748 I/am_on_start_called(10563): [0,com.vitrinedecraques.app.MainActivity,handleStartActivity,0]
10-19 11:30:41.751 I/am_on_resume_called(10563): [0,com.vitrinedecraques.app.MainActivity,RESUME_ACTIVITY,1]
10-19 11:30:41.779 I/am_on_top_resumed_gained_called(10563): [0,com.vitrinedecraques.app.MainActivity,topStateChangedWhenResumed]
10-19 11:30:43.315 I/sysui_multi_action( 1594): [319,1622,321,1388,322,8664,325,1238619,757,761,758,7,759,1,806,com.vitrinedecraques.app,871,com.vitrinedecraques.app.MainActivity,904,com.android.shell,905,0,945,1589,1320,12,1321,1]
10-19 11:30:43.319 I/am_activity_launch_time( 1594): [0,230053289,com.vitrinedecraques.app/.MainActivity,8664]
10-19 11:30:46.336 I/am_pss  ( 1594): [10563,11390,com.vitrinedecraques.app,136162304,127672320,193536,226508800,0,2,15]
10-19 11:30:56.929 I/am_pss  ( 1594): [10563,11390,com.vitrinedecraques.app,156115968,147406848,186368,248000512,0,2,19]
10-19 11:31:27.689 I/am_on_top_resumed_lost_called(10563): [0,com.vitrinedecraques.app.MainActivity,topStateChangedWhenResumed]
10-19 11:31:27.691 I/am_pause_activity( 1594): [10563,230053289,com.vitrinedecraques.app/.MainActivity,userLeaving=true]
10-19 11:31:27.693 I/am_add_to_stopping( 1594): [0,230053289,com.vitrinedecraques.app/.MainActivity,makeInvisible]
10-19 11:31:27.702 I/am_on_paused_called(10563): [0,com.vitrinedecraques.app.MainActivity,performPause,0]
10-19 11:31:28.145 I/am_stop_activity( 1594): [0,230053289,com.vitrinedecraques.app/.MainActivity]
10-19 11:31:28.182 I/am_on_stop_called(10563): [0,com.vitrinedecraques.app.MainActivity,STOP_ACTIVITY_ITEM,0]
10-19 11:31:30.111 I/sysui_multi_action( 2131): [757,289,758,4,806,ComponentInfo{com.vitrinedecraques.app/com.vitrinedecraques.app.MainActivity}]
10-19 11:31:30.114 I/am_finish_activity( 1594): [10563,230053289,1634,com.vitrinedecraques.app/.MainActivity,remove-task]
10-19 11:31:30.114 I/am_destroy_activity( 1594): [10563,230053289,1634,com.vitrinedecraques.app/.MainActivity,finish-imm:finishActivityLocked]
10-19 11:31:30.160 I/am_kill ( 1594): [0,10563,com.vitrinedecraques.app,905,SwipeUpClean]
10-19 11:31:30.316 I/am_proc_died( 1594): [0,10563,com.vitrinedecraques.app,905,20]
10-19 11:31:33.407 I/dvm_lock_sample( 1594): [system_server,1,Binder:1594_14,5,ActivityManagerService.java,14285,android.content.ComponentName com.android.server.am.ActivityManagerService.startService(android.app.IApplicationThread, android.content.Intent, java.lang.String, boolean, java.lang.String, int),-,5395,void com.android.server.am.ActivityManagerService.attachApplication(android.app.IApplicationThread, long),1]
10-19 11:31:33.776 I/dvm_lock_sample( 1594): [system_server,1,Binder:1594_1F,5,ActivityManagerService.java,8605,boolean com.android.server.am.ActivityManagerService.isUidActive(int, java.lang.String),-,14494,void com.android.server.am.ActivityManagerService.serviceDoneExecuting(android.os.IBinder, int, int, int),1]
10-19 11:31:36.698 I/dvm_lock_sample( 1594): [system_server,1,android.display,27,ActivityManagerService.java,18519,void com.android.server.am.ActivityManagerService$LocalService.updateCpuStats(),-,16095,void com.android.server.am.ActivityManagerService.finishReceiver(android.os.IBinder, int, java.lang.String, android.os.Bundle, boolean, int),5]
10-19 11:36:03.677 I/dvm_lock_sample( 1594): [system_server,1,Binder:1594_1F,5,ActivityManagerService.java,8605,boolean com.android.server.am.ActivityManagerService.isUidActive(int, java.lang.String),-,14463,boolean com.android.server.am.ActivityManagerService.unbindService(android.app.IServiceConnection),1]
10-19 11:46:33.556 I/dvm_lock_sample( 1594): [system_server,0,android.bg,19,ActivityManagerService.java,2043,void com.android.server.am.ActivityManagerService$5.handleMessage(android.os.Message),-,14450,int com.android.server.am.ActivityManagerService.bindIsolatedService(android.app.IApplicationThread, android.os.IBinder, android.content.Intent, java.lang.String, android.app.IServiceConnection, int, java.lang.String, java.lang.String, int),3]
10-19 11:50:37.740 I/dvm_lock_sample( 1594): [system_server,0,android.bg,11,ActivityManagerService.java,2043,void com.android.server.am.ActivityManagerService$5.handleMessage(android.os.Message),BroadcastQueue.java,984,void com.android.server.am.BroadcastQueue.processNextBroadcast(boolean, boolean),2]
10-19 11:51:13.954 I/dvm_lock_sample( 1594): [system_server,1,Binder:1594_7,17,ActivityManagerService.java,6752,java.lang.String com.android.server.am.ActivityManagerService.checkContentProviderAccess(java.lang.String, int),-,14450,int com.android.server.am.ActivityManagerService.bindIsolatedService(android.app.IApplicationThread, android.os.IBinder, android.content.Intent, java.lang.String, android.app.IServiceConnection, int, java.lang.String, java.lang.String, int),3]
10-19 11:51:13.956 I/dvm_lock_sample( 1594): [system_server,1,Binder:1594_1,5,ActivityManagerService.java,14474,void com.android.server.am.ActivityManagerService.publishService(android.os.IBinder, android.content.Intent, android.os.IBinder),-,14450,int com.android.server.am.ActivityManagerService.bindIsolatedService(android.app.IApplicationThread, android.os.IBinder, android.content.Intent, java.lang.String, android.app.IServiceConnection, int, java.lang.String, java.lang.String, int),1]
10-19 11:51:35.015 I/dvm_lock_sample( 1594): [system_server,0,Binder:1594_18,10,ActivityManagerService.java,14494,void com.android.server.am.ActivityManagerService.serviceDoneExecuting(android.os.IBinder, int, int, int),-,14450,int com.android.server.am.ActivityManagerService.bindIsolatedService(android.app.IApplicationThread, android.os.IBinder, android.content.Intent, java.lang.String, android.app.IServiceConnection, int, java.lang.String, java.lang.String, int),2]
10-19 11:53:54.096 I/dvm_lock_sample( 1594): [system_server,1,android.ui,14,ActivityManagerService.java,3378,void com.android.server.am.ActivityManagerService.dispatchUidsChanged(),-,14450,int com.android.server.am.ActivityManagerService.bindIsolatedService(android.app.IApplicationThread, android.os.IBinder, android.content.Intent, java.lang.String, android.app.IServiceConnection, int, java.lang.String, java.lang.String, int),2]
10-19 11:53:54.212 I/dvm_lock_sample( 1594): [system_server,0,miui.fg,8,ActivityManagerService.java,5955,boolean com.android.server.am.ActivityManagerService.isAppBad(android.content.pm.ApplicationInfo),-,14494,void com.android.server.am.ActivityManagerService.serviceDoneExecuting(android.os.IBinder, int, int, int),1]
10-19 11:55:37.479 I/dvm_lock_sample( 1594): [system_server,1,Binder:1594_F,7,ActivityManagerService.java,14450,int com.android.server.am.ActivityManagerService.bindIsolatedService(android.app.IApplicationThread, android.os.IBinder, android.content.Intent, java.lang.String, android.app.IServiceConnection, int, java.lang.String, java.lang.String, int),-,14463,boolean com.android.server.am.ActivityManagerService.unbindService(android.app.IServiceConnection),1]
10-19 12:05:31.323 I/dvm_lock_sample( 1594): [system_server,1,Binder:1594_1,10,ActivityManagerService.java,14474,void com.android.server.am.ActivityManagerService.publishService(android.os.IBinder, android.content.Intent, android.os.IBinder),-,5395,void com.android.server.am.ActivityManagerService.attachApplication(android.app.IApplicationThread, long),2]
10-19 12:08:37.017 I/dvm_lock_sample( 1594): [system_server,1,Binder:1594_12,6,ActivityManagerService.java,8605,boolean com.android.server.am.ActivityManagerService.isUidActive(int, java.lang.String),-,14494,void com.android.server.am.ActivityManagerService.serviceDoneExecuting(android.os.IBinder, int, int, int),1]
10-19 12:12:52.274 I/dvm_lock_sample( 1594): [system_server,1,android.ui,19,ActivityManagerService.java,3432,void com.android.server.am.ActivityManagerService.dispatchUidsChanged(),-,14494,void com.android.server.am.ActivityManagerService.serviceDoneExecuting(android.os.IBinder, int, int, int),3]
10-19 12:12:52.425 I/dvm_lock_sample( 1594): [system_server,1,android.ui,10,ActivityManagerService.java,3378,void com.android.server.am.ActivityManagerService.dispatchUidsChanged(),-,1537,void com.android.server.am.ActivityManagerService$AppDeathRecipient.binderDied(),2]
10-19 12:12:53.775 I/dvm_lock_sample( 1594): [system_server,1,Binder:1594_1F,15,ActivityManagerService.java,14474,void com.android.server.am.ActivityManagerService.publishService(android.os.IBinder, android.content.Intent, android.os.IBinder),-,14450,int com.android.server.am.ActivityManagerService.bindIsolatedService(android.app.IApplicationThread, android.os.IBinder, android.content.Intent, java.lang.String, android.app.IServiceConnection, int, java.lang.String, java.lang.String, int),3]
10-19 12:12:57.910 I/dvm_lock_sample( 1594): [system_server,1,android.ui,19,ActivityManagerService.java,3378,void com.android.server.am.ActivityManagerService.dispatchUidsChanged(),-,14463,boolean com.android.server.am.ActivityManagerService.unbindService(android.app.IServiceConnection),3]
10-19 12:17:43.688 I/dvm_lock_sample( 1594): [system_server,1,ActivityManager,6,PackageManagerService.java,25144,boolean com.android.server.pm.PackageManagerService$PackageManagerInternalImpl.isPermissionsReviewRequired(java.lang.String, int),-,4817,android.content.pm.ApplicationInfo com.android.server.pm.PackageManagerService.getApplicationInfoInternal(java.lang.String, int, int, int),1]
10-19 12:17:43.780 I/sysui_multi_action( 1594): [757,147,758,4,759,1,806,com.vitrinedecraques.app]
10-19 12:17:44.720 I/am_create_activity( 1594): [0,31307536,1637,com.vitrinedecraques.app/.MainActivity,NULL,NULL,NULL,268435456]
10-19 12:17:45.280 I/dvm_lock_sample( 1594): [system_server,1,Binder:1594_1E,348,WindowProcessUtils.java,405,java.lang.String com.android.server.wm.WindowProcessUtils.getCallerPackageName(com.android.server.wm.ActivityTaskManagerService, android.app.IApplicationThread),ActivityStarter.java,1313,int com.android.server.wm.ActivityStarter.startActivityMayWait(android.app.IApplicationThread, int, java.lang.String, int, int, android.content.Intent, java.lang.String, android.service.voice.IVoiceInteractionSession, com.android.internal.app.IVoiceInteractor, android.os.IBinder, java.lang.String, int, int, android.app.ProfilerInfo, android.app.WaitResult, android.content.res.Configuration, com.android.server.wm.SafeActivityOptions, boolean, int, com.android.server.wm.TaskRecord, java.lang.String, boolean, com.android.server.am.PendingIntentRecord, boolean),69]
10-19 12:17:45.280 I/dvm_lock_sample( 1594): [system_server,1,Binder:1594_14,93,WindowProcessUtils.java,405,java.lang.String com.android.server.wm.WindowProcessUtils.getCallerPackageName(com.android.server.wm.ActivityTaskManagerService, android.app.IApplicationThread),ActivityStarter.java,1313,int com.android.server.wm.ActivityStarter.startActivityMayWait(android.app.IApplicationThread, int, java.lang.String, int, int, android.content.Intent, java.lang.String, android.service.voice.IVoiceInteractionSession, com.android.internal.app.IVoiceInteractor, android.os.IBinder, java.lang.String, int, int, android.app.ProfilerInfo, android.app.WaitResult, android.content.res.Configuration, com.android.server.wm.SafeActivityOptions, boolean, int, com.android.server.wm.TaskRecord, java.lang.String, boolean, com.android.server.am.PendingIntentRecord, boolean),18]
10-19 12:17:45.372 I/dvm_lock_sample( 1594): [system_server,1,Binder:1594_D,560,ActivityTaskManagerService.java,1746,void com.android.server.wm.ActivityTaskManagerService.activityTopResumedStateLost(),ActivityStarter.java,1313,int com.android.server.wm.ActivityStarter.startActivityMayWait(android.app.IApplicationThread, int, java.lang.String, int, int, android.content.Intent, java.lang.String, android.service.voice.IVoiceInteractionSession, com.android.internal.app.IVoiceInteractor, android.os.IBinder, java.lang.String, int, int, android.app.ProfilerInfo, android.app.WaitResult, android.content.res.Configuration, com.android.server.wm.SafeActivityOptions, boolean, int, com.android.server.wm.TaskRecord, java.lang.String, boolean, com.android.server.am.PendingIntentRecord, boolean),100]
10-19 12:17:45.372 I/binder_sample( 2404): [android.app.IActivityTaskManager,19,653,com.miui.home,100]
10-19 12:17:45.411 I/am_proc_start( 1594): [0,15181,11390,com.vitrinedecraques.app,activity,{com.vitrinedecraques.app/com.vitrinedecraques.app.MainActivity}]
10-19 12:17:46.007 I/am_proc_bound( 1594): [0,15181,com.vitrinedecraques.app]
10-19 12:17:46.016 I/am_restart_activity( 1594): [0,31307536,1637,com.vitrinedecraques.app/.MainActivity,15181]
10-19 12:17:46.018 I/am_set_resumed_activity( 1594): [0,com.vitrinedecraques.app/.MainActivity,minimalResumeActivityLocked]
10-19 12:17:46.156 I/dvm_lock_sample( 1594): [system_server,1,android.ui,53,ActivityManagerService.java,3378,void com.android.server.am.ActivityManagerService.dispatchUidsChanged(),-,1537,void com.android.server.am.ActivityManagerService$AppDeathRecipient.binderDied(),10]
10-19 12:17:47.069 I/dvm_lock_sample( 1594): [system_server,1,android.ui,43,ActivityManagerService.java,3378,void com.android.server.am.ActivityManagerService.dispatchUidsChanged(),-,1537,void com.android.server.am.ActivityManagerService$AppDeathRecipient.binderDied(),8]
10-19 12:17:47.097 I/dvm_lock_sample( 1594): [system_server,1,Binder:1594_10,39,ActivityManagerService.java,14463,boolean com.android.server.am.ActivityManagerService.unbindService(android.app.IServiceConnection),-,1537,void com.android.server.am.ActivityManagerService$AppDeathRecipient.binderDied(),7]
10-19 12:17:47.211 I/notification_cancel_all( 1594): [1000,1594,com.vitrinedecraques.app,0,0,0,5,NULL]
10-19 12:17:47.339 I/notification_cancel_all( 1594): [1000,1594,com.vitrinedecraques.app,0,0,0,5,NULL]
10-19 12:17:51.672 I/am_lifecycle_sample(15181): [0,com.vitrinedecraques.app,110,5552]
10-19 12:17:51.872 I/am_on_create_called(15181): [0,com.vitrinedecraques.app.MainActivity,performCreate,131]
10-19 12:17:51.924 I/am_on_start_called(15181): [0,com.vitrinedecraques.app.MainActivity,handleStartActivity,0]
10-19 12:17:51.927 I/am_on_resume_called(15181): [0,com.vitrinedecraques.app.MainActivity,RESUME_ACTIVITY,1]
10-19 12:17:51.958 I/am_on_top_resumed_gained_called(15181): [0,com.vitrinedecraques.app.MainActivity,topStateChangedWhenResumed]
10-19 12:17:53.581 I/sysui_multi_action( 1594): [319,1550,321,1517,322,8989,325,1241449,757,761,758,7,759,1,806,com.vitrinedecraques.app,871,com.vitrinedecraques.app.MainActivity,904,com.android.shell,905,0,945,1418,1320,12,1321,1]
10-19 12:17:53.589 I/am_activity_launch_time( 1594): [0,31307536,com.vitrinedecraques.app/.MainActivity,8989]
10-19 12:17:56.241 I/am_pss  ( 1594): [15181,11390,com.vitrinedecraques.app,140608512,132464640,204800,228425728,0,2,17]
10-19 12:18:06.589 I/am_pss  ( 1594): [15181,11390,com.vitrinedecraques.app,165016576,155340800,200704,256675840,0,2,17]
10-19 12:18:20.577 I/dvm_lock_sample( 1594): [system_server,1,android.ui,20,ActivityManagerService.java,3272,void com.android.server.am.ActivityManagerService.dispatchProcessesChanged(),-,14463,boolean com.android.server.am.ActivityManagerService.unbindService(android.app.IServiceConnection),4]
10-19 12:18:20.725 I/am_on_top_resumed_lost_called(15181): [0,com.vitrinedecraques.app.MainActivity,topStateChangedWhenResumed]
10-19 12:18:20.730 I/am_pause_activity( 1594): [15181,31307536,com.vitrinedecraques.app/.MainActivity,userLeaving=true]
10-19 12:18:20.734 I/am_add_to_stopping( 1594): [0,31307536,com.vitrinedecraques.app/.MainActivity,makeInvisible]
10-19 12:18:20.743 I/am_on_paused_called(15181): [0,com.vitrinedecraques.app.MainActivity,performPause,0]
10-19 12:18:21.208 I/am_stop_activity( 1594): [0,31307536,com.vitrinedecraques.app/.MainActivity]
10-19 12:18:21.244 I/am_on_stop_called(15181): [0,com.vitrinedecraques.app.MainActivity,STOP_ACTIVITY_ITEM,0]
10-19 12:18:21.892 I/sysui_multi_action( 2131): [757,289,758,4,806,ComponentInfo{com.vitrinedecraques.app/com.vitrinedecraques.app.MainActivity}]
10-19 12:18:21.896 I/am_finish_activity( 1594): [15181,31307536,1637,com.vitrinedecraques.app/.MainActivity,remove-task]
10-19 12:18:21.896 I/am_destroy_activity( 1594): [15181,31307536,1637,com.vitrinedecraques.app/.MainActivity,finish-imm:finishActivityLocked]
10-19 12:18:21.929 I/am_kill ( 1594): [0,15181,com.vitrinedecraques.app,700,SwipeUpClean]
10-19 12:18:22.098 I/am_proc_died( 1594): [0,15181,com.vitrinedecraques.app,700,16]
10-19 12:18:42.222 I/dvm_lock_sample( 1594): [system_server,1,android.display,7,TaskChangeNotificationController.java,282,void com.android.server.wm.TaskChangeNotificationController.forAllRemoteListeners(com.android.server.wm.TaskChangeNotificationController$TaskStackConsumer, android.os.Message),ActivityTaskManagerService.java,1755,void com.android.server.wm.ActivityTaskManagerService.activityPaused(android.os.IBinder),1]
10-19 12:20:27.607 I/dvm_lock_sample( 1594): [system_server,1,Binder:1594_1,15,ActivityManagerService.java,8605,boolean com.android.server.am.ActivityManagerService.isUidActive(int, java.lang.String),-,14494,void com.android.server.am.ActivityManagerService.serviceDoneExecuting(android.os.IBinder, int, int, int),3]
10-19 12:21:12.252 I/dvm_lock_sample( 1594): [system_server,1,android.ui,9,ActivityManagerService.java,3378,void com.android.server.am.ActivityManagerService.dispatchUidsChanged(),-,14450,int com.android.server.am.ActivityManagerService.bindIsolatedService(android.app.IApplicationThread, android.os.IBinder, android.content.Intent, java.lang.String, android.app.IServiceConnection, int, java.lang.String, java.lang.String, int),1]
10-19 12:21:35.339 I/dvm_lock_sample( 1594): [system_server,1,Binder:1594_1A,17,ActivityManagerService.java,8605,boolean com.android.server.am.ActivityManagerService.isUidActive(int, java.lang.String),-,14450,int com.android.server.am.ActivityManagerService.bindIsolatedService(android.app.IApplicationThread, android.os.IBinder, android.content.Intent, java.lang.String, android.app.IServiceConnection, int, java.lang.String, java.lang.String, int),3]
10-19 12:22:08.028 I/dvm_lock_sample( 1594): [system_server,1,android.ui,6,ActivityManagerService.java,3378,void com.android.server.am.ActivityManagerService.dispatchUidsChanged(),-,14450,int com.android.server.am.ActivityManagerService.bindIsolatedService(android.app.IApplicationThread, android.os.IBinder, android.content.Intent, java.lang.String, android.app.IServiceConnection, int, java.lang.String, java.lang.String, int),1]
10-19 12:29:16.953 I/dvm_lock_sample( 1594): [system_server,1,android.ui,8,ActivityManagerService.java,3378,void com.android.server.am.ActivityManagerService.dispatchUidsChanged(),-,14463,boolean com.android.server.am.ActivityManagerService.unbindService(android.app.IServiceConnection),1]
10-19 12:29:22.246 I/auditd  ( 1594): type=1400 audit(0.0:189198): avc: denied { getpgid } for comm="ActivityManager" scontext=u:r:system_server:s0 tcontext=u:r:app_zygote:s0:c512,c768 tclass=process permissive=0
10-19 12:29:22.276 I/auditd  ( 1594): type=1400 audit(0.0:189206): avc: denied { getpgid } for comm="ActivityManager" scontext=u:r:system_server:s0 tcontext=u:r:app_zygote:s0:c512,c768 tclass=process permissive=0
10-19 12:38:16.657 I/dvm_lock_sample( 1594): [system_server,1,ActivityManager,6,ActiveServices.java,1099,void com.android.server.am.ActiveServices.updateForegroundApps(com.android.server.am.ActiveServices$ServiceMap),ActivityManagerService.java,14343,void com.android.server.am.ActivityManagerService.setServiceForeground(android.content.ComponentName, android.os.IBinder, int, android.app.Notification, int, int),1]
10-19 12:41:42.515 I/notification_cancel_all( 1594): [1000,1594,com.vitrinedecraques.app,0,0,0,5,NULL]
10-19 12:41:42.722 I/dvm_lock_sample( 1594): [system_server,1,android.ui,12,ActivityManagerService.java,3432,void com.android.server.am.ActivityManagerService.dispatchUidsChanged(),-,14494,void com.android.server.am.ActivityManagerService.serviceDoneExecuting(android.os.IBinder, int, int, int),2]
10-19 12:41:42.742 I/sysui_multi_action( 1594): [757,147,758,4,759,1,806,com.vitrinedecraques.app]
10-19 12:41:43.198 I/notification_cancel_all( 1594): [1000,1594,com.vitrinedecraques.app,0,0,0,5,NULL]
10-19 12:41:43.797 I/am_create_activity( 1594): [0,253239100,1640,com.vitrinedecraques.app/.MainActivity,NULL,NULL,NULL,268435456]
10-19 12:41:43.948 I/am_proc_start( 1594): [0,18520,11390,com.vitrinedecraques.app,activity,{com.vitrinedecraques.app/com.vitrinedecraques.app.MainActivity}]
10-19 12:41:44.174 I/am_proc_bound( 1594): [0,18520,com.vitrinedecraques.app]
10-19 12:41:44.187 I/am_restart_activity( 1594): [0,253239100,1640,com.vitrinedecraques.app/.MainActivity,18520]
10-19 12:41:44.194 I/am_set_resumed_activity( 1594): [0,com.vitrinedecraques.app/.MainActivity,minimalResumeActivityLocked]
10-19 12:41:45.286 I/dvm_lock_sample( 1594): [system_server,1,Binder:1594_17,7,ActivityManagerService.java,14335,boolean com.android.server.am.ActivityManagerService.stopServiceToken(android.content.ComponentName, android.os.IBinder, int),-,14450,int com.android.server.am.ActivityManagerService.bindIsolatedService(android.app.IApplicationThread, android.os.IBinder, android.content.Intent, java.lang.String, android.app.IServiceConnection, int, java.lang.String, java.lang.String, int),1]
10-19 12:41:49.178 I/am_lifecycle_sample(18520): [0,com.vitrinedecraques.app,110,4923]
10-19 12:41:49.410 I/am_on_create_called(18520): [0,com.vitrinedecraques.app.MainActivity,performCreate,147]
10-19 12:41:49.468 I/am_on_start_called(18520): [0,com.vitrinedecraques.app.MainActivity,handleStartActivity,0]
10-19 12:41:49.472 I/am_on_resume_called(18520): [0,com.vitrinedecraques.app.MainActivity,RESUME_ACTIVITY,1]
10-19 12:41:49.512 I/am_on_top_resumed_gained_called(18520): [0,com.vitrinedecraques.app.MainActivity,topStateChangedWhenResumed]
10-19 12:41:50.153 I/dvm_lock_sample( 1594): [system_server,1,Binder:1594_13,7,ActivityManagerService.java,6752,java.lang.String com.android.server.am.ActivityManagerService.checkContentProviderAccess(java.lang.String, int),-,5395,void com.android.server.am.ActivityManagerService.attachApplication(android.app.IApplicationThread, long),1]
10-19 12:41:51.148 I/sysui_multi_action( 1594): [319,477,321,149,322,7401,325,1242887,757,761,758,7,759,1,806,com.vitrinedecraques.app,871,com.vitrinedecraques.app.MainActivity,904,com.android.shell,905,0,945,429,1320,12,1321,1]
10-19 12:41:51.151 I/am_activity_launch_time( 1594): [0,253239100,com.vitrinedecraques.app/.MainActivity,7401]
10-19 12:41:54.716 I/am_pss  ( 1594): [18520,11390,com.vitrinedecraques.app,153703424,144773120,181248,243470336,0,2,23]
10-19 12:42:05.884 I/am_pss  ( 1594): [18520,11390,com.vitrinedecraques.app,152770560,143872000,181248,242556928,0,2,23]
10-19 12:42:39.147 I/am_pause_activity( 1594): [18520,253239100,com.vitrinedecraques.app/.MainActivity,userLeaving=true]
10-19 12:42:39.155 I/am_on_top_resumed_lost_called(18520): [0,com.vitrinedecraques.app.MainActivity,topStateChangedWhenResumed]
10-19 12:42:39.157 I/am_on_paused_called(18520): [0,com.vitrinedecraques.app.MainActivity,performPause,0]
10-19 12:42:40.835 I/am_set_resumed_activity( 1594): [0,com.vitrinedecraques.app/.MainActivity,finishActivity]
10-19 12:42:40.847 I/dvm_lock_sample( 1594): [system_server,1,android.anim,10,InputMonitor.java,120,void com.android.server.wm.InputMonitor$1.run(),ActivityTaskManagerService.java,1601,boolean com.android.server.wm.ActivityTaskManagerService.finishActivity(android.os.IBinder, int, android.content.Intent, int),2]
10-19 12:42:40.852 I/am_set_resumed_activity( 1594): [0,com.vitrinedecraques.app/.MainActivity,resumeTopActivityInnerLocked]
10-19 12:42:40.853 I/am_resume_activity( 1594): [0,253239100,1640,com.vitrinedecraques.app/.MainActivity,18520]
10-19 12:42:40.939 I/am_on_resume_called(18520): [0,com.vitrinedecraques.app.MainActivity,RESUME_ACTIVITY,1]
10-19 12:42:40.940 I/am_on_top_resumed_gained_called(18520): [0,com.vitrinedecraques.app.MainActivity,topWhenResuming]
10-19 12:43:06.041 I/am_pss  ( 1594): [18520,11390,com.vitrinedecraques.app,152752128,143953920,175104,243752960,0,2,18]
10-19 12:43:09.151 I/am_on_top_resumed_lost_called(18520): [0,com.vitrinedecraques.app.MainActivity,topStateChangedWhenResumed]
10-19 12:43:09.155 I/am_pause_activity( 1594): [18520,253239100,com.vitrinedecraques.app/.MainActivity,userLeaving=true]
10-19 12:43:09.158 I/am_add_to_stopping( 1594): [0,253239100,com.vitrinedecraques.app/.MainActivity,makeInvisible]
10-19 12:43:09.167 I/am_on_paused_called(18520): [0,com.vitrinedecraques.app.MainActivity,performPause,0]
10-19 12:43:09.750 I/am_stop_activity( 1594): [0,253239100,com.vitrinedecraques.app/.MainActivity]
10-19 12:43:09.753 I/am_on_stop_called(18520): [0,com.vitrinedecraques.app.MainActivity,STOP_ACTIVITY_ITEM,0]
10-19 12:43:11.769 I/sysui_multi_action( 2131): [757,289,758,4,806,ComponentInfo{com.vitrinedecraques.app/com.vitrinedecraques.app.MainActivity}]
10-19 12:43:11.796 I/am_finish_activity( 1594): [18520,253239100,1640,com.vitrinedecraques.app/.MainActivity,remove-task]
10-19 12:43:11.796 I/am_destroy_activity( 1594): [18520,253239100,1640,com.vitrinedecraques.app/.MainActivity,finish-imm:finishActivityLocked]
10-19 12:43:11.806 I/am_kill ( 1594): [0,18520,com.vitrinedecraques.app,700,SwipeUpClean]
10-19 12:43:11.965 I/am_proc_died( 1594): [0,18520,com.vitrinedecraques.app,700,16]
10-19 12:51:53.636 I/dvm_lock_sample( 1594): [system_server,1,android.ui,7,ActivityManagerService.java,3378,void com.android.server.am.ActivityManagerService.dispatchUidsChanged(),-,14450,int com.android.server.am.ActivityManagerService.bindIsolatedService(android.app.IApplicationThread, android.os.IBinder, android.content.Intent, java.lang.String, android.app.IServiceConnection, int, java.lang.String, java.lang.String, int),1]
10-19 13:02:14.338 I/dvm_lock_sample( 1594): [system_server,0,android.bg,25,ActivityManagerService.java,1964,void com.android.server.am.ActivityManagerService$5.handleMessage(android.os.Message),BroadcastQueue.java,984,void com.android.server.am.BroadcastQueue.processNextBroadcast(boolean, boolean),5]
10-19 13:02:14.393 I/dvm_lock_sample( 1594): [system_server,0,android.bg,36,ActivityManagerService.java,2012,void com.android.server.am.ActivityManagerService$5.handleMessage(android.os.Message),BroadcastQueue.java,984,void com.android.server.am.BroadcastQueue.processNextBroadcast(boolean, boolean),7]
10-19 13:02:14.429 I/dvm_lock_sample( 1594): [system_server,1,Binder:1594_5,39,ActivityManagerService.java,5827,java.lang.String com.android.server.am.ActivityManagerService.getTagForIntentSender(android.content.IIntentSender, java.lang.String),-,15989,int com.android.server.am.ActivityManagerService.broadcastIntent(android.app.IApplicationThread, android.content.Intent, java.lang.String, android.content.IIntentReceiver, int, java.lang.String, android.os.Bundle, java.lang.String[], int, android.os.Bundle, boolean, boolean, int),7]
10-19 13:02:14.494 I/dvm_lock_sample( 1594): [system_server,0,Binder:1594_10,60,ActivityManagerService.java,14494,void com.android.server.am.ActivityManagerService.serviceDoneExecuting(android.os.IBinder, int, int, int),-,15989,int com.android.server.am.ActivityManagerService.broadcastIntent(android.app.IApplicationThread, android.content.Intent, java.lang.String, android.content.IIntentReceiver, int, java.lang.String, android.os.Bundle, java.lang.String[], int, android.os.Bundle, boolean, boolean, int),12]
10-19 13:02:14.519 I/dvm_lock_sample( 1594): [system_server,1,ActivityManager:procStart,63,ProcessList.java,1687,void com.android.server.am.ProcessList.lambda$startProcessLocked$0$ProcessList(com.android.server.am.ProcessRecord, java.lang.String, int[], int, int, java.lang.String, java.lang.String, java.lang.String, long),ActivityManagerService.java,15989,int com.android.server.am.ActivityManagerService.broadcastIntent(android.app.IApplicationThread, android.content.Intent, java.lang.String, android.content.IIntentReceiver, int, java.lang.String, android.os.Bundle, java.lang.String[], int, android.os.Bundle, boolean, boolean, int),12]
10-19 13:02:14.637 I/dvm_lock_sample( 1594): [system_server,0,Binder:1594_10,54,ActivityManagerService.java,14494,void com.android.server.am.ActivityManagerService.serviceDoneExecuting(android.os.IBinder, int, int, int),-,1537,void com.android.server.am.ActivityManagerService$AppDeathRecipient.binderDied(),10]
10-19 13:02:14.723 I/sysui_multi_action( 1594): [757,147,758,4,759,1,806,com.vitrinedecraques.app]
10-19 13:02:14.858 I/dvm_lock_sample( 1594): [system_server,1,android.ui,41,ActivityManagerService.java,3378,void com.android.server.am.ActivityManagerService.dispatchUidsChanged(),-,14285,android.content.ComponentName com.android.server.am.ActivityManagerService.startService(android.app.IApplicationThread, android.content.Intent, java.lang.String, boolean, java.lang.String, int),8]
10-19 13:02:14.940 I/dvm_lock_sample( 1594): [system_server,0,Binder:1594_5,31,ActivityManagerService.java,14494,void com.android.server.am.ActivityManagerService.serviceDoneExecuting(android.os.IBinder, int, int, int),-,5395,void com.android.server.am.ActivityManagerService.attachApplication(android.app.IApplicationThread, long),6]
10-19 13:02:14.942 I/notification_cancel_all( 1594): [1000,1594,com.vitrinedecraques.app,0,0,0,5,NULL]
10-19 13:02:14.945 I/notification_cancel_all( 1594): [1000,1594,com.vitrinedecraques.app,0,0,0,5,NULL]
10-19 13:02:15.070 I/dvm_lock_sample( 1594): [system_server,1,Binder:1594_1D,7,ProcessManagerService.java,1704,java.util.List com.android.server.am.ProcessManagerService.getRunningProcessInfo(int, int, java.lang.String, java.lang.String, int),ActivityManagerService.java,14310,int com.android.server.am.ActivityManagerService.stopService(android.app.IApplicationThread, android.content.Intent, java.lang.String, int),1]
10-19 13:02:15.194 I/dvm_lock_sample( 1594): [system_server,1,Binder:1594_13,27,ActivityManagerService.java,5395,void com.android.server.am.ActivityManagerService.attachApplication(android.app.IApplicationThread, long),-,14285,android.content.ComponentName com.android.server.am.ActivityManagerService.startService(android.app.IApplicationThread, android.content.Intent, java.lang.String, boolean, java.lang.String, int),5]
10-19 13:02:15.382 I/am_create_activity( 1594): [0,120533130,1644,com.vitrinedecraques.app/.MainActivity,NULL,NULL,NULL,268435456]
10-19 13:02:15.436 I/dvm_lock_sample( 1594): [system_server,1,Binder:1594_10,131,ActivityManagerService.java,1537,void com.android.server.am.ActivityManagerService$AppDeathRecipient.binderDied(),-,14285,android.content.ComponentName com.android.server.am.ActivityManagerService.startService(android.app.IApplicationThread, android.content.Intent, java.lang.String, boolean, java.lang.String, int),26]
10-19 13:02:15.489 I/dvm_lock_sample( 1594): [system_server,1,Binder:1594_4,21,ActivityManagerService.java,14450,int com.android.server.am.ActivityManagerService.bindIsolatedService(android.app.IApplicationThread, android.os.IBinder, android.content.Intent, java.lang.String, android.app.IServiceConnection, int, java.lang.String, java.lang.String, int),-,14450,int com.android.server.am.ActivityManagerService.bindIsolatedService(android.app.IApplicationThread, android.os.IBinder, android.content.Intent, java.lang.String, android.app.IServiceConnection, int, java.lang.String, java.lang.String, int),4]
10-19 13:02:15.498 I/am_proc_start( 1594): [0,20627,11390,com.vitrinedecraques.app,activity,{com.vitrinedecraques.app/com.vitrinedecraques.app.MainActivity}]
10-19 13:02:15.629 I/am_proc_bound( 1594): [0,20627,com.vitrinedecraques.app]
10-19 13:02:15.636 I/am_restart_activity( 1594): [0,120533130,1644,com.vitrinedecraques.app/.MainActivity,20627]
10-19 13:02:15.637 I/am_set_resumed_activity( 1594): [0,com.vitrinedecraques.app/.MainActivity,minimalResumeActivityLocked]
10-19 13:02:18.619 I/dvm_lock_sample( 1594): [system_server,1,Binder:1594_F,25,ProcessManagerService.java,1704,java.util.List com.android.server.am.ProcessManagerService.getRunningProcessInfo(int, int, java.lang.String, java.lang.String, int),ActivityManagerService.java,1537,void com.android.server.am.ActivityManagerService$AppDeathRecipient.binderDied(),5]
10-19 13:02:21.182 I/am_lifecycle_sample(20627): [0,com.vitrinedecraques.app,110,5472]
10-19 13:02:21.371 I/am_on_create_called(20627): [0,com.vitrinedecraques.app.MainActivity,performCreate,123]
10-19 13:02:21.424 I/am_on_start_called(20627): [0,com.vitrinedecraques.app.MainActivity,handleStartActivity,0]
10-19 13:02:21.427 I/am_on_resume_called(20627): [0,com.vitrinedecraques.app.MainActivity,RESUME_ACTIVITY,2]
10-19 13:02:21.451 I/am_on_top_resumed_gained_called(20627): [0,com.vitrinedecraques.app.MainActivity,topStateChangedWhenResumed]
10-19 13:02:22.945 I/sysui_multi_action( 1594): [319,365,321,198,322,7649,325,1244119,757,761,758,7,759,1,806,com.vitrinedecraques.app,871,com.vitrinedecraques.app.MainActivity,904,com.android.shell,905,0,945,335,1320,12,1321,1]
10-19 13:02:22.948 I/am_activity_launch_time( 1594): [0,120533130,com.vitrinedecraques.app/.MainActivity,7649]
10-19 13:02:25.668 I/am_pss  ( 1594): [20627,11390,com.vitrinedecraques.app,135118848,127062016,202752,224165888,0,2,16]
10-19 13:02:35.687 I/am_pss  ( 1594): [20627,11390,com.vitrinedecraques.app,151052288,142606336,197632,241197056,0,2,16]
10-19 13:03:01.657 I/dvm_lock_sample( 1594): [system_server,1,android.ui,15,ActivityManagerService.java,3378,void com.android.server.am.ActivityManagerService.dispatchUidsChanged(),-,14450,int com.android.server.am.ActivityManagerService.bindIsolatedService(android.app.IApplicationThread, android.os.IBinder, android.content.Intent, java.lang.String, android.app.IServiceConnection, int, java.lang.String, java.lang.String, int),3]
10-19 13:03:04.464 I/dvm_lock_sample( 1594): [system_server,1,android.ui,15,ActivityManagerService.java,3272,void com.android.server.am.ActivityManagerService.dispatchProcessesChanged(),-,14285,android.content.ComponentName com.android.server.am.ActivityManagerService.startService(android.app.IApplicationThread, android.content.Intent, java.lang.String, boolean, java.lang.String, int),3]
10-19 13:03:22.229 I/am_on_top_resumed_lost_called(20627): [0,com.vitrinedecraques.app.MainActivity,topStateChangedWhenResumed]
10-19 13:03:22.239 I/am_pause_activity( 1594): [20627,120533130,com.vitrinedecraques.app/.MainActivity,userLeaving=true]
10-19 13:03:22.245 I/am_on_paused_called(20627): [0,com.vitrinedecraques.app.MainActivity,performPause,0]
10-19 13:03:33.528 I/am_set_resumed_activity( 1594): [0,com.vitrinedecraques.app/.MainActivity,finishActivity]
10-19 13:03:33.554 I/am_set_resumed_activity( 1594): [0,com.vitrinedecraques.app/.MainActivity,resumeTopActivityInnerLocked]
10-19 13:03:33.555 I/am_resume_activity( 1594): [0,120533130,1644,com.vitrinedecraques.app/.MainActivity,20627]
10-19 13:03:33.580 I/dvm_lock_sample( 1594): [system_server,1,android.anim,22,WindowSurfacePlacer.java,61,void com.android.server.wm.WindowSurfacePlacer.lambda$new$0$WindowSurfacePlacer(),ActivityTaskManagerService.java,1755,void com.android.server.wm.ActivityTaskManagerService.activityPaused(android.os.IBinder),4]
10-19 13:03:33.585 I/am_on_resume_called(20627): [0,com.vitrinedecraques.app.MainActivity,RESUME_ACTIVITY,1]
10-19 13:03:33.586 I/am_on_top_resumed_gained_called(20627): [0,com.vitrinedecraques.app.MainActivity,topWhenResuming]
10-19 13:03:36.789 I/am_pss  ( 1594): [20627,11390,com.vitrinedecraques.app,145481728,139591680,171008,227954688,0,2,21]
10-19 13:05:09.500 I/am_pss  ( 1594): [20627,11390,com.vitrinedecraques.app,145161216,139046912,178176,227360768,0,2,17]
10-19 13:06:14.474 I/am_on_top_resumed_lost_called(20627): [0,com.vitrinedecraques.app.MainActivity,topStateChangedWhenResumed]
10-19 13:06:14.478 I/am_pause_activity( 1594): [20627,120533130,com.vitrinedecraques.app/.MainActivity,userLeaving=true]
10-19 13:06:14.481 I/am_add_to_stopping( 1594): [0,120533130,com.vitrinedecraques.app/.MainActivity,makeInvisible]
10-19 13:06:14.490 I/am_on_paused_called(20627): [0,com.vitrinedecraques.app.MainActivity,performPause,0]
10-19 13:06:14.904 I/am_stop_activity( 1594): [0,120533130,com.vitrinedecraques.app/.MainActivity]
10-19 13:06:14.935 I/am_on_stop_called(20627): [0,com.vitrinedecraques.app.MainActivity,STOP_ACTIVITY_ITEM,0]
10-19 13:06:16.681 I/sysui_multi_action( 2131): [757,289,758,4,806,ComponentInfo{com.vitrinedecraques.app/com.vitrinedecraques.app.MainActivity}]
10-19 13:06:16.684 I/am_finish_activity( 1594): [20627,120533130,1644,com.vitrinedecraques.app/.MainActivity,remove-task]
10-19 13:06:16.684 I/am_destroy_activity( 1594): [20627,120533130,1644,com.vitrinedecraques.app/.MainActivity,finish-imm:finishActivityLocked]
10-19 13:06:16.693 I/am_kill ( 1594): [0,20627,com.vitrinedecraques.app,700,SwipeUpClean]
10-19 13:06:16.756 I/dvm_lock_sample( 1594): [system_server,0,miui.fg,12,ActivityManagerService.java,10090,int com.android.server.am.ActivityManagerService.getMemoryTrimLevel(),-,14450,int com.android.server.am.ActivityManagerService.bindIsolatedService(android.app.IApplicationThread, android.os.IBinder, android.content.Intent, java.lang.String, android.app.IServiceConnection, int, java.lang.String, java.lang.String, int),2]
10-19 13:06:16.863 I/am_proc_died( 1594): [0,20627,com.vitrinedecraques.app,700,16]
10-19 13:08:14.934 I/dvm_lock_sample( 1594): [system_server,1,Binder:1594_1A,11,ActivityManagerService.java,14450,int com.android.server.am.ActivityManagerService.bindIsolatedService(android.app.IApplicationThread, android.os.IBinder, android.content.Intent, java.lang.String, android.app.IServiceConnection, int, java.lang.String, java.lang.String, int),-,14463,boolean com.android.server.am.ActivityManagerService.unbindService(android.app.IServiceConnection),2]
10-19 13:08:40.159 I/dvm_lock_sample( 1594): [system_server,1,android.ui,7,ActivityManagerService.java,3378,void com.android.server.am.ActivityManagerService.dispatchUidsChanged(),-,14450,int com.android.server.am.ActivityManagerService.bindIsolatedService(android.app.IApplicationThread, android.os.IBinder, android.content.Intent, java.lang.String, android.app.IServiceConnection, int, java.lang.String, java.lang.String, int),1]
