10-30 20:36:01.713 I/dvm_lock_sample( 1594): [system_server,1,Binder:1594_F,83,ActivityManagerService.java,14285,android.content.ComponentName com.android.server.am.ActivityManagerService.startService(android.app.IApplicationThread, android.content.Intent, java.lang.String, boolean, java.lang.String, int),-,14450,int com.android.server.am.ActivityManagerService.bindIsolatedService(android.app.IApplicationThread, android.os.IBinder, android.content.Intent, java.lang.String, android.app.IServiceConnection, int, java.lang.String, java.lang.String, int),16]
10-30 20:36:01.712 I/binder_sample( 3412): [android.app.IActivityManager,15,334,<pre-initialized>,66]
10-30 20:36:01.725 W/ActivityManager( 1594): Sending non-protected broadcast miui.intent.action.PACKAGE_FIRST_LAUNCH from system uid 1000 pkg null. Callers=com.android.server.am.ActivityManagerService.broadcastIntentLocked:15855 com.android.server.am.ActivityManagerService.broadcastIntentLocked:15209 com.android.server.am.ActivityManagerService.broadcastIntent:15998 com.android.server.pm.IActivityManagerCompat.sendBroadcast:19 com.android.server.pm.SettingsInjector$1.run:117 
10-30 20:36:01.727 I/dvm_lock_sample( 1594): [system_server,1,Binder:1594_8,80,ActivityManagerService.java,14474,void com.android.server.am.ActivityManagerService.publishService(android.os.IBinder, android.content.Intent, android.os.IBinder),-,14450,int com.android.server.am.ActivityManagerService.bindIsolatedService(android.app.IApplicationThread, android.os.IBinder, android.content.Intent, java.lang.String, android.app.IServiceConnection, int, java.lang.String, java.lang.String, int),16]
10-30 20:36:01.848 I/dvm_lock_sample( 1594): [system_server,1,NetworkPolicy.uid,27,ActivityManagerService.java,18347,void com.android.server.am.ActivityManagerService$LocalService.notifyNetworkPolicyRulesUpdated(int, long),-,10090,int com.android.server.am.ActivityManagerService.getMemoryTrimLevel(),5]
10-30 20:36:01.878 I/am_proc_start( 1594): [0,3540,11401,com.vitrinedecraques.app,activity,{com.vitrinedecraques.app/com.vitrinedecraques.app.MainActivity}]
10-30 20:36:01.880 D/OemNetd (  518): setPidForPackage: packageName=com.vitrinedecraques.app, pid=3540, pid=11401
10-30 20:36:01.881 D/AppStatChecker(12467): first launch package: com.vitrinedecraques.app
10-30 20:36:01.944 I/dvm_lock_sample( 1594): [system_server,0,Binder:1594_6,6,ActivityManagerService.java,14494,void com.android.server.am.ActivityManagerService.serviceDoneExecuting(android.os.IBinder, int, int, int),-,14335,boolean com.android.server.am.ActivityManagerService.stopServiceToken(android.content.ComponentName, android.os.IBinder, int),1]
10-30 20:36:01.947 I/ActivityManager( 1594): Start proc 3567:com.xiaomi.discover/u0a133 for broadcast {com.xiaomi.discover/com.xiaomi.market.receiver.AppActiveReceiver} caller=null
10-30 20:36:02.077 I/am_proc_bound( 1594): [0,3540,com.vitrinedecraques.app]
10-30 20:36:02.090 I/am_restart_activity( 1594): [0,18829919,2057,com.vitrinedecraques.app/.MainActivity,3540]
10-30 20:36:02.092 I/GST     (10006): forePkg: com.vitrinedecraques.app, preForePkg: com.miui.home
10-30 20:36:02.092 D/PerfEngineController( 2006): ForegroundInfo{mForegroundPackageName='com.vitrinedecraques.app', mForegroundUid=11401, mForegroundPid=3540, mLastForegroundPackageName='com.miui.home', mLastForegroundUid=10064, mLastForegroundPid=2404, mMultiWindowForegroundPackageName='null', mMultiWindowForegroundUid=-1, mFlags=1}
10-30 20:36:02.092 I/am_set_resumed_activity( 1594): [0,com.vitrinedecraques.app/.MainActivity,minimalResumeActivityLocked]
10-30 20:36:02.092 D/AutoInstallService( 3159): onForegroundInfoChanged: com.vitrinedecraques.app
10-30 20:36:02.093 W/ActivityTaskManager( 1594): Request to remove task ignored for non-existent task 2056
10-30 20:36:02.093 I/ProcessMonitor(17776): onForegroundInfoChanged: ForegroundInfo{mForegroundPackageName='com.vitrinedecraques.app', mForegroundUid=11401, mForegroundPid=3540, mLastForegroundPackageName='com.miui.home', mLastForegroundUid=10064, mLastForegroundPid=2404, mMultiWindowForegroundPackageName='null', mMultiWindowForegroundUid=-1, mFlags=1}
10-30 20:36:02.169 I/ActivityManager( 1594): Process com.qualcomm.qti.workloadclassifier (pid 1777) has died: svcb SVC 
10-30 20:36:02.175 W/ActivityManager( 1594): Scheduling restart of crashed service com.qualcomm.qti.workloadclassifier/.WLCService in 1000ms
10-30 20:36:02.459 I/ActivityManager( 1594): Process com.google.android.apps.photos:mediametadataservice (pid 2573) has died: cch+45 CEM 
10-30 20:36:02.499 I/dvm_lock_sample( 1594): [system_server,1,android.ui,30,ActivityManagerService.java,3378,void com.android.server.am.ActivityManagerService.dispatchUidsChanged(),-,1537,void com.android.server.am.ActivityManagerService$AppDeathRecipient.binderDied(),6]
10-30 20:36:02.549 D/AppActiveReceiver( 3567): receive app active broadcast for: com.vitrinedecraques.app, install from: null
10-30 20:36:02.590 I/ActivityManager( 1594): Process com.google.process.gservices (pid 31079) has died: cch+35 CEM 
10-30 20:36:02.647 I/ActivityManager( 1594): Start proc 3740:com.xiaomi.mipicks/u0a135 for broadcast {com.xiaomi.mipicks/com.xiaomi.market.receiver.AppActiveReceiver} caller=null
10-30 20:36:02.740 I/ActivityManager( 1594): Process com.google.android.apps.messaging (pid 2477) has died: cch+25 CEM 
10-30 20:36:02.756 I/PI-ScanDispatch( 3402): service bind, pkgName = com.vitrinedecraques.app, installer = null, isReplace = false, firstGoogleTime = 1614890563430
10-30 20:36:02.764 I/dvm_lock_sample( 1594): [system_server,1,Binder:1594_1C,23,ActivityManagerService.java,6978,android.app.ContentProviderHolder com.android.server.am.ActivityManagerService.getContentProviderImpl(android.app.IApplicationThread, java.lang.String, android.os.IBinder, int, java.lang.String, java.lang.String, boolean, int),-,1537,void com.android.server.am.ActivityManagerService$AppDeathRecipient.binderDied(),4]
10-30 20:36:02.776 I/ActivityManager( 1594): Process com.miui.securitycenter (pid 2990) has died: cch+15 CEM 
10-30 20:36:02.785 W/ActivityManager( 1594): setHasOverlayUi called on unknown pid: 2990
10-30 20:36:02.964 I/notification_cancel_all( 1594): [1000,1594,com.vitrinedecraques.app,0,0,0,5,NULL]
10-30 20:36:03.060 I/ActivityManager( 1594): Process com.google.android.packageinstaller (pid 3371) has died: cch+5 CEM 
10-30 20:36:03.270 I/ActivityManager( 1594): Process com.miui.weather2 (pid 18278) has died: cch CAC 
10-30 20:36:03.283 W/ActivityManager( 1594): setHasOverlayUi called on unknown pid: 18278
10-30 20:36:03.358 I/ActivityManager( 1594): Process com.miui.powerkeeper (pid 2006) has died: svcb BTOP
10-30 20:36:03.364 W/ActivityManager( 1594): Scheduling restart of crashed service com.miui.powerkeeper/.feedbackcontrol.FeedbackControlService in 1000ms
10-30 20:36:03.364 W/ActivityManager( 1594): Scheduling restart of crashed service com.miui.powerkeeper/.PowerKeeperBackgroundService in 11000ms
10-30 20:36:03.364 W/ActivityManager( 1594): Scheduling restart of crashed service com.miui.powerkeeper/.powerchecker.PowerCheckerService in 21000ms
10-30 20:36:03.364 W/ActivityManager( 1594): Scheduling restart of crashed service com.miui.powerkeeper/.statemachine.PowerStateMachineService in 31000ms
10-30 20:36:03.364 W/ActivityManager( 1594): Scheduling restart of crashed service com.miui.powerkeeper/.stepsprovider.StepsService in 41000ms
10-30 20:36:03.364 W/ActivityManager( 1594): Scheduling restart of crashed service com.xiaomi.powerchecker/.PowerCheckerService in 51000ms
10-30 20:36:03.404 W/ActivityManager( 1594): Slow operation: 225ms so far, now at startProcess: returned from zygote!
10-30 20:36:03.405 W/ActivityManager( 1594): Slow operation: 225ms so far, now at startProcess: done updating battery stats
10-30 20:36:03.406 W/ActivityManager( 1594): Slow operation: 227ms so far, now at startProcess: building log message
10-30 20:36:03.406 I/ActivityManager( 1594): Start proc 3864:com.qualcomm.qti.workloadclassifier/1000 for service {com.qualcomm.qti.workloadclassifier/com.qualcomm.qti.workloadclassifier.WLCService} caller=com.qualcomm.qti.workloadclassifier
10-30 20:36:03.406 W/ActivityManager( 1594): Slow operation: 227ms so far, now at startProcess: starting to update pids map
10-30 20:36:03.407 W/ActivityManager( 1594): Slow operation: 227ms so far, now at startProcess: done updating pids map
10-30 20:36:03.407 W/ActivityManager( 1594): Slow operation: 222ms so far, now at startProcess: asking zygote to start proc
10-30 20:36:03.481 W/ActivityManager( 1594): Slow operation: 297ms so far, now at startProcess: returned from zygote!
10-30 20:36:03.481 W/ActivityManager( 1594): Slow operation: 297ms so far, now at startProcess: done updating battery stats
10-30 20:36:03.487 W/ActivityManager( 1594): Slow operation: 302ms so far, now at startProcess: building log message
10-30 20:36:03.487 I/ActivityManager( 1594): Start proc 3885:android.process.media/u0a39 for content provider {com.android.providers.media/com.android.providers.media.MediaProvider} caller=com.miui.cleaner
10-30 20:36:03.487 W/ActivityManager( 1594): Slow operation: 303ms so far, now at startProcess: starting to update pids map
10-30 20:36:03.487 W/ActivityManager( 1594): Slow operation: 303ms so far, now at startProcess: done updating pids map
10-30 20:36:03.617 I/ThumbnailBlurUtils(17776): loadPrivacyThumbnailBlurMonthly successd{"com.anydesk.anydeskandroid":5,"com.miui.player":27,"com.vitrinedecraques.app":-1,"com.xiaomi.mipicks":5,"videoeditor.videorecorder.screenrecorder":5,"com.miui.compass":5,"com.miui.calculator":5,"com.android.deskclock":5,"com.xiaomi.scanner":5,"com.xiaomi.midrop":5,"com.ozforensics.liveness.demo":-1,"com.miui.securitycenter":5,"com.google.android.apps.meetings":-1,"com.android.vending":5,"com.android.chrome":-1,"com.google.android.apps.photos":-1,"com.mi.android.globalFileexplorer":5,"com.google.android.apps.docs":5,"br.com.otimizaugc.vistosoftapp":-1,"com.duokan.phone.remotecontroller":5,"com.miui.gallery":6,"com.ypcc.otgcamera":-1,"com.google.android.youtube":-1,"com.miui.screenrecorder":5,"com.google.android.apps.maps":-1,"com.google.android.apps.tachyon":5,"com.miui.videoplayer":27,"net.sourceforge.opencamera":5,"com.mi.globalbrowser":5,"com.google.android.apps.messaging":5,"com.miui.notes":5,"com.google.android.videos":-1,"com.google.android.googlequicksearchbox":-1,"com.miui.miservice":5,"com.google.ar.lens":5,"com.google.android.contacts":-1,"net.openvpn.openvpn":5,"com.mi.android.globalminusscreen":5,"com.airbeat.device.inspector":5,"com.miui.weather2":5,"com.miui.fm":27,"com.android.providers.downloads.ui":5,"com.android.thememanager":5,"com.xiaomi.calendar":-1,"com.google.android.dialer":-1,"com.android.camera":6,"com.google.android.gm":5,"com.tony.molink.howifi":-1,"com.android.settings":-1,"com.xiaomi.glgm":5,"com.google.android.music":5,"com.google.android.apps.authenticator2":-1,"com.android.soundrecorder":5}
10-30 20:36:03.800 I/ActivityManager( 1594): Process com.xiaomi.discover (pid 3567) has died: cch+15 CEM 
10-30 20:36:03.991 I/ActivityManager( 1594): Process com.android.settings:remote (pid 3074) has died: svcb SVC 
10-30 20:36:03.997 W/ActivityManager( 1594): Scheduling restart of crashed service com.android.settings/.dangerousoptions.DangerousOptionsWarningService in 967728ms
10-30 20:36:04.018 W/BpBinder( 3412): Slow Binder: BpBinder transact took 838ms, interface=android.app.IActivityManager, code=20 oneway=false
10-30 20:36:04.055 I/ActivityManager( 1594): Process com.miui.global.packageinstaller (pid 3402) has died: cch+5 CEM 
10-30 20:36:04.127 I/ActivityManager( 1594): Process com.qualcomm.qti.qdma (pid 1882) has died: svcb SVC 
10-30 20:36:04.143 W/ActivityManager( 1594): Scheduling restart of crashed service com.qualcomm.qti.qdma/.job.QDMAJobService in 60222ms
10-30 20:36:04.143 W/ActivityManager( 1594): Scheduling restart of crashed service com.qualcomm.qti.qdma/.uploader.UploaderService in 70221ms
10-30 20:36:04.166 W/XSpaceManagerService( 1594): update XSpace App: packageName:com.vitrinedecraques.app, user:UserHandle{0}, action:android.intent.action.PACKAGE_ADDED
10-30 20:36:04.173 D/Launcher.Model( 2404): LauncherAppsCallback onPackageAdded|com.vitrinedecraques.app|UserHandle{0}
10-30 20:36:04.174 D/Launcher.Model( 2404): Got broadcast:Intent { act=android.intent.action.PACKAGE_ADDED dat=package:com.vitrinedecraques.app (has extras) }
10-30 20:36:04.289 E/Launcher.AllAppsList( 2404): Can't load postion for packageName: com.vitrinedecraques.app activityName: com.vitrinedecraques.app.MainActivity
10-30 20:36:04.302 D/AutoInstallsParser( 2404): isPAIPackageName: com.vitrinedecraques.app
10-30 20:36:04.329 I/ActivityManager( 1594): Killing 3740:com.xiaomi.mipicks/u0a135 (adj 0): PeriodicCleaner(8)
10-30 20:36:04.330 I/ActivityManager( 1594): Process com.miui.core (pid 3159) has died: svcb SVC 
10-30 20:36:04.339 D/Launcher.Model( 2404): onReceiveBackground, mAllAppsList=add=[(0, AppInfo, id=-1, itemType=0, user=UserHandle{0}, mIconType=0, pkgName=com.vitrinedecraques.app, className=com.vitrinedecraques.app.MainActivity, screenId=-1, container=-1, cellX=-1, cellY=-1, spanX=1, spanY=1, isLandscapePos=false)], remove=[], modified=[]
10-30 20:36:04.340 D/Launcher( 2404): add item to launcher when bind apps added, info=ShortcutInfo, id=-1, itemType=0, user=UserHandle{0}, mIconType=0, pkgName=com.vitrinedecraques.app, className=com.vitrinedecraques.app.MainActivity, screenId=-1, container=-1, cellX=-1, cellY=-1, spanX=1, spanY=1, isLandscapePos=false
10-30 20:36:04.342 D/Launcher( 2404): addItemToWorkspace, add item into db, item=ShortcutInfo, id=-1, itemType=0, user=UserHandle{0}, mIconType=0, pkgName=com.vitrinedecraques.app, className=com.vitrinedecraques.app.MainActivity, screenId=2, container=-100, cellX=2, cellY=4, spanX=1, spanY=1, isLandscapePos=false
10-30 20:36:04.342 D/Launcher.Model( 2404): Insert item com.vitrinedecraques.app to database (2, 4) of screen 2
10-30 20:36:04.342 W/ActivityManager( 1594): Scheduling restart of crashed service com.miui.core/miui.autoinstall.config.service.AutoInstallService in 80022ms
10-30 20:36:04.343 D/Launcher.CellLayout( 2404): updateCellOccupiedMarks, update, ShortcutInfo, id=1346, itemType=0, user=UserHandle{0}, mIconType=0, pkgName=com.vitrinedecraques.app, className=com.vitrinedecraques.app.MainActivity, screenId=2, container=-100, cellX=2, cellY=4, spanX=1, spanY=1, isLandscapePos=false
10-30 20:36:04.346 D/Launcher.ShortcutInfo( 2404): onAddToDatabase, this=ShortcutInfo, id=1346, itemType=0, user=UserHandle{0}, mIconType=0, pkgName=com.vitrinedecraques.app, className=com.vitrinedecraques.app.MainActivity, screenId=2, container=-100, cellX=2, cellY=4, spanX=1, spanY=1, isLandscapePos=false
10-30 20:36:04.360 I/ActivityManager( 1594): Process com.huaqin.sarcontroller:controller (pid 2662) has died: svcb SVC 
10-30 20:36:04.366 W/ActivityManager( 1594): Scheduling restart of crashed service com.huaqin.sarcontroller/.SarControllerService in 0ms
10-30 20:36:04.371 I/ActivityManager( 1594): Process com.qualcomm.telephony (pid 2885) has died: svcb SVC 
10-30 20:36:04.377 W/ActivityManager( 1594): Scheduling restart of crashed service com.qualcomm.atfwd/.AtFwdService in 89988ms
10-30 20:36:04.390 I/dvm_lock_sample( 1594): [system_server,1,ActivityManager,26,ActiveServices.java,2189,void com.android.server.am.ActiveServices$ServiceRestarter.run(),ActivityManagerService.java,1537,void com.android.server.am.ActivityManagerService$AppDeathRecipient.binderDied(),5]
10-30 20:36:04.445 I/ActivityManager( 1594): Start proc 4033:com.miui.powerkeeper/1000 for service {com.miui.powerkeeper/com.miui.powerkeeper.feedbackcontrol.FeedbackControlService} caller=com.miui.powerkeeper
10-30 20:36:04.479 I/ActivityManager( 1594): Process com.huaqin.diaglogger (pid 2638) has died: svcb SVC 
10-30 20:36:04.484 W/ActivityManager( 1594): Scheduling restart of crashed service com.huaqin.diaglogger/.DiagLogService in 99880ms
10-30 20:36:04.493 I/ActivityManager( 1594): Start proc 4041:com.huaqin.sarcontroller:controller/1000 for service {com.huaqin.sarcontroller/com.huaqin.sarcontroller.SarControllerService} caller=com.huaqin.sarcontroller
10-30 20:36:04.528 D/Launcher.CellLayout( 2404): updateCellOccupiedMarks, update, ShortcutInfo, id=1346, itemType=0, user=UserHandle{0}, mIconType=0, pkgName=com.vitrinedecraques.app, className=com.vitrinedecraques.app.MainActivity, screenId=2, container=-100, cellX=2, cellY=4, spanX=1, spanY=1, isLandscapePos=false
10-30 20:36:04.971 I/ActivityManager( 1594): Process com.xiaomi.bluetooth (pid 25629) has died: svcb SVC 
10-30 20:36:04.979 W/ActivityManager( 1594): Scheduling restart of crashed service com.xiaomi.bluetooth/com.android.bluetooth.ble.app.MiuiBleAppService in 1000ms
10-30 20:36:04.979 W/ActivityManager( 1594): Scheduling restart of crashed service com.xiaomi.bluetooth/com.android.bluetooth.ble.app.MiuiFastConnectService in 11000ms
10-30 20:36:04.979 W/ActivityManager( 1594): Scheduling restart of crashed service com.xiaomi.bluetooth/com.android.bluetooth.ble.app.MiuiNearbyService in 20999ms
10-30 20:36:05.002 I/ActivityManager( 1594): Process com.huaqin.sarcontroller:controller (pid 4041) has died: svcb SVC 
10-30 20:36:05.012 W/ActivityManager( 1594): Scheduling restart of crashed service com.huaqin.sarcontroller/.SarControllerService in 0ms
10-30 20:36:05.043 I/ActivityManager( 1594): Start proc 4122:com.huaqin.sarcontroller:controller/1000 for service {com.huaqin.sarcontroller/com.huaqin.sarcontroller.SarControllerService} caller=com.huaqin.sarcontroller
10-30 20:36:05.088 I/ActivityManager( 1594): Process com.miui.gallery (pid 32337) has died: prev LAST
10-30 20:36:05.104 W/ActivityManager( 1594): setHasOverlayUi called on unknown pid: 32337
10-30 20:36:05.506 W/ActivityManager( 1594): Sending non-protected broadcast action_temp_state_change from system 4033:com.miui.powerkeeper/1000 pkg com.miui.powerkeeper. Callers=
10-30 20:36:05.506 W/ActivityManager( 1594): Sending non-protected broadcast action_temp_state_change from system 4033:com.miui.powerkeeper/1000 pkg com.miui.powerkeeper. Callers=
10-30 20:36:05.649 I/ActivityManager( 1594): Process com.huaqin.sarcontroller:controller (pid 4122) has died: svcb SVC 
10-30 20:36:05.659 W/ActivityManager( 1594): Scheduling restart of crashed service com.huaqin.sarcontroller/.SarControllerService in 0ms
10-30 20:36:05.708 I/ActivityManager( 1594): Start proc 4176:com.huaqin.sarcontroller:controller/1000 for service {com.huaqin.sarcontroller/com.huaqin.sarcontroller.SarControllerService} caller=com.huaqin.sarcontroller
10-30 20:36:05.972 I/ActivityManager( 1594): Process com.qualcomm.qti.workloadclassifier (pid 3864) has died: svcb SVC 
10-30 20:36:05.977 W/ActivityManager( 1594): Scheduling restart of crashed service com.qualcomm.qti.workloadclassifier/.WLCService in 30002ms
10-30 20:36:06.000 I/ActivityManager( 1594): Start proc 4207:com.xiaomi.bluetooth/1002 for service {com.xiaomi.bluetooth/com.android.bluetooth.ble.app.MiuiBleAppService} caller=com.xiaomi.bluetooth
10-30 20:36:06.064 I/ActivityManager( 1594): Process com.miui.powerkeeper (pid 4033) has died: svcb BTOP
10-30 20:36:06.071 W/ActivityManager( 1594): Scheduling restart of crashed service com.miui.powerkeeper/com.xiaomi.mipush.sdk.MessageHandleService in 1000ms
10-30 20:36:06.072 W/ActivityManager( 1594): Scheduling restart of crashed service com.miui.powerkeeper/.feedbackcontrol.FeedbackControlService in 11000ms
10-30 20:36:06.072 W/ActivityManager( 1594): Scheduling restart of crashed service com.miui.powerkeeper/.PowerKeeperBackgroundService in 44000ms
10-30 20:36:06.072 W/ActivityManager( 1594): Scheduling restart of crashed service com.miui.powerkeeper/.powerchecker.PowerCheckerService in 108292ms
10-30 20:36:06.073 W/ActivityManager( 1594): Scheduling restart of crashed service com.miui.powerkeeper/.statemachine.PowerStateMachineService in 124000ms
10-30 20:36:06.073 W/ActivityManager( 1594): Scheduling restart of crashed service com.miui.powerkeeper/.stepsprovider.StepsService in 164000ms
10-30 20:36:06.073 W/ActivityManager( 1594): Scheduling restart of crashed service com.miui.powerkeeper/com.xiaomi.mipush.sdk.PushMessageHandler in 133999ms
10-30 20:36:06.074 W/ActivityManager( 1594): Scheduling restart of crashed service com.xiaomi.powerchecker/.PowerCheckerService in 204000ms
10-30 20:36:06.479 I/ActivityManager( 1594): Process com.huaqin.sarcontroller:controller (pid 4176) has died: svcb SVC 
10-30 20:36:06.484 W/ActivityManager( 1594): Scheduling restart of crashed service com.huaqin.sarcontroller/.SarControllerService in 0ms
10-30 20:36:06.518 I/ActivityManager( 1594): Start proc 4247:com.huaqin.sarcontroller:controller/1000 for service {com.huaqin.sarcontroller/com.huaqin.sarcontroller.SarControllerService} caller=com.huaqin.sarcontroller
10-30 20:36:06.594 I/ActivityManager( 1594): Start proc 4268:com.android.settings:remote/1000 for content provider {com.android.settings/com.android.settings.cloud.CloudSettingsProvider} caller=com.xiaomi.bluetooth
10-30 20:36:06.779 I/ActivityManager( 1594): Process com.xiaomi.bluetooth (pid 4207) has died: svcb SVC 
10-30 20:36:06.785 W/ActivityManager( 1594): Scheduling restart of crashed service com.xiaomi.bluetooth/com.android.bluetooth.ble.app.MiuiBleAppService in 143287ms
10-30 20:36:06.786 W/ActivityManager( 1594): Scheduling restart of crashed service com.xiaomi.bluetooth/com.android.bluetooth.ble.app.MiuiFastConnectService in 173287ms
10-30 20:36:06.786 W/ActivityManager( 1594): Scheduling restart of crashed service com.xiaomi.bluetooth/com.android.bluetooth.ble.app.MiuiNearbyService in 183286ms
10-30 20:36:07.145 I/ActivityManager( 1594): Start proc 4311:com.miui.powerkeeper/1000 for service {com.miui.powerkeeper/com.xiaomi.mipush.sdk.MessageHandleService} caller=com.miui.powerkeeper
10-30 20:36:07.429 I/ActivityManager( 1594): Process com.huaqin.sarcontroller:controller (pid 4247) has died: svcb SVC 
10-30 20:36:07.435 W/ActivityManager( 1594): Scheduling restart of crashed service com.huaqin.sarcontroller/.SarControllerService in 0ms
10-30 20:36:07.457 I/ActivityManager( 1594): Start proc 4337:com.huaqin.sarcontroller:controller/1000 for service {com.huaqin.sarcontroller/com.huaqin.sarcontroller.SarControllerService} caller=com.huaqin.sarcontroller
10-30 20:36:07.631 I/ActivityManager( 1594): Process com.android.settings:remote (pid 4268) has died: svcb SVC 
10-30 20:36:07.635 W/ActivityManager( 1594): Scheduling restart of crashed service com.android.settings/.dangerousoptions.DangerousOptionsWarningService in 3870912ms
10-30 20:36:07.914 W/ActivityManager( 1594): Sending non-protected broadcast action_temp_state_change from system 4311:com.miui.powerkeeper/1000 pkg com.miui.powerkeeper. Callers=
10-30 20:36:07.915 W/ActivityManager( 1594): Sending non-protected broadcast action_temp_state_change from system 4311:com.miui.powerkeeper/1000 pkg com.miui.powerkeeper. Callers=
