11-01 06:41:30.743 I/dvm_lock_sample( 1594): [system_server,1,Binder:1594_2,14,ActivityManagerService.java,14450,int com.android.server.am.ActivityManagerService.bindIsolatedService(android.app.IApplicationThread, android.os.IBinder, android.content.Intent, java.lang.String, android.app.IServiceConnection, int, java.lang.String, java.lang.String, int),-,5395,void com.android.server.am.ActivityManagerService.attachApplication(android.app.IApplicationThread, long),2]
11-01 06:54:39.579 I/dvm_lock_sample( 1594): [system_server,1,Binder:1594_A,11,ActivityManagerService.java,6978,android.app.ContentProviderHolder com.android.server.am.ActivityManagerService.getContentProviderImpl(android.app.IApplicationThread, java.lang.String, android.os.IBinder, int, java.lang.String, java.lang.String, boolean, int),-,14335,boolean com.android.server.am.ActivityManagerService.stopServiceToken(android.content.ComponentName, android.os.IBinder, int),2]
11-01 07:20:03.008 I/dvm_lock_sample( 1594): [system_server,1,android.ui,5,ActivityManagerService.java,3378,void com.android.server.am.ActivityManagerService.dispatchUidsChanged(),-,5395,void com.android.server.am.ActivityManagerService.attachApplication(android.app.IApplicationThread, long),1]
11-01 07:32:43.749 I/dvm_lock_sample( 1594): [system_server,1,Binder:1594_10,5,ActivityManagerService.java,14488,void com.android.server.am.ActivityManagerService.unbindFinished(android.os.IBinder, android.content.Intent, boolean),-,14463,boolean com.android.server.am.ActivityManagerService.unbindService(android.app.IServiceConnection),1]
11-01 07:32:53.169 I/dvm_lock_sample( 1594): [system_server,1,Binder:1594_16,8,ActivityManagerService.java,14791,android.content.Intent com.android.server.am.ActivityManagerService.registerReceiver(android.app.IApplicationThread, java.lang.String, android.content.IIntentReceiver, android.content.IntentFilter, java.lang.String, int, int),-,14463,boolean com.android.server.am.ActivityManagerService.unbindService(android.app.IServiceConnection),1]
11-01 07:32:54.863 I/dvm_lock_sample( 1594): [system_server,0,Binder:1594_9,16,ActivityManagerService.java,14494,void com.android.server.am.ActivityManagerService.serviceDoneExecuting(android.os.IBinder, int, int, int),-,14450,int com.android.server.am.ActivityManagerService.bindIsolatedService(android.app.IApplicationThread, android.os.IBinder, android.content.Intent, java.lang.String, android.app.IServiceConnection, int, java.lang.String, java.lang.String, int),3]
11-01 07:37:51.326 I/am_create_activity( 1594): [0,261571582,2090,com.vitrinedecraques.app/.MainActivity,android.intent.action.MAIN,NULL,NULL,270532608]
11-01 07:37:51.432 I/am_proc_start( 1594): [0,29403,11401,com.vitrinedecraques.app,activity,{com.vitrinedecraques.app/com.vitrinedecraques.app.MainActivity}]
11-01 07:37:51.539 I/am_proc_bound( 1594): [0,29403,com.vitrinedecraques.app]
11-01 07:37:51.545 I/am_restart_activity( 1594): [0,261571582,2090,com.vitrinedecraques.app/.MainActivity,29403]
11-01 07:37:51.546 I/am_set_resumed_activity( 1594): [0,com.vitrinedecraques.app/.MainActivity,minimalResumeActivityLocked]
11-01 07:37:56.233 I/am_lifecycle_sample(29403): [0,com.vitrinedecraques.app,110,4658]
11-01 07:37:56.452 I/am_on_create_called(29403): [0,com.vitrinedecraques.app.MainActivity,performCreate,141]
11-01 07:37:56.504 I/am_on_start_called(29403): [0,com.vitrinedecraques.app.MainActivity,handleStartActivity,0]
11-01 07:37:56.508 I/am_on_resume_called(29403): [0,com.vitrinedecraques.app.MainActivity,RESUME_ACTIVITY,1]
11-01 07:37:56.534 I/am_on_top_resumed_gained_called(29403): [0,com.vitrinedecraques.app.MainActivity,topStateChangedWhenResumed]
11-01 07:37:57.983 I/sysui_multi_action( 1594): [319,283,321,200,322,6706,325,2341298,757,761,758,7,759,1,806,com.vitrinedecraques.app,871,com.vitrinedecraques.app.MainActivity,904,com.miui.home,905,0,945,265,1320,12,1321,1]
11-01 07:37:57.989 I/am_activity_launch_time( 1594): [0,261571582,com.vitrinedecraques.app/.MainActivity,6706]
11-01 07:38:05.754 I/am_pss  ( 1594): [29403,11401,com.vitrinedecraques.app,182326272,171335680,191488,275775488,0,2,21]
11-01 07:38:09.720 I/chatty  (29403): uid=11401(com.vitrinedecraques.app) identical 5 lines
11-01 07:38:10.108 I/dvm_lock_sample(29403): [com.vitrinedecraques.app,0,ExoPlayer:Playback,6016,MediaCodecUtil.java,220,java.util.List androidx.media3.exoplayer.mediacodec.MediaCodecUtil.getDecoderInfosSoftMatch(androidx.media3.exoplayer.mediacodec.MediaCodecSelector, androidx.media3.common.Format, boolean, boolean),-,-1,java.util.List androidx.media3.exoplayer.mediacodec.MediaCodecUtil.getDecoderInfos(java.lang.String, boolean, boolean),100]
11-01 07:38:15.751 I/am_pss  ( 1594): [29403,11401,com.vitrinedecraques.app,194212864,182849536,186368,289075200,0,2,20]
11-01 07:38:18.556 I/dvm_lock_sample( 1594): [system_server,1,Binder:1594_19,31,ActivityManagerService.java,14463,boolean com.android.server.am.ActivityManagerService.unbindService(android.app.IServiceConnection),-,1537,void com.android.server.am.ActivityManagerService$AppDeathRecipient.binderDied(),6]
11-01 07:38:20.211 I/am_pss  ( 1594): [29403,11401,com.vitrinedecraques.app,190416896,179687424,195584,283054080,1,2,15]
11-01 07:38:30.137 I/am_on_top_resumed_lost_called(29403): [0,com.vitrinedecraques.app.MainActivity,topStateChangedWhenResumed]
11-01 07:38:30.138 I/am_pause_activity( 1594): [29403,261571582,com.vitrinedecraques.app/.MainActivity,userLeaving=true]
11-01 07:38:30.142 I/am_add_to_stopping( 1594): [0,261571582,com.vitrinedecraques.app/.MainActivity,makeInvisible]
11-01 07:38:30.162 I/am_on_paused_called(29403): [0,com.vitrinedecraques.app.MainActivity,performPause,0]
11-01 07:38:30.636 I/am_stop_activity( 1594): [0,261571582,com.vitrinedecraques.app/.MainActivity]
11-01 07:38:30.728 I/am_on_stop_called(29403): [0,com.vitrinedecraques.app.MainActivity,STOP_ACTIVITY_ITEM,0]
11-01 07:38:31.463 I/sysui_multi_action( 3049): [757,289,758,4,806,ComponentInfo{com.vitrinedecraques.app/com.vitrinedecraques.app.MainActivity}]
11-01 07:38:31.467 I/am_finish_activity( 1594): [29403,261571582,2090,com.vitrinedecraques.app/.MainActivity,remove-task]
11-01 07:38:31.467 I/am_destroy_activity( 1594): [29403,261571582,2090,com.vitrinedecraques.app/.MainActivity,finish-imm:finishActivityLocked]
11-01 07:38:31.475 I/am_kill ( 1594): [0,29403,com.vitrinedecraques.app,700,SwipeUpClean]
11-01 07:38:31.766 I/am_proc_died( 1594): [0,29403,com.vitrinedecraques.app,700,16]
11-01 07:41:39.571 I/am_create_activity( 1594): [0,97978844,2091,com.vitrinedecraques.app/.MainActivity,android.intent.action.MAIN,NULL,NULL,270532608]
11-01 07:41:39.630 I/am_proc_start( 1594): [0,31119,11401,com.vitrinedecraques.app,activity,{com.vitrinedecraques.app/com.vitrinedecraques.app.MainActivity}]
11-01 07:41:39.697 I/am_proc_bound( 1594): [0,31119,com.vitrinedecraques.app]
11-01 07:41:39.702 I/am_restart_activity( 1594): [0,97978844,2091,com.vitrinedecraques.app/.MainActivity,31119]
11-01 07:41:39.703 I/am_set_resumed_activity( 1594): [0,com.vitrinedecraques.app/.MainActivity,minimalResumeActivityLocked]
11-01 07:41:44.412 I/am_lifecycle_sample(31119): [0,com.vitrinedecraques.app,110,4692]
11-01 07:41:44.598 I/am_on_create_called(31119): [0,com.vitrinedecraques.app.MainActivity,performCreate,124]
11-01 07:41:44.650 I/am_on_start_called(31119): [0,com.vitrinedecraques.app.MainActivity,handleStartActivity,0]
11-01 07:41:44.654 I/am_on_resume_called(31119): [0,com.vitrinedecraques.app.MainActivity,RESUME_ACTIVITY,1]
11-01 07:41:44.678 I/am_on_top_resumed_gained_called(31119): [0,com.vitrinedecraques.app.MainActivity,topStateChangedWhenResumed]
11-01 07:41:46.120 I/sysui_multi_action( 1594): [319,157,321,69,322,6558,325,2341527,757,761,758,7,759,1,806,com.vitrinedecraques.app,871,com.vitrinedecraques.app.MainActivity,904,com.miui.home,905,0,945,136,1320,12,1321,1]
11-01 07:41:46.124 I/am_activity_launch_time( 1594): [0,97978844,com.vitrinedecraques.app/.MainActivity,6558]
11-01 07:41:50.880 I/am_pss  ( 1594): [31119,11401,com.vitrinedecraques.app,176668672,165879808,223232,270049280,0,2,19]
11-01 07:41:57.624 I/dvm_lock_sample(31119): [com.vitrinedecraques.app,0,ExoPlayer:Playback,5087,MediaCodecUtil.java,-1,java.util.List androidx.media3.exoplayer.mediacodec.MediaCodecUtil.getDecoderInfos(java.lang.String, boolean, boolean),MediaCodecList.java,-2,int android.media.MediaCodecList.native_getCodecCount(),100]
11-01 07:42:01.103 I/am_pss  ( 1594): [31119,11401,com.vitrinedecraques.app,180524032,169328640,218112,274927616,0,2,24]
11-01 07:43:01.243 I/am_pss  ( 1594): [31119,11401,com.vitrinedecraques.app,225525760,207204352,224256,324718592,0,2,25]
11-01 07:44:31.366 I/am_pss  ( 1594): [31119,11401,com.vitrinedecraques.app,251231232,232796160,232448,348794880,0,2,22]
11-01 07:46:46.531 I/am_pss  ( 1594): [31119,11401,com.vitrinedecraques.app,261738496,243302400,232448,359145472,0,2,24]
11-01 07:50:11.875 I/am_pss  ( 1594): [31119,11401,com.vitrinedecraques.app,266670080,248422400,228352,364662784,0,2,25]
11-01 07:53:29.037 I/dvm_lock_sample( 1594): [system_server,1,Binder:1594_6,14,ActivityManagerService.java,6752,java.lang.String com.android.server.am.ActivityManagerService.checkContentProviderAccess(java.lang.String, int),-,1537,void com.android.server.am.ActivityManagerService$AppDeathRecipient.binderDied(),2]
11-01 07:53:30.410 I/dvm_lock_sample( 1594): [system_server,0,Binder:1594_9,8,ActivityManagerService.java,14494,void com.android.server.am.ActivityManagerService.serviceDoneExecuting(android.os.IBinder, int, int, int),-,14450,int com.android.server.am.ActivityManagerService.bindIsolatedService(android.app.IApplicationThread, android.os.IBinder, android.content.Intent, java.lang.String, android.app.IServiceConnection, int, java.lang.String, java.lang.String, int),1]
11-01 07:53:30.479 I/am_pss  ( 1594): [31119,11401,com.vitrinedecraques.app,264114176,246480896,215040,360386560,1,2,21]
11-01 07:54:30.720 I/am_on_top_resumed_lost_called(31119): [0,com.vitrinedecraques.app.MainActivity,topStateChangedWhenResumed]
11-01 07:54:30.724 I/am_pause_activity( 1594): [31119,97978844,com.vitrinedecraques.app/.MainActivity,userLeaving=true]
11-01 07:54:30.725 I/am_add_to_stopping( 1594): [0,97978844,com.vitrinedecraques.app/.MainActivity,makeInvisible]
11-01 07:54:30.734 I/am_on_paused_called(31119): [0,com.vitrinedecraques.app.MainActivity,performPause,0]
11-01 07:54:31.121 I/am_stop_activity( 1594): [0,97978844,com.vitrinedecraques.app/.MainActivity]
11-01 07:54:31.198 I/am_on_stop_called(31119): [0,com.vitrinedecraques.app.MainActivity,STOP_ACTIVITY_ITEM,0]
11-01 07:54:31.905 I/sysui_multi_action( 3049): [757,289,758,4,806,ComponentInfo{com.vitrinedecraques.app/com.vitrinedecraques.app.MainActivity}]
11-01 07:54:31.909 I/am_finish_activity( 1594): [31119,97978844,2091,com.vitrinedecraques.app/.MainActivity,remove-task]
11-01 07:54:31.909 I/am_destroy_activity( 1594): [31119,97978844,2091,com.vitrinedecraques.app/.MainActivity,finish-imm:finishActivityLocked]
11-01 07:54:31.976 I/am_kill ( 1594): [0,31119,com.vitrinedecraques.app,905,SwipeUpClean]
11-01 07:54:32.192 I/am_proc_died( 1594): [0,31119,com.vitrinedecraques.app,905,20]
11-01 07:54:32.233 I/dvm_lock_sample( 1594): [system_server,1,Binder:1594_1A,15,ActivityManagerService.java,8605,boolean com.android.server.am.ActivityManagerService.isUidActive(int, java.lang.String),-,14450,int com.android.server.am.ActivityManagerService.bindIsolatedService(android.app.IApplicationThread, android.os.IBinder, android.content.Intent, java.lang.String, android.app.IServiceConnection, int, java.lang.String, java.lang.String, int),3]
11-01 07:54:34.463 I/dvm_lock_sample( 1594): [system_server,0,miui.fg,14,ActivityManagerService.java,5955,boolean com.android.server.am.ActivityManagerService.isAppBad(android.content.pm.ApplicationInfo),-,14494,void com.android.server.am.ActivityManagerService.serviceDoneExecuting(android.os.IBinder, int, int, int),2]
11-01 07:54:35.020 I/dvm_lock_sample( 1594): [system_server,1,Binder:1594_1C,12,ActivityManagerService.java,18411,boolean com.android.server.am.ActivityManagerService$LocalService.isUidActive(int),ActiveServices.java,2189,void com.android.server.am.ActiveServices$ServiceRestarter.run(),2]
11-01 07:54:35.258 I/dvm_lock_sample( 1594): [system_server,1,Binder:1594_10,20,ActivityManagerService.java,7717,boolean com.android.server.am.ActivityManagerService.refContentProvider(android.os.IBinder, int, int),-,1537,void com.android.server.am.ActivityManagerService$AppDeathRecipient.binderDied(),4]
11-01 07:54:35.433 I/dvm_lock_sample( 1594): [system_server,1,Binder:1594_1E,18,ActivityManagerService.java,14450,int com.android.server.am.ActivityManagerService.bindIsolatedService(android.app.IApplicationThread, android.os.IBinder, android.content.Intent, java.lang.String, android.app.IServiceConnection, int, java.lang.String, java.lang.String, int),-,14450,int com.android.server.am.ActivityManagerService.bindIsolatedService(android.app.IApplicationThread, android.os.IBinder, android.content.Intent, java.lang.String, android.app.IServiceConnection, int, java.lang.String, java.lang.String, int),3]
11-01 07:58:51.826 I/dvm_lock_sample( 1594): [system_server,1,Binder:1594_6,9,ActivityManagerService.java,6181,boolean com.android.server.am.ActivityManagerService.isAppStartModeDisabled(int, java.lang.String),-,14463,boolean com.android.server.am.ActivityManagerService.unbindService(android.app.IServiceConnection),1]
11-01 07:58:52.003 I/dvm_lock_sample( 1594): [system_server,1,Binder:1594_3,5,ActivityManagerService.java,5955,boolean com.android.server.am.ActivityManagerService.isAppBad(android.content.pm.ApplicationInfo),BroadcastQueue.java,984,void com.android.server.am.BroadcastQueue.processNextBroadcast(boolean, boolean),1]
11-01 08:23:41.761 I/dvm_lock_sample( 1594): [system_server,1,Binder:1594_17,56,ActivityManagerService.java,14791,android.content.Intent com.android.server.am.ActivityManagerService.registerReceiver(android.app.IApplicationThread, java.lang.String, android.content.IIntentReceiver, android.content.IntentFilter, java.lang.String, int, int),-,16095,void com.android.server.am.ActivityManagerService.finishReceiver(android.os.IBinder, int, java.lang.String, android.os.Bundle, boolean, int),11]
11-01 08:29:29.893 I/dvm_lock_sample( 1594): [system_server,1,Binder:1594_16,10,ActivityManagerService.java,14463,boolean com.android.server.am.ActivityManagerService.unbindService(android.app.IServiceConnection),-,16095,void com.android.server.am.ActivityManagerService.finishReceiver(android.os.IBinder, int, java.lang.String, android.os.Bundle, boolean, int),2]
11-01 08:29:30.010 I/dvm_lock_sample( 1594): [system_server,1,Binder:1594_1A,10,ActivityManagerService.java,14450,int com.android.server.am.ActivityManagerService.bindIsolatedService(android.app.IApplicationThread, android.os.IBinder, android.content.Intent, java.lang.String, android.app.IServiceConnection, int, java.lang.String, java.lang.String, int),-,14450,int com.android.server.am.ActivityManagerService.bindIsolatedService(android.app.IApplicationThread, android.os.IBinder, android.content.Intent, java.lang.String, android.app.IServiceConnection, int, java.lang.String, java.lang.String, int),2]
11-01 08:29:30.965 I/dvm_lock_sample( 1594): [system_server,1,Binder:1594_11,18,ActivityManagerService.java,14285,android.content.ComponentName com.android.server.am.ActivityManagerService.startService(android.app.IApplicationThread, android.content.Intent, java.lang.String, boolean, java.lang.String, int),-,5395,void com.android.server.am.ActivityManagerService.attachApplication(android.app.IApplicationThread, long),3]
11-01 08:33:29.004 I/dvm_lock_sample( 1594): [system_server,1,main,6,BroadcastDispatcher.java,186,void com.android.server.am.BroadcastDispatcher$1.broadcastAlarmComplete(int),ActivityManagerService.java,16095,void com.android.server.am.ActivityManagerService.finishReceiver(android.os.IBinder, int, java.lang.String, android.os.Bundle, boolean, int),1]
11-01 08:34:38.337 I/dvm_lock_sample( 1594): [system_server,0,PackageManager,29,ActivityManagerService.java,15989,int com.android.server.am.ActivityManagerService.broadcastIntent(android.app.IApplicationThread, android.content.Intent, java.lang.String, android.content.IIntentReceiver, int, java.lang.String, android.os.Bundle, java.lang.String[], int, android.os.Bundle, boolean, boolean, int),-,17671,void com.android.server.am.ActivityManagerService.trimApplications(java.lang.String),5]
11-01 08:34:38.350 I/notification_cancel_all( 1594): [1000,1594,com.vitrinedecraques.app,0,0,0,5,NULL]
11-01 08:34:38.447 I/dvm_lock_sample( 1594): [system_server,0,PackageManager,98,ActivityManagerService.java,15989,int com.android.server.am.ActivityManagerService.broadcastIntent(android.app.IApplicationThread, android.content.Intent, java.lang.String, android.content.IIntentReceiver, int, java.lang.String, android.os.Bundle, java.lang.String[], int, android.os.Bundle, boolean, boolean, int),-,14285,android.content.ComponentName com.android.server.am.ActivityManagerService.startService(android.app.IApplicationThread, android.content.Intent, java.lang.String, boolean, java.lang.String, int),19]
11-01 08:34:38.684 I/sysui_multi_action( 1594): [757,147,758,4,759,1,806,com.vitrinedecraques.app]
11-01 08:34:39.979 I/am_create_activity( 1594): [0,97359606,2094,com.vitrinedecraques.app/.MainActivity,NULL,NULL,NULL,268435456]
11-01 08:34:40.034 I/dvm_lock_sample( 1594): [system_server,1,Binder:1594_E,161,ActivityTaskManagerService.java,6715,android.content.res.CompatibilityInfo com.android.server.wm.ActivityTaskManagerService$LocalService.compatibilityInfoForPackage(android.content.pm.ApplicationInfo),ActivityStarter.java,1313,int com.android.server.wm.ActivityStarter.startActivityMayWait(android.app.IApplicationThread, int, java.lang.String, int, int, android.content.Intent, java.lang.String, android.service.voice.IVoiceInteractionSession, com.android.internal.app.IVoiceInteractor, android.os.IBinder, java.lang.String, int, int, android.app.ProfilerInfo, android.app.WaitResult, android.content.res.Configuration, com.android.server.wm.SafeActivityOptions, boolean, int, com.android.server.wm.TaskRecord, java.lang.String, boolean, com.android.server.am.PendingIntentRecord, boolean),32]
11-01 08:34:40.051 I/dvm_lock_sample( 1594): [system_server,1,Binder:1594_A,125,ActivityManagerService.java,6752,java.lang.String com.android.server.am.ActivityManagerService.checkContentProviderAccess(java.lang.String, int),-,5395,void com.android.server.am.ActivityManagerService.attachApplication(android.app.IApplicationThread, long),25]
11-01 08:34:40.065 I/dvm_lock_sample( 1594): [system_server,1,Binder:1594_C,100,ActivityManagerService.java,14335,boolean com.android.server.am.ActivityManagerService.stopServiceToken(android.content.ComponentName, android.os.IBinder, int),-,5395,void com.android.server.am.ActivityManagerService.attachApplication(android.app.IApplicationThread, long),20]
11-01 08:34:40.095 I/dvm_lock_sample( 1594): [system_server,1,Binder:1594_1E,43,ActivityManagerService.java,14285,android.content.ComponentName com.android.server.am.ActivityManagerService.startService(android.app.IApplicationThread, android.content.Intent, java.lang.String, boolean, java.lang.String, int),-,6752,java.lang.String com.android.server.am.ActivityManagerService.checkContentProviderAccess(java.lang.String, int),8]
11-01 08:34:40.135 I/am_proc_start( 1594): [0,19050,11401,com.vitrinedecraques.app,activity,{com.vitrinedecraques.app/com.vitrinedecraques.app.MainActivity}]
11-01 08:34:40.380 I/am_proc_bound( 1594): [0,19050,com.vitrinedecraques.app]
11-01 08:34:40.397 I/am_restart_activity( 1594): [0,97359606,2094,com.vitrinedecraques.app/.MainActivity,19050]
11-01 08:34:40.398 I/am_set_resumed_activity( 1594): [0,com.vitrinedecraques.app/.MainActivity,minimalResumeActivityLocked]
11-01 08:34:41.022 I/dvm_lock_sample( 1594): [system_server,1,Binder:1594_2,125,ActivityManagerService.java,8605,boolean com.android.server.am.ActivityManagerService.isUidActive(int, java.lang.String),-,5395,void com.android.server.am.ActivityManagerService.attachApplication(android.app.IApplicationThread, long),25]
11-01 08:34:41.037 I/dvm_lock_sample( 1594): [system_server,1,Binder:1594_6,11,ActivityManagerService.java,10076,void com.android.server.am.ActivityManagerService.getMyMemoryState(android.app.ActivityManager$RunningAppProcessInfo),-,14450,int com.android.server.am.ActivityManagerService.bindIsolatedService(android.app.IApplicationThread, android.os.IBinder, android.content.Intent, java.lang.String, android.app.IServiceConnection, int, java.lang.String, java.lang.String, int),2]
11-01 08:34:41.053 I/dvm_lock_sample( 1594): [system_server,1,Binder:1594_19,5,ActivityManagerService.java,18962,boolean com.android.server.am.ActivityManagerService$LocalService.hasForegroundServiceNotification(java.lang.String, int, java.lang.String),-,14463,boolean com.android.server.am.ActivityManagerService.unbindService(android.app.IServiceConnection),1]
11-01 08:34:41.179 I/dvm_lock_sample( 1594): [system_server,1,android.ui,26,ActivityManagerService.java,3378,void com.android.server.am.ActivityManagerService.dispatchUidsChanged(),-,1537,void com.android.server.am.ActivityManagerService$AppDeathRecipient.binderDied(),5]
11-01 08:34:41.446 I/notification_cancel_all( 1594): [1000,1594,com.vitrinedecraques.app,0,0,0,5,NULL]
11-01 08:34:41.617 I/dvm_lock_sample( 1594): [system_server,1,Binder:1594_A,16,ActivityManagerService.java,6752,java.lang.String com.android.server.am.ActivityManagerService.checkContentProviderAccess(java.lang.String, int),-,7564,void com.android.server.am.ActivityManagerService.removeContentProvider(android.os.IBinder, boolean),3]
11-01 08:34:42.805 I/am_pss  ( 1594): [19050,11401,com.vitrinedecraques.app,63202304,59510784,346112,127315968,1,2,12]
11-01 08:34:46.644 I/am_lifecycle_sample(19050): [0,com.vitrinedecraques.app,110,6220]
11-01 08:34:46.947 I/am_on_create_called(19050): [0,com.vitrinedecraques.app.MainActivity,performCreate,202]
11-01 08:34:47.009 I/am_on_start_called(19050): [0,com.vitrinedecraques.app.MainActivity,handleStartActivity,0]
11-01 08:34:47.013 I/am_on_resume_called(19050): [0,com.vitrinedecraques.app.MainActivity,RESUME_ACTIVITY,2]
11-01 08:34:47.064 I/am_on_top_resumed_gained_called(19050): [0,com.vitrinedecraques.app.MainActivity,topStateChangedWhenResumed]
11-01 08:34:48.839 I/sysui_multi_action( 1594): [319,649,321,638,322,8971,325,2344707,757,761,758,7,759,1,806,com.vitrinedecraques.app,871,com.vitrinedecraques.app.MainActivity,904,com.android.shell,905,0,945,520,1320,12,1321,1]
11-01 08:34:48.843 I/am_activity_launch_time( 1594): [0,97359606,com.vitrinedecraques.app/.MainActivity,8971]
11-01 08:34:51.252 I/am_pss  ( 1594): [19050,11401,com.vitrinedecraques.app,180884480,171212800,234496,268627968,0,2,18]
11-01 08:35:29.191 I/dvm_lock_sample( 1594): [system_server,1,android.ui,18,ActivityManagerService.java,3272,void com.android.server.am.ActivityManagerService.dispatchProcessesChanged(),-,14463,boolean com.android.server.am.ActivityManagerService.unbindService(android.app.IServiceConnection),3]
11-01 08:35:29.855 I/dvm_lock_sample( 1594): [system_server,0,Binder:1594_C,15,ActivityManagerService.java,7564,void com.android.server.am.ActivityManagerService.removeContentProvider(android.os.IBinder, boolean),-,5395,void com.android.server.am.ActivityManagerService.attachApplication(android.app.IApplicationThread, long),3]
11-01 08:35:34.340 I/am_on_top_resumed_lost_called(19050): [0,com.vitrinedecraques.app.MainActivity,topStateChangedWhenResumed]
11-01 08:35:34.342 I/am_pause_activity( 1594): [19050,97359606,com.vitrinedecraques.app/.MainActivity,userLeaving=true]
11-01 08:35:34.346 I/am_add_to_stopping( 1594): [0,97359606,com.vitrinedecraques.app/.MainActivity,makeInvisible]
11-01 08:35:34.354 I/am_on_paused_called(19050): [0,com.vitrinedecraques.app.MainActivity,performPause,1]
11-01 08:35:34.769 I/am_stop_activity( 1594): [0,97359606,com.vitrinedecraques.app/.MainActivity]
11-01 08:35:34.817 I/am_on_stop_called(19050): [0,com.vitrinedecraques.app.MainActivity,STOP_ACTIVITY_ITEM,0]
11-01 08:35:35.281 I/sysui_multi_action( 3049): [757,289,758,4,806,ComponentInfo{com.vitrinedecraques.app/com.vitrinedecraques.app.MainActivity}]
11-01 08:35:35.284 I/am_finish_activity( 1594): [19050,97359606,2094,com.vitrinedecraques.app/.MainActivity,remove-task]
11-01 08:35:35.284 I/am_destroy_activity( 1594): [19050,97359606,2094,com.vitrinedecraques.app/.MainActivity,finish-imm:finishActivityLocked]
11-01 08:35:35.321 I/am_on_destroy_called(19050): [0,com.vitrinedecraques.app.MainActivity,performDestroy,0]
11-01 08:35:35.339 I/am_kill ( 1594): [0,19050,com.vitrinedecraques.app,700,SwipeUpClean]
11-01 08:35:35.458 I/am_proc_died( 1594): [0,19050,com.vitrinedecraques.app,700,16]
11-01 08:36:03.005 I/dvm_lock_sample( 1594): [system_server,1,ActivityManager,6,PackageManagerService.java,4275,boolean com.android.server.pm.PackageManagerService.isPackageAvailable(java.lang.String, int),-,5773,int com.android.server.pm.PackageManagerService.checkUidPermission(java.lang.String, int),1]
11-01 08:36:03.506 I/dvm_lock_sample( 1594): [system_server,1,main,61,ActivityManagerService.java,15989,int com.android.server.am.ActivityManagerService.broadcastIntent(android.app.IApplicationThread, android.content.Intent, java.lang.String, android.content.IIntentReceiver, int, java.lang.String, android.os.Bundle, java.lang.String[], int, android.os.Bundle, boolean, boolean, int),-,16095,void com.android.server.am.ActivityManagerService.finishReceiver(android.os.IBinder, int, java.lang.String, android.os.Bundle, boolean, int),12]
11-01 08:38:10.959 I/am_create_activity( 1594): [0,87409828,2096,com.vitrinedecraques.app/.MainActivity,android.intent.action.MAIN,NULL,NULL,270532608]
11-01 08:38:11.024 I/am_proc_start( 1594): [0,22064,11401,com.vitrinedecraques.app,activity,{com.vitrinedecraques.app/com.vitrinedecraques.app.MainActivity}]
11-01 08:38:11.150 I/am_proc_bound( 1594): [0,22064,com.vitrinedecraques.app]
11-01 08:38:11.160 I/am_restart_activity( 1594): [0,87409828,2096,com.vitrinedecraques.app/.MainActivity,22064]
11-01 08:38:11.165 I/am_set_resumed_activity( 1594): [0,com.vitrinedecraques.app/.MainActivity,minimalResumeActivityLocked]
11-01 08:38:15.836 I/am_lifecycle_sample(22064): [0,com.vitrinedecraques.app,110,4638]
11-01 08:38:16.086 I/am_on_create_called(22064): [0,com.vitrinedecraques.app.MainActivity,performCreate,151]
11-01 08:38:16.143 I/am_on_start_called(22064): [0,com.vitrinedecraques.app.MainActivity,handleStartActivity,0]
11-01 08:38:16.148 I/am_on_resume_called(22064): [0,com.vitrinedecraques.app.MainActivity,RESUME_ACTIVITY,1]
11-01 08:38:16.176 I/am_on_top_resumed_gained_called(22064): [0,com.vitrinedecraques.app.MainActivity,topStateChangedWhenResumed]
11-01 08:38:17.633 I/sysui_multi_action( 1594): [319,252,321,96,322,6698,325,2344918,757,761,758,7,759,1,806,com.vitrinedecraques.app,871,com.vitrinedecraques.app.MainActivity,904,com.miui.home,905,0,945,220,1320,12,1321,1]
11-01 08:38:17.639 I/am_activity_launch_time( 1594): [0,87409828,com.vitrinedecraques.app/.MainActivity,6698]
11-01 08:38:21.474 I/am_pss  ( 1594): [22064,11401,com.vitrinedecraques.app,183235584,173502464,204800,276320256,0,2,21]
11-01 08:38:31.623 I/am_pss  ( 1594): [22064,11401,com.vitrinedecraques.app,184355840,174063616,199680,278863872,0,2,18]
11-01 08:38:42.003 I/dvm_lock_sample( 1594): [system_server,0,miui.fg,8,ActivityManagerService.java,5955,boolean com.android.server.am.ActivityManagerService.isAppBad(android.content.pm.ApplicationInfo),-,6408,void com.android.server.am.ActivityManagerService.grantUriPermission(android.app.IApplicationThread, java.lang.String, android.net.Uri, int, int),1]
11-01 08:38:51.084 I/am_on_top_resumed_lost_called(22064): [0,com.vitrinedecraques.app.MainActivity,topStateChangedWhenResumed]
11-01 08:38:51.093 I/am_pause_activity( 1594): [22064,87409828,com.vitrinedecraques.app/.MainActivity,userLeaving=true]
11-01 08:38:51.112 I/am_on_paused_called(22064): [0,com.vitrinedecraques.app.MainActivity,performPause,1]
11-01 08:38:51.159 I/dvm_lock_sample( 1594): [system_server,1,Binder:1594_16,104,ActivityManagerService.java,18684,android.content.ComponentName com.android.server.am.ActivityManagerService$LocalService.startServiceInPackage(int, android.content.Intent, java.lang.String, boolean, java.lang.String, int, boolean),-,16095,void com.android.server.am.ActivityManagerService.finishReceiver(android.os.IBinder, int, java.lang.String, android.os.Bundle, boolean, int),20]
11-01 08:38:53.868 I/am_set_resumed_activity( 1594): [0,com.vitrinedecraques.app/.MainActivity,finishActivity]
11-01 08:38:53.886 I/am_set_resumed_activity( 1594): [0,com.vitrinedecraques.app/.MainActivity,resumeTopActivityInnerLocked]
11-01 08:38:53.889 I/am_resume_activity( 1594): [0,87409828,2096,com.vitrinedecraques.app/.MainActivity,22064]
11-01 08:38:53.918 I/am_on_resume_called(22064): [0,com.vitrinedecraques.app.MainActivity,RESUME_ACTIVITY,1]
11-01 08:38:53.923 I/am_on_top_resumed_gained_called(22064): [0,com.vitrinedecraques.app.MainActivity,topWhenResuming]
11-01 08:39:31.739 I/am_pss  ( 1594): [22064,11401,com.vitrinedecraques.app,209489920,192516096,211968,309665792,0,2,27]
11-01 08:39:50.960 I/am_pss  ( 1594): [22064,11401,com.vitrinedecraques.app,209592320,192782336,207872,309944320,2,2,18]
11-01 08:40:35.376 I/dvm_lock_sample( 1594): [system_server,0,Binder:1594_12,5,ActivityManagerService.java,14494,void com.android.server.am.ActivityManagerService.serviceDoneExecuting(android.os.IBinder, int, int, int),-,14463,boolean com.android.server.am.ActivityManagerService.unbindService(android.app.IServiceConnection),1]
11-01 08:40:51.259 I/dvm_lock_sample( 1594): [system_server,1,android.ui,5,ActivityManagerService.java,17649,void com.android.server.am.ActivityManagerService.pushTempWhitelist(),-,16095,void com.android.server.am.ActivityManagerService.finishReceiver(android.os.IBinder, int, java.lang.String, android.os.Bundle, boolean, int),1]
11-01 08:42:07.000 I/am_pss  ( 1594): [22064,11401,com.vitrinedecraques.app,210887680,195723264,211968,304586752,0,2,21]
11-01 08:43:44.140 I/am_on_top_resumed_lost_called(22064): [0,com.vitrinedecraques.app.MainActivity,topStateChangedWhenResumed]
11-01 08:43:44.147 I/am_pause_activity( 1594): [22064,87409828,com.vitrinedecraques.app/.MainActivity,userLeaving=true]
11-01 08:43:44.149 I/am_add_to_stopping( 1594): [0,87409828,com.vitrinedecraques.app/.MainActivity,makeInvisible]
11-01 08:43:44.158 I/am_on_paused_called(22064): [0,com.vitrinedecraques.app.MainActivity,performPause,0]
11-01 08:43:44.573 I/am_stop_activity( 1594): [0,87409828,com.vitrinedecraques.app/.MainActivity]
11-01 08:43:44.662 I/am_on_stop_called(22064): [0,com.vitrinedecraques.app.MainActivity,STOP_ACTIVITY_ITEM,0]
11-01 08:43:45.252 I/sysui_multi_action( 3049): [757,289,758,4,806,ComponentInfo{com.vitrinedecraques.app/com.vitrinedecraques.app.MainActivity}]
11-01 08:43:45.294 I/am_finish_activity( 1594): [22064,87409828,2096,com.vitrinedecraques.app/.MainActivity,remove-task]
11-01 08:43:45.294 I/am_destroy_activity( 1594): [22064,87409828,2096,com.vitrinedecraques.app/.MainActivity,finish-imm:finishActivityLocked]
11-01 08:43:45.305 I/am_kill ( 1594): [0,22064,com.vitrinedecraques.app,700,SwipeUpClean]
11-01 08:43:45.343 I/dvm_lock_sample( 1594): [system_server,1,android.ui,8,ActivityManagerService.java,3272,void com.android.server.am.ActivityManagerService.dispatchProcessesChanged(),-,14450,int com.android.server.am.ActivityManagerService.bindIsolatedService(android.app.IApplicationThread, android.os.IBinder, android.content.Intent, java.lang.String, android.app.IServiceConnection, int, java.lang.String, java.lang.String, int),1]
11-01 08:43:45.462 I/am_proc_died( 1594): [0,22064,com.vitrinedecraques.app,700,16]
11-01 08:43:45.487 I/dvm_lock_sample( 1594): [system_server,1,android.ui,19,ActivityManagerService.java,3378,void com.android.server.am.ActivityManagerService.dispatchUidsChanged(),-,1537,void com.android.server.am.ActivityManagerService$AppDeathRecipient.binderDied(),3]
11-01 08:52:44.115 I/dvm_lock_sample( 1594): [system_server,0,Binder:1594_1,48,ActivityManagerService.java,14494,void com.android.server.am.ActivityManagerService.serviceDoneExecuting(android.os.IBinder, int, int, int),-,14450,int com.android.server.am.ActivityManagerService.bindIsolatedService(android.app.IApplicationThread, android.os.IBinder, android.content.Intent, java.lang.String, android.app.IServiceConnection, int, java.lang.String, java.lang.String, int),9]
11-01 08:59:04.728 I/dvm_lock_sample( 1594): [system_server,1,Binder:1594_1E,23,ActivityManagerService.java,6752,java.lang.String com.android.server.am.ActivityManagerService.checkContentProviderAccess(java.lang.String, int),ProcessRecord.java,1358,void com.android.server.am.ProcessRecord.updateProcessInfo(boolean, boolean, boolean),4]
11-01 08:59:06.025 I/notification_cancel_all( 1594): [1000,1594,com.vitrinedecraques.app,0,0,0,5,NULL]
11-01 08:59:06.340 I/sysui_multi_action( 1594): [757,147,758,4,759,1,806,com.vitrinedecraques.app]
11-01 08:59:06.765 I/dvm_lock_sample( 1594): [system_server,1,Binder:1594_B,58,ActivityManagerService.java,14285,android.content.ComponentName com.android.server.am.ActivityManagerService.startService(android.app.IApplicationThread, android.content.Intent, java.lang.String, boolean, java.lang.String, int),-,14285,android.content.ComponentName com.android.server.am.ActivityManagerService.startService(android.app.IApplicationThread, android.content.Intent, java.lang.String, boolean, java.lang.String, int),11]
11-01 08:59:06.993 I/am_create_activity( 1594): [0,131178358,2099,com.vitrinedecraques.app/.MainActivity,NULL,NULL,NULL,268435456]
11-01 08:59:07.121 I/am_proc_start( 1594): [0,28601,11401,com.vitrinedecraques.app,activity,{com.vitrinedecraques.app/com.vitrinedecraques.app.MainActivity}]
11-01 08:59:07.167 I/am_proc_bound( 1594): [0,28601,com.vitrinedecraques.app]
11-01 08:59:07.182 I/am_restart_activity( 1594): [0,131178358,2099,com.vitrinedecraques.app/.MainActivity,28601]
11-01 08:59:07.184 I/am_set_resumed_activity( 1594): [0,com.vitrinedecraques.app/.MainActivity,minimalResumeActivityLocked]
11-01 08:59:08.362 I/dvm_lock_sample( 1594): [system_server,1,Binder:1594_3,18,ActivityTaskManagerService.java,7377,com.android.server.wm.WindowProcessController com.android.server.wm.ActivityTaskManagerService$LocalService.getTopApp(),WindowSurfacePlacer.java,61,void com.android.server.wm.WindowSurfacePlacer.lambda$new$0$WindowSurfacePlacer(),3]
11-01 08:59:08.363 I/dvm_lock_sample( 1594): [system_server,1,Binder:1594_B,23,ActivityManagerService.java,7639,void com.android.server.am.ActivityManagerService.publishContentProviders(android.app.IApplicationThread, java.util.List),-,14310,int com.android.server.am.ActivityManagerService.stopService(android.app.IApplicationThread, android.content.Intent, java.lang.String, int),4]
11-01 08:59:09.352 I/notification_cancel_all( 1594): [1000,1594,com.vitrinedecraques.app,0,0,0,5,NULL]
11-01 08:59:12.377 I/am_lifecycle_sample(28601): [0,com.vitrinedecraques.app,110,5181]
11-01 08:59:12.598 I/am_on_create_called(28601): [0,com.vitrinedecraques.app.MainActivity,performCreate,153]
11-01 08:59:12.652 I/am_on_start_called(28601): [0,com.vitrinedecraques.app.MainActivity,handleStartActivity,0]
11-01 08:59:12.655 I/am_on_resume_called(28601): [0,com.vitrinedecraques.app.MainActivity,RESUME_ACTIVITY,2]
11-01 08:59:12.680 I/am_on_top_resumed_gained_called(28601): [0,com.vitrinedecraques.app.MainActivity,topStateChangedWhenResumed]
11-01 08:59:14.516 I/sysui_multi_action( 1594): [319,1377,321,1350,322,7543,325,2346174,757,761,758,7,759,1,806,com.vitrinedecraques.app,871,com.vitrinedecraques.app.MainActivity,904,com.android.shell,905,0,945,196,1320,12,1321,1]
11-01 08:59:14.524 I/am_activity_launch_time( 1594): [0,131178358,com.vitrinedecraques.app/.MainActivity,7543]
11-01 08:59:17.225 I/am_pss  ( 1594): [28601,11401,com.vitrinedecraques.app,179846144,170106880,234496,270479360,0,2,20]
11-01 08:59:27.334 I/am_pss  ( 1594): [28601,11401,com.vitrinedecraques.app,186391552,174301184,221184,282841088,0,2,18]
11-01 09:00:24.929 I/am_on_top_resumed_lost_called(28601): [0,com.vitrinedecraques.app.MainActivity,topStateChangedWhenResumed]
11-01 09:00:24.934 I/am_pause_activity( 1594): [28601,131178358,com.vitrinedecraques.app/.MainActivity,userLeaving=true]
11-01 09:00:24.936 I/am_add_to_stopping( 1594): [0,131178358,com.vitrinedecraques.app/.MainActivity,makeInvisible]
11-01 09:00:24.949 I/am_on_paused_called(28601): [0,com.vitrinedecraques.app.MainActivity,performPause,0]
11-01 09:00:25.367 I/am_stop_activity( 1594): [0,131178358,com.vitrinedecraques.app/.MainActivity]
11-01 09:00:25.437 I/am_on_stop_called(28601): [0,com.vitrinedecraques.app.MainActivity,STOP_ACTIVITY_ITEM,0]
11-01 09:00:27.951 I/am_set_resumed_activity( 1594): [0,com.vitrinedecraques.app/.MainActivity,bringingFoundTaskToFront]
11-01 09:00:27.958 I/am_create_activity( 1594): [0,262230812,2099,com.vitrinedecraques.app/.MainActivity,android.intent.action.MAIN,NULL,NULL,274726912]
11-01 09:00:27.975 I/am_restart_activity( 1594): [0,262230812,2099,com.vitrinedecraques.app/.MainActivity,28601]
11-01 09:00:27.977 I/am_set_resumed_activity( 1594): [0,com.vitrinedecraques.app/.MainActivity,minimalResumeActivityLocked]
11-01 09:00:28.042 I/am_on_create_called(28601): [0,com.vitrinedecraques.app.MainActivity,performCreate,35]
11-01 09:00:28.051 I/am_on_start_called(28601): [0,com.vitrinedecraques.app.MainActivity,handleStartActivity,0]
11-01 09:00:28.055 I/am_on_resume_called(28601): [0,com.vitrinedecraques.app.MainActivity,RESUME_ACTIVITY,2]
11-01 09:00:28.072 I/am_on_top_resumed_gained_called(28601): [0,com.vitrinedecraques.app.MainActivity,topStateChangedWhenResumed]
11-01 09:00:28.375 I/sysui_multi_action( 1594): [319,432,322,431,325,2346255,757,761,758,8,759,2,806,com.vitrinedecraques.app,871,com.vitrinedecraques.app.MainActivity,904,com.miui.home,905,0,1320,12,1321,1]
11-01 09:00:28.377 I/am_activity_launch_time( 1594): [0,262230812,com.vitrinedecraques.app/.MainActivity,431]
11-01 09:00:48.946 I/dvm_lock_sample( 1594): [system_server,0,android.bg,10,ActivityManagerService.java,2043,void com.android.server.am.ActivityManagerService$5.handleMessage(android.os.Message),-,14285,android.content.ComponentName com.android.server.am.ActivityManagerService.startService(android.app.IApplicationThread, android.content.Intent, java.lang.String, boolean, java.lang.String, int),2]
11-01 09:00:56.100 I/am_pause_activity( 1594): [28601,262230812,com.vitrinedecraques.app/.MainActivity,userLeaving=true]
11-01 09:00:56.104 I/am_add_to_stopping( 1594): [0,262230812,com.vitrinedecraques.app/.MainActivity,makeInvisible]
11-01 09:00:56.107 I/am_on_top_resumed_lost_called(28601): [0,com.vitrinedecraques.app.MainActivity,topStateChangedWhenResumed]
11-01 09:00:56.130 I/am_on_paused_called(28601): [0,com.vitrinedecraques.app.MainActivity,performPause,1]
11-01 09:00:56.145 I/dvm_lock_sample( 1594): [system_server,1,Binder:1594_20,26,ActivityManagerService.java,18826,void com.android.server.am.ActivityManagerService$LocalService.broadcastCloseSystemDialogs(java.lang.String),ProcessRecord.java,1358,void com.android.server.am.ProcessRecord.updateProcessInfo(boolean, boolean, boolean),5]
11-01 09:00:56.561 I/am_stop_activity( 1594): [0,262230812,com.vitrinedecraques.app/.MainActivity]
11-01 09:00:56.680 I/am_on_stop_called(28601): [0,com.vitrinedecraques.app.MainActivity,STOP_ACTIVITY_ITEM,0]
11-01 09:00:57.107 I/sysui_multi_action( 3049): [757,289,758,4,806,ComponentInfo{com.vitrinedecraques.app/com.vitrinedecraques.app.MainActivity}]
11-01 09:00:57.109 I/am_finish_activity( 1594): [28601,131178358,2099,com.vitrinedecraques.app/.MainActivity,remove-task]
11-01 09:00:57.110 I/am_destroy_activity( 1594): [28601,131178358,2099,com.vitrinedecraques.app/.MainActivity,finish-imm:finishActivityLocked]
11-01 09:00:57.111 I/am_finish_activity( 1594): [28601,262230812,2099,com.vitrinedecraques.app/.MainActivity,remove-task]
11-01 09:00:57.112 I/am_destroy_activity( 1594): [28601,262230812,2099,com.vitrinedecraques.app/.MainActivity,finish-imm:finishActivityLocked]
11-01 09:00:57.132 I/am_kill ( 1594): [0,28601,com.vitrinedecraques.app,700,SwipeUpClean]
11-01 09:00:57.311 I/am_proc_died( 1594): [0,28601,com.vitrinedecraques.app,700,16]
11-01 09:01:12.211 I/dvm_lock_sample( 1594): [system_server,1,Binder:1594_20,11,ActivityManagerService.java,14791,android.content.Intent com.android.server.am.ActivityManagerService.registerReceiver(android.app.IApplicationThread, java.lang.String, android.content.IIntentReceiver, android.content.IntentFilter, java.lang.String, int, int),-,14450,int com.android.server.am.ActivityManagerService.bindIsolatedService(android.app.IApplicationThread, android.os.IBinder, android.content.Intent, java.lang.String, android.app.IServiceConnection, int, java.lang.String, java.lang.String, int),2]
11-01 09:01:17.914 I/dvm_lock_sample( 1594): [system_server,1,Binder:1594_20,10,ActivityManagerService.java,14488,void com.android.server.am.ActivityManagerService.unbindFinished(android.os.IBinder, android.content.Intent, boolean),-,14463,boolean com.android.server.am.ActivityManagerService.unbindService(android.app.IServiceConnection),2]
11-01 09:03:18.431 I/dvm_lock_sample( 1594): [system_server,1,Binder:1594_3,24,ActivityManagerService.java,5827,java.lang.String com.android.server.am.ActivityManagerService.getTagForIntentSender(android.content.IIntentSender, java.lang.String),-,14450,int com.android.server.am.ActivityManagerService.bindIsolatedService(android.app.IApplicationThread, android.os.IBinder, android.content.Intent, java.lang.String, android.app.IServiceConnection, int, java.lang.String, java.lang.String, int),4]
11-01 09:03:57.770 I/am_create_activity( 1594): [0,215212609,2101,com.vitrinedecraques.app/.MainActivity,android.intent.action.MAIN,NULL,NULL,270532608]
11-01 09:03:57.794 I/dvm_lock_sample( 1594): [system_server,1,Binder:1594_19,47,ActivityManagerService.java,14791,android.content.Intent com.android.server.am.ActivityManagerService.registerReceiver(android.app.IApplicationThread, java.lang.String, android.content.IIntentReceiver, android.content.IntentFilter, java.lang.String, int, int),-,6978,android.app.ContentProviderHolder com.android.server.am.ActivityManagerService.getContentProviderImpl(android.app.IApplicationThread, java.lang.String, android.os.IBinder, int, java.lang.String, java.lang.String, boolean, int),9]
11-01 09:03:57.828 I/dvm_lock_sample( 1594): [system_server,1,ActivityManager,18,ActiveServices.java,2189,void com.android.server.am.ActiveServices$ServiceRestarter.run(),ActivityManagerService.java,1537,void com.android.server.am.ActivityManagerService$AppDeathRecipient.binderDied(),3]
11-01 09:03:58.019 I/dvm_lock_sample( 1594): [system_server,1,Binder:1594_15,52,ActivityManagerService.java,10076,void com.android.server.am.ActivityManagerService.getMyMemoryState(android.app.ActivityManager$RunningAppProcessInfo),-,5395,void com.android.server.am.ActivityManagerService.attachApplication(android.app.IApplicationThread, long),10]
11-01 09:03:58.020 I/dvm_lock_sample( 1594): [system_server,1,Binder:1594_16,39,ActivityManagerService.java,14310,int com.android.server.am.ActivityManagerService.stopService(android.app.IApplicationThread, android.content.Intent, java.lang.String, int),-,5395,void com.android.server.am.ActivityManagerService.attachApplication(android.app.IApplicationThread, long),7]
11-01 09:03:58.022 I/dvm_lock_sample( 1594): [system_server,1,Binder:1594_C,35,ActivityManagerService.java,14450,int com.android.server.am.ActivityManagerService.bindIsolatedService(android.app.IApplicationThread, android.os.IBinder, android.content.Intent, java.lang.String, android.app.IServiceConnection, int, java.lang.String, java.lang.String, int),-,5395,void com.android.server.am.ActivityManagerService.attachApplication(android.app.IApplicationThread, long),7]
11-01 09:03:58.029 I/am_proc_start( 1594): [0,3275,11401,com.vitrinedecraques.app,activity,{com.vitrinedecraques.app/com.vitrinedecraques.app.MainActivity}]
11-01 09:03:58.133 I/am_proc_bound( 1594): [0,3275,com.vitrinedecraques.app]
11-01 09:03:58.140 I/am_restart_activity( 1594): [0,215212609,2101,com.vitrinedecraques.app/.MainActivity,3275]
11-01 09:03:58.147 I/am_set_resumed_activity( 1594): [0,com.vitrinedecraques.app/.MainActivity,minimalResumeActivityLocked]
11-01 09:04:03.153 I/am_lifecycle_sample( 3275): [0,com.vitrinedecraques.app,110,4983]
11-01 09:04:03.362 I/am_on_create_called( 3275): [0,com.vitrinedecraques.app.MainActivity,performCreate,135]
11-01 09:04:03.434 I/am_on_start_called( 3275): [0,com.vitrinedecraques.app.MainActivity,handleStartActivity,0]
11-01 09:04:03.437 I/am_on_resume_called( 3275): [0,com.vitrinedecraques.app.MainActivity,RESUME_ACTIVITY,1]
11-01 09:04:03.462 I/am_on_top_resumed_gained_called( 3275): [0,com.vitrinedecraques.app.MainActivity,topStateChangedWhenResumed]
11-01 09:04:04.978 I/sysui_multi_action( 1594): [319,437,321,150,322,7251,325,2346465,757,761,758,7,759,1,806,com.vitrinedecraques.app,871,com.vitrinedecraques.app.MainActivity,904,com.miui.home,905,0,945,408,1320,12,1321,1]
11-01 09:04:04.981 I/am_activity_launch_time( 1594): [0,215212609,com.vitrinedecraques.app/.MainActivity,7251]
11-01 09:04:08.574 I/am_pss  ( 1594): [3275,11401,com.vitrinedecraques.app,179623936,170393600,197632,273678336,0,2,17]
11-01 09:04:09.725 I/am_proc_start( 1594): [0,3787,99709,com.google.android.webview:sandboxed_process0:org.chromium.content.app.SandboxedProcessService0:0,,{com.vitrinedecraques.app/org.chromium.content.app.SandboxedProcessService0:0}]
11-01 09:04:19.285 I/am_pss  ( 1594): [3275,11401,com.vitrinedecraques.app,310233088,276398080,186368,430170112,0,2,28]
11-01 09:04:23.456 I/dvm_lock_sample( 1594): [system_server,1,Binder:1594_5,16,ActivityManagerService.java,6752,java.lang.String com.android.server.am.ActivityManagerService.checkContentProviderAccess(java.lang.String, int),-,14494,void com.android.server.am.ActivityManagerService.serviceDoneExecuting(android.os.IBinder, int, int, int),3]
11-01 09:05:03.828 I/dvm_lock_sample( 1594): [system_server,1,android.ui,5,ActivityManagerService.java,3378,void com.android.server.am.ActivityManagerService.dispatchUidsChanged(),-,5395,void com.android.server.am.ActivityManagerService.attachApplication(android.app.IApplicationThread, long),1]
11-01 09:05:19.400 I/am_pss  ( 1594): [3275,11401,com.vitrinedecraques.app,261597184,235008000,171008,370438144,0,2,25]
11-01 09:05:23.362 I/am_on_top_resumed_lost_called( 3275): [0,com.vitrinedecraques.app.MainActivity,topStateChangedWhenResumed]
11-01 09:05:23.393 I/am_pause_activity( 1594): [3275,215212609,com.vitrinedecraques.app/.MainActivity,userLeaving=true]
11-01 09:05:23.423 I/dvm_lock_sample( 1594): [system_server,1,Binder:1594_F,38,ActivityTaskManagerService.java,1746,void com.android.server.wm.ActivityTaskManagerService.activityTopResumedStateLost(),ActivityStarter.java,1313,int com.android.server.wm.ActivityStarter.startActivityMayWait(android.app.IApplicationThread, int, java.lang.String, int, int, android.content.Intent, java.lang.String, android.service.voice.IVoiceInteractionSession, com.android.internal.app.IVoiceInteractor, android.os.IBinder, java.lang.String, int, int, android.app.ProfilerInfo, android.app.WaitResult, android.content.res.Configuration, com.android.server.wm.SafeActivityOptions, boolean, int, com.android.server.wm.TaskRecord, java.lang.String, boolean, com.android.server.am.PendingIntentRecord, boolean),7]
11-01 09:05:23.426 I/am_on_paused_called( 3275): [0,com.vitrinedecraques.app.MainActivity,performPause,0]
11-01 09:05:25.178 I/am_set_resumed_activity( 1594): [0,com.vitrinedecraques.app/.MainActivity,finishActivity]
11-01 09:05:25.186 I/am_set_resumed_activity( 1594): [0,com.vitrinedecraques.app/.MainActivity,resumeTopActivityInnerLocked]
11-01 09:05:25.188 I/am_resume_activity( 1594): [0,215212609,2101,com.vitrinedecraques.app/.MainActivity,3275]
11-01 09:05:25.347 I/am_on_resume_called( 3275): [0,com.vitrinedecraques.app.MainActivity,RESUME_ACTIVITY,1]
11-01 09:05:25.348 I/am_on_top_resumed_gained_called( 3275): [0,com.vitrinedecraques.app.MainActivity,topWhenResuming]
11-01 09:05:37.112 I/am_on_top_resumed_lost_called( 3275): [0,com.vitrinedecraques.app.MainActivity,topStateChangedWhenResumed]
11-01 09:05:37.115 I/am_pause_activity( 1594): [3275,215212609,com.vitrinedecraques.app/.MainActivity,userLeaving=true]
11-01 09:05:37.118 I/am_add_to_stopping( 1594): [0,215212609,com.vitrinedecraques.app/.MainActivity,makeInvisible]
11-01 09:05:37.126 I/am_on_paused_called( 3275): [0,com.vitrinedecraques.app.MainActivity,performPause,1]
11-01 09:05:37.586 I/am_stop_activity( 1594): [0,215212609,com.vitrinedecraques.app/.MainActivity]
11-01 09:05:37.656 I/am_on_stop_called( 3275): [0,com.vitrinedecraques.app.MainActivity,STOP_ACTIVITY_ITEM,0]
11-01 09:05:38.123 I/sysui_multi_action( 3049): [757,289,758,4,806,ComponentInfo{com.vitrinedecraques.app/com.vitrinedecraques.app.MainActivity}]
11-01 09:05:38.125 I/am_finish_activity( 1594): [3275,215212609,2101,com.vitrinedecraques.app/.MainActivity,remove-task]
11-01 09:05:38.126 I/am_destroy_activity( 1594): [3275,215212609,2101,com.vitrinedecraques.app/.MainActivity,finish-imm:finishActivityLocked]
11-01 09:05:38.139 I/am_kill ( 1594): [0,3275,com.vitrinedecraques.app,700,SwipeUpClean]
11-01 09:05:38.372 I/am_proc_died( 1594): [0,3275,com.vitrinedecraques.app,700,16]
