10-15 17:32:18.793 I/dvm_lock_sample( 1594): [system_server,1,Binder:1594_5,342,WindowProcessUtils.java,405,java.lang.String com.android.server.wm.WindowProcessUtils.getCallerPackageName(com.android.server.wm.ActivityTaskManagerService, android.app.IApplicationThread),ActivityStarter.java,1313,int com.android.server.wm.ActivityStarter.startActivityMayWait(android.app.IApplicationThread, int, java.lang.String, int, int, android.content.Intent, java.lang.String, android.service.voice.IVoiceInteractionSession, com.android.internal.app.IVoiceInteractor, android.os.IBinder, java.lang.String, int, int, android.app.ProfilerInfo, android.app.WaitResult, android.content.res.Configuration, com.android.server.wm.SafeActivityOptions, boolean, int, com.android.server.wm.TaskRecord, java.lang.String, boolean, com.android.server.am.PendingIntentRecord, boolean),68]
10-15 17:32:18.869 I/dvm_lock_sample( 1594): [system_server,0,Binder:1594_9,45,ActivityManagerService.java,14494,void com.android.server.am.ActivityManagerService.serviceDoneExecuting(android.os.IBinder, int, int, int),-,14450,int com.android.server.am.ActivityManagerService.bindIsolatedService(android.app.IApplicationThread, android.os.IBinder, android.content.Intent, java.lang.String, android.app.IServiceConnection, int, java.lang.String, java.lang.String, int),9]
10-15 17:32:18.903 I/am_proc_start( 1594): [0,4560,11375,com.vitrinedecraques.app,activity,{com.vitrinedecraques.app/com.vitrinedecraques.app.MainActivity}]
10-15 17:32:18.958 I/PackageInstallReceiver( 2406): xspace packageName=com.vitrinedecraques.app
10-15 17:32:18.958 I/ShortCutsCardView( 2406): onAppChanged com.vitrinedecraques.app
10-15 17:32:19.074 I/ActivityManager( 1594): Process com.qualcomm.telephony (pid 1720) has died: svcb SVC 
10-15 17:32:19.080 W/ActivityManager( 1594): Scheduling restart of crashed service com.qualcomm.atfwd/.AtFwdService in 1000ms
10-15 17:32:19.092 I/PI-ScanDispatch( 4460): service bind, pkgName = com.vitrinedecraques.app, installer = null, isReplace = false, firstGoogleTime = 1614890563430
10-15 17:32:19.192 I/am_proc_bound( 1594): [0,4560,com.vitrinedecraques.app]
10-15 17:32:19.204 I/am_restart_activity( 1594): [0,145093462,1457,com.vitrinedecraques.app/.MainActivity,4560]
10-15 17:32:19.206 I/am_set_resumed_activity( 1594): [0,com.vitrinedecraques.app/.MainActivity,minimalResumeActivityLocked]
10-15 17:32:19.206 W/ActivityTaskManager( 1594): Request to remove task ignored for non-existent task 1456
10-15 17:32:19.206 I/GST     (10006): forePkg: com.vitrinedecraques.app, preForePkg: com.miui.home
10-15 17:32:19.206 D/PerfEngineController( 2631): ForegroundInfo{mForegroundPackageName='com.vitrinedecraques.app', mForegroundUid=11375, mForegroundPid=4560, mLastForegroundPackageName='com.miui.home', mLastForegroundUid=10064, mLastForegroundPid=2404, mMultiWindowForegroundPackageName='null', mMultiWindowForegroundUid=-1, mFlags=1}
10-15 17:32:19.207 I/ProcessMonitor(13735): onForegroundInfoChanged: ForegroundInfo{mForegroundPackageName='com.vitrinedecraques.app', mForegroundUid=11375, mForegroundPid=4560, mLastForegroundPackageName='com.miui.home', mLastForegroundUid=10064, mLastForegroundPid=2404, mMultiWindowForegroundPackageName='null', mMultiWindowForegroundUid=-1, mFlags=1}
10-15 17:32:19.207 D/AutoInstallService( 3170): onForegroundInfoChanged: com.vitrinedecraques.app
10-15 17:32:19.234 I/ActivityManager( 1594): Process com.android.vending (pid 2946) has died: cch+75 CEM 
10-15 17:32:19.639 I/ActivityManager( 1594): Process com.huaqin.diaglogger (pid 2311) has died: svcb SVC 
10-15 17:32:19.654 W/ActivityManager( 1594): Scheduling restart of crashed service com.huaqin.diaglogger/.DiagLogService in 10426ms
10-15 17:32:19.684 D/AppActiveReceiver( 4577): receive app active broadcast for: com.vitrinedecraques.app, install from: null
10-15 17:32:19.878 D/AppActiveReceiver(32269): receive app active broadcast for: com.vitrinedecraques.app, install from: null
10-15 17:32:20.107 W/ActivityManager( 1594): Slow operation: 101ms so far, now at startProcess: returned from zygote!
10-15 17:32:20.107 W/ActivityManager( 1594): Slow operation: 101ms so far, now at startProcess: done updating battery stats
10-15 17:32:20.109 W/ActivityManager( 1594): Slow operation: 102ms so far, now at startProcess: building log message
10-15 17:32:20.109 I/ActivityManager( 1594): Start proc 4778:com.android.vending/u0a54 for service {com.android.vending/com.google.android.finsky.developergroupidinfo.DeveloperGroupIdInfoService} caller=com.google.android.gms
10-15 17:32:20.109 W/ActivityManager( 1594): Slow operation: 102ms so far, now at startProcess: starting to update pids map
10-15 17:32:20.109 W/ActivityManager( 1594): Slow operation: 102ms so far, now at startProcess: done updating pids map
10-15 17:32:20.165 I/ActivityManager( 1594): Start proc 4792:com.qualcomm.telephony/u0a147 for service {com.qualcomm.atfwd/com.qualcomm.atfwd.AtFwdService} caller=com.qualcomm.atfwd
10-15 17:32:20.440 I/ActivityManager( 1594): Process com.android.vending:quick_launch (pid 3258) has died: cch+75 CEM 
10-15 17:32:20.448 I/ThumbnailBlurUtils(13735): loadPrivacyThumbnailBlurMonthly successd{"com.anydesk.anydeskandroid":5,"com.miui.player":27,"com.vitrinedecraques.app":-1,"com.xiaomi.mipicks":5,"videoeditor.videorecorder.screenrecorder":5,"com.miui.compass":5,"com.otimiza.samplelivenessapp.xamarin":-1,"com.miui.calculator":5,"com.android.deskclock":5,"com.xiaomi.scanner":5,"com.xiaomi.midrop":5,"com.ozforensics.liveness.demo":-1,"com.miui.securitycenter":5,"com.google.android.apps.meetings":-1,"com.android.vending":5,"com.android.chrome":-1,"com.google.android.apps.photos":-1,"com.mi.android.globalFileexplorer":5,"com.google.android.apps.docs":5,"br.com.otimizaugc.vistosoftapp":-1,"com.duokan.phone.remotecontroller":5,"com.miui.gallery":6,"com.ypcc.otgcamera":-1,"com.google.android.youtube":-1,"com.idealinspecao.perueiroapp":-1,"com.miui.screenrecorder":5,"com.google.android.apps.maps":-1,"com.google.android.apps.tachyon":5,"com.miui.videoplayer":27,"net.sourceforge.opencamera":5,"com.mi.globalbrowser":5,"com.google.android.apps.messaging":5,"com.miui.notes":5,"com.google.android.videos":-1,"com.google.android.googlequicksearchbox":-1,"com.miui.miservice":5,"com.google.ar.lens":5,"com.google.android.contacts":-1,"net.openvpn.openvpn":5,"com.mi.android.globalminusscreen":5,"com.airbeat.device.inspector":5,"com.miui.weather2":5,"com.otimizati.liveness.sampleapp.dev":-1,"com.miui.fm":27,"com.android.providers.downloads.ui":5,"com.android.thememanager":5,"com.xiaomi.calendar":-1,"com.google.android.dialer":-1,"com.android.camera":6,"com.google.android.gm":5,"com.tony.molink.howifi":-1,"com.android.settings":-1,"com.xiaomi.glgm":5,"com.google.android.music":5,"com.google.android.apps.authenticator2":-1,"com.android.soundrecorder":5}
10-15 17:32:20.850 I/notification_cancel_all( 1594): [1000,1594,com.vitrinedecraques.app,0,0,0,5,NULL]
10-15 17:32:21.028 I/ActivityManager( 1594): Process com.google.android.googlequicksearchbox:googleapp (pid 30242) has died: cch+75 CEM 
10-15 17:32:21.052 I/dvm_lock_sample( 1594): [system_server,0,Binder:1594_1B,12,ActivityManagerService.java,7564,void com.android.server.am.ActivityManagerService.removeContentProvider(android.os.IBinder, boolean),-,1537,void com.android.server.am.ActivityManagerService$AppDeathRecipient.binderDied(),2]
10-15 17:32:21.441 I/ActivityManager( 1594): Process com.miui.powerkeeper (pid 2631) has died: svcb BTOP
10-15 17:32:21.451 W/ActivityManager( 1594): Scheduling restart of crashed service com.miui.powerkeeper/.feedbackcontrol.FeedbackControlService in 18629ms
10-15 17:32:21.452 W/ActivityManager( 1594): Scheduling restart of crashed service com.miui.powerkeeper/.PowerKeeperBackgroundService in 28628ms
10-15 17:32:21.453 W/ActivityManager( 1594): Scheduling restart of crashed service com.miui.powerkeeper/.powerchecker.PowerCheckerService in 38627ms
10-15 17:32:21.454 W/ActivityManager( 1594): Scheduling restart of crashed service com.miui.powerkeeper/.statemachine.PowerStateMachineService in 48627ms
10-15 17:32:21.454 W/ActivityManager( 1594): Scheduling restart of crashed service com.miui.powerkeeper/.stepsprovider.StepsService in 58626ms
10-15 17:32:21.456 W/ActivityManager( 1594): Scheduling restart of crashed service com.xiaomi.powerchecker/.PowerCheckerService in 68624ms
10-15 17:32:21.480 I/ActivityManager( 1594): Process com.google.android.googlequicksearchbox:search (pid 30164) has died: cch+75 CEM 
10-15 17:32:21.490 I/ActivityManager( 1594): Process com.google.android.apps.turbo:aab (pid 3436) has died: cch+65 CEM 
10-15 17:32:21.535 I/ActivityManager( 1594): Process com.google.process.gapps (pid 3078) has died: cch+65 CEM 
10-15 17:32:21.634 W/XSpaceManagerService( 1594): update XSpace App: packageName:com.vitrinedecraques.app, user:UserHandle{0}, action:android.intent.action.PACKAGE_ADDED
10-15 17:32:21.645 D/Launcher.Model( 2404): LauncherAppsCallback onPackageAdded|com.vitrinedecraques.app|UserHandle{0}
10-15 17:32:21.668 D/Launcher.Model( 2404): Got broadcast:Intent { act=android.intent.action.PACKAGE_ADDED dat=package:com.vitrinedecraques.app (has extras) }
10-15 17:32:21.719 I/ActivityManager( 1594): Killing 4778:com.android.vending/u0a54 (adj 0): PeriodicCleaner(8)
10-15 17:32:21.723 I/ActivityManager( 1594): Killing 32269:com.xiaomi.mipicks/u0a135 (adj 915): PeriodicCleaner(8)
10-15 17:32:21.728 I/ActivityManager( 1594): Killing 3502:com.android.chrome/u0a85 (adj 945): PeriodicCleaner(8)
10-15 17:32:21.818 E/Launcher.AllAppsList( 2404): Can't load postion for packageName: com.vitrinedecraques.app activityName: com.vitrinedecraques.app.MainActivity
10-15 17:32:21.828 D/AutoInstallsParser( 2404): isPAIPackageName: com.vitrinedecraques.app
10-15 17:32:21.846 D/Launcher.Model( 2404): onReceiveBackground, mAllAppsList=add=[(0, AppInfo, id=-1, itemType=0, user=UserHandle{0}, mIconType=0, pkgName=com.vitrinedecraques.app, className=com.vitrinedecraques.app.MainActivity, screenId=-1, container=-1, cellX=-1, cellY=-1, spanX=1, spanY=1, isLandscapePos=false)], remove=[], modified=[]
10-15 17:32:21.847 D/Launcher( 2404): add item to launcher when bind apps added, info=ShortcutInfo, id=-1, itemType=0, user=UserHandle{0}, mIconType=0, pkgName=com.vitrinedecraques.app, className=com.vitrinedecraques.app.MainActivity, screenId=-1, container=-1, cellX=-1, cellY=-1, spanX=1, spanY=1, isLandscapePos=false
10-15 17:32:21.862 I/ActivityManager( 1594): Start proc 5029:com.google.android.webview:sandboxed_process0:org.chromium.content.app.SandboxedProcessService0:0/u0i666 for  {com.miui.global.packageinstaller/org.chromium.content.app.SandboxedProcessService0:0} caller=com.miui.global.packageinstaller
10-15 17:32:21.895 D/Launcher( 2404): addItemToWorkspace, add item into db, item=ShortcutInfo, id=-1, itemType=0, user=UserHandle{0}, mIconType=0, pkgName=com.vitrinedecraques.app, className=com.vitrinedecraques.app.MainActivity, screenId=3, container=-100, cellX=0, cellY=0, spanX=1, spanY=1, isLandscapePos=false
10-15 17:32:21.895 D/Launcher.Model( 2404): Insert item com.vitrinedecraques.app to database (0, 0) of screen 3
10-15 17:32:21.895 D/Launcher.CellLayout( 2404): updateCellOccupiedMarks, update, ShortcutInfo, id=1322, itemType=0, user=UserHandle{0}, mIconType=0, pkgName=com.vitrinedecraques.app, className=com.vitrinedecraques.app.MainActivity, screenId=3, container=-100, cellX=0, cellY=0, spanX=1, spanY=1, isLandscapePos=false
10-15 17:32:21.899 D/Launcher.ShortcutInfo( 2404): onAddToDatabase, this=ShortcutInfo, id=1322, itemType=0, user=UserHandle{0}, mIconType=0, pkgName=com.vitrinedecraques.app, className=com.vitrinedecraques.app.MainActivity, screenId=3, container=-100, cellX=0, cellY=0, spanX=1, spanY=1, isLandscapePos=false
10-15 17:32:21.936 D/Launcher.CellLayout( 2404): updateCellOccupiedMarks, update, ShortcutInfo, id=1322, itemType=0, user=UserHandle{0}, mIconType=0, pkgName=com.vitrinedecraques.app, className=com.vitrinedecraques.app.MainActivity, screenId=3, container=-100, cellX=0, cellY=0, spanX=1, spanY=1, isLandscapePos=false
10-15 17:32:21.940 W/ActivityManager( 1594): Scheduling restart of crashed service com.android.vending/com.google.android.finsky.developergroupidinfo.DeveloperGroupIdInfoService in 78141ms
10-15 17:32:22.255 I/ActivityManager( 1594): Start proc 5064:com.google.android.webview:webview_service/u0a112 for service {com.google.android.webview/org.chromium.android_webview.services.ComponentsProviderService} caller=com.miui.global.packageinstaller
10-15 17:32:22.455 I/ActivityManager( 1594): Process com.google.android.partnersetup (pid 3405) has died: cch+55 CEM 
10-15 17:32:22.555 I/ActivityManager( 1594): Process android.process.acore (pid 3713) has died: cch+99 CEM 
10-15 17:32:22.577 I/ActivityManager( 1594): Process com.miui.videoplayer (pid 3758) has died: cch+95 CEM 
10-15 17:32:22.714 I/dvm_lock_sample( 1594): [system_server,0,Binder:1594_7,5,ActivityManagerService.java,14494,void com.android.server.am.ActivityManagerService.serviceDoneExecuting(android.os.IBinder, int, int, int),-,14463,boolean com.android.server.am.ActivityManagerService.unbindService(android.app.IServiceConnection),1]
10-15 17:32:22.777 I/ActivityManager( 1594): Process com.google.android.apps.photos (pid 8384) has died: cch+85 CEM 
