10-19 20:12:39.888 I/dvm_lock_sample( 1594): [system_server,0,miui.fg,81,ActivityManagerService.java,10090,int com.android.server.am.ActivityManagerService.getMemoryTrimLevel(),-,14494,void com.android.server.am.ActivityManagerService.serviceDoneExecuting(android.os.IBinder, int, int, int),16]
10-19 20:12:39.901 I/dvm_lock_sample( 1594): [system_server,0,Binder:1594_13,61,ActivityManagerService.java,14494,void com.android.server.am.ActivityManagerService.serviceDoneExecuting(android.os.IBinder, int, int, int),-,14285,android.content.ComponentName com.android.server.am.ActivityManagerService.startService(android.app.IApplicationThread, android.content.Intent, java.lang.String, boolean, java.lang.String, int),12]
10-19 20:12:39.971 I/sysui_multi_action( 1594): [757,147,758,4,759,1,806,com.vitrinedecraques.app]
10-19 20:12:40.005 I/dvm_lock_sample( 1594): [system_server,1,Binder:1594_16,25,ActivityManagerService.java,14285,android.content.ComponentName com.android.server.am.ActivityManagerService.startService(android.app.IApplicationThread, android.content.Intent, java.lang.String, boolean, java.lang.String, int),-,5395,void com.android.server.am.ActivityManagerService.attachApplication(android.app.IApplicationThread, long),5]
10-19 20:12:40.015 I/dvm_lock_sample( 1594): [system_server,1,Binder:1594_1C,15,ActivityManagerService.java,8605,boolean com.android.server.am.ActivityManagerService.isUidActive(int, java.lang.String),-,1537,void com.android.server.am.ActivityManagerService$AppDeathRecipient.binderDied(),3]
10-19 20:12:40.020 I/dvm_lock_sample( 1594): [system_server,1,android.ui,26,ActivityManagerService.java,3378,void com.android.server.am.ActivityManagerService.dispatchUidsChanged(),-,1537,void com.android.server.am.ActivityManagerService$AppDeathRecipient.binderDied(),5]
10-19 20:12:40.167 I/dvm_lock_sample( 1594): [system_server,1,ActivityManager:procStart,9,ProcessList.java,1687,void com.android.server.am.ProcessList.lambda$startProcessLocked$0$ProcessList(com.android.server.am.ProcessRecord, java.lang.String, int[], int, int, java.lang.String, java.lang.String, java.lang.String, long),ActivityManagerService.java,14463,boolean com.android.server.am.ActivityManagerService.unbindService(android.app.IServiceConnection),1]
10-19 20:12:40.228 I/dvm_lock_sample( 1594): [system_server,1,Binder:1594_1C,30,ActivityManagerService.java,14285,android.content.ComponentName com.android.server.am.ActivityManagerService.startService(android.app.IApplicationThread, android.content.Intent, java.lang.String, boolean, java.lang.String, int),-,5395,void com.android.server.am.ActivityManagerService.attachApplication(android.app.IApplicationThread, long),6]
10-19 20:12:40.320 I/notification_cancel_all( 1594): [1000,1594,com.vitrinedecraques.app,0,0,0,5,NULL]
10-19 20:12:40.325 I/notification_cancel_all( 1594): [1000,1594,com.vitrinedecraques.app,0,0,0,5,NULL]
10-19 20:12:40.792 I/dvm_lock_sample( 1594): [system_server,1,Binder:1594_19,14,ActivityManagerService.java,8605,boolean com.android.server.am.ActivityManagerService.isUidActive(int, java.lang.String),-,6978,android.app.ContentProviderHolder com.android.server.am.ActivityManagerService.getContentProviderImpl(android.app.IApplicationThread, java.lang.String, android.os.IBinder, int, java.lang.String, java.lang.String, boolean, int),2]
10-19 20:12:41.013 I/am_create_activity( 1594): [0,178077469,1696,com.vitrinedecraques.app/.MainActivity,NULL,NULL,NULL,268435456]
10-19 20:12:41.079 I/dvm_lock_sample( 1594): [system_server,1,Binder:1594_B,11,ActivityManagerService.java,14463,boolean com.android.server.am.ActivityManagerService.unbindService(android.app.IServiceConnection),-,8605,boolean com.android.server.am.ActivityManagerService.isUidActive(int, java.lang.String),2]
10-19 20:12:41.129 I/am_proc_start( 1594): [0,27903,11390,com.vitrinedecraques.app,activity,{com.vitrinedecraques.app/com.vitrinedecraques.app.MainActivity}]
10-19 20:12:41.447 I/am_proc_bound( 1594): [0,27903,com.vitrinedecraques.app]
10-19 20:12:41.457 I/am_restart_activity( 1594): [0,178077469,1696,com.vitrinedecraques.app/.MainActivity,27903]
10-19 20:12:41.458 I/am_set_resumed_activity( 1594): [0,com.vitrinedecraques.app/.MainActivity,minimalResumeActivityLocked]
10-19 20:12:42.698 I/dvm_lock_sample( 1594): [system_server,0,Binder:1594_13,13,ActivityManagerService.java,16095,void com.android.server.am.ActivityManagerService.finishReceiver(android.os.IBinder, int, java.lang.String, android.os.Bundle, boolean, int),-,14450,int com.android.server.am.ActivityManagerService.bindIsolatedService(android.app.IApplicationThread, android.os.IBinder, android.content.Intent, java.lang.String, android.app.IServiceConnection, int, java.lang.String, java.lang.String, int),2]
10-19 20:12:43.102 I/dvm_lock_sample( 1594): [system_server,1,Binder:1594_1D,45,ActivityManagerService.java,14791,android.content.Intent com.android.server.am.ActivityManagerService.registerReceiver(android.app.IApplicationThread, java.lang.String, android.content.IIntentReceiver, android.content.IntentFilter, java.lang.String, int, int),-,14463,boolean com.android.server.am.ActivityManagerService.unbindService(android.app.IServiceConnection),9]
10-19 20:12:46.523 I/am_lifecycle_sample(27903): [0,com.vitrinedecraques.app,110,5016]
10-19 20:12:46.732 I/am_on_create_called(27903): [0,com.vitrinedecraques.app.MainActivity,performCreate,132]
10-19 20:12:46.785 I/am_on_start_called(27903): [0,com.vitrinedecraques.app.MainActivity,handleStartActivity,0]
10-19 20:12:46.789 I/am_on_resume_called(27903): [0,com.vitrinedecraques.app.MainActivity,RESUME_ACTIVITY,1]
10-19 20:12:46.820 I/am_on_top_resumed_gained_called(27903): [0,com.vitrinedecraques.app.MainActivity,topStateChangedWhenResumed]
10-19 20:12:48.389 I/sysui_multi_action( 1594): [319,542,321,152,322,7445,325,1269931,757,761,758,7,759,1,806,com.vitrinedecraques.app,871,com.vitrinedecraques.app.MainActivity,904,com.android.shell,905,0,945,505,1320,12,1321,1]
10-19 20:12:48.395 I/am_activity_launch_time( 1594): [0,178077469,com.vitrinedecraques.app/.MainActivity,7445]
10-19 20:12:51.523 I/am_pss  ( 1594): [27903,11390,com.vitrinedecraques.app,155904000,146812928,195584,247398400,0,2,17]
10-19 20:13:02.074 I/am_pss  ( 1594): [27903,11390,com.vitrinedecraques.app,180011008,169426944,188416,273760256,0,2,17]
10-19 20:13:34.416 I/dvm_lock_sample( 1594): [system_server,1,android.display,20,ActivityManagerService.java,18317,void com.android.server.am.ActivityManagerService$LocalService.setHasOverlayUi(int, boolean),-,1537,void com.android.server.am.ActivityManagerService$AppDeathRecipient.binderDied(),4]
10-19 20:13:35.788 I/dvm_lock_sample( 1594): [system_server,1,ActivityManager,6,PreferencesHelper.java,804,android.app.NotificationChannel com.android.server.notification.PreferencesHelper.getNotificationChannel(java.lang.String, int, java.lang.String, boolean),-,804,android.app.NotificationChannel com.android.server.notification.PreferencesHelper.getNotificationChannel(java.lang.String, int, java.lang.String, boolean),1]
10-19 20:13:35.864 I/am_on_top_resumed_lost_called(27903): [0,com.vitrinedecraques.app.MainActivity,topStateChangedWhenResumed]
10-19 20:13:35.866 I/am_pause_activity( 1594): [27903,178077469,com.vitrinedecraques.app/.MainActivity,userLeaving=true]
10-19 20:13:35.868 I/am_add_to_stopping( 1594): [0,178077469,com.vitrinedecraques.app/.MainActivity,makeInvisible]
10-19 20:13:35.894 I/am_on_paused_called(27903): [0,com.vitrinedecraques.app.MainActivity,performPause,1]
10-19 20:13:36.346 I/am_stop_activity( 1594): [0,178077469,com.vitrinedecraques.app/.MainActivity]
10-19 20:13:36.480 I/am_on_stop_called(27903): [0,com.vitrinedecraques.app.MainActivity,STOP_ACTIVITY_ITEM,0]
10-19 20:13:36.962 I/sysui_multi_action( 2131): [757,289,758,4,806,ComponentInfo{com.vitrinedecraques.app/com.vitrinedecraques.app.MainActivity}]
10-19 20:13:36.966 I/am_finish_activity( 1594): [27903,178077469,1696,com.vitrinedecraques.app/.MainActivity,remove-task]
10-19 20:13:36.966 I/am_destroy_activity( 1594): [27903,178077469,1696,com.vitrinedecraques.app/.MainActivity,finish-imm:finishActivityLocked]
10-19 20:13:37.002 I/am_kill ( 1594): [0,27903,com.vitrinedecraques.app,700,SwipeUpClean]
10-19 20:13:37.250 I/am_proc_died( 1594): [0,27903,com.vitrinedecraques.app,700,16]
10-19 20:18:05.964 I/dvm_lock_sample( 1594): [system_server,0,Binder:1594_6,21,ActivityManagerService.java,14494,void com.android.server.am.ActivityManagerService.serviceDoneExecuting(android.os.IBinder, int, int, int),-,14450,int com.android.server.am.ActivityManagerService.bindIsolatedService(android.app.IApplicationThread, android.os.IBinder, android.content.Intent, java.lang.String, android.app.IServiceConnection, int, java.lang.String, java.lang.String, int),4]
10-19 20:18:10.612 I/dvm_lock_sample( 1594): [system_server,0,android.bg,6,ActivityManagerService.java,1964,void com.android.server.am.ActivityManagerService$5.handleMessage(android.os.Message),-,7564,void com.android.server.am.ActivityManagerService.removeContentProvider(android.os.IBinder, boolean),1]
10-19 20:28:25.085 I/dvm_lock_sample( 1594): [system_server,0,AsyncTask #7,34,ActivityManagerService.java,10090,int com.android.server.am.ActivityManagerService.getMemoryTrimLevel(),ProcessRecord.java,1358,void com.android.server.am.ProcessRecord.updateProcessInfo(boolean, boolean, boolean),6]
10-19 20:28:26.770 I/dvm_lock_sample( 1594): [system_server,1,ActivityManager,11,BroadcastQueue.java,984,void com.android.server.am.BroadcastQueue.processNextBroadcast(boolean, boolean),ActivityManagerService.java,14285,android.content.ComponentName com.android.server.am.ActivityManagerService.startService(android.app.IApplicationThread, android.content.Intent, java.lang.String, boolean, java.lang.String, int),2]
10-19 20:28:26.796 I/dvm_lock_sample( 1594): [system_server,1,main,45,ActivityManagerService.java,14285,android.content.ComponentName com.android.server.am.ActivityManagerService.startService(android.app.IApplicationThread, android.content.Intent, java.lang.String, boolean, java.lang.String, int),-,14494,void com.android.server.am.ActivityManagerService.serviceDoneExecuting(android.os.IBinder, int, int, int),9]
10-19 20:28:26.865 I/sysui_multi_action( 1594): [757,147,758,4,759,1,806,com.vitrinedecraques.app]
10-19 20:28:26.872 I/dvm_lock_sample( 1594): [system_server,1,Binder:1594_A,15,ActivityManagerService.java,8605,boolean com.android.server.am.ActivityManagerService.isUidActive(int, java.lang.String),-,5395,void com.android.server.am.ActivityManagerService.attachApplication(android.app.IApplicationThread, long),3]
10-19 20:28:26.876 I/dvm_lock_sample( 1594): [system_server,0,PackageManager,19,ActivityManagerService.java,15989,int com.android.server.am.ActivityManagerService.broadcastIntent(android.app.IApplicationThread, android.content.Intent, java.lang.String, android.content.IIntentReceiver, int, java.lang.String, android.os.Bundle, java.lang.String[], int, android.os.Bundle, boolean, boolean, int),-,5395,void com.android.server.am.ActivityManagerService.attachApplication(android.app.IApplicationThread, long),3]
10-19 20:28:27.386 I/notification_cancel_all( 1594): [1000,1594,com.vitrinedecraques.app,0,0,0,5,NULL]
10-19 20:28:27.386 I/notification_cancel_all( 1594): [1000,1594,com.vitrinedecraques.app,0,0,0,5,NULL]
10-19 20:28:27.389 I/dvm_lock_sample( 1594): [system_server,1,Binder:1594_2,53,ActivityManagerService.java,8605,boolean com.android.server.am.ActivityManagerService.isUidActive(int, java.lang.String),-,14285,android.content.ComponentName com.android.server.am.ActivityManagerService.startService(android.app.IApplicationThread, android.content.Intent, java.lang.String, boolean, java.lang.String, int),10]
10-19 20:28:27.411 I/dvm_lock_sample( 1594): [system_server,1,Binder:1594_1F,24,ActivityManagerService.java,14285,android.content.ComponentName com.android.server.am.ActivityManagerService.startService(android.app.IApplicationThread, android.content.Intent, java.lang.String, boolean, java.lang.String, int),-,14494,void com.android.server.am.ActivityManagerService.serviceDoneExecuting(android.os.IBinder, int, int, int),4]
10-19 20:28:27.627 I/am_create_activity( 1594): [0,175271283,1699,com.vitrinedecraques.app/.MainActivity,NULL,NULL,NULL,268435456]
10-19 20:28:27.743 I/am_proc_start( 1594): [0,30544,11390,com.vitrinedecraques.app,activity,{com.vitrinedecraques.app/com.vitrinedecraques.app.MainActivity}]
10-19 20:28:27.885 I/am_proc_bound( 1594): [0,30544,com.vitrinedecraques.app]
10-19 20:28:27.899 I/am_restart_activity( 1594): [0,175271283,1699,com.vitrinedecraques.app/.MainActivity,30544]
10-19 20:28:27.902 I/am_set_resumed_activity( 1594): [0,com.vitrinedecraques.app/.MainActivity,minimalResumeActivityLocked]
10-19 20:28:27.936 I/dvm_lock_sample( 1594): [system_server,1,Binder:1594_F,8,ActivityManagerService.java,14791,android.content.Intent com.android.server.am.ActivityManagerService.registerReceiver(android.app.IApplicationThread, java.lang.String, android.content.IIntentReceiver, android.content.IntentFilter, java.lang.String, int, int),-,6978,android.app.ContentProviderHolder com.android.server.am.ActivityManagerService.getContentProviderImpl(android.app.IApplicationThread, java.lang.String, android.os.IBinder, int, java.lang.String, java.lang.String, boolean, int),1]
10-19 20:28:28.245 I/dvm_lock_sample( 1594): [system_server,1,Binder:1594_D,15,ActivityManagerService.java,14791,android.content.Intent com.android.server.am.ActivityManagerService.registerReceiver(android.app.IApplicationThread, java.lang.String, android.content.IIntentReceiver, android.content.IntentFilter, java.lang.String, int, int),-,14463,boolean com.android.server.am.ActivityManagerService.unbindService(android.app.IServiceConnection),3]
10-19 20:28:28.895 I/dvm_lock_sample( 1594): [system_server,1,Binder:1594_B,19,ActivityManagerService.java,1537,void com.android.server.am.ActivityManagerService$AppDeathRecipient.binderDied(),-,1537,void com.android.server.am.ActivityManagerService$AppDeathRecipient.binderDied(),3]
10-19 20:28:31.001 I/dvm_lock_sample( 1594): [system_server,1,Binder:1594_5,23,ActivityManagerService.java,14450,int com.android.server.am.ActivityManagerService.bindIsolatedService(android.app.IApplicationThread, android.os.IBinder, android.content.Intent, java.lang.String, android.app.IServiceConnection, int, java.lang.String, java.lang.String, int),-,14450,int com.android.server.am.ActivityManagerService.bindIsolatedService(android.app.IApplicationThread, android.os.IBinder, android.content.Intent, java.lang.String, android.app.IServiceConnection, int, java.lang.String, java.lang.String, int),4]
10-19 20:28:31.258 I/dvm_lock_sample( 1594): [system_server,1,Binder:1594_C,25,ActivityManagerService.java,7639,void com.android.server.am.ActivityManagerService.publishContentProviders(android.app.IApplicationThread, java.util.List),-,1537,void com.android.server.am.ActivityManagerService$AppDeathRecipient.binderDied(),5]
10-19 20:28:32.076 I/am_pss  ( 1594): [30544,11390,com.vitrinedecraques.app,72884224,69787648,318464,135069696,1,2,13]
10-19 20:28:33.170 I/dvm_lock_sample( 1594): [system_server,1,Binder:1594_E,7,ActivityManagerService.java,7717,boolean com.android.server.am.ActivityManagerService.refContentProvider(android.os.IBinder, int, int),-,14463,boolean com.android.server.am.ActivityManagerService.unbindService(android.app.IServiceConnection),1]
10-19 20:28:33.240 I/dvm_lock_sample( 1594): [system_server,1,Binder:1594_1,11,ActivityManagerService.java,18962,boolean com.android.server.am.ActivityManagerService$LocalService.hasForegroundServiceNotification(java.lang.String, int, java.lang.String),-,1537,void com.android.server.am.ActivityManagerService$AppDeathRecipient.binderDied(),2]
10-19 20:28:33.312 I/am_lifecycle_sample(30544): [0,com.vitrinedecraques.app,110,5373]
10-19 20:28:33.621 I/am_on_create_called(30544): [0,com.vitrinedecraques.app.MainActivity,performCreate,196]
10-19 20:28:33.695 I/am_on_start_called(30544): [0,com.vitrinedecraques.app.MainActivity,handleStartActivity,0]
10-19 20:28:33.702 I/am_on_resume_called(30544): [0,com.vitrinedecraques.app.MainActivity,RESUME_ACTIVITY,1]
10-19 20:28:33.758 I/am_on_top_resumed_gained_called(30544): [0,com.vitrinedecraques.app.MainActivity,topStateChangedWhenResumed]
10-19 20:28:35.706 I/sysui_multi_action( 1594): [319,329,321,128,322,8106,325,1270878,757,761,758,7,759,1,806,com.vitrinedecraques.app,871,com.vitrinedecraques.app.MainActivity,904,com.android.shell,905,0,945,289,1320,12,1321,1]
10-19 20:28:35.712 I/am_activity_launch_time( 1594): [0,175271283,com.vitrinedecraques.app/.MainActivity,8106]
10-19 20:28:42.425 I/am_pss  ( 1594): [30544,11390,com.vitrinedecraques.app,186564608,175603712,218112,277012480,0,2,23]
10-19 20:28:48.305 I/dvm_lock_sample( 1594): [system_server,1,Binder:1594_A,30,ActivityManagerService.java,8605,boolean com.android.server.am.ActivityManagerService.isUidActive(int, java.lang.String),-,5395,void com.android.server.am.ActivityManagerService.attachApplication(android.app.IApplicationThread, long),6]
10-19 20:28:50.221 I/dvm_lock_sample( 1594): [system_server,1,Binder:1594_1D,25,ActivityManagerService.java,15989,int com.android.server.am.ActivityManagerService.broadcastIntent(android.app.IApplicationThread, android.content.Intent, java.lang.String, android.content.IIntentReceiver, int, java.lang.String, android.os.Bundle, java.lang.String[], int, android.os.Bundle, boolean, boolean, int),-,14463,boolean com.android.server.am.ActivityManagerService.unbindService(android.app.IServiceConnection),5]
10-19 20:28:50.277 I/dvm_lock_sample( 1594): [system_server,1,Binder:1594_9,13,ActivityManagerService.java,14962,void com.android.server.am.ActivityManagerService.unregisterReceiver(android.content.IIntentReceiver),-,14285,android.content.ComponentName com.android.server.am.ActivityManagerService.startService(android.app.IApplicationThread, android.content.Intent, java.lang.String, boolean, java.lang.String, int),2]
10-19 20:28:50.451 I/am_on_top_resumed_lost_called(30544): [0,com.vitrinedecraques.app.MainActivity,topStateChangedWhenResumed]
10-19 20:28:50.454 I/am_pause_activity( 1594): [30544,175271283,com.vitrinedecraques.app/.MainActivity,userLeaving=true]
10-19 20:28:50.459 I/am_add_to_stopping( 1594): [0,175271283,com.vitrinedecraques.app/.MainActivity,makeInvisible]
10-19 20:28:50.506 I/am_on_paused_called(30544): [0,com.vitrinedecraques.app.MainActivity,performPause,0]
10-19 20:28:50.992 I/am_stop_activity( 1594): [0,175271283,com.vitrinedecraques.app/.MainActivity]
10-19 20:28:51.170 I/am_on_stop_called(30544): [0,com.vitrinedecraques.app.MainActivity,STOP_ACTIVITY_ITEM,0]
10-19 20:28:51.540 I/sysui_multi_action( 2131): [757,289,758,4,806,ComponentInfo{com.vitrinedecraques.app/com.vitrinedecraques.app.MainActivity}]
10-19 20:28:51.544 I/am_finish_activity( 1594): [30544,175271283,1699,com.vitrinedecraques.app/.MainActivity,remove-task]
10-19 20:28:51.544 I/am_destroy_activity( 1594): [30544,175271283,1699,com.vitrinedecraques.app/.MainActivity,finish-imm:finishActivityLocked]
10-19 20:28:51.590 I/dvm_lock_sample( 1594): [system_server,1,android.display,9,TaskChangeNotificationController.java,176,void com.android.server.wm.TaskChangeNotificationController$MainHandler.handleMessage(android.os.Message),WindowProcessUtils.java,293,void com.android.server.wm.WindowProcessUtils.removeTask(int, com.android.server.wm.ActivityTaskManagerService),1]
10-19 20:28:51.617 I/am_kill ( 1594): [0,30544,com.vitrinedecraques.app,700,SwipeUpClean]
10-19 20:28:51.848 I/am_proc_died( 1594): [0,30544,com.vitrinedecraques.app,700,16]
10-19 20:29:39.852 I/dvm_lock_sample( 1594): [system_server,0,Binder:1594_19,16,ActivityManagerService.java,14494,void com.android.server.am.ActivityManagerService.serviceDoneExecuting(android.os.IBinder, int, int, int),-,5395,void com.android.server.am.ActivityManagerService.attachApplication(android.app.IApplicationThread, long),3]
10-19 20:29:45.975 I/dvm_lock_sample( 1594): [system_server,1,Binder:1594_19,6,ActivityTaskManagerService.java,4726,int com.android.server.wm.ActivityTaskManagerService.getLastResumedActivityUserId(),WindowSurfacePlacer.java,61,void com.android.server.wm.WindowSurfacePlacer.lambda$new$0$WindowSurfacePlacer(),1]
10-19 20:37:01.645 I/dvm_lock_sample( 1594): [system_server,1,Binder:1594_9,25,ActivityManagerService.java,6752,java.lang.String com.android.server.am.ActivityManagerService.checkContentProviderAccess(java.lang.String, int),-,5395,void com.android.server.am.ActivityManagerService.attachApplication(android.app.IApplicationThread, long),5]
10-19 20:37:01.681 I/dvm_lock_sample( 1594): [system_server,1,android.ui,29,ActivityManagerService.java,3378,void com.android.server.am.ActivityManagerService.dispatchUidsChanged(),-,18411,boolean com.android.server.am.ActivityManagerService$LocalService.isUidActive(int),5]
10-19 20:50:56.987 I/dvm_lock_sample( 1594): [system_server,1,Binder:1594_15,10,ActivityManagerService.java,5955,boolean com.android.server.am.ActivityManagerService.isAppBad(android.content.pm.ApplicationInfo),-,14450,int com.android.server.am.ActivityManagerService.bindIsolatedService(android.app.IApplicationThread, android.os.IBinder, android.content.Intent, java.lang.String, android.app.IServiceConnection, int, java.lang.String, java.lang.String, int),2]
10-19 20:51:19.103 I/dvm_lock_sample( 1594): [system_server,1,Binder:1594_19,15,ActivityManagerService.java,5827,java.lang.String com.android.server.am.ActivityManagerService.getTagForIntentSender(android.content.IIntentSender, java.lang.String),-,14450,int com.android.server.am.ActivityManagerService.bindIsolatedService(android.app.IApplicationThread, android.os.IBinder, android.content.Intent, java.lang.String, android.app.IServiceConnection, int, java.lang.String, java.lang.String, int),3]
10-19 20:53:01.827 I/dvm_lock_sample( 1594): [system_server,1,main,35,ActivityManagerService.java,15989,int com.android.server.am.ActivityManagerService.broadcastIntent(android.app.IApplicationThread, android.content.Intent, java.lang.String, android.content.IIntentReceiver, int, java.lang.String, android.os.Bundle, java.lang.String[], int, android.os.Bundle, boolean, boolean, int),-,14285,android.content.ComponentName com.android.server.am.ActivityManagerService.startService(android.app.IApplicationThread, android.content.Intent, java.lang.String, boolean, java.lang.String, int),7]
10-19 20:53:01.887 I/dvm_lock_sample( 1594): [system_server,1,Binder:1594_13,5,ActivityManagerService.java,6181,boolean com.android.server.am.ActivityManagerService.isAppStartModeDisabled(int, java.lang.String),BroadcastQueue.java,984,void com.android.server.am.BroadcastQueue.processNextBroadcast(boolean, boolean),1]
10-19 20:53:01.893 I/sysui_multi_action( 1594): [757,147,758,4,759,1,806,com.vitrinedecraques.app]
10-19 20:53:01.904 I/dvm_lock_sample( 1594): [system_server,1,Binder:1594_8,10,ActivityManagerService.java,8605,boolean com.android.server.am.ActivityManagerService.isUidActive(int, java.lang.String),BroadcastQueue.java,984,void com.android.server.am.BroadcastQueue.processNextBroadcast(boolean, boolean),2]
10-19 20:53:02.711 I/am_create_activity( 1594): [0,37040556,1702,com.vitrinedecraques.app/.MainActivity,NULL,NULL,NULL,268435456]
10-19 20:53:02.795 I/am_proc_start( 1594): [0,4025,11390,com.vitrinedecraques.app,activity,{com.vitrinedecraques.app/com.vitrinedecraques.app.MainActivity}]
10-19 20:53:02.965 I/am_proc_bound( 1594): [0,4025,com.vitrinedecraques.app]
10-19 20:53:02.981 I/am_restart_activity( 1594): [0,37040556,1702,com.vitrinedecraques.app/.MainActivity,4025]
10-19 20:53:02.983 I/am_set_resumed_activity( 1594): [0,com.vitrinedecraques.app/.MainActivity,minimalResumeActivityLocked]
10-19 20:53:04.279 I/notification_cancel_all( 1594): [1000,1594,com.vitrinedecraques.app,0,0,0,5,NULL]
10-19 20:53:04.279 I/notification_cancel_all( 1594): [1000,1594,com.vitrinedecraques.app,0,0,0,5,NULL]
10-19 20:53:04.495 I/dvm_lock_sample( 1594): [system_server,1,Binder:1594_19,6,ActivityManagerService.java,5395,void com.android.server.am.ActivityManagerService.attachApplication(android.app.IApplicationThread, long),-,14450,int com.android.server.am.ActivityManagerService.bindIsolatedService(android.app.IApplicationThread, android.os.IBinder, android.content.Intent, java.lang.String, android.app.IServiceConnection, int, java.lang.String, java.lang.String, int),1]
10-19 20:53:04.790 I/dvm_lock_sample( 1594): [system_server,1,Binder:1594_10,5,ActivityManagerService.java,14450,int com.android.server.am.ActivityManagerService.bindIsolatedService(android.app.IApplicationThread, android.os.IBinder, android.content.Intent, java.lang.String, android.app.IServiceConnection, int, java.lang.String, java.lang.String, int),-,1537,void com.android.server.am.ActivityManagerService$AppDeathRecipient.binderDied(),1]
10-19 20:53:05.224 I/dvm_lock_sample( 1594): [system_server,1,Binder:1594_1A,11,ProcessManagerService.java,1704,java.util.List com.android.server.am.ProcessManagerService.getRunningProcessInfo(int, int, java.lang.String, java.lang.String, int),ActivityManagerService.java,1537,void com.android.server.am.ActivityManagerService$AppDeathRecipient.binderDied(),2]
10-19 20:53:05.836 I/dvm_lock_sample( 1594): [system_server,1,Binder:1594_17,48,ActivityManagerService.java,8605,boolean com.android.server.am.ActivityManagerService.isUidActive(int, java.lang.String),-,1537,void com.android.server.am.ActivityManagerService$AppDeathRecipient.binderDied(),9]
10-19 20:53:05.850 I/dvm_lock_sample( 1594): [system_server,1,Binder:1594_16,21,ProcessManagerService.java,1704,java.util.List com.android.server.am.ProcessManagerService.getRunningProcessInfo(int, int, java.lang.String, java.lang.String, int),ActivityManagerService.java,14494,void com.android.server.am.ActivityManagerService.serviceDoneExecuting(android.os.IBinder, int, int, int),4]
10-19 20:53:08.523 I/am_lifecycle_sample( 4025): [0,com.vitrinedecraques.app,110,5518]
10-19 20:53:08.731 I/am_on_create_called( 4025): [0,com.vitrinedecraques.app.MainActivity,performCreate,137]
10-19 20:53:08.783 I/am_on_start_called( 4025): [0,com.vitrinedecraques.app.MainActivity,handleStartActivity,0]
10-19 20:53:08.787 I/am_on_resume_called( 4025): [0,com.vitrinedecraques.app.MainActivity,RESUME_ACTIVITY,1]
10-19 20:53:08.812 I/am_on_top_resumed_gained_called( 4025): [0,com.vitrinedecraques.app.MainActivity,topStateChangedWhenResumed]
10-19 20:53:10.355 I/sysui_multi_action( 1594): [319,397,321,387,322,7723,325,1272353,757,761,758,7,759,1,806,com.vitrinedecraques.app,871,com.vitrinedecraques.app.MainActivity,904,com.android.shell,905,0,945,336,1320,12,1321,1]
10-19 20:53:10.360 I/am_activity_launch_time( 1594): [0,37040556,com.vitrinedecraques.app/.MainActivity,7723]
10-19 20:53:13.314 I/am_pss  ( 1594): [4025,11390,com.vitrinedecraques.app,156870656,147218432,201728,246607872,0,2,17]
10-19 20:53:24.796 I/am_pss  ( 1594): [4025,11390,com.vitrinedecraques.app,182452224,171204608,191488,275484672,0,2,19]
10-19 20:53:28.912 I/am_on_top_resumed_lost_called( 4025): [0,com.vitrinedecraques.app.MainActivity,topStateChangedWhenResumed]
10-19 20:53:28.914 I/am_pause_activity( 1594): [4025,37040556,com.vitrinedecraques.app/.MainActivity,userLeaving=true]
10-19 20:53:28.917 I/am_add_to_stopping( 1594): [0,37040556,com.vitrinedecraques.app/.MainActivity,makeInvisible]
10-19 20:53:28.958 I/am_on_paused_called( 4025): [0,com.vitrinedecraques.app.MainActivity,performPause,1]
10-19 20:53:29.434 I/am_stop_activity( 1594): [0,37040556,com.vitrinedecraques.app/.MainActivity]
10-19 20:53:29.568 I/am_on_stop_called( 4025): [0,com.vitrinedecraques.app.MainActivity,STOP_ACTIVITY_ITEM,1]
10-19 20:53:30.010 I/sysui_multi_action( 2131): [757,289,758,4,806,ComponentInfo{com.vitrinedecraques.app/com.vitrinedecraques.app.MainActivity}]
10-19 20:53:30.012 I/am_finish_activity( 1594): [4025,37040556,1702,com.vitrinedecraques.app/.MainActivity,remove-task]
10-19 20:53:30.012 I/am_destroy_activity( 1594): [4025,37040556,1702,com.vitrinedecraques.app/.MainActivity,finish-imm:finishActivityLocked]
10-19 20:53:30.064 I/am_kill ( 1594): [0,4025,com.vitrinedecraques.app,905,SwipeUpClean]
10-19 20:53:30.251 I/am_proc_died( 1594): [0,4025,com.vitrinedecraques.app,905,20]
10-19 20:56:27.438 I/dvm_lock_sample( 1594): [system_server,0,Binder:1594_4,5,ActivityManagerService.java,14494,void com.android.server.am.ActivityManagerService.serviceDoneExecuting(android.os.IBinder, int, int, int),-,14463,boolean com.android.server.am.ActivityManagerService.unbindService(android.app.IServiceConnection),1]
10-19 20:57:27.829 I/am_create_activity( 1594): [0,136039179,1703,com.vitrinedecraques.app/.MainActivity,android.intent.action.MAIN,NULL,NULL,270532608]
10-19 20:57:27.885 I/am_proc_start( 1594): [0,5287,11390,com.vitrinedecraques.app,activity,{com.vitrinedecraques.app/com.vitrinedecraques.app.MainActivity}]
10-19 20:57:27.978 I/am_proc_bound( 1594): [0,5287,com.vitrinedecraques.app]
10-19 20:57:27.985 I/am_restart_activity( 1594): [0,136039179,1703,com.vitrinedecraques.app/.MainActivity,5287]
10-19 20:57:27.987 I/am_set_resumed_activity( 1594): [0,com.vitrinedecraques.app/.MainActivity,minimalResumeActivityLocked]
10-19 20:57:32.569 I/am_lifecycle_sample( 5287): [0,com.vitrinedecraques.app,110,4544]
10-19 20:57:32.755 I/am_on_create_called( 5287): [0,com.vitrinedecraques.app.MainActivity,performCreate,123]
10-19 20:57:32.807 I/am_on_start_called( 5287): [0,com.vitrinedecraques.app.MainActivity,handleStartActivity,0]
10-19 20:57:32.810 I/am_on_resume_called( 5287): [0,com.vitrinedecraques.app.MainActivity,RESUME_ACTIVITY,2]
10-19 20:57:32.838 I/am_on_top_resumed_gained_called( 5287): [0,com.vitrinedecraques.app.MainActivity,topStateChangedWhenResumed]
10-19 20:57:34.221 I/sysui_multi_action( 1594): [319,178,321,64,322,6399,325,1272618,757,761,758,7,759,1,806,com.vitrinedecraques.app,871,com.vitrinedecraques.app.MainActivity,904,com.miui.home,905,0,945,159,1320,12,1321,1]
10-19 20:57:34.226 I/am_activity_launch_time( 1594): [0,136039179,com.vitrinedecraques.app/.MainActivity,6399]
10-19 20:57:51.427 I/am_pss  ( 1594): [5287,11390,com.vitrinedecraques.app,179240960,168931328,186368,270204928,2,2,22]
10-19 20:58:05.000 I/am_pss  ( 1594): [5287,11390,com.vitrinedecraques.app,190323712,179888128,189440,281292800,0,2,20]
10-19 20:58:14.608 I/am_on_top_resumed_lost_called( 5287): [0,com.vitrinedecraques.app.MainActivity,topStateChangedWhenResumed]
10-19 20:58:14.612 I/am_pause_activity( 1594): [5287,136039179,com.vitrinedecraques.app/.MainActivity,userLeaving=true]
10-19 20:58:14.615 I/am_add_to_stopping( 1594): [0,136039179,com.vitrinedecraques.app/.MainActivity,makeInvisible]
10-19 20:58:14.627 I/am_on_paused_called( 5287): [0,com.vitrinedecraques.app.MainActivity,performPause,0]
10-19 20:58:15.019 I/am_stop_activity( 1594): [0,136039179,com.vitrinedecraques.app/.MainActivity]
10-19 20:58:15.140 I/am_on_stop_called( 5287): [0,com.vitrinedecraques.app.MainActivity,STOP_ACTIVITY_ITEM,0]
10-19 20:58:19.356 I/am_set_resumed_activity( 1594): [0,com.vitrinedecraques.app/.MainActivity,bringingFoundTaskToFront]
10-19 20:58:19.380 I/am_set_resumed_activity( 1594): [0,com.vitrinedecraques.app/.MainActivity,resumeTopActivityInnerLocked]
10-19 20:58:19.381 I/am_resume_activity( 1594): [0,136039179,1703,com.vitrinedecraques.app/.MainActivity,5287]
10-19 20:58:19.406 I/am_on_restart_called( 5287): [0,com.vitrinedecraques.app.MainActivity,performRestartActivity,0]
10-19 20:58:19.406 I/am_on_start_called( 5287): [0,com.vitrinedecraques.app.MainActivity,handleStartActivity,0]
10-19 20:58:19.414 I/am_on_resume_called( 5287): [0,com.vitrinedecraques.app.MainActivity,RESUME_ACTIVITY,1]
10-19 20:58:19.415 I/am_on_top_resumed_gained_called( 5287): [0,com.vitrinedecraques.app.MainActivity,topWhenResuming]
10-19 20:58:19.625 I/sysui_multi_action( 1594): [319,45,321,36,322,273,325,1272669,757,761,758,9,759,4,806,com.vitrinedecraques.app,871,com.vitrinedecraques.app.MainActivity,904,com.miui.home,905,0,1320,12,1321,1]
10-19 20:58:27.953 I/dvm_lock_sample( 1594): [system_server,0,miui.fg,11,ActivityManagerService.java,5955,boolean com.android.server.am.ActivityManagerService.isAppBad(android.content.pm.ApplicationInfo),-,16095,void com.android.server.am.ActivityManagerService.finishReceiver(android.os.IBinder, int, java.lang.String, android.os.Bundle, boolean, int),2]
10-19 20:58:28.008 I/dvm_lock_sample( 1594): [system_server,1,Binder:1594_15,8,ProcessManagerService.java,1704,java.util.List com.android.server.am.ProcessManagerService.getRunningProcessInfo(int, int, java.lang.String, java.lang.String, int),ActivityManagerService.java,14494,void com.android.server.am.ActivityManagerService.serviceDoneExecuting(android.os.IBinder, int, int, int),1]
10-19 20:58:28.087 I/am_on_top_resumed_lost_called( 5287): [0,com.vitrinedecraques.app.MainActivity,topStateChangedWhenResumed]
10-19 20:58:28.093 I/am_pause_activity( 1594): [5287,136039179,com.vitrinedecraques.app/.MainActivity,userLeaving=true]
10-19 20:58:28.100 I/am_add_to_stopping( 1594): [0,136039179,com.vitrinedecraques.app/.MainActivity,makeInvisible]
10-19 20:58:28.128 I/dvm_lock_sample( 1594): [system_server,1,Binder:1594_4,31,ActivityTaskManagerService.java,1746,void com.android.server.wm.ActivityTaskManagerService.activityTopResumedStateLost(),ActivityStarter.java,1313,int com.android.server.wm.ActivityStarter.startActivityMayWait(android.app.IApplicationThread, int, java.lang.String, int, int, android.content.Intent, java.lang.String, android.service.voice.IVoiceInteractionSession, com.android.internal.app.IVoiceInteractor, android.os.IBinder, java.lang.String, int, int, android.app.ProfilerInfo, android.app.WaitResult, android.content.res.Configuration, com.android.server.wm.SafeActivityOptions, boolean, int, com.android.server.wm.TaskRecord, java.lang.String, boolean, com.android.server.am.PendingIntentRecord, boolean),6]
10-19 20:58:28.132 I/am_on_paused_called( 5287): [0,com.vitrinedecraques.app.MainActivity,performPause,1]
10-19 20:58:28.608 I/am_stop_activity( 1594): [0,136039179,com.vitrinedecraques.app/.MainActivity]
10-19 20:58:28.677 I/am_on_stop_called( 5287): [0,com.vitrinedecraques.app.MainActivity,STOP_ACTIVITY_ITEM,0]
10-19 20:58:29.137 I/sysui_multi_action( 2131): [757,289,758,4,806,ComponentInfo{com.vitrinedecraques.app/com.vitrinedecraques.app.MainActivity}]
10-19 20:58:29.142 I/am_finish_activity( 1594): [5287,136039179,1703,com.vitrinedecraques.app/.MainActivity,remove-task]
10-19 20:58:29.142 I/am_destroy_activity( 1594): [5287,136039179,1703,com.vitrinedecraques.app/.MainActivity,finish-imm:finishActivityLocked]
10-19 20:58:29.241 I/am_kill ( 1594): [0,5287,com.vitrinedecraques.app,905,SwipeUpClean]
10-19 20:58:29.457 I/am_proc_died( 1594): [0,5287,com.vitrinedecraques.app,905,20]
10-19 20:58:40.607 I/dvm_lock_sample( 1594): [system_server,1,Binder:1594_7,12,ActivityManagerService.java,5955,boolean com.android.server.am.ActivityManagerService.isAppBad(android.content.pm.ApplicationInfo),-,14450,int com.android.server.am.ActivityManagerService.bindIsolatedService(android.app.IApplicationThread, android.os.IBinder, android.content.Intent, java.lang.String, android.app.IServiceConnection, int, java.lang.String, java.lang.String, int),2]
10-19 20:58:40.956 I/dvm_lock_sample( 1594): [system_server,1,Binder:1594_4,11,ActivityManagerService.java,8605,boolean com.android.server.am.ActivityManagerService.isUidActive(int, java.lang.String),-,1537,void com.android.server.am.ActivityManagerService$AppDeathRecipient.binderDied(),2]
10-19 20:59:57.560 I/dvm_lock_sample( 1594): [system_server,1,ActivityManager,381,PackageManagerService.java,7389,java.lang.String com.android.server.pm.PackageManagerService.getInstantAppPackageName(int),-,17551,void com.android.server.pm.PackageManagerService.installPackagesLI(java.util.List),76]
10-19 20:59:57.570 I/dvm_lock_sample( 1594): [system_server,0,Binder:1594_1E,318,ActivityManagerService.java,7564,void com.android.server.am.ActivityManagerService.removeContentProvider(android.os.IBinder, boolean),ActiveServices.java,2189,void com.android.server.am.ActiveServices$ServiceRestarter.run(),63]
10-19 20:59:57.664 I/dvm_lock_sample( 1594): [system_server,1,ActivityManager,37,BroadcastQueue.java,984,void com.android.server.am.BroadcastQueue.processNextBroadcast(boolean, boolean),ActivityManagerService.java,18291,void com.android.server.am.ActivityManagerService$LocalService.updateDeviceIdleTempWhitelist(int[], int, boolean),7]
10-19 20:59:57.665 I/dvm_lock_sample( 1594): [system_server,1,main,21,ActivityManagerService.java,15989,int com.android.server.am.ActivityManagerService.broadcastIntent(android.app.IApplicationThread, android.content.Intent, java.lang.String, android.content.IIntentReceiver, int, java.lang.String, android.os.Bundle, java.lang.String[], int, android.os.Bundle, boolean, boolean, int),-,14285,android.content.ComponentName com.android.server.am.ActivityManagerService.startService(android.app.IApplicationThread, android.content.Intent, java.lang.String, boolean, java.lang.String, int),4]
10-19 20:59:57.666 I/dvm_lock_sample( 1594): [system_server,1,android.ui,38,ActivityManagerService.java,3378,void com.android.server.am.ActivityManagerService.dispatchUidsChanged(),-,18291,void com.android.server.am.ActivityManagerService$LocalService.updateDeviceIdleTempWhitelist(int[], int, boolean),7]
10-19 20:59:57.686 I/notification_cancel_all( 1594): [1000,1594,com.vitrinedecraques.app,0,0,0,5,NULL]
10-19 20:59:57.772 I/dvm_lock_sample( 1594): [system_server,1,Binder:1594_11,46,ActivityManagerService.java,5395,void com.android.server.am.ActivityManagerService.attachApplication(android.app.IApplicationThread, long),BroadcastQueue.java,984,void com.android.server.am.BroadcastQueue.processNextBroadcast(boolean, boolean),9]
10-19 20:59:57.810 I/dvm_lock_sample( 1594): [system_server,1,Binder:1594_10,49,ActivityManagerService.java,14450,int com.android.server.am.ActivityManagerService.bindIsolatedService(android.app.IApplicationThread, android.os.IBinder, android.content.Intent, java.lang.String, android.app.IServiceConnection, int, java.lang.String, java.lang.String, int),BroadcastQueue.java,984,void com.android.server.am.BroadcastQueue.processNextBroadcast(boolean, boolean),9]
10-19 20:59:57.901 I/sysui_multi_action( 1594): [757,147,758,4,759,1,806,com.vitrinedecraques.app]
10-19 20:59:57.968 I/dvm_lock_sample( 1594): [system_server,0,PackageManager,57,ActivityManagerService.java,15989,int com.android.server.am.ActivityManagerService.broadcastIntent(android.app.IApplicationThread, android.content.Intent, java.lang.String, android.content.IIntentReceiver, int, java.lang.String, android.os.Bundle, java.lang.String[], int, android.os.Bundle, boolean, boolean, int),BroadcastQueue.java,984,void com.android.server.am.BroadcastQueue.processNextBroadcast(boolean, boolean),11]
10-19 20:59:58.752 I/am_create_activity( 1594): [0,162350112,1705,com.vitrinedecraques.app/.MainActivity,NULL,NULL,NULL,268435456]
10-19 20:59:58.877 I/am_proc_start( 1594): [0,6965,11390,com.vitrinedecraques.app,activity,{com.vitrinedecraques.app/com.vitrinedecraques.app.MainActivity}]
10-19 20:59:58.921 I/notification_cancel_all( 1594): [1000,1594,com.vitrinedecraques.app,0,0,0,5,NULL]
10-19 20:59:58.998 I/am_proc_bound( 1594): [0,6965,com.vitrinedecraques.app]
10-19 20:59:59.009 I/am_restart_activity( 1594): [0,162350112,1705,com.vitrinedecraques.app/.MainActivity,6965]
10-19 20:59:59.011 I/am_set_resumed_activity( 1594): [0,com.vitrinedecraques.app/.MainActivity,minimalResumeActivityLocked]
10-19 20:59:59.016 I/dvm_lock_sample( 1594): [system_server,1,Binder:1594_C,17,ActivityManagerService.java,14450,int com.android.server.am.ActivityManagerService.bindIsolatedService(android.app.IApplicationThread, android.os.IBinder, android.content.Intent, java.lang.String, android.app.IServiceConnection, int, java.lang.String, java.lang.String, int),-,5395,void com.android.server.am.ActivityManagerService.attachApplication(android.app.IApplicationThread, long),3]
10-19 20:59:59.052 I/dvm_lock_sample( 1594): [system_server,1,Binder:1594_C,35,ActivityManagerService.java,14450,int com.android.server.am.ActivityManagerService.bindIsolatedService(android.app.IApplicationThread, android.os.IBinder, android.content.Intent, java.lang.String, android.app.IServiceConnection, int, java.lang.String, java.lang.String, int),-,14463,boolean com.android.server.am.ActivityManagerService.unbindService(android.app.IServiceConnection),7]
10-19 20:59:59.738 I/dvm_lock_sample( 1594): [system_server,1,Binder:1594_D,23,ActivityManagerService.java,14335,boolean com.android.server.am.ActivityManagerService.stopServiceToken(android.content.ComponentName, android.os.IBinder, int),-,14450,int com.android.server.am.ActivityManagerService.bindIsolatedService(android.app.IApplicationThread, android.os.IBinder, android.content.Intent, java.lang.String, android.app.IServiceConnection, int, java.lang.String, java.lang.String, int),4]
10-19 21:00:04.618 I/am_lifecycle_sample( 6965): [0,com.vitrinedecraques.app,110,5577]
10-19 21:00:05.017 I/am_on_create_called( 6965): [0,com.vitrinedecraques.app.MainActivity,performCreate,259]
10-19 21:00:05.080 I/am_on_start_called( 6965): [0,com.vitrinedecraques.app.MainActivity,handleStartActivity,0]
10-19 21:00:05.084 I/am_on_resume_called( 6965): [0,com.vitrinedecraques.app.MainActivity,RESUME_ACTIVITY,2]
10-19 21:00:05.111 I/am_on_top_resumed_gained_called( 6965): [0,com.vitrinedecraques.app.MainActivity,topStateChangedWhenResumed]
10-19 21:00:06.719 I/sysui_multi_action( 1594): [319,317,321,247,322,7999,325,1272769,757,761,758,7,759,1,806,com.vitrinedecraques.app,871,com.vitrinedecraques.app.MainActivity,904,com.android.shell,905,0,945,281,1320,12,1321,1]
10-19 21:00:06.734 I/am_activity_launch_time( 1594): [0,162350112,com.vitrinedecraques.app/.MainActivity,7999]
10-19 21:00:09.361 I/am_pss  ( 1594): [6965,11390,com.vitrinedecraques.app,154983424,145723392,199680,245673984,0,2,16]
10-19 21:00:14.193 I/dvm_lock_sample( 1594): [system_server,1,android.ui,6,ActivityManagerService.java,3378,void com.android.server.am.ActivityManagerService.dispatchUidsChanged(),-,14494,void com.android.server.am.ActivityManagerService.serviceDoneExecuting(android.os.IBinder, int, int, int),1]
10-19 21:00:18.016 I/am_on_top_resumed_lost_called( 6965): [0,com.vitrinedecraques.app.MainActivity,topStateChangedWhenResumed]
10-19 21:00:18.017 I/am_pause_activity( 1594): [6965,162350112,com.vitrinedecraques.app/.MainActivity,userLeaving=true]
10-19 21:00:18.019 I/am_add_to_stopping( 1594): [0,162350112,com.vitrinedecraques.app/.MainActivity,makeInvisible]
10-19 21:00:18.033 I/am_on_paused_called( 6965): [0,com.vitrinedecraques.app.MainActivity,performPause,0]
10-19 21:00:18.450 I/am_stop_activity( 1594): [0,162350112,com.vitrinedecraques.app/.MainActivity]
10-19 21:00:18.577 I/am_on_stop_called( 6965): [0,com.vitrinedecraques.app.MainActivity,STOP_ACTIVITY_ITEM,1]
10-19 21:00:19.128 I/sysui_multi_action( 2131): [757,289,758,4,806,ComponentInfo{com.vitrinedecraques.app/com.vitrinedecraques.app.MainActivity}]
10-19 21:00:19.180 I/am_finish_activity( 1594): [6965,162350112,1705,com.vitrinedecraques.app/.MainActivity,remove-task]
10-19 21:00:19.180 I/am_destroy_activity( 1594): [6965,162350112,1705,com.vitrinedecraques.app/.MainActivity,finish-imm:finishActivityLocked]
10-19 21:00:19.193 I/am_kill ( 1594): [0,6965,com.vitrinedecraques.app,700,SwipeUpClean]
10-19 21:00:19.396 I/am_proc_died( 1594): [0,6965,com.vitrinedecraques.app,700,16]
10-19 21:01:17.365 I/dvm_lock_sample( 1594): [system_server,1,android.ui,8,ActivityManagerService.java,3432,void com.android.server.am.ActivityManagerService.dispatchUidsChanged(),-,14450,int com.android.server.am.ActivityManagerService.bindIsolatedService(android.app.IApplicationThread, android.os.IBinder, android.content.Intent, java.lang.String, android.app.IServiceConnection, int, java.lang.String, java.lang.String, int),1]
10-19 21:13:14.271 I/dvm_lock_sample( 1594): [system_server,0,Binder:1594_17,10,ActivityManagerService.java,14494,void com.android.server.am.ActivityManagerService.serviceDoneExecuting(android.os.IBinder, int, int, int),-,14450,int com.android.server.am.ActivityManagerService.bindIsolatedService(android.app.IApplicationThread, android.os.IBinder, android.content.Intent, java.lang.String, android.app.IServiceConnection, int, java.lang.String, java.lang.String, int),2]
10-19 21:13:16.471 I/dvm_lock_sample( 1594): [system_server,1,ActivityManager,472,PackageManagerService.java,7389,java.lang.String com.android.server.pm.PackageManagerService.getInstantAppPackageName(int),-,17551,void com.android.server.pm.PackageManagerService.installPackagesLI(java.util.List),94]
10-19 21:13:16.677 I/dvm_lock_sample( 1594): [system_server,1,Binder:1594_13,59,ActivityManagerService.java,14463,boolean com.android.server.am.ActivityManagerService.unbindService(android.app.IServiceConnection),-,15989,int com.android.server.am.ActivityManagerService.broadcastIntent(android.app.IApplicationThread, android.content.Intent, java.lang.String, android.content.IIntentReceiver, int, java.lang.String, android.os.Bundle, java.lang.String[], int, android.os.Bundle, boolean, boolean, int),11]
10-19 21:13:16.749 I/dvm_lock_sample( 1594): [system_server,1,ActivityManager,69,BroadcastQueue.java,984,void com.android.server.am.BroadcastQueue.processNextBroadcast(boolean, boolean),ActivityManagerService.java,14463,boolean com.android.server.am.ActivityManagerService.unbindService(android.app.IServiceConnection),13]
10-19 21:13:16.749 I/dvm_lock_sample( 1594): [system_server,1,Binder:1594_16,54,ActivityManagerService.java,14285,android.content.ComponentName com.android.server.am.ActivityManagerService.startService(android.app.IApplicationThread, android.content.Intent, java.lang.String, boolean, java.lang.String, int),-,15989,int com.android.server.am.ActivityManagerService.broadcastIntent(android.app.IApplicationThread, android.content.Intent, java.lang.String, android.content.IIntentReceiver, int, java.lang.String, android.os.Bundle, java.lang.String[], int, android.os.Bundle, boolean, boolean, int),10]
10-19 21:13:16.753 I/sysui_multi_action( 1594): [757,147,758,4,759,1,806,com.vitrinedecraques.app]
10-19 21:13:16.781 I/dvm_lock_sample( 1594): [system_server,1,Binder:1594_F,31,ActivityManagerService.java,14285,android.content.ComponentName com.android.server.am.ActivityManagerService.startService(android.app.IApplicationThread, android.content.Intent, java.lang.String, boolean, java.lang.String, int),BroadcastQueue.java,984,void com.android.server.am.BroadcastQueue.processNextBroadcast(boolean, boolean),6]
10-19 21:13:16.784 I/dvm_lock_sample( 1594): [system_server,1,Binder:1594_1B,28,ActivityManagerService.java,8605,boolean com.android.server.am.ActivityManagerService.isUidActive(int, java.lang.String),-,14463,boolean com.android.server.am.ActivityManagerService.unbindService(android.app.IServiceConnection),5]
10-19 21:13:16.831 I/dvm_lock_sample( 1594): [system_server,1,Binder:1594_1C,31,ActivityManagerService.java,5827,java.lang.String com.android.server.am.ActivityManagerService.getTagForIntentSender(android.content.IIntentSender, java.lang.String),-,15989,int com.android.server.am.ActivityManagerService.broadcastIntent(android.app.IApplicationThread, android.content.Intent, java.lang.String, android.content.IIntentReceiver, int, java.lang.String, android.os.Bundle, java.lang.String[], int, android.os.Bundle, boolean, boolean, int),6]
10-19 21:13:16.984 I/notification_cancel_all( 1594): [1000,1594,com.vitrinedecraques.app,0,0,0,5,NULL]
10-19 21:13:16.985 I/notification_cancel_all( 1594): [1000,1594,com.vitrinedecraques.app,0,0,0,5,NULL]
10-19 21:13:17.611 I/am_create_activity( 1594): [0,192463136,1707,com.vitrinedecraques.app/.MainActivity,NULL,NULL,NULL,268435456]
10-19 21:13:17.629 I/dvm_lock_sample( 1594): [system_server,1,Binder:1594_4,57,ActivityTaskManagerService.java,7377,com.android.server.wm.WindowProcessController com.android.server.wm.ActivityTaskManagerService$LocalService.getTopApp(),ActivityStarter.java,1313,int com.android.server.wm.ActivityStarter.startActivityMayWait(android.app.IApplicationThread, int, java.lang.String, int, int, android.content.Intent, java.lang.String, android.service.voice.IVoiceInteractionSession, com.android.internal.app.IVoiceInteractor, android.os.IBinder, java.lang.String, int, int, android.app.ProfilerInfo, android.app.WaitResult, android.content.res.Configuration, com.android.server.wm.SafeActivityOptions, boolean, int, com.android.server.wm.TaskRecord, java.lang.String, boolean, com.android.server.am.PendingIntentRecord, boolean),11]
10-19 21:13:17.651 I/dvm_lock_sample( 1594): [system_server,0,Binder:1594_15,84,ActivityManagerService.java,14494,void com.android.server.am.ActivityManagerService.serviceDoneExecuting(android.os.IBinder, int, int, int),-,14450,int com.android.server.am.ActivityManagerService.bindIsolatedService(android.app.IApplicationThread, android.os.IBinder, android.content.Intent, java.lang.String, android.app.IServiceConnection, int, java.lang.String, java.lang.String, int),16]
10-19 21:13:17.696 I/dvm_lock_sample( 1594): [system_server,1,Binder:1594_15,19,ActivityManagerService.java,14791,android.content.Intent com.android.server.am.ActivityManagerService.registerReceiver(android.app.IApplicationThread, java.lang.String, android.content.IIntentReceiver, android.content.IntentFilter, java.lang.String, int, int),-,14450,int com.android.server.am.ActivityManagerService.bindIsolatedService(android.app.IApplicationThread, android.os.IBinder, android.content.Intent, java.lang.String, android.app.IServiceConnection, int, java.lang.String, java.lang.String, int),3]
