11-02 09:53:56.783 I/dvm_lock_sample( 1594): [system_server,1,Binder:1594_19,5,ActivityManagerService.java,8605,boolean com.android.server.am.ActivityManagerService.isUidActive(int, java.lang.String),-,14494,void com.android.server.am.ActivityManagerService.serviceDoneExecuting(android.os.IBinder, int, int, int),1]
11-02 09:58:29.066 I/dvm_lock_sample( 1594): [system_server,1,Binder:1594_14,302,ActivityManagerService.java,8605,boolean com.android.server.am.ActivityManagerService.isUidActive(int, java.lang.String),-,16095,void com.android.server.am.ActivityManagerService.finishReceiver(android.os.IBinder, int, java.lang.String, android.os.Bundle, boolean, int),60]
11-02 09:58:29.075 I/dvm_lock_sample( 1594): [system_server,1,Binder:1594_2,262,ActivityManagerService.java,6978,android.app.ContentProviderHolder com.android.server.am.ActivityManagerService.getContentProviderImpl(android.app.IApplicationThread, java.lang.String, android.os.IBinder, int, java.lang.String, java.lang.String, boolean, int),-,16095,void com.android.server.am.ActivityManagerService.finishReceiver(android.os.IBinder, int, java.lang.String, android.os.Bundle, boolean, int),52]
11-02 09:58:33.539 I/dvm_lock_sample( 1594): [system_server,1,Binder:1594_2,28,WindowManagerService.java,8088,int com.android.server.wm.WindowManagerService$LocalService.getDisplayIdForWindow(android.os.IBinder),ActivityTaskManagerService.java,1755,void com.android.server.wm.ActivityTaskManagerService.activityPaused(android.os.IBinder),5]
11-02 09:58:33.540 I/dvm_lock_sample( 1594): [system_server,1,android.anim,34,WindowSurfacePlacer.java,61,void com.android.server.wm.WindowSurfacePlacer.lambda$new$0$WindowSurfacePlacer(),ActivityTaskManagerService.java,1755,void com.android.server.wm.ActivityTaskManagerService.activityPaused(android.os.IBinder),6]
11-02 10:01:53.304 I/dvm_lock_sample( 1594): [system_server,1,Binder:1594_18,15,ActivityManagerService.java,6752,java.lang.String com.android.server.am.ActivityManagerService.checkContentProviderAccess(java.lang.String, int),BroadcastQueue.java,984,void com.android.server.am.BroadcastQueue.processNextBroadcast(boolean, boolean),3]
11-02 10:03:47.447 I/dvm_lock_sample( 1594): [system_server,0,PackageManager,82,ActivityManagerService.java,15989,int com.android.server.am.ActivityManagerService.broadcastIntent(android.app.IApplicationThread, android.content.Intent, java.lang.String, android.content.IIntentReceiver, int, java.lang.String, android.os.Bundle, java.lang.String[], int, android.os.Bundle, boolean, boolean, int),BroadcastQueue.java,984,void com.android.server.am.BroadcastQueue.processNextBroadcast(boolean, boolean),16]
11-02 10:03:47.536 I/dvm_lock_sample( 1594): [system_server,1,Binder:1594_B,16,ActivityManagerService.java,8605,boolean com.android.server.am.ActivityManagerService.isUidActive(int, java.lang.String),-,14285,android.content.ComponentName com.android.server.am.ActivityManagerService.startService(android.app.IApplicationThread, android.content.Intent, java.lang.String, boolean, java.lang.String, int),3]
11-02 10:03:47.555 I/sysui_multi_action( 1594): [757,147,758,4,759,1,806,com.vitrinedecraques.app]
11-02 10:03:47.865 I/dvm_lock_sample( 1594): [system_server,1,Binder:1594_B,118,ActivityManagerService.java,5395,void com.android.server.am.ActivityManagerService.attachApplication(android.app.IApplicationThread, long),-,5395,void com.android.server.am.ActivityManagerService.attachApplication(android.app.IApplicationThread, long),23]
11-02 10:03:47.951 I/dvm_lock_sample( 1594): [system_server,1,Binder:1594_1,131,ActivityManagerService.java,14285,android.content.ComponentName com.android.server.am.ActivityManagerService.startService(android.app.IApplicationThread, android.content.Intent, java.lang.String, boolean, java.lang.String, int),-,5395,void com.android.server.am.ActivityManagerService.attachApplication(android.app.IApplicationThread, long),26]
11-02 10:03:47.953 I/dvm_lock_sample( 1594): [system_server,1,Binder:1594_13,92,ActivityManagerService.java,14285,android.content.ComponentName com.android.server.am.ActivityManagerService.startService(android.app.IApplicationThread, android.content.Intent, java.lang.String, boolean, java.lang.String, int),-,14450,int com.android.server.am.ActivityManagerService.bindIsolatedService(android.app.IApplicationThread, android.os.IBinder, android.content.Intent, java.lang.String, android.app.IServiceConnection, int, java.lang.String, java.lang.String, int),18]
11-02 10:03:48.036 I/dvm_lock_sample( 1594): [system_server,1,ActivityManager,85,ActivityManagerService.java,18263,void com.android.server.am.ActivityManagerService$LocalService.setPendingIntentAllowBgActivityStarts(android.content.IIntentSender, android.os.IBinder, int),-,14285,android.content.ComponentName com.android.server.am.ActivityManagerService.startService(android.app.IApplicationThread, android.content.Intent, java.lang.String, boolean, java.lang.String, int),17]
11-02 10:03:48.037 I/dvm_lock_sample( 1594): [system_server,1,Binder:1594_1,74,ActivityManagerService.java,8605,boolean com.android.server.am.ActivityManagerService.isUidActive(int, java.lang.String),-,14285,android.content.ComponentName com.android.server.am.ActivityManagerService.startService(android.app.IApplicationThread, android.content.Intent, java.lang.String, boolean, java.lang.String, int),14]
11-02 10:03:48.223 I/notification_cancel_all( 1594): [1000,1594,com.vitrinedecraques.app,0,0,0,5,NULL]
11-02 10:03:48.398 I/am_create_activity( 1594): [0,73941459,2138,com.vitrinedecraques.app/.MainActivity,NULL,NULL,NULL,268435456]
11-02 10:03:48.470 I/dvm_lock_sample( 1594): [system_server,1,Binder:1594_13,12,ActivityManagerService.java,7717,boolean com.android.server.am.ActivityManagerService.refContentProvider(android.os.IBinder, int, int),BroadcastQueue.java,984,void com.android.server.am.BroadcastQueue.processNextBroadcast(boolean, boolean),2]
11-02 10:03:48.519 I/am_proc_start( 1594): [0,2296,11404,com.vitrinedecraques.app,activity,{com.vitrinedecraques.app/com.vitrinedecraques.app.MainActivity}]
11-02 10:03:48.739 I/am_proc_bound( 1594): [0,2296,com.vitrinedecraques.app]
11-02 10:03:48.746 I/am_restart_activity( 1594): [0,73941459,2138,com.vitrinedecraques.app/.MainActivity,2296]
11-02 10:03:48.798 I/am_set_resumed_activity( 1594): [0,com.vitrinedecraques.app/.MainActivity,minimalResumeActivityLocked]
11-02 10:03:48.798 I/GST     (10006): forePkg: com.vitrinedecraques.app, preForePkg: com.miui.home
11-02 10:03:48.798 W/ActivityTaskManager( 1594): Request to remove task ignored for non-existent task 2137
11-02 10:03:48.798 I/ProcessMonitor( 6042): onForegroundInfoChanged: ForegroundInfo{mForegroundPackageName='com.vitrinedecraques.app', mForegroundUid=11404, mForegroundPid=2296, mLastForegroundPackageName='com.miui.home', mLastForegroundUid=10064, mLastForegroundPid=2404, mMultiWindowForegroundPackageName='null', mMultiWindowForegroundUid=-1, mFlags=1}
11-02 10:03:48.799 D/PerfEngineController(32443): ForegroundInfo{mForegroundPackageName='com.vitrinedecraques.app', mForegroundUid=11404, mForegroundPid=2296, mLastForegroundPackageName='com.miui.home', mLastForegroundUid=10064, mLastForegroundPid=2404, mMultiWindowForegroundPackageName='null', mMultiWindowForegroundUid=-1, mFlags=1}
11-02 10:03:48.802 I/ActivityManager( 1594): Process com.android.shell (pid 32238) has died: cch+55 CEM 
11-02 10:03:48.808 I/PI-ScanDispatch( 2154): service bind, pkgName = com.vitrinedecraques.app, installer = null, isReplace = false, firstGoogleTime = 1614890563430
11-02 10:03:48.992 I/ActivityManager( 1594): Start proc 2461:com.miui.core/u0a75 for service {com.miui.core/miui.autoinstall.config.service.AutoInstallService} caller=com.miui.core
11-02 10:03:49.105 W/XSpaceManagerService( 1594): update XSpace App: packageName:com.vitrinedecraques.app, user:UserHandle{0}, action:android.intent.action.PACKAGE_ADDED
11-02 10:03:49.106 D/Launcher.Model( 2404): LauncherAppsCallback onPackageAdded|com.vitrinedecraques.app|UserHandle{0}
11-02 10:03:49.109 D/Launcher.Model( 2404): Got broadcast:Intent { act=android.intent.action.PACKAGE_ADDED dat=package:com.vitrinedecraques.app (has extras) }
11-02 10:03:49.118 I/ActivityManager( 1594): Process com.google.android.webview:sandboxed_process0:org.chromium.content.app.SandboxedProcessService0:0 (pid 32339) has died: cch+95 CEM 
11-02 10:03:49.143 W/ActivityManager( 1594): Scheduling restart of crashed service com.google.android.googlequicksearchbox/org.chromium.content.app.SandboxedProcessService0:0 in 1000ms
11-02 10:03:49.321 W/Looper  ( 1594): Slow dispatch took 177ms android.ui h=com.android.server.am.ActivityManagerService$UiHandler c=null m=53
11-02 10:03:49.333 W/system_server( 1594): Long monitor contention with owner Binder:1594_9 (2490) at void com.android.server.am.ActivityManagerService$AppDeathRecipient.binderDied()(ActivityManagerService.java:1537) waiters=2 in java.util.List com.android.server.am.ProcessManagerService.getRunningProcessInfo(int, int, java.lang.String, java.lang.String, int) for 172ms
11-02 10:03:49.386 I/dvm_lock_sample( 1594): [system_server,1,Binder:1594_1E,172,ProcessManagerService.java,1704,java.util.List com.android.server.am.ProcessManagerService.getRunningProcessInfo(int, int, java.lang.String, java.lang.String, int),ActivityManagerService.java,1537,void com.android.server.am.ActivityManagerService$AppDeathRecipient.binderDied(),34]
11-02 10:03:49.392 E/Launcher.AllAppsList( 2404): Can't load postion for packageName: com.vitrinedecraques.app activityName: com.vitrinedecraques.app.MainActivity
11-02 10:03:49.397 I/dvm_lock_sample( 1594): [system_server,0,Binder:1594_1,21,ActivityManagerService.java,14494,void com.android.server.am.ActivityManagerService.serviceDoneExecuting(android.os.IBinder, int, int, int),-,5395,void com.android.server.am.ActivityManagerService.attachApplication(android.app.IApplicationThread, long),4]
11-02 10:03:49.410 I/ActivityManager( 1594): Process com.google.android.webview:webview_service (pid 32400) has died: cch+95 CEM 
11-02 10:03:49.434 I/dvm_lock_sample( 1594): [system_server,1,Binder:1594_18,51,ActivityManagerService.java,14343,void com.android.server.am.ActivityManagerService.setServiceForeground(android.content.ComponentName, android.os.IBinder, int, android.app.Notification, int, int),-,10031,java.util.List com.android.server.am.ActivityManagerService.getRunningAppProcesses(),10]
11-02 10:03:49.434 I/dvm_lock_sample( 1594): [system_server,0,miui.fg,39,ActivityManagerService.java,5955,boolean com.android.server.am.ActivityManagerService.isAppBad(android.content.pm.ApplicationInfo),-,14463,boolean com.android.server.am.ActivityManagerService.unbindService(android.app.IServiceConnection),7]
11-02 10:03:49.463 D/AutoInstallsParser( 2404): isPAIPackageName: com.vitrinedecraques.app
11-02 10:03:49.536 D/Launcher.Model( 2404): onReceiveBackground, mAllAppsList=add=[(0, AppInfo, id=-1, itemType=0, user=UserHandle{0}, mIconType=0, pkgName=com.vitrinedecraques.app, className=com.vitrinedecraques.app.MainActivity, screenId=-1, container=-1, cellX=-1, cellY=-1, spanX=1, spanY=1, isLandscapePos=false)], remove=[], modified=[]
11-02 10:03:49.536 D/Launcher( 2404): add item to launcher when bind apps added, info=ShortcutInfo, id=-1, itemType=0, user=UserHandle{0}, mIconType=0, pkgName=com.vitrinedecraques.app, className=com.vitrinedecraques.app.MainActivity, screenId=-1, container=-1, cellX=-1, cellY=-1, spanX=1, spanY=1, isLandscapePos=false
11-02 10:03:49.536 D/Launcher( 2404): addItemToWorkspace, add item into db, item=ShortcutInfo, id=-1, itemType=0, user=UserHandle{0}, mIconType=0, pkgName=com.vitrinedecraques.app, className=com.vitrinedecraques.app.MainActivity, screenId=2, container=-100, cellX=2, cellY=4, spanX=1, spanY=1, isLandscapePos=false
11-02 10:03:49.537 D/Launcher.Model( 2404): Insert item com.vitrinedecraques.app to database (2, 4) of screen 2
11-02 10:03:49.537 D/Launcher.CellLayout( 2404): updateCellOccupiedMarks, update, ShortcutInfo, id=1348, itemType=0, user=UserHandle{0}, mIconType=0, pkgName=com.vitrinedecraques.app, className=com.vitrinedecraques.app.MainActivity, screenId=2, container=-100, cellX=2, cellY=4, spanX=1, spanY=1, isLandscapePos=false
11-02 10:03:49.537 D/Launcher.ShortcutInfo( 2404): onAddToDatabase, this=ShortcutInfo, id=1348, itemType=0, user=UserHandle{0}, mIconType=0, pkgName=com.vitrinedecraques.app, className=com.vitrinedecraques.app.MainActivity, screenId=2, container=-100, cellX=2, cellY=4, spanX=1, spanY=1, isLandscapePos=false
11-02 10:03:49.604 I/ActivityManager( 1594): Process com.xiaomi.glgm (pid 32369) has died: cch+85 CEM 
11-02 10:03:49.697 D/AppActiveReceiver( 2316): receive app active broadcast for: com.vitrinedecraques.app, install from: null
11-02 10:03:49.720 W/ActivityManager( 1594): Slow operation: 168ms so far, now at startProcess: returned from zygote!
11-02 10:03:49.756 W/ActivityManager( 1594): Slow operation: 204ms so far, now at startProcess: done updating battery stats
11-02 10:03:49.757 W/ActivityManager( 1594): Slow operation: 205ms so far, now at startProcess: building log message
11-02 10:03:49.757 I/ActivityManager( 1594): Start proc 2580:android.process.media/u0a39 for content provider {com.android.providers.media/com.android.providers.media.MediaProvider} caller=com.miui.cleaner
11-02 10:03:49.757 W/ActivityManager( 1594): Slow operation: 205ms so far, now at startProcess: starting to update pids map
11-02 10:03:49.757 W/ActivityManager( 1594): Slow operation: 205ms so far, now at startProcess: done updating pids map
11-02 10:03:49.761 I/ActivityManager( 1594): Process com.google.process.gservices (pid 31431) has died: cch+75 CEM 
11-02 10:03:49.824 I/ActivityManager( 1594): Start proc 2616:com.xiaomi.mipicks/u0a135 for broadcast {com.xiaomi.mipicks/com.xiaomi.market.receiver.AppActiveReceiver} caller=null
11-02 10:03:49.890 D/Launcher.CellLayout( 2404): updateCellOccupiedMarks, update, ShortcutInfo, id=1348, itemType=0, user=UserHandle{0}, mIconType=0, pkgName=com.vitrinedecraques.app, className=com.vitrinedecraques.app.MainActivity, screenId=2, container=-100, cellX=2, cellY=4, spanX=1, spanY=1, isLandscapePos=false
11-02 10:03:49.949 I/dvm_lock_sample( 1594): [system_server,1,Binder:1594_13,67,ActivityManagerService.java,7717,boolean com.android.server.am.ActivityManagerService.refContentProvider(android.os.IBinder, int, int),ActiveServices.java,2189,void com.android.server.am.ActiveServices$ServiceRestarter.run(),13]
11-02 10:03:49.951 I/ActivityManager( 1594): Process com.google.android.googlequicksearchbox:googleapp (pid 32223) has died: cch+65 CEM 
11-02 10:03:49.974 I/ActivityManager( 1594): Process com.google.android.googlequicksearchbox:search (pid 32737) has died: cch+55 CEM 
11-02 10:03:50.057 I/dvm_lock_sample( 1594): [system_server,1,Binder:1594_12,18,ActivityManagerService.java,14474,void com.android.server.am.ActivityManagerService.publishService(android.os.IBinder, android.content.Intent, android.os.IBinder),-,14450,int com.android.server.am.ActivityManagerService.bindIsolatedService(android.app.IApplicationThread, android.os.IBinder, android.content.Intent, java.lang.String, android.app.IServiceConnection, int, java.lang.String, java.lang.String, int),3]
11-02 10:03:50.057 W/Looper  ( 1594): Slow dispatch took 135ms android.ui h=com.android.server.am.ActivityManagerService$UiHandler c=null m=53
11-02 10:03:50.187 I/ActivityManager( 1594): Start proc 2689:com.android.vending/u0a54 for service {com.android.vending/com.google.android.finsky.developergroupidinfo.DeveloperGroupIdInfoService} caller=com.google.android.gms
11-02 10:03:50.394 I/ActivityManager( 1594): Process com.google.android.apps.photos:mediametadataservice (pid 1102) has died: cch+45 CEM 
11-02 10:03:50.404 I/ActivityManager( 1594): Process com.android.settings:remote (pid 31664) has died: svcb SVC 
11-02 10:03:50.408 W/ActivityManager( 1594): Scheduling restart of crashed service com.android.settings/.dangerousoptions.DangerousOptionsWarningService in 1000ms
11-02 10:03:50.552 I/ActivityManager( 1594): Process com.google.android.apps.photos (pid 29309) has died: cch+35 CEM 
11-02 10:03:51.002 W/BpBinder( 2213): Slow Binder: BpBinder transact took 1450ms, interface=android.app.IActivityManager, code=20 oneway=false
11-02 10:03:51.081 I/ActivityManager( 1594): Process com.google.android.packageinstaller (pid 2188) has died: cch+25 CEM 
11-02 10:03:51.112 I/ActivityManager( 1594): Process com.miui.securitycenter (pid 1918) has died: cch+25 CEM 
11-02 10:03:51.125 W/ActivityManager( 1594): setHasOverlayUi called on unknown pid: 1918
11-02 10:03:51.433 I/ActivityManager( 1594): Start proc 2963:com.android.settings:remote/1000 for service {com.android.settings/com.android.settings.dangerousoptions.DangerousOptionsWarningService} caller=com.android.settings
11-02 10:03:51.546 I/ActivityManager( 1594): Process com.xiaomi.discover (pid 2316) has died: cch+15 CEM 
11-02 10:03:51.976 W/ActivityManager( 1594): Slow operation: 121ms so far, now at startProcess: returned from zygote!
11-02 10:03:52.001 W/ActivityManager( 1594): Slow operation: 146ms so far, now at startProcess: done updating battery stats
11-02 10:03:52.002 W/ActivityManager( 1594): Slow operation: 147ms so far, now at startProcess: building log message
11-02 10:03:52.002 I/ActivityManager( 1594): Start proc 3013:com.google.process.gservices/u0a29 for content provider {com.google.android.gsf/com.google.android.gsf.gservices.GservicesProvider} caller=com.android.vending
11-02 10:03:52.002 W/ActivityManager( 1594): Slow operation: 147ms so far, now at startProcess: starting to update pids map
11-02 10:03:52.002 W/ActivityManager( 1594): Slow operation: 147ms so far, now at startProcess: done updating pids map
11-02 10:03:52.290 W/ActivityManager( 1594): Receiver with filter android.content.IntentFilter@f403ee2 already registered for pid 2616, callerPackage is com.xiaomi.mipicks
11-02 10:03:52.625 I/ActivityManager( 1594): Process com.miui.global.packageinstaller (pid 2154) has died: cch+5 CEM 
11-02 10:03:52.627 W/BpBinder( 2689): Slow Binder: BpBinder transact took 770ms, interface=android.app.IActivityManager, code=20 oneway=false
11-02 10:03:52.654 W/ActivityManager( 1594): Slow operation: 102ms so far, now at startProcess: done updating battery stats
11-02 10:03:52.655 W/ActivityManager( 1594): Slow operation: 103ms so far, now at startProcess: building log message
11-02 10:03:52.655 I/ActivityManager( 1594): Start proc 3157:com.google.process.gapps/u0a29 for content provider {com.google.android.gsf/com.google.android.gsf.settings.GoogleSettingsProvider} caller=com.android.vending
11-02 10:03:52.655 W/ActivityManager( 1594): Slow operation: 103ms so far, now at startProcess: starting to update pids map
11-02 10:03:52.656 W/ActivityManager( 1594): Slow operation: 104ms so far, now at startProcess: done updating pids map
11-02 10:03:52.665 I/ThumbnailBlurUtils( 6042): loadPrivacyThumbnailBlurMonthly successd{"com.anydesk.anydeskandroid":5,"com.miui.player":27,"com.vitrinedecraques.app":-1,"com.xiaomi.mipicks":5,"videoeditor.videorecorder.screenrecorder":5,"com.miui.compass":5,"com.miui.calculator":5,"com.android.deskclock":5,"com.xiaomi.scanner":5,"com.xiaomi.midrop":5,"com.ozforensics.liveness.demo":-1,"com.miui.securitycenter":5,"com.google.android.apps.meetings":-1,"com.android.vending":5,"com.android.chrome":-1,"com.google.android.apps.photos":-1,"com.mi.android.globalFileexplorer":5,"com.google.android.apps.docs":5,"br.com.otimizaugc.vistosoftapp":-1,"com.duokan.phone.remotecontroller":5,"com.miui.gallery":6,"com.ypcc.otgcamera":-1,"com.google.android.youtube":-1,"com.miui.screenrecorder":5,"com.google.android.apps.maps":-1,"com.google.android.apps.tachyon":5,"com.miui.videoplayer":27,"net.sourceforge.opencamera":5,"com.mi.globalbrowser":5,"com.google.android.apps.messaging":5,"com.miui.notes":5,"com.google.android.videos":-1,"com.google.android.googlequicksearchbox":-1,"com.miui.miservice":5,"com.google.ar.lens":5,"com.google.android.contacts":-1,"net.openvpn.openvpn":5,"com.mi.android.globalminusscreen":5,"com.airbeat.device.inspector":5,"com.miui.weather2":5,"com.miui.fm":27,"com.android.providers.downloads.ui":5,"com.android.thememanager":5,"com.xiaomi.calendar":-1,"com.google.android.dialer":-1,"com.android.camera":6,"com.google.android.gm":5,"com.tony.molink.howifi":-1,"com.android.settings":-1,"com.xiaomi.glgm":5,"com.google.android.music":5,"com.google.android.apps.authenticator2":-1,"com.android.soundrecorder":5}
11-02 10:03:52.803 D/AppActiveReceiver( 2616): receive app active broadcast for: com.vitrinedecraques.app, install from: null
11-02 10:03:53.022 I/ActivityManager( 1594): Process com.miui.powerkeeper (pid 32443) has died: svcb BTOP
11-02 10:03:53.034 W/ActivityManager( 1594): Scheduling restart of crashed service com.miui.powerkeeper/.feedbackcontrol.FeedbackControlService in 1000ms
11-02 10:03:53.035 W/ActivityManager( 1594): Scheduling restart of crashed service com.miui.powerkeeper/.PowerKeeperBackgroundService in 10999ms
11-02 10:03:53.035 W/ActivityManager( 1594): Scheduling restart of crashed service com.miui.powerkeeper/.powerchecker.PowerCheckerService in 20999ms
11-02 10:03:53.036 W/ActivityManager( 1594): Scheduling restart of crashed service com.miui.powerkeeper/.statemachine.PowerStateMachineService in 30999ms
11-02 10:03:53.036 W/ActivityManager( 1594): Scheduling restart of crashed service com.miui.powerkeeper/.stepsprovider.StepsService in 40998ms
11-02 10:03:53.036 W/ActivityManager( 1594): Scheduling restart of crashed service com.xiaomi.powerchecker/.PowerCheckerService in 50998ms
11-02 10:03:53.112 I/ActivityManager( 1594): Process com.qualcomm.qti.qdma (pid 1419) has died: svcb SVC 
11-02 10:03:53.121 W/ActivityManager( 1594): Scheduling restart of crashed service com.qualcomm.qti.qdma/.job.QDMAJobService in 60913ms
11-02 10:03:53.123 W/ActivityManager( 1594): Scheduling restart of crashed service com.qualcomm.qti.qdma/.uploader.UploaderService in 70911ms
11-02 10:03:53.131 I/ActivityManager( 1594): Process com.qualcomm.qti.workloadclassifier (pid 760) has died: svcb SVC 
11-02 10:03:53.135 W/ActivityManager( 1594): Scheduling restart of crashed service com.qualcomm.qti.workloadclassifier/.WLCService in 80899ms
11-02 10:03:53.141 I/ActivityManager( 1594): Process com.qualcomm.telephony (pid 32598) has died: svcb SVC 
11-02 10:03:53.145 W/ActivityManager( 1594): Scheduling restart of crashed service com.qualcomm.atfwd/.AtFwdService in 90889ms
11-02 10:03:53.185 I/ActivityManager( 1594): Process com.huaqin.sarcontroller:controller (pid 1941) has died: svcb SVC 
11-02 10:03:53.212 W/ActivityManager( 1594): Scheduling restart of crashed service com.huaqin.sarcontroller/.SarControllerService in 0ms
11-02 10:03:53.221 I/ActivityManager( 1594): Process com.xiaomi.bluetooth (pid 928) has died: svcb SVC 
11-02 10:03:53.227 W/ActivityManager( 1594): Scheduling restart of crashed service com.xiaomi.bluetooth/com.android.bluetooth.ble.app.MiuiBleAppService in 100808ms
11-02 10:03:53.227 W/ActivityManager( 1594): Scheduling restart of crashed service com.xiaomi.bluetooth/com.android.bluetooth.ble.app.MiuiFastConnectService in 110807ms
11-02 10:03:53.227 W/ActivityManager( 1594): Scheduling restart of crashed service com.xiaomi.bluetooth/com.android.bluetooth.ble.app.MiuiNearbyService in 120807ms
11-02 10:03:53.273 W/BpBinder( 2689): Slow Binder: BpBinder transact took 742ms, interface=android.app.IActivityManager, code=20 oneway=false
11-02 10:03:53.310 I/ActivityManager( 1594): Start proc 3293:com.huaqin.sarcontroller:controller/1000 for service {com.huaqin.sarcontroller/com.huaqin.sarcontroller.SarControllerService} caller=com.huaqin.sarcontroller
11-02 10:03:53.704 I/ActivityManager( 1594): Process com.google.process.gapps (pid 3157) has died: cch+25 CEM 
11-02 10:03:53.995 I/ActivityManager( 1594): Process com.android.vending (pid 2689) has died: cch+15 CEM 
11-02 10:03:54.010 I/dvm_lock_sample( 1594): [system_server,1,android.ui,8,ActivityManagerService.java,3378,void com.android.server.am.ActivityManagerService.dispatchUidsChanged(),-,1537,void com.android.server.am.ActivityManagerService$AppDeathRecipient.binderDied(),1]
11-02 10:03:54.062 I/ActivityManager( 1594): Start proc 3401:com.miui.powerkeeper/1000 for service {com.miui.powerkeeper/com.miui.powerkeeper.feedbackcontrol.FeedbackControlService} caller=com.miui.powerkeeper
11-02 10:03:54.063 I/ActivityManager( 1594): Process com.google.process.gservices (pid 3013) has died: cch+5 CEM 
11-02 10:03:54.426 I/am_lifecycle_sample( 2296): [0,com.vitrinedecraques.app,110,5622]
11-02 10:03:54.429 E/Perf    ( 2296): Fail to get file list com.vitrinedecraques.app
11-02 10:03:54.431 E/Perf    ( 2296): Fail to get file list com.vitrinedecraques.app
11-02 10:03:54.554 I/ActivityManager( 1594): Process com.xiaomi.mipicks (pid 2616) has died: cch+5 CEM 
11-02 10:03:54.559 D/ForceDarkHelper( 2296): updateByCheckExcludeList: pkg: com.vitrinedecraques.app activity: com.vitrinedecraques.app.MainActivity@a23a989
11-02 10:03:54.564 D/ForceDarkHelper( 2296): updateByCheckExcludeList: pkg: com.vitrinedecraques.app activity: com.vitrinedecraques.app.MainActivity@a23a989
11-02 10:03:54.604 D/ForceDarkHelper( 2296): updateByCheckExcludeList: pkg: com.vitrinedecraques.app activity: com.vitrinedecraques.app.MainActivity@a23a989
11-02 10:03:54.683 I/am_on_create_called( 2296): [0,com.vitrinedecraques.app.MainActivity,performCreate,163]
11-02 10:03:54.762 I/am_on_start_called( 2296): [0,com.vitrinedecraques.app.MainActivity,handleStartActivity,0]
11-02 10:03:54.767 I/am_on_resume_called( 2296): [0,com.vitrinedecraques.app.MainActivity,RESUME_ACTIVITY,2]
11-02 10:03:54.818 W/Looper  ( 2296): Slow Looper main: Activity com.vitrinedecraques.app/.MainActivity is 5539ms late (wall=386ms running=0ms ClientTransaction{ callbacks=[android.app.servertransaction.LaunchActivityItem] lifecycleRequest=android.app.servertransaction.ResumeActivityItem }) because of 1 msg, msg 1 took 5623ms (seq=2 late=35ms h=android.app.ActivityThread$H w=110)
11-02 10:03:54.818 I/am_on_top_resumed_gained_called( 2296): [0,com.vitrinedecraques.app.MainActivity,topStateChangedWhenResumed]
11-02 10:03:54.819 W/Looper  ( 2296): Slow Looper main: Activity com.vitrinedecraques.app/.MainActivity is 5925ms late (wall=0ms running=0ms ClientTransaction{ callbacks=[android.app.servertransaction.TopResumedActivityChangeItem] }) because of 2 msg, msg 1 took 5623ms (seq=2 late=35ms h=android.app.ActivityThread$H w=110), msg 2 took 386ms (seq=3 late=5539ms h=android.app.ActivityThread$H w=159)
11-02 10:03:54.861 I/ActivityManager( 1594): Process com.android.settings:remote (pid 2963) has died: svcb SVC 
11-02 10:03:54.866 W/ActivityManager( 1594): Scheduling restart of crashed service com.android.settings/.dangerousoptions.DangerousOptionsWarningService in 4000ms
11-02 10:03:55.034 W/ActivityManager( 1594): Sending non-protected broadcast action_temp_state_change from system 3401:com.miui.powerkeeper/1000 pkg com.miui.powerkeeper. Callers=
11-02 10:03:55.034 W/ActivityManager( 1594): Sending non-protected broadcast action_temp_state_change from system 3401:com.miui.powerkeeper/1000 pkg com.miui.powerkeeper. Callers=
11-02 10:03:55.080 I/ActivityManager( 1594): Process com.miui.core (pid 2461) has died: svcb SVC 
11-02 10:03:55.087 W/ActivityManager( 1594): Scheduling restart of crashed service com.miui.core/miui.autoinstall.config.service.AutoInstallService in 13779ms
11-02 10:03:55.105 I/ActivityManager( 1594): Process com.huaqin.diaglogger (pid 2041) has died: svcb SVC 
11-02 10:03:55.111 W/ActivityManager( 1594): Scheduling restart of crashed service com.huaqin.diaglogger/.DiagLogService in 23755ms
11-02 10:03:55.147 D/ForceDarkHelper( 2296): updateByCheckExcludeList: pkg: com.vitrinedecraques.app activity: com.vitrinedecraques.app.MainActivity@a23a989
11-02 10:03:55.521 I/ActivityManager( 1594): Process com.huaqin.sarcontroller:controller (pid 3293) has died: svcb SVC 
11-02 10:03:55.527 W/ActivityManager( 1594): Scheduling restart of crashed service com.huaqin.sarcontroller/.SarControllerService in 0ms
11-02 10:03:55.562 I/ActivityManager( 1594): Start proc 3543:com.huaqin.sarcontroller:controller/1000 for service {com.huaqin.sarcontroller/com.huaqin.sarcontroller.SarControllerService} caller=com.huaqin.sarcontroller
11-02 10:03:55.782 I/ActivityManager( 1594): Process com.miui.powerkeeper (pid 3401) has died: svcb BTOP
11-02 10:03:55.789 W/ActivityManager( 1594): Scheduling restart of crashed service com.miui.powerkeeper/.feedbackcontrol.FeedbackControlService in 33077ms
11-02 10:03:55.789 W/ActivityManager( 1594): Scheduling restart of crashed service com.miui.powerkeeper/.PowerKeeperBackgroundService in 43996ms
11-02 10:03:55.790 W/ActivityManager( 1594): Scheduling restart of crashed service com.miui.powerkeeper/.powerchecker.PowerCheckerService in 128244ms
11-02 10:03:55.790 W/ActivityManager( 1594): Scheduling restart of crashed service com.miui.powerkeeper/com.xiaomi.mipush.sdk.MessageHandleService in 138244ms
11-02 10:03:55.791 W/ActivityManager( 1594): Scheduling restart of crashed service com.miui.powerkeeper/.statemachine.PowerStateMachineService in 148243ms
11-02 10:03:55.791 W/ActivityManager( 1594): Scheduling restart of crashed service com.miui.powerkeeper/.stepsprovider.StepsService in 163992ms
11-02 10:03:55.792 W/ActivityManager( 1594): Scheduling restart of crashed service com.xiaomi.powerchecker/.PowerCheckerService in 203992ms
11-02 10:03:55.792 W/ActivityManager( 1594): Scheduling restart of crashed service com.miui.powerkeeper/com.xiaomi.mipush.sdk.PushMessageHandler in 173991ms
11-02 10:03:56.360 I/ActivityManager( 1594): Process com.huaqin.sarcontroller:controller (pid 3543) has died: svcb SVC 
11-02 10:03:56.366 W/ActivityManager( 1594): Scheduling restart of crashed service com.huaqin.sarcontroller/.SarControllerService in 0ms
11-02 10:03:56.396 I/ActivityManager( 1594): Start proc 3609:com.huaqin.sarcontroller:controller/1000 for service {com.huaqin.sarcontroller/com.huaqin.sarcontroller.SarControllerService} caller=com.huaqin.sarcontroller
