11-01 09:07:46.757 I/dvm_lock_sample( 1594): [system_server,1,Binder:1594_12,19,ActivityManagerService.java,14463,boolean com.android.server.am.ActivityManagerService.unbindService(android.app.IServiceConnection),-,14450,int com.android.server.am.ActivityManagerService.bindIsolatedService(android.app.IApplicationThread, android.os.IBinder, android.content.Intent, java.lang.String, android.app.IServiceConnection, int, java.lang.String, java.lang.String, int),3]
11-01 09:07:46.757 I/dvm_lock_sample( 1594): [system_server,1,Binder:1594_8,14,ActivityManagerService.java,14474,void com.android.server.am.ActivityManagerService.publishService(android.os.IBinder, android.content.Intent, android.os.IBinder),-,14450,int com.android.server.am.ActivityManagerService.bindIsolatedService(android.app.IApplicationThread, android.os.IBinder, android.content.Intent, java.lang.String, android.app.IServiceConnection, int, java.lang.String, java.lang.String, int),2]
11-01 09:07:46.818 I/dvm_lock_sample( 1594): [system_server,1,Binder:1594_D,45,ActivityManagerService.java,14791,android.content.Intent com.android.server.am.ActivityManagerService.registerReceiver(android.app.IApplicationThread, java.lang.String, android.content.IIntentReceiver, android.content.IntentFilter, java.lang.String, int, int),-,14474,void com.android.server.am.ActivityManagerService.publishService(android.os.IBinder, android.content.Intent, android.os.IBinder),9]
11-01 09:07:46.819 I/dvm_lock_sample( 1594): [system_server,1,android.ui,36,ActivityManagerService.java,3378,void com.android.server.am.ActivityManagerService.dispatchUidsChanged(),-,14463,boolean com.android.server.am.ActivityManagerService.unbindService(android.app.IServiceConnection),7]
11-01 09:07:47.040 I/dvm_lock_sample( 1594): [system_server,1,Binder:1594_20,12,ActivityManagerService.java,6752,java.lang.String com.android.server.am.ActivityManagerService.checkContentProviderAccess(java.lang.String, int),-,14450,int com.android.server.am.ActivityManagerService.bindIsolatedService(android.app.IApplicationThread, android.os.IBinder, android.content.Intent, java.lang.String, android.app.IServiceConnection, int, java.lang.String, java.lang.String, int),2]
11-01 09:09:54.776 I/dvm_lock_sample( 1594): [system_server,1,Binder:1594_15,11,ActivityManagerService.java,14463,boolean com.android.server.am.ActivityManagerService.unbindService(android.app.IServiceConnection),-,17200,void com.android.server.am.ActivityManagerService$ProcStatsRunnable.run(),2]
11-01 09:15:27.551 I/dvm_lock_sample( 1594): [system_server,0,miui.fg,14,ActivityManagerService.java,5955,boolean com.android.server.am.ActivityManagerService.isAppBad(android.content.pm.ApplicationInfo),-,14450,int com.android.server.am.ActivityManagerService.bindIsolatedService(android.app.IApplicationThread, android.os.IBinder, android.content.Intent, java.lang.String, android.app.IServiceConnection, int, java.lang.String, java.lang.String, int),2]
11-01 09:15:27.685 I/dvm_lock_sample( 1594): [system_server,1,Binder:1594_18,10,ActivityManagerService.java,14463,boolean com.android.server.am.ActivityManagerService.unbindService(android.app.IServiceConnection),-,14450,int com.android.server.am.ActivityManagerService.bindIsolatedService(android.app.IApplicationThread, android.os.IBinder, android.content.Intent, java.lang.String, android.app.IServiceConnection, int, java.lang.String, java.lang.String, int),2]
11-01 09:18:34.458 I/dvm_lock_sample( 1594): [system_server,0,Binder:1594_2,6,ActivityManagerService.java,14494,void com.android.server.am.ActivityManagerService.serviceDoneExecuting(android.os.IBinder, int, int, int),-,14463,boolean com.android.server.am.ActivityManagerService.unbindService(android.app.IServiceConnection),1]
11-01 09:29:34.152 I/dvm_lock_sample( 1594): [system_server,1,Binder:1594_10,21,ActivityManagerService.java,14791,android.content.Intent com.android.server.am.ActivityManagerService.registerReceiver(android.app.IApplicationThread, java.lang.String, android.content.IIntentReceiver, android.content.IntentFilter, java.lang.String, int, int),-,14450,int com.android.server.am.ActivityManagerService.bindIsolatedService(android.app.IApplicationThread, android.os.IBinder, android.content.Intent, java.lang.String, android.app.IServiceConnection, int, java.lang.String, java.lang.String, int),4]
11-01 09:30:08.369 I/dvm_lock_sample( 1594): [system_server,1,android.anim,7,InputMonitor.java,120,void com.android.server.wm.InputMonitor$1.run(),ActivityTaskManagerService.java,1817,void com.android.server.wm.ActivityTaskManagerService.activityDestroyed(android.os.IBinder),1]
11-01 09:30:09.195 I/dvm_lock_sample( 1594): [system_server,1,ActivityManager,252,ActiveServices.java,2189,void com.android.server.am.ActiveServices$ServiceRestarter.run(),ActivityManagerService.java,15989,int com.android.server.am.ActivityManagerService.broadcastIntent(android.app.IApplicationThread, android.content.Intent, java.lang.String, android.content.IIntentReceiver, int, java.lang.String, android.os.Bundle, java.lang.String[], int, android.os.Bundle, boolean, boolean, int),50]
11-01 09:30:09.200 I/dvm_lock_sample( 1594): [system_server,0,Binder:1594_12,109,ActivityManagerService.java,7564,void com.android.server.am.ActivityManagerService.removeContentProvider(android.os.IBinder, boolean),-,15989,int com.android.server.am.ActivityManagerService.broadcastIntent(android.app.IApplicationThread, android.content.Intent, java.lang.String, android.content.IIntentReceiver, int, java.lang.String, android.os.Bundle, java.lang.String[], int, android.os.Bundle, boolean, boolean, int),21]
11-01 09:30:09.459 I/dvm_lock_sample( 1594): [system_server,1,ActivityManager,47,BroadcastQueue.java,984,void com.android.server.am.BroadcastQueue.processNextBroadcast(boolean, boolean),ActivityManagerService.java,14285,android.content.ComponentName com.android.server.am.ActivityManagerService.startService(android.app.IApplicationThread, android.content.Intent, java.lang.String, boolean, java.lang.String, int),9]
11-01 09:30:09.474 I/sysui_multi_action( 1594): [757,147,758,4,759,1,806,com.vitrinedecraques.app]
11-01 09:30:10.312 I/am_create_activity( 1594): [0,42361578,2104,com.vitrinedecraques.app/.MainActivity,NULL,NULL,NULL,268435456]
11-01 09:30:10.388 I/am_proc_start( 1594): [0,12048,11401,com.vitrinedecraques.app,activity,{com.vitrinedecraques.app/com.vitrinedecraques.app.MainActivity}]
11-01 09:30:10.550 I/am_proc_bound( 1594): [0,12048,com.vitrinedecraques.app]
11-01 09:30:10.560 I/am_restart_activity( 1594): [0,42361578,2104,com.vitrinedecraques.app/.MainActivity,12048]
11-01 09:30:10.562 I/am_set_resumed_activity( 1594): [0,com.vitrinedecraques.app/.MainActivity,minimalResumeActivityLocked]
11-01 09:30:12.278 I/notification_cancel_all( 1594): [1000,1594,com.vitrinedecraques.app,0,0,0,5,NULL]
11-01 09:30:12.317 I/dvm_lock_sample( 1594): [system_server,1,Binder:1594_11,13,ActivityManagerService.java,10076,void com.android.server.am.ActivityManagerService.getMyMemoryState(android.app.ActivityManager$RunningAppProcessInfo),-,1537,void com.android.server.am.ActivityManagerService$AppDeathRecipient.binderDied(),2]
11-01 09:30:12.324 I/dvm_lock_sample( 1594): [system_server,1,Binder:1594_12,23,ProcessManagerService.java,1704,java.util.List com.android.server.am.ProcessManagerService.getRunningProcessInfo(int, int, java.lang.String, java.lang.String, int),ActivityManagerService.java,1537,void com.android.server.am.ActivityManagerService$AppDeathRecipient.binderDied(),4]
11-01 09:30:12.336 I/notification_cancel_all( 1594): [1000,1594,com.vitrinedecraques.app,0,0,0,5,NULL]
11-01 09:30:13.555 I/dvm_lock_sample( 1594): [system_server,1,Binder:1594_8,47,ProcessManagerService.java,1704,java.util.List com.android.server.am.ProcessManagerService.getRunningProcessInfo(int, int, java.lang.String, java.lang.String, int),ActivityManagerService.java,1537,void com.android.server.am.ActivityManagerService$AppDeathRecipient.binderDied(),9]
11-01 09:30:13.616 I/dvm_lock_sample( 1594): [system_server,1,Binder:1594_7,6,ActivityManagerService.java,14875,android.content.Intent com.android.server.am.ActivityManagerService.registerReceiver(android.app.IApplicationThread, java.lang.String, android.content.IIntentReceiver, android.content.IntentFilter, java.lang.String, int, int),-,7564,void com.android.server.am.ActivityManagerService.removeContentProvider(android.os.IBinder, boolean),1]
11-01 09:30:14.475 I/dvm_lock_sample( 1594): [system_server,1,Binder:1594_1D,53,ActivityManagerService.java,14488,void com.android.server.am.ActivityManagerService.unbindFinished(android.os.IBinder, android.content.Intent, boolean),-,1537,void com.android.server.am.ActivityManagerService$AppDeathRecipient.binderDied(),10]
11-01 09:30:16.281 I/am_lifecycle_sample(12048): [0,com.vitrinedecraques.app,110,5701]
11-01 09:30:16.506 I/am_on_create_called(12048): [0,com.vitrinedecraques.app.MainActivity,performCreate,149]
11-01 09:30:16.565 I/am_on_start_called(12048): [0,com.vitrinedecraques.app.MainActivity,handleStartActivity,0]
11-01 09:30:16.570 I/am_on_resume_called(12048): [0,com.vitrinedecraques.app.MainActivity,RESUME_ACTIVITY,1]
11-01 09:30:16.602 I/am_on_top_resumed_gained_called(12048): [0,com.vitrinedecraques.app.MainActivity,topStateChangedWhenResumed]
11-01 09:30:18.321 I/sysui_multi_action( 1594): [319,586,321,569,322,8104,325,2348037,757,761,758,7,759,1,806,com.vitrinedecraques.app,871,com.vitrinedecraques.app.MainActivity,904,com.android.shell,905,0,945,334,1320,12,1321,1]
11-01 09:30:18.332 I/am_activity_launch_time( 1594): [0,42361578,com.vitrinedecraques.app/.MainActivity,8104]
11-01 09:30:20.602 I/am_pss  ( 1594): [12048,11401,com.vitrinedecraques.app,159350784,150966272,218112,243941376,0,2,24]
11-01 09:30:20.757 I/dvm_lock_sample(12048): [com.vitrinedecraques.app,0,OkHttp TaskRunner,63,TaskRunner.kt,58,void okhttp3.internal.concurrent.TaskRunner$runnable$1.run(),-,58,void okhttp3.internal.concurrent.TaskRunner$runnable$1.run(),12]
11-01 09:30:29.730 I/chatty  (12048): uid=11401(com.vitrinedecraques.app) identical 4 lines
11-01 09:30:31.286 I/am_pss  ( 1594): [12048,11401,com.vitrinedecraques.app,190444544,180322304,221184,277463040,0,2,19]
11-01 09:31:03.611 I/am_pause_activity( 1594): [12048,42361578,com.vitrinedecraques.app/.MainActivity,userLeaving=true]
11-01 09:31:03.626 I/am_on_top_resumed_lost_called(12048): [0,com.vitrinedecraques.app.MainActivity,topStateChangedWhenResumed]
11-01 09:31:03.628 I/am_on_paused_called(12048): [0,com.vitrinedecraques.app.MainActivity,performPause,0]
11-01 09:31:03.630 I/am_add_to_stopping( 1594): [0,42361578,com.vitrinedecraques.app/.MainActivity,makeInvisible]
11-01 09:31:05.610 I/sysui_multi_action( 1594): [319,159,321,129,322,2046,325,2348091,757,761,758,7,759,1,806,com.google.android.documentsui,871,com.android.documentsui.picker.PickActivity,904,com.vitrinedecraques.app,905,0,945,136,1320,8,1321,5]
11-01 09:31:05.681 I/am_stop_activity( 1594): [0,42361578,com.vitrinedecraques.app/.MainActivity]
11-01 09:31:05.689 I/am_on_stop_called(12048): [0,com.vitrinedecraques.app.MainActivity,STOP_ACTIVITY_ITEM,0]
11-01 09:31:17.746 I/sysui_multi_action( 3049): [757,277,758,4,806,ComponentInfo{com.vitrinedecraques.app/com.vitrinedecraques.app.MainActivity}]
11-01 09:31:18.012 I/sysui_multi_action( 1594): [319,76,321,32,322,261,325,2348105,757,761,758,9,759,4,806,com.google.android.documentsui,871,com.android.documentsui.picker.PickActivity,904,com.vitrinedecraques.app,905,0,1320,8,1321,5]
11-01 09:31:22.095 I/am_set_resumed_activity( 1594): [0,com.vitrinedecraques.app/.MainActivity,resumeTopActivityInnerLocked]
11-01 09:31:22.096 I/am_resume_activity( 1594): [0,42361578,2104,com.vitrinedecraques.app/.MainActivity,12048]
11-01 09:31:22.120 I/am_on_activity_result_called(12048): [0,com.vitrinedecraques.app.MainActivity,ACTIVITY_RESULT,1]
11-01 09:31:22.121 I/am_on_restart_called(12048): [0,com.vitrinedecraques.app.MainActivity,performRestartActivity,0]
11-01 09:31:22.122 I/am_on_start_called(12048): [0,com.vitrinedecraques.app.MainActivity,handleStartActivity,0]
11-01 09:31:22.125 I/am_on_resume_called(12048): [0,com.vitrinedecraques.app.MainActivity,RESUME_ACTIVITY,0]
11-01 09:31:22.126 I/am_on_top_resumed_gained_called(12048): [0,com.vitrinedecraques.app.MainActivity,topWhenResuming]
11-01 09:31:25.930 I/dvm_lock_sample( 1594): [system_server,1,Binder:1594_18,9,ActivityManagerService.java,7760,void com.android.server.am.ActivityManagerService.unstableProviderDied(android.os.IBinder),-,1537,void com.android.server.am.ActivityManagerService$AppDeathRecipient.binderDied(),1]
11-01 09:31:58.699 I/dvm_lock_sample( 1594): [system_server,1,android.ui,11,ActivityManagerService.java,3432,void com.android.server.am.ActivityManagerService.dispatchUidsChanged(),-,14450,int com.android.server.am.ActivityManagerService.bindIsolatedService(android.app.IApplicationThread, android.os.IBinder, android.content.Intent, java.lang.String, android.app.IServiceConnection, int, java.lang.String, java.lang.String, int),2]
11-01 09:32:00.106 I/am_on_top_resumed_lost_called(12048): [0,com.vitrinedecraques.app.MainActivity,topStateChangedWhenResumed]
11-01 09:32:00.111 I/am_pause_activity( 1594): [12048,42361578,com.vitrinedecraques.app/.MainActivity,userLeaving=true]
11-01 09:32:00.113 I/am_add_to_stopping( 1594): [0,42361578,com.vitrinedecraques.app/.MainActivity,makeInvisible]
11-01 09:32:00.123 I/am_on_paused_called(12048): [0,com.vitrinedecraques.app.MainActivity,performPause,0]
11-01 09:32:00.605 I/am_stop_activity( 1594): [0,42361578,com.vitrinedecraques.app/.MainActivity]
11-01 09:32:00.644 I/am_on_stop_called(12048): [0,com.vitrinedecraques.app.MainActivity,STOP_ACTIVITY_ITEM,0]
11-01 09:32:01.319 I/sysui_multi_action( 3049): [757,289,758,4,806,ComponentInfo{com.vitrinedecraques.app/com.vitrinedecraques.app.MainActivity}]
11-01 09:32:01.322 I/am_finish_activity( 1594): [12048,42361578,2104,com.vitrinedecraques.app/.MainActivity,remove-task]
11-01 09:32:01.322 I/am_destroy_activity( 1594): [12048,42361578,2104,com.vitrinedecraques.app/.MainActivity,finish-imm:finishActivityLocked]
11-01 09:32:01.374 I/am_on_destroy_called(12048): [0,com.vitrinedecraques.app.MainActivity,performDestroy,1]
11-01 09:32:01.413 I/am_kill ( 1594): [0,12048,com.vitrinedecraques.app,905,SwipeUpClean]
11-01 09:32:01.586 I/am_proc_died( 1594): [0,12048,com.vitrinedecraques.app,905,20]
11-01 09:40:39.528 I/dvm_lock_sample( 1594): [system_server,1,Binder:1594_16,5,ProcessManagerService.java,1704,java.util.List com.android.server.am.ProcessManagerService.getRunningProcessInfo(int, int, java.lang.String, java.lang.String, int),ActivityManagerService.java,5955,boolean com.android.server.am.ActivityManagerService.isAppBad(android.content.pm.ApplicationInfo),1]
11-01 09:40:39.860 I/dvm_lock_sample( 1594): [system_server,0,miui.fg,31,ActivityManagerService.java,5963,int com.android.server.am.ActivityManagerService.getUidState(int),-,14450,int com.android.server.am.ActivityManagerService.bindIsolatedService(android.app.IApplicationThread, android.os.IBinder, android.content.Intent, java.lang.String, android.app.IServiceConnection, int, java.lang.String, java.lang.String, int),6]
11-01 09:40:39.884 I/dvm_lock_sample( 1594): [system_server,1,Binder:1594_B,28,ProcessManagerService.java,1704,java.util.List com.android.server.am.ProcessManagerService.getRunningProcessInfo(int, int, java.lang.String, java.lang.String, int),ActivityManagerService.java,1537,void com.android.server.am.ActivityManagerService$AppDeathRecipient.binderDied(),5]
11-01 09:47:23.766 I/dvm_lock_sample( 1594): [system_server,0,android.bg,5,ActivityManagerService.java,2043,void com.android.server.am.ActivityManagerService$5.handleMessage(android.os.Message),-,14285,android.content.ComponentName com.android.server.am.ActivityManagerService.startService(android.app.IApplicationThread, android.content.Intent, java.lang.String, boolean, java.lang.String, int),1]
11-01 09:52:10.932 I/dvm_lock_sample( 1594): [system_server,1,android.ui,11,ActivityManagerService.java,3378,void com.android.server.am.ActivityManagerService.dispatchUidsChanged(),-,14450,int com.android.server.am.ActivityManagerService.bindIsolatedService(android.app.IApplicationThread, android.os.IBinder, android.content.Intent, java.lang.String, android.app.IServiceConnection, int, java.lang.String, java.lang.String, int),2]
11-01 09:52:21.191 I/dvm_lock_sample( 1594): [system_server,1,android.display,10,ActivityManagerService.java,17671,void com.android.server.am.ActivityManagerService.trimApplications(java.lang.String),-,15989,int com.android.server.am.ActivityManagerService.broadcastIntent(android.app.IApplicationThread, android.content.Intent, java.lang.String, android.content.IIntentReceiver, int, java.lang.String, android.os.Bundle, java.lang.String[], int, android.os.Bundle, boolean, boolean, int),2]
11-01 09:52:21.460 I/sysui_multi_action( 1594): [757,147,758,4,759,1,806,com.vitrinedecraques.app]
11-01 09:52:21.682 I/dvm_lock_sample( 1594): [system_server,1,Binder:1594_9,10,WindowProcessUtils.java,405,java.lang.String com.android.server.wm.WindowProcessUtils.getCallerPackageName(com.android.server.wm.ActivityTaskManagerService, android.app.IApplicationThread),ActivityTaskManagerService.java,6715,android.content.res.CompatibilityInfo com.android.server.wm.ActivityTaskManagerService$LocalService.compatibilityInfoForPackage(android.content.pm.ApplicationInfo),2]
11-01 09:52:22.106 I/notification_cancel_all( 1594): [1000,1594,com.vitrinedecraques.app,0,0,0,5,NULL]
11-01 09:52:22.112 I/notification_cancel_all( 1594): [1000,1594,com.vitrinedecraques.app,0,0,0,5,NULL]
11-01 09:52:22.343 I/am_create_activity( 1594): [0,93780490,2106,com.vitrinedecraques.app/.MainActivity,NULL,NULL,NULL,268435456]
11-01 09:52:22.428 I/am_proc_start( 1594): [0,21003,11401,com.vitrinedecraques.app,activity,{com.vitrinedecraques.app/com.vitrinedecraques.app.MainActivity}]
11-01 09:52:22.667 I/am_proc_bound( 1594): [0,21003,com.vitrinedecraques.app]
11-01 09:52:22.687 I/am_restart_activity( 1594): [0,93780490,2106,com.vitrinedecraques.app/.MainActivity,21003]
11-01 09:52:22.690 I/am_set_resumed_activity( 1594): [0,com.vitrinedecraques.app/.MainActivity,minimalResumeActivityLocked]
11-01 09:52:23.032 I/dvm_lock_sample( 1594): [system_server,1,ActivityManager,131,ActiveServices.java,2189,void com.android.server.am.ActiveServices$ServiceRestarter.run(),ActivityManagerService.java,1537,void com.android.server.am.ActivityManagerService$AppDeathRecipient.binderDied(),26]
11-01 09:52:23.034 I/dvm_lock_sample( 1594): [system_server,1,main,133,ActivityManagerService.java,15989,int com.android.server.am.ActivityManagerService.broadcastIntent(android.app.IApplicationThread, android.content.Intent, java.lang.String, android.content.IIntentReceiver, int, java.lang.String, android.os.Bundle, java.lang.String[], int, android.os.Bundle, boolean, boolean, int),-,1537,void com.android.server.am.ActivityManagerService$AppDeathRecipient.binderDied(),26]
11-01 09:52:23.110 I/dvm_lock_sample( 1594): [system_server,1,ActivityManager,59,PackageManagerService.java,25144,boolean com.android.server.pm.PackageManagerService$PackageManagerInternalImpl.isPermissionsReviewRequired(java.lang.String, int),-,8752,android.content.pm.ParceledListSlice com.android.server.pm.PackageManagerService.getInstalledPackages(int, int),11]
11-01 09:52:23.380 I/dvm_lock_sample( 1594): [system_server,1,android.ui,61,ActivityManagerService.java,3378,void com.android.server.am.ActivityManagerService.dispatchUidsChanged(),-,1537,void com.android.server.am.ActivityManagerService$AppDeathRecipient.binderDied(),12]
11-01 09:52:25.567 I/dvm_lock_sample( 1594): [system_server,0,Binder:1594_C,38,ActivityManagerService.java,14494,void com.android.server.am.ActivityManagerService.serviceDoneExecuting(android.os.IBinder, int, int, int),BroadcastQueue.java,984,void com.android.server.am.BroadcastQueue.processNextBroadcast(boolean, boolean),7]
11-01 09:52:28.390 I/am_lifecycle_sample(21003): [0,com.vitrinedecraques.app,110,5621]
11-01 09:52:28.600 I/am_on_create_called(21003): [0,com.vitrinedecraques.app.MainActivity,performCreate,144]
11-01 09:52:28.660 I/am_on_start_called(21003): [0,com.vitrinedecraques.app.MainActivity,handleStartActivity,0]
11-01 09:52:28.664 I/am_on_resume_called(21003): [0,com.vitrinedecraques.app.MainActivity,RESUME_ACTIVITY,1]
11-01 09:52:28.691 I/am_on_top_resumed_gained_called(21003): [0,com.vitrinedecraques.app.MainActivity,topStateChangedWhenResumed]
11-01 09:52:30.333 I/sysui_multi_action( 1594): [319,431,321,137,322,8033,325,2349369,757,761,758,7,759,1,806,com.vitrinedecraques.app,871,com.vitrinedecraques.app.MainActivity,904,com.android.shell,905,0,945,382,1320,12,1321,1]
11-01 09:52:30.341 I/am_activity_launch_time( 1594): [0,93780490,com.vitrinedecraques.app/.MainActivity,8033]
11-01 09:52:32.949 I/am_pss  ( 1594): [21003,11401,com.vitrinedecraques.app,183974912,173514752,215040,278097920,0,2,22]
11-01 09:52:41.600 I/chatty  (21003): uid=0(root) com.vitrinedecraques.app identical 4 lines
11-01 09:52:41.902 I/dvm_lock_sample(21003): [com.vitrinedecraques.app,0,ExoPlayer:Playback,5696,MediaCodecUtil.java,-1,java.util.List androidx.media3.exoplayer.mediacodec.MediaCodecUtil.getDecoderInfos(java.lang.String, boolean, boolean),-,-1,java.util.List androidx.media3.exoplayer.mediacodec.MediaCodecUtil.getDecoderInfos(java.lang.String, boolean, boolean),100]
11-01 09:52:44.260 I/am_pss  ( 1594): [21003,11401,com.vitrinedecraques.app,186211328,175996928,198656,279465984,0,2,18]
11-01 09:52:56.691 I/dvm_lock_sample( 1594): [system_server,1,android.ui,9,ActivityManagerService.java,3378,void com.android.server.am.ActivityManagerService.dispatchUidsChanged(),-,14450,int com.android.server.am.ActivityManagerService.bindIsolatedService(android.app.IApplicationThread, android.os.IBinder, android.content.Intent, java.lang.String, android.app.IServiceConnection, int, java.lang.String, java.lang.String, int),1]
11-01 09:53:04.375 I/am_on_top_resumed_lost_called(21003): [0,com.vitrinedecraques.app.MainActivity,topStateChangedWhenResumed]
11-01 09:53:04.380 I/am_pause_activity( 1594): [21003,93780490,com.vitrinedecraques.app/.MainActivity,userLeaving=true]
11-01 09:53:04.382 I/am_add_to_stopping( 1594): [0,93780490,com.vitrinedecraques.app/.MainActivity,makeInvisible]
11-01 09:53:04.404 I/am_on_paused_called(21003): [0,com.vitrinedecraques.app.MainActivity,performPause,1]
11-01 09:53:04.876 I/am_stop_activity( 1594): [0,93780490,com.vitrinedecraques.app/.MainActivity]
11-01 09:53:04.999 I/am_on_stop_called(21003): [0,com.vitrinedecraques.app.MainActivity,STOP_ACTIVITY_ITEM,0]
11-01 09:53:05.753 I/sysui_multi_action( 3049): [757,289,758,4,806,ComponentInfo{com.vitrinedecraques.app/com.vitrinedecraques.app.MainActivity}]
11-01 09:53:05.848 I/dvm_lock_sample( 1594): [system_server,1,Binder:1594_F,70,WindowProcessUtils.java,293,void com.android.server.wm.WindowProcessUtils.removeTask(int, com.android.server.wm.ActivityTaskManagerService),ActivityStarter.java,1313,int com.android.server.wm.ActivityStarter.startActivityMayWait(android.app.IApplicationThread, int, java.lang.String, int, int, android.content.Intent, java.lang.String, android.service.voice.IVoiceInteractionSession, com.android.internal.app.IVoiceInteractor, android.os.IBinder, java.lang.String, int, int, android.app.ProfilerInfo, android.app.WaitResult, android.content.res.Configuration, com.android.server.wm.SafeActivityOptions, boolean, int, com.android.server.wm.TaskRecord, java.lang.String, boolean, com.android.server.am.PendingIntentRecord, boolean),14]
11-01 09:53:05.848 I/am_finish_activity( 1594): [21003,93780490,2106,com.vitrinedecraques.app/.MainActivity,remove-task]
11-01 09:53:05.849 I/am_destroy_activity( 1594): [21003,93780490,2106,com.vitrinedecraques.app/.MainActivity,finish-imm:finishActivityLocked]
11-01 09:53:05.875 I/dvm_lock_sample( 1594): [system_server,1,android.display,22,ActivityManagerService.java,18519,void com.android.server.am.ActivityManagerService$LocalService.updateCpuStats(),-,14335,boolean com.android.server.am.ActivityManagerService.stopServiceToken(android.content.ComponentName, android.os.IBinder, int),4]
11-01 09:53:05.880 I/am_kill ( 1594): [0,21003,com.vitrinedecraques.app,700,SwipeUpClean]
11-01 09:53:06.063 I/am_proc_died( 1594): [0,21003,com.vitrinedecraques.app,700,16]
11-01 09:53:22.628 I/dvm_lock_sample( 1594): [system_server,1,android.display,29,ActivityManagerService.java,18601,void com.android.server.am.ActivityManagerService$LocalService.scheduleAppGcs(),-,1537,void com.android.server.am.ActivityManagerService$AppDeathRecipient.binderDied(),5]
11-01 09:53:23.764 I/dvm_lock_sample( 1594): [system_server,1,Binder:1594_1F,5,ActivityManagerService.java,14474,void com.android.server.am.ActivityManagerService.publishService(android.os.IBinder, android.content.Intent, android.os.IBinder),-,1537,void com.android.server.am.ActivityManagerService$AppDeathRecipient.binderDied(),1]
11-01 09:53:24.908 I/dvm_lock_sample( 1594): [system_server,1,Binder:1594_5,26,ActivityManagerService.java,14450,int com.android.server.am.ActivityManagerService.bindIsolatedService(android.app.IApplicationThread, android.os.IBinder, android.content.Intent, java.lang.String, android.app.IServiceConnection, int, java.lang.String, java.lang.String, int),-,14450,int com.android.server.am.ActivityManagerService.bindIsolatedService(android.app.IApplicationThread, android.os.IBinder, android.content.Intent, java.lang.String, android.app.IServiceConnection, int, java.lang.String, java.lang.String, int),5]
11-01 09:53:27.582 I/dvm_lock_sample( 1594): [system_server,1,Binder:1594_14,16,ActivityManagerService.java,14962,void com.android.server.am.ActivityManagerService.unregisterReceiver(android.content.IIntentReceiver),ProcessRecord.java,1358,void com.android.server.am.ProcessRecord.updateProcessInfo(boolean, boolean, boolean),3]
11-01 09:53:53.815 I/dvm_lock_sample( 1594): [system_server,0,Binder:1594_10,8,ActivityTaskManagerService.java,7377,com.android.server.wm.WindowProcessController com.android.server.wm.ActivityTaskManagerService$LocalService.getTopApp(),WindowProcessUtils.java,405,java.lang.String com.android.server.wm.WindowProcessUtils.getCallerPackageName(com.android.server.wm.ActivityTaskManagerService, android.app.IApplicationThread),1]
11-01 09:53:54.523 I/dvm_lock_sample( 1594): [system_server,1,Binder:1594_9,25,ActivityManagerService.java,14450,int com.android.server.am.ActivityManagerService.bindIsolatedService(android.app.IApplicationThread, android.os.IBinder, android.content.Intent, java.lang.String, android.app.IServiceConnection, int, java.lang.String, java.lang.String, int),-,14285,android.content.ComponentName com.android.server.am.ActivityManagerService.startService(android.app.IApplicationThread, android.content.Intent, java.lang.String, boolean, java.lang.String, int),5]
11-01 09:53:54.550 I/dvm_lock_sample( 1594): [system_server,1,Binder:1594_5,30,ActivityManagerService.java,14474,void com.android.server.am.ActivityManagerService.publishService(android.os.IBinder, android.content.Intent, android.os.IBinder),-,14450,int com.android.server.am.ActivityManagerService.bindIsolatedService(android.app.IApplicationThread, android.os.IBinder, android.content.Intent, java.lang.String, android.app.IServiceConnection, int, java.lang.String, java.lang.String, int),6]
11-01 09:54:11.478 I/am_wtf  ( 1594): [0,26117,system_server,-1,ActivityManager,Timeout waiting for provider com.android.camera/10055 for provider com.xiaomi.camera.parallelservice.provider.SpecialTypesProvider providerRunning=false caller=unknown/10047]
11-01 09:55:43.140 I/dvm_lock_sample( 1594): [system_server,1,android.ui,11,ActivityManagerService.java,3378,void com.android.server.am.ActivityManagerService.dispatchUidsChanged(),-,14450,int com.android.server.am.ActivityManagerService.bindIsolatedService(android.app.IApplicationThread, android.os.IBinder, android.content.Intent, java.lang.String, android.app.IServiceConnection, int, java.lang.String, java.lang.String, int),2]
11-01 09:56:08.911 I/dvm_lock_sample( 1594): [system_server,0,Binder:1594_C,6,ActivityManagerService.java,14494,void com.android.server.am.ActivityManagerService.serviceDoneExecuting(android.os.IBinder, int, int, int),-,14450,int com.android.server.am.ActivityManagerService.bindIsolatedService(android.app.IApplicationThread, android.os.IBinder, android.content.Intent, java.lang.String, android.app.IServiceConnection, int, java.lang.String, java.lang.String, int),1]
11-01 09:56:24.718 I/dvm_lock_sample( 1594): [system_server,0,android.bg,8,ActivityManagerService.java,2043,void com.android.server.am.ActivityManagerService$5.handleMessage(android.os.Message),-,14285,android.content.ComponentName com.android.server.am.ActivityManagerService.startService(android.app.IApplicationThread, android.content.Intent, java.lang.String, boolean, java.lang.String, int),1]
11-01 10:01:55.316 I/dvm_lock_sample( 1594): [system_server,1,Binder:1594_18,21,ActivityManagerService.java,6752,java.lang.String com.android.server.am.ActivityManagerService.checkContentProviderAccess(java.lang.String, int),-,14285,android.content.ComponentName com.android.server.am.ActivityManagerService.startService(android.app.IApplicationThread, android.content.Intent, java.lang.String, boolean, java.lang.String, int),4]
11-01 10:01:55.327 I/dvm_lock_sample( 1594): [system_server,1,Binder:1594_18,6,ActivityManagerService.java,18411,boolean com.android.server.am.ActivityManagerService$LocalService.isUidActive(int),-,14450,int com.android.server.am.ActivityManagerService.bindIsolatedService(android.app.IApplicationThread, android.os.IBinder, android.content.Intent, java.lang.String, android.app.IServiceConnection, int, java.lang.String, java.lang.String, int),1]
11-01 10:02:56.604 I/dvm_lock_sample( 1594): [system_server,0,android.bg,11,ActivityManagerService.java,1964,void com.android.server.am.ActivityManagerService$5.handleMessage(android.os.Message),-,14463,boolean com.android.server.am.ActivityManagerService.unbindService(android.app.IServiceConnection),2]
11-01 10:03:22.571 I/dvm_lock_sample( 1594): [system_server,1,ActivityManager,15,ActiveServices.java,2189,void com.android.server.am.ActiveServices$ServiceRestarter.run(),ActivityManagerService.java,1537,void com.android.server.am.ActivityManagerService$AppDeathRecipient.binderDied(),3]
11-01 10:06:35.652 I/dvm_lock_sample( 1594): [system_server,1,android.ui,6,ActivityManagerService.java,3272,void com.android.server.am.ActivityManagerService.dispatchProcessesChanged(),ProcessRecord.java,1358,void com.android.server.am.ProcessRecord.updateProcessInfo(boolean, boolean, boolean),1]
11-01 10:06:36.506 I/dvm_lock_sample( 1594): [system_server,1,ActivityManager,177,PackageManagerService.java,7389,java.lang.String com.android.server.pm.PackageManagerService.getInstantAppPackageName(int),-,17551,void com.android.server.pm.PackageManagerService.installPackagesLI(java.util.List),35]
11-01 10:06:36.649 I/dvm_lock_sample( 1594): [system_server,0,PackageManager,84,ActivityManagerService.java,15989,int com.android.server.am.ActivityManagerService.broadcastIntent(android.app.IApplicationThread, android.content.Intent, java.lang.String, android.content.IIntentReceiver, int, java.lang.String, android.os.Bundle, java.lang.String[], int, android.os.Bundle, boolean, boolean, int),BroadcastQueue.java,984,void com.android.server.am.BroadcastQueue.processNextBroadcast(boolean, boolean),16]
11-01 10:06:36.743 I/dvm_lock_sample( 1594): [system_server,1,ActivityManager,57,BroadcastQueue.java,984,void com.android.server.am.BroadcastQueue.processNextBroadcast(boolean, boolean),ActivityManagerService.java,14450,int com.android.server.am.ActivityManagerService.bindIsolatedService(android.app.IApplicationThread, android.os.IBinder, android.content.Intent, java.lang.String, android.app.IServiceConnection, int, java.lang.String, java.lang.String, int),11]
11-01 10:06:36.821 I/sysui_multi_action( 1594): [757,147,758,4,759,1,806,com.vitrinedecraques.app]
11-01 10:06:37.230 I/dvm_lock_sample( 1594): [system_server,1,Binder:1594_20,28,ActivityManagerService.java,14285,android.content.ComponentName com.android.server.am.ActivityManagerService.startService(android.app.IApplicationThread, android.content.Intent, java.lang.String, boolean, java.lang.String, int),-,14285,android.content.ComponentName com.android.server.am.ActivityManagerService.startService(android.app.IApplicationThread, android.content.Intent, java.lang.String, boolean, java.lang.String, int),5]
11-01 10:06:37.985 I/am_create_activity( 1594): [0,77016101,2111,com.vitrinedecraques.app/.MainActivity,NULL,NULL,NULL,268435456]
11-01 10:06:38.009 I/dvm_lock_sample( 1594): [system_server,1,Binder:1594_11,204,ActivityManagerService.java,6752,java.lang.String com.android.server.am.ActivityManagerService.checkContentProviderAccess(java.lang.String, int),-,1537,void com.android.server.am.ActivityManagerService$AppDeathRecipient.binderDied(),40]
11-01 10:06:38.009 I/dvm_lock_sample( 1594): [system_server,1,Binder:1594_8,74,ActivityManagerService.java,14335,boolean com.android.server.am.ActivityManagerService.stopServiceToken(android.content.ComponentName, android.os.IBinder, int),-,1537,void com.android.server.am.ActivityManagerService$AppDeathRecipient.binderDied(),14]
11-01 10:06:38.058 I/am_proc_start( 1594): [0,30470,11401,com.vitrinedecraques.app,activity,{com.vitrinedecraques.app/com.vitrinedecraques.app.MainActivity}]
11-01 10:06:38.195 I/am_proc_bound( 1594): [0,30470,com.vitrinedecraques.app]
11-01 10:06:38.203 I/am_restart_activity( 1594): [0,77016101,2111,com.vitrinedecraques.app/.MainActivity,30470]
11-01 10:06:38.204 I/GST     (10006): forePkg: com.vitrinedecraques.app, preForePkg: com.miui.home
11-01 10:06:38.205 I/ProcessMonitor(17776): onForegroundInfoChanged: ForegroundInfo{mForegroundPackageName='com.vitrinedecraques.app', mForegroundUid=11401, mForegroundPid=30470, mLastForegroundPackageName='com.miui.home', mLastForegroundUid=10064, mLastForegroundPid=2404, mMultiWindowForegroundPackageName='null', mMultiWindowForegroundUid=-1, mFlags=1}
11-01 10:06:38.206 I/am_set_resumed_activity( 1594): [0,com.vitrinedecraques.app/.MainActivity,minimalResumeActivityLocked]
11-01 10:06:38.207 D/AutoInstallService(30333): onForegroundInfoChanged: com.vitrinedecraques.app
11-01 10:06:38.218 I/ActivityManager( 1594): Process com.miui.powerkeeper (pid 29315) has died: svcb BTOP
11-01 10:06:38.244 W/ActivityManager( 1594): Scheduling restart of crashed service com.miui.powerkeeper/.feedbackcontrol.FeedbackControlService in 10760ms
11-01 10:06:38.245 W/ActivityManager( 1594): Scheduling restart of crashed service com.miui.powerkeeper/.PowerKeeperBackgroundService in 20760ms
11-01 10:06:38.245 W/ActivityManager( 1594): Scheduling restart of crashed service com.miui.powerkeeper/.powerchecker.PowerCheckerService in 30760ms
11-01 10:06:38.245 W/ActivityManager( 1594): Scheduling restart of crashed service com.miui.powerkeeper/.statemachine.PowerStateMachineService in 40760ms
11-01 10:06:38.245 W/ActivityManager( 1594): Scheduling restart of crashed service com.miui.powerkeeper/.stepsprovider.StepsService in 50760ms
11-01 10:06:38.245 W/ActivityManager( 1594): Scheduling restart of crashed service com.xiaomi.powerchecker/.PowerCheckerService in 60759ms
11-01 10:06:38.581 I/PI-ScanDispatch(30361): service bind, pkgName = com.vitrinedecraques.app, installer = null, isReplace = true, firstGoogleTime = 1614890563430
11-01 10:06:38.743 I/notification_cancel_all( 1594): [1000,1594,com.vitrinedecraques.app,0,0,0,5,NULL]
11-01 10:06:38.754 I/notification_cancel_all( 1594): [1000,1594,com.vitrinedecraques.app,0,0,0,5,NULL]
11-01 10:06:38.862 I/ActivityManager( 1594): Process com.android.settings:remote (pid 29087) has died: svcb SVC 
11-01 10:06:38.875 W/ActivityManager( 1594): Scheduling restart of crashed service com.android.settings/.dangerousoptions.DangerousOptionsWarningService in 70130ms
11-01 10:06:39.059 I/ActivityManager( 1594): Process com.qualcomm.qti.qdma (pid 28981) has died: svcb SVC 
11-01 10:06:39.063 W/ActivityManager( 1594): Scheduling restart of crashed service com.qualcomm.qti.qdma/.job.QDMAJobService in 79942ms
11-01 10:06:39.066 W/ActivityManager( 1594): Scheduling restart of crashed service com.qualcomm.qti.qdma/.uploader.UploaderService in 89939ms
11-01 10:06:39.093 I/ActivityManager( 1594): Start proc 30670:com.huaqin.diaglogger/1000 for service {com.huaqin.diaglogger/com.huaqin.diaglogger.DiagLogService} caller=com.huaqin.diaglogger
11-01 10:06:39.133 I/ActivityManager( 1594): Process com.qualcomm.qti.workloadclassifier (pid 29573) has died: svcb SVC 
11-01 10:06:39.136 W/ActivityManager( 1594): Scheduling restart of crashed service com.qualcomm.qti.workloadclassifier/.WLCService in 99869ms
11-01 10:06:39.159 I/ActivityManager( 1594): Start proc 30699:com.google.process.gservices/u0a29 for content provider {com.google.android.gsf/com.google.android.gsf.gservices.GservicesProvider} caller=com.android.vending
11-01 10:06:39.289 I/ActivityManager( 1594): Process com.qualcomm.telephony (pid 29816) has died: svcb SVC 
11-01 10:06:39.299 W/ActivityManager( 1594): Scheduling restart of crashed service com.qualcomm.atfwd/.AtFwdService in 109706ms
11-01 10:06:39.342 I/ActivityManager( 1594): Process com.miui.global.packageinstaller (pid 30361) has died: cch+5 CEM 
11-01 10:06:39.416 I/ActivityManager( 1594): Start proc 30760:com.google.process.gapps/u0a29 for content provider {com.google.android.gsf/com.google.android.gsf.settings.GoogleSettingsProvider} caller=com.android.vending
11-01 10:06:39.538 W/BpBinder(30407): Slow Binder: BpBinder transact took 442ms, interface=android.app.IActivityManager, code=20 oneway=false
11-01 10:06:39.560 I/ActivityManager( 1594): Process com.miui.core (pid 30333) has died: svcb SVC 
11-01 10:06:39.565 W/ActivityManager( 1594): Scheduling restart of crashed service com.miui.core/miui.autoinstall.config.service.AutoInstallService in 119440ms
11-01 10:06:39.573 D/Launcher.Model( 2404): LauncherAppsCallback onPackageChanged|com.vitrinedecraques.app|UserHandle{0}
11-01 10:06:39.573 D/Launcher.Model( 2404): Got broadcast:Intent { act=android.intent.action.PACKAGE_CHANGED dat=package:com.vitrinedecraques.app (has extras) }
11-01 10:06:39.579 I/ActivityManager( 1594): Process com.huaqin.sarcontroller:controller (pid 29338) has died: svcb SVC 
11-01 10:06:39.581 W/ActivityManager( 1594): Scheduling restart of crashed service com.huaqin.sarcontroller/.SarControllerService in 0ms
11-01 10:06:39.584 I/ActivityManager( 1594): Process com.huaqin.diaglogger (pid 30670) has died: svcb SVC 
11-01 10:06:39.587 W/ActivityManager( 1594): Scheduling restart of crashed service com.huaqin.diaglogger/.DiagLogService in 129419ms
11-01 10:06:39.613 I/ActivityManager( 1594): Start proc 30816:com.huaqin.sarcontroller:controller/1000 for service {com.huaqin.sarcontroller/com.huaqin.sarcontroller.SarControllerService} caller=com.huaqin.sarcontroller
11-01 10:06:39.697 D/Launcher.AllAppsList( 2404): updatePackage, packageName=com.vitrinedecraques.app, loadMissing=false, user=UserHandle{0}, matchedSize=1
11-01 10:06:39.700 D/Launcher.AllAppsList( 2404): updatePackage, find appInfo=AppInfo, id=-1, itemType=0, user=UserHandle{0}, mIconType=0, pkgName=com.vitrinedecraques.app, className=com.vitrinedecraques.app.MainActivity, screenId=-1, container=-1, cellX=-1, cellY=-1, spanX=1, spanY=1, isLandscapePos=false from ComponentInfo{com.vitrinedecraques.app/com.vitrinedecraques.app.MainActivity}
11-01 10:06:39.713 D/Launcher.Model( 2404): onReceiveBackground, mAllAppsList=add=[], remove=[], modified=[(0, AppInfo, id=-1, itemType=0, user=UserHandle{0}, mIconType=0, pkgName=com.vitrinedecraques.app, className=com.vitrinedecraques.app.MainActivity, screenId=-1, container=-1, cellX=-1, cellY=-1, spanX=1, spanY=1, isLandscapePos=false)]
11-01 10:06:39.792 W/BpBinder(30407): Slow Binder: BpBinder transact took 419ms, interface=android.app.IActivityManager, code=20 oneway=false
11-01 10:06:40.185 I/ActivityManager( 1594): Start proc 30927:com.android.vending:background/u0a54 for broadcast {com.android.vending/com.google.android.finsky.packagemonitor.backgroundimpl.BackgroundPackageMonitorReceiverImpl$RegisteredReceiver} caller=null
11-01 10:06:40.310 I/ActivityManager( 1594): Process com.android.vending (pid 30407) has died: cch+25 CEM 
11-01 10:06:40.469 I/ActivityManager( 1594): Process com.google.process.gapps (pid 30760) has died: cch+15 CEM 
11-01 10:06:40.761 W/BroadcastQueue( 1594): Background execution not allowed: receiving Intent { act=android.intent.action.PACKAGE_REPLACED dat=package:com.vitrinedecraques.app flg=0x4000010 (has extras) } to com.facebook.appmanager/com.facebook.oxygen.common.packages.event.manifest.ManifestPackageEventReceiver
11-01 10:06:40.765 W/BroadcastQueue( 1594): Background execution not allowed: receiving Intent { act=android.intent.action.PACKAGE_REPLACED dat=package:com.vitrinedecraques.app flg=0x4000010 (has extras) } to com.google.android.gms/.chimera.GmsIntentOperationService$PersistentTrustedReceiver
11-01 10:06:40.766 W/BroadcastQueue( 1594): Background execution not allowed: receiving Intent { act=android.intent.action.PACKAGE_REPLACED dat=package:com.vitrinedecraques.app flg=0x4000010 (has extras) } to com.google.android.gms/.gass.chimera.PackageChangeBroadcastReceiver
11-01 10:06:40.766 W/BroadcastQueue( 1594): Background execution not allowed: receiving Intent { act=android.intent.action.PACKAGE_REPLACED dat=package:com.vitrinedecraques.app flg=0x4000010 (has extras) } to com.miui.audioeffect/com.android.musicfx.Compatibility$Receiver
11-01 10:06:40.766 W/BroadcastQueue( 1594): Background execution not allowed: receiving Intent { act=android.intent.action.PACKAGE_REPLACED dat=package:com.vitrinedecraques.app flg=0x4000010 (has extras) } to com.miui.notes/com.miui.floatwindow.BootBroadcastReceiver
11-01 10:06:40.766 W/BroadcastQueue( 1594): Background execution not allowed: receiving Intent { act=android.intent.action.PACKAGE_REPLACED dat=package:com.vitrinedecraques.app flg=0x4000010 (has extras) } to com.google.android.apps.photos/.account.full.FetchAccountPropertiesAppUpgradeBroadcastReceiver
11-01 10:06:40.766 W/BroadcastQueue( 1594): Background execution not allowed: receiving Intent { act=android.intent.action.PACKAGE_REPLACED dat=package:com.vitrinedecraques.app flg=0x4000010 (has extras) } to com.google.android.apps.photos/.account.full.SyncAccountsForLoginBroadcastReceiver
11-01 10:06:40.766 W/BroadcastQueue( 1594): Background execution not allowed: receiving Intent { act=android.intent.action.PACKAGE_REPLACED dat=package:com.vitrinedecraques.app flg=0x4000010 (has extras) } to com.google.android.apps.photos/.notificationchannels.AppUpdateBroadcastReceiver
11-01 10:06:40.802 I/ActivityManager( 1594): Start proc 30992:com.android.vending/u0a54 for broadcast {com.android.vending/com.google.android.finsky.verifier.impl.settings.SingleUserSettingsReceiver} caller=com.android.vending
11-01 10:06:41.202 I/ActivityManager( 1594): Process com.google.process.gservices (pid 30699) has died: cch+15 CEM 
11-01 10:06:41.220 I/ActivityManager( 1594): Process com.android.vending:background (pid 30927) has died: cch+5 CEM 
11-01 10:06:41.319 I/ActivityManager( 1594): Process com.huaqin.sarcontroller:controller (pid 30816) has died: svcb SVC 
11-01 10:06:41.322 W/ActivityManager( 1594): Scheduling restart of crashed service com.huaqin.sarcontroller/.SarControllerService in 0ms
11-01 10:06:41.352 I/ActivityManager( 1594): Start proc 31045:com.huaqin.sarcontroller:controller/1000 for service {com.huaqin.sarcontroller/com.huaqin.sarcontroller.SarControllerService} caller=com.huaqin.sarcontroller
11-01 10:06:41.514 I/ActivityManager( 1594): Start proc 31090:com.google.process.gservices/u0a29 for content provider {com.google.android.gsf/com.google.android.gsf.gservices.GservicesProvider} caller=com.android.vending
11-01 10:06:41.714 I/ActivityManager( 1594): Start proc 31142:com.google.process.gapps/u0a29 for content provider {com.google.android.gsf/com.google.android.gsf.settings.GoogleSettingsProvider} caller=com.android.vending
11-01 10:06:41.773 W/BpBinder(30992): Slow Binder: BpBinder transact took 301ms, interface=android.app.IActivityManager, code=20 oneway=false
11-01 10:06:41.930 W/BpBinder(30992): Slow Binder: BpBinder transact took 252ms, interface=android.app.IActivityManager, code=20 oneway=false
11-01 10:06:42.171 I/ActivityManager( 1594): Start proc 31198:com.android.vending:background/u0a54 for service {com.android.vending/com.google.frameworks.client.data.android.server.play.BackgroundProcessEndpointService} caller=com.android.vending
11-01 10:06:42.772 I/ActivityManager( 1594): Process com.android.vending (pid 30992) has died: cch+25 CEM 
11-01 10:06:43.337 I/am_lifecycle_sample(30470): [0,com.vitrinedecraques.app,110,5097]
11-01 10:06:43.361 E/Perf    (30470): Fail to get file list com.vitrinedecraques.app
11-01 10:06:43.361 E/Perf    (30470): Fail to get file list com.vitrinedecraques.app
11-01 10:06:43.399 I/ActivityManager( 1594): Process com.google.process.gservices (pid 31090) has died: cch+25 CEM 
11-01 10:06:43.433 D/ForceDarkHelper(30470): updateByCheckExcludeList: pkg: com.vitrinedecraques.app activity: com.vitrinedecraques.app.MainActivity@a23a989
11-01 10:06:43.533 I/am_on_create_called(30470): [0,com.vitrinedecraques.app.MainActivity,performCreate,127]
11-01 10:06:43.588 I/am_on_start_called(30470): [0,com.vitrinedecraques.app.MainActivity,handleStartActivity,0]
11-01 10:06:43.592 I/am_on_resume_called(30470): [0,com.vitrinedecraques.app.MainActivity,RESUME_ACTIVITY,1]
11-01 10:06:43.438 I/chatty  (30470): uid=11401(com.vitrinedecraques.app) identical 1 line
11-01 10:06:43.466 D/ForceDarkHelper(30470): updateByCheckExcludeList: pkg: com.vitrinedecraques.app activity: com.vitrinedecraques.app.MainActivity@a23a989
11-01 10:06:43.616 W/Looper  (30470): Slow Looper main: Activity com.vitrinedecraques.app/.MainActivity is 5106ms late (wall=274ms running=0ms ClientTransaction{ callbacks=[android.app.servertransaction.LaunchActivityItem] lifecycleRequest=android.app.servertransaction.ResumeActivityItem }) because of 2 msg, msg 2 took 5099ms (seq=2 late=9ms h=android.app.ActivityThread$H w=110)
11-01 10:06:43.616 I/am_on_top_resumed_gained_called(30470): [0,com.vitrinedecraques.app.MainActivity,topStateChangedWhenResumed]
11-01 10:06:43.617 W/Looper  (30470): Slow Looper main: Activity com.vitrinedecraques.app/.MainActivity is 5381ms late (wall=0ms running=0ms ClientTransaction{ callbacks=[android.app.servertransaction.TopResumedActivityChangeItem] }) because of 3 msg, msg 2 took 5099ms (seq=2 late=9ms h=android.app.ActivityThread$H w=110), msg 3 took 274ms (seq=3 late=5106ms h=android.app.ActivityThread$H w=159)
11-01 10:06:43.882 D/ForceDarkHelper(30470): updateByCheckExcludeList: pkg: com.vitrinedecraques.app activity: com.vitrinedecraques.app.MainActivity@a23a989
11-01 10:06:45.207 I/sysui_multi_action( 1594): [319,718,321,542,322,7692,325,2350225,757,761,758,7,759,1,806,com.vitrinedecraques.app,871,com.vitrinedecraques.app.MainActivity,904,com.android.shell,905,0,945,682,1320,12,1321,1]
11-01 10:06:45.207 I/Timeline( 1594): Timeline: Activity_windows_visible id: ActivityRecord{4972c25 u0 com.vitrinedecraques.app/.MainActivity t2111} time:2350232819
11-01 10:06:45.212 I/am_activity_launch_time( 1594): [0,77016101,com.vitrinedecraques.app/.MainActivity,7692]
11-01 10:06:45.213 D/ForceDarkHelper(30470): updateByCheckExcludeList: pkg: com.vitrinedecraques.app activity: com.vitrinedecraques.app.MainActivity@a23a989
11-01 10:06:45.214 I/ActivityTaskManager( 1594): Displayed com.vitrinedecraques.app/.MainActivity: +7s692ms
11-01 10:06:45.339 I/GoogleInputMethodService(19187): GoogleInputMethodService.onStartInput():1347 onStartInput(EditorInfo{EditorInfo{packageName=com.vitrinedecraques.app, inputType=0, inputTypeString=NULL, enableLearning=false, autoCorrection=false, autoComplete=false, imeOptions=0, privateImeOptions=null, actionName=UNSPECIFIED, actionLabel=null, initialSelStart=-1, initialSelEnd=-1, initialCapsMode=0, label=null, fieldId=-1, fieldName=null, extras=null, hintText=null, hintLocales=[]}}, false)
