11-02 12:08:22.736 I/dvm_lock_sample( 1594): [system_server,1,Binder:1594_12,10,ActivityManagerService.java,14450,int com.android.server.am.ActivityManagerService.bindIsolatedService(android.app.IApplicationThread, android.os.IBinder, android.content.Intent, java.lang.String, android.app.IServiceConnection, int, java.lang.String, java.lang.String, int),-,14450,int com.android.server.am.ActivityManagerService.bindIsolatedService(android.app.IApplicationThread, android.os.IBinder, android.content.Intent, java.lang.String, android.app.IServiceConnection, int, java.lang.String, java.lang.String, int),2]
11-02 12:08:23.850 I/dvm_lock_sample( 1594): [system_server,0,AsyncTask #7,39,ActivityManagerService.java,10090,int com.android.server.am.ActivityManagerService.getMemoryTrimLevel(),-,14450,int com.android.server.am.ActivityManagerService.bindIsolatedService(android.app.IApplicationThread, android.os.IBinder, android.content.Intent, java.lang.String, android.app.IServiceConnection, int, java.lang.String, java.lang.String, int),7]
11-02 12:20:22.135 I/dvm_lock_sample( 1594): [system_server,0,miui.fg,33,ActivityManagerService.java,5955,boolean com.android.server.am.ActivityManagerService.isAppBad(android.content.pm.ApplicationInfo),-,1537,void com.android.server.am.ActivityManagerService$AppDeathRecipient.binderDied(),6]
11-02 12:20:22.378 I/binder_sample( 4822): [android.app.IActivityManager,20,317,com.google.process.gapps,63]
11-02 12:21:45.602 I/dvm_lock_sample( 1594): [system_server,0,Binder:1594_1C,31,ActivityManagerService.java,14494,void com.android.server.am.ActivityManagerService.serviceDoneExecuting(android.os.IBinder, int, int, int),ProcessList.java,1687,void com.android.server.am.ProcessList.lambda$startProcessLocked$0$ProcessList(com.android.server.am.ProcessRecord, java.lang.String, int[], int, int, java.lang.String, java.lang.String, java.lang.String, long),6]
11-02 12:22:27.721 I/dvm_lock_sample( 1594): [system_server,1,android.ui,10,ActivityManagerService.java,3378,void com.android.server.am.ActivityManagerService.dispatchUidsChanged(),-,1537,void com.android.server.am.ActivityManagerService$AppDeathRecipient.binderDied(),2]
11-02 12:31:21.416 I/dvm_lock_sample( 1594): [system_server,1,Binder:1594_1D,15,ActivityManagerService.java,6181,boolean com.android.server.am.ActivityManagerService.isAppStartModeDisabled(int, java.lang.String),-,5395,void com.android.server.am.ActivityManagerService.attachApplication(android.app.IApplicationThread, long),3]
11-02 12:31:48.180 I/dvm_lock_sample( 1594): [system_server,1,Binder:1594_18,7,ActivityManagerService.java,5827,java.lang.String com.android.server.am.ActivityManagerService.getTagForIntentSender(android.content.IIntentSender, java.lang.String),-,14450,int com.android.server.am.ActivityManagerService.bindIsolatedService(android.app.IApplicationThread, android.os.IBinder, android.content.Intent, java.lang.String, android.app.IServiceConnection, int, java.lang.String, java.lang.String, int),1]
11-02 12:45:34.562 I/dvm_lock_sample( 1594): [system_server,1,Binder:1594_4,10,ActivityManagerService.java,7717,boolean com.android.server.am.ActivityManagerService.refContentProvider(android.os.IBinder, int, int),-,5395,void com.android.server.am.ActivityManagerService.attachApplication(android.app.IApplicationThread, long),2]
11-02 12:45:48.676 I/dvm_lock_sample( 1594): [system_server,1,Binder:1594_5,5,ActivityManagerService.java,6752,java.lang.String com.android.server.am.ActivityManagerService.checkContentProviderAccess(java.lang.String, int),-,14285,android.content.ComponentName com.android.server.am.ActivityManagerService.startService(android.app.IApplicationThread, android.content.Intent, java.lang.String, boolean, java.lang.String, int),1]
11-02 12:45:48.852 I/dvm_lock_sample( 1594): [system_server,1,Binder:1594_A,13,ActivityManagerService.java,6752,java.lang.String com.android.server.am.ActivityManagerService.checkContentProviderAccess(java.lang.String, int),-,14450,int com.android.server.am.ActivityManagerService.bindIsolatedService(android.app.IApplicationThread, android.os.IBinder, android.content.Intent, java.lang.String, android.app.IServiceConnection, int, java.lang.String, java.lang.String, int),2]
11-02 12:45:49.086 I/dvm_lock_sample( 1594): [system_server,1,Binder:1594_B,22,ActivityManagerService.java,6752,java.lang.String com.android.server.am.ActivityManagerService.checkContentProviderAccess(java.lang.String, int),-,14450,int com.android.server.am.ActivityManagerService.bindIsolatedService(android.app.IApplicationThread, android.os.IBinder, android.content.Intent, java.lang.String, android.app.IServiceConnection, int, java.lang.String, java.lang.String, int),4]
11-02 12:46:05.358 I/dvm_lock_sample( 1594): [system_server,1,Binder:1594_A,44,ActivityManagerService.java,17671,void com.android.server.am.ActivityManagerService.trimApplications(java.lang.String),-,1794,void com.android.server.am.ActivityManagerService$MainHandler.handleMessage(android.os.Message),8]
11-02 12:55:32.270 I/dvm_lock_sample( 1594): [system_server,1,Binder:1594_11,12,ActivityManagerService.java,6181,boolean com.android.server.am.ActivityManagerService.isAppStartModeDisabled(int, java.lang.String),-,14450,int com.android.server.am.ActivityManagerService.bindIsolatedService(android.app.IApplicationThread, android.os.IBinder, android.content.Intent, java.lang.String, android.app.IServiceConnection, int, java.lang.String, java.lang.String, int),2]
11-02 12:55:35.947 I/dvm_lock_sample( 1594): [system_server,1,android.ui,8,ActivityManagerService.java,3378,void com.android.server.am.ActivityManagerService.dispatchUidsChanged(),-,5395,void com.android.server.am.ActivityManagerService.attachApplication(android.app.IApplicationThread, long),1]
11-02 12:55:38.421 I/dvm_lock_sample( 1594): [system_server,1,Binder:1594_1,16,ActivityManagerService.java,7717,boolean com.android.server.am.ActivityManagerService.refContentProvider(android.os.IBinder, int, int),-,14450,int com.android.server.am.ActivityManagerService.bindIsolatedService(android.app.IApplicationThread, android.os.IBinder, android.content.Intent, java.lang.String, android.app.IServiceConnection, int, java.lang.String, java.lang.String, int),3]
11-02 12:55:38.551 I/dvm_lock_sample( 1594): [system_server,1,Binder:1594_9,8,ActivityManagerService.java,6752,java.lang.String com.android.server.am.ActivityManagerService.checkContentProviderAccess(java.lang.String, int),-,14463,boolean com.android.server.am.ActivityManagerService.unbindService(android.app.IServiceConnection),1]
11-02 12:55:39.441 I/dvm_lock_sample( 1594): [system_server,1,Binder:1594_1D,6,ActivityManagerService.java,6752,java.lang.String com.android.server.am.ActivityManagerService.checkContentProviderAccess(java.lang.String, int),-,14450,int com.android.server.am.ActivityManagerService.bindIsolatedService(android.app.IApplicationThread, android.os.IBinder, android.content.Intent, java.lang.String, android.app.IServiceConnection, int, java.lang.String, java.lang.String, int),1]
11-02 12:55:39.742 I/dvm_lock_sample( 1594): [system_server,1,android.ui,7,ActivityManagerService.java,3378,void com.android.server.am.ActivityManagerService.dispatchUidsChanged(),-,14450,int com.android.server.am.ActivityManagerService.bindIsolatedService(android.app.IApplicationThread, android.os.IBinder, android.content.Intent, java.lang.String, android.app.IServiceConnection, int, java.lang.String, java.lang.String, int),1]
11-02 13:08:24.938 I/dvm_lock_sample( 1594): [system_server,0,Binder:1594_C,19,ActivityManagerService.java,14494,void com.android.server.am.ActivityManagerService.serviceDoneExecuting(android.os.IBinder, int, int, int),-,14463,boolean com.android.server.am.ActivityManagerService.unbindService(android.app.IServiceConnection),3]
11-02 13:15:46.209 I/dvm_lock_sample( 1594): [system_server,1,Binder:1594_1C,14,ActivityManagerService.java,6752,java.lang.String com.android.server.am.ActivityManagerService.checkContentProviderAccess(java.lang.String, int),-,14463,boolean com.android.server.am.ActivityManagerService.unbindService(android.app.IServiceConnection),2]
11-02 13:17:01.184 I/dvm_lock_sample( 1594): [system_server,1,Binder:1594_11,75,ActivityManagerService.java,6181,boolean com.android.server.am.ActivityManagerService.isAppStartModeDisabled(int, java.lang.String),BroadcastQueue.java,984,void com.android.server.am.BroadcastQueue.processNextBroadcast(boolean, boolean),15]
11-02 13:17:05.990 I/dvm_lock_sample( 1594): [system_server,1,android.display,34,WindowProcessController.java,522,boolean com.android.server.wm.WindowProcessController.hasActivities(),ActivityTaskManagerService.java,1755,void com.android.server.wm.ActivityTaskManagerService.activityPaused(android.os.IBinder),6]
11-02 13:18:48.800 I/dvm_lock_sample( 1594): [system_server,1,ActivityManager,310,ActivityTaskManagerService.java,7369,boolean com.android.server.wm.ActivityTaskManagerService$LocalService.canGcNow(),ActivityStarter.java,1313,int com.android.server.wm.ActivityStarter.startActivityMayWait(android.app.IApplicationThread, int, java.lang.String, int, int, android.content.Intent, java.lang.String, android.service.voice.IVoiceInteractionSession, com.android.internal.app.IVoiceInteractor, android.os.IBinder, java.lang.String, int, int, android.app.ProfilerInfo, android.app.WaitResult, android.content.res.Configuration, com.android.server.wm.SafeActivityOptions, boolean, int, com.android.server.wm.TaskRecord, java.lang.String, boolean, com.android.server.am.PendingIntentRecord, boolean),62]
11-02 13:18:51.264 I/notification_cancel_all( 1594): [1000,1594,com.vitrinedecraques.app,0,0,0,5,NULL]
11-02 13:18:51.301 I/dvm_lock_sample( 1594): [system_server,0,PackageManager,31,ActivityManagerService.java,15989,int com.android.server.am.ActivityManagerService.broadcastIntent(android.app.IApplicationThread, android.content.Intent, java.lang.String, android.content.IIntentReceiver, int, java.lang.String, android.os.Bundle, java.lang.String[], int, android.os.Bundle, boolean, boolean, int),-,14450,int com.android.server.am.ActivityManagerService.bindIsolatedService(android.app.IApplicationThread, android.os.IBinder, android.content.Intent, java.lang.String, android.app.IServiceConnection, int, java.lang.String, java.lang.String, int),6]
11-02 13:18:51.350 I/sysui_multi_action( 1594): [757,147,758,4,759,1,806,com.vitrinedecraques.app]
11-02 13:18:51.378 I/dvm_lock_sample( 1594): [system_server,0,PackageManager,33,ActivityManagerService.java,15989,int com.android.server.am.ActivityManagerService.broadcastIntent(android.app.IApplicationThread, android.content.Intent, java.lang.String, android.content.IIntentReceiver, int, java.lang.String, android.os.Bundle, java.lang.String[], int, android.os.Bundle, boolean, boolean, int),BroadcastQueue.java,984,void com.android.server.am.BroadcastQueue.processNextBroadcast(boolean, boolean),6]
11-02 13:18:52.212 I/am_create_activity( 1594): [0,21393061,2149,com.vitrinedecraques.app/.MainActivity,NULL,NULL,NULL,268435456]
11-02 13:18:52.294 I/am_proc_start( 1594): [0,23072,11404,com.vitrinedecraques.app,activity,{com.vitrinedecraques.app/com.vitrinedecraques.app.MainActivity}]
11-02 13:18:52.581 I/am_proc_bound( 1594): [0,23072,com.vitrinedecraques.app]
11-02 13:18:52.591 I/am_restart_activity( 1594): [0,21393061,2149,com.vitrinedecraques.app/.MainActivity,23072]
11-02 13:18:52.593 I/am_set_resumed_activity( 1594): [0,com.vitrinedecraques.app/.MainActivity,minimalResumeActivityLocked]
11-02 13:18:52.607 I/dvm_lock_sample( 1594): [system_server,1,android.anim,17,InputMonitor.java,120,void com.android.server.wm.InputMonitor$1.run(),ActivityTaskManagerService.java,7052,boolean com.android.server.wm.ActivityTaskManagerService$LocalService.attachApplication(com.android.server.wm.WindowProcessController),3]
11-02 13:18:54.345 I/notification_cancel_all( 1594): [1000,1594,com.vitrinedecraques.app,0,0,0,5,NULL]
11-02 13:18:57.809 I/am_lifecycle_sample(23072): [0,com.vitrinedecraques.app,110,5166]
11-02 13:18:58.032 I/am_on_create_called(23072): [0,com.vitrinedecraques.app.MainActivity,performCreate,131]
11-02 13:18:58.094 I/am_on_start_called(23072): [0,com.vitrinedecraques.app.MainActivity,handleStartActivity,2]
11-02 13:18:58.100 I/am_on_resume_called(23072): [0,com.vitrinedecraques.app.MainActivity,RESUME_ACTIVITY,1]
11-02 13:18:58.126 I/am_on_top_resumed_gained_called(23072): [0,com.vitrinedecraques.app.MainActivity,topStateChangedWhenResumed]
11-02 13:18:59.915 I/sysui_multi_action( 1594): [319,446,321,179,322,7732,325,2442577,757,761,758,7,759,1,806,com.vitrinedecraques.app,871,com.vitrinedecraques.app.MainActivity,904,com.android.shell,905,0,945,400,1320,12,1321,1]
11-02 13:18:59.918 I/am_activity_launch_time( 1594): [0,21393061,com.vitrinedecraques.app/.MainActivity,7732]
11-02 13:19:02.175 I/dvm_lock_sample(23072): [com.vitrinedecraques.app,0,DefaultDispatcher-worker-1,88,DiskLruCache.kt,-1,coil.disk.DiskLruCache$Snapshot coil.disk.DiskLruCache.get(java.lang.String),UnixNativeDispatcher.java,-2,void sun.nio.fs.UnixNativeDispatcher.lstat0(long, sun.nio.fs.UnixFileAttributes),17]
11-02 13:19:03.164 I/am_pss  ( 1594): [23072,11404,com.vitrinedecraques.app,185120768,175333376,221184,277225472,0,2,24]
11-02 13:19:11.537 I/dvm_lock_sample(23072): [com.vitrinedecraques.app,0,ExoPlayer:Playback,6484,MediaCodecUtil.java,220,java.util.List androidx.media3.exoplayer.mediacodec.MediaCodecUtil.getDecoderInfosSoftMatch(androidx.media3.exoplayer.mediacodec.MediaCodecSelector, androidx.media3.common.Format, boolean, boolean),-,-1,java.util.List androidx.media3.exoplayer.mediacodec.MediaCodecUtil.getDecoderInfos(java.lang.String, boolean, boolean),100]
11-02 13:19:13.520 I/am_pss  ( 1594): [23072,11404,com.vitrinedecraques.app,189386752,178896896,215040,282935296,0,2,17]
11-02 13:20:13.645 I/am_pss  ( 1594): [23072,11404,com.vitrinedecraques.app,236332032,218300416,225280,335036416,0,2,22]
11-02 13:21:43.738 I/am_pss  ( 1594): [23072,11404,com.vitrinedecraques.app,235639808,218071040,220160,334852096,0,2,20]
11-02 13:22:50.212 I/am_on_top_resumed_lost_called(23072): [0,com.vitrinedecraques.app.MainActivity,topStateChangedWhenResumed]
11-02 13:22:50.214 I/am_pause_activity( 1594): [23072,21393061,com.vitrinedecraques.app/.MainActivity,userLeaving=true]
11-02 13:22:50.217 I/am_add_to_stopping( 1594): [0,21393061,com.vitrinedecraques.app/.MainActivity,makeInvisible]
11-02 13:22:50.243 I/am_on_paused_called(23072): [0,com.vitrinedecraques.app.MainActivity,performPause,0]
11-02 13:22:50.659 I/am_stop_activity( 1594): [0,21393061,com.vitrinedecraques.app/.MainActivity]
11-02 13:22:50.787 I/am_on_stop_called(23072): [0,com.vitrinedecraques.app.MainActivity,STOP_ACTIVITY_ITEM,1]
11-02 13:22:51.442 I/sysui_multi_action(14041): [757,289,758,4,806,ComponentInfo{com.vitrinedecraques.app/com.vitrinedecraques.app.MainActivity}]
11-02 13:22:51.444 I/am_finish_activity( 1594): [23072,21393061,2149,com.vitrinedecraques.app/.MainActivity,remove-task]
11-02 13:22:51.444 I/am_destroy_activity( 1594): [23072,21393061,2149,com.vitrinedecraques.app/.MainActivity,finish-imm:finishActivityLocked]
11-02 13:22:51.487 I/am_kill ( 1594): [0,23072,com.vitrinedecraques.app,700,SwipeUpClean]
11-02 13:22:51.652 I/am_proc_died( 1594): [0,23072,com.vitrinedecraques.app,700,16]
11-02 13:28:08.482 I/dvm_lock_sample( 1594): [system_server,1,Binder:1594_1E,12,ActivityManagerService.java,6752,java.lang.String com.android.server.am.ActivityManagerService.checkContentProviderAccess(java.lang.String, int),-,14463,boolean com.android.server.am.ActivityManagerService.unbindService(android.app.IServiceConnection),2]
11-02 13:28:16.876 I/dvm_lock_sample( 1594): [system_server,1,Binder:1594_D,5,ActivityManagerService.java,6752,java.lang.String com.android.server.am.ActivityManagerService.checkContentProviderAccess(java.lang.String, int),-,14450,int com.android.server.am.ActivityManagerService.bindIsolatedService(android.app.IApplicationThread, android.os.IBinder, android.content.Intent, java.lang.String, android.app.IServiceConnection, int, java.lang.String, java.lang.String, int),1]
11-02 13:38:21.826 I/dvm_lock_sample( 1594): [system_server,1,Binder:1594_1C,7,ActivityManagerService.java,14791,android.content.Intent com.android.server.am.ActivityManagerService.registerReceiver(android.app.IApplicationThread, java.lang.String, android.content.IIntentReceiver, android.content.IntentFilter, java.lang.String, int, int),-,14450,int com.android.server.am.ActivityManagerService.bindIsolatedService(android.app.IApplicationThread, android.os.IBinder, android.content.Intent, java.lang.String, android.app.IServiceConnection, int, java.lang.String, java.lang.String, int),1]
11-02 13:38:22.515 I/dvm_lock_sample( 1594): [system_server,1,Binder:1594_D,5,ActivityManagerService.java,14450,int com.android.server.am.ActivityManagerService.bindIsolatedService(android.app.IApplicationThread, android.os.IBinder, android.content.Intent, java.lang.String, android.app.IServiceConnection, int, java.lang.String, java.lang.String, int),-,7717,boolean com.android.server.am.ActivityManagerService.refContentProvider(android.os.IBinder, int, int),1]
11-02 13:48:26.248 I/dvm_lock_sample( 1594): [system_server,1,main,79,ActivityManagerService.java,15989,int com.android.server.am.ActivityManagerService.broadcastIntent(android.app.IApplicationThread, android.content.Intent, java.lang.String, android.content.IIntentReceiver, int, java.lang.String, android.os.Bundle, java.lang.String[], int, android.os.Bundle, boolean, boolean, int),-,14285,android.content.ComponentName com.android.server.am.ActivityManagerService.startService(android.app.IApplicationThread, android.content.Intent, java.lang.String, boolean, java.lang.String, int),15]
11-02 13:48:26.286 I/dvm_lock_sample( 1594): [system_server,1,android.ui,36,ActivityManagerService.java,3432,void com.android.server.am.ActivityManagerService.dispatchUidsChanged(),-,14285,android.content.ComponentName com.android.server.am.ActivityManagerService.startService(android.app.IApplicationThread, android.content.Intent, java.lang.String, boolean, java.lang.String, int),7]
11-02 13:48:26.305 I/dvm_lock_sample( 1594): [system_server,1,Binder:1594_12,32,ActivityManagerService.java,14450,int com.android.server.am.ActivityManagerService.bindIsolatedService(android.app.IApplicationThread, android.os.IBinder, android.content.Intent, java.lang.String, android.app.IServiceConnection, int, java.lang.String, java.lang.String, int),-,14494,void com.android.server.am.ActivityManagerService.serviceDoneExecuting(android.os.IBinder, int, int, int),6]
11-02 13:48:26.350 I/sysui_multi_action( 1594): [757,147,758,4,759,1,806,com.vitrinedecraques.app]
11-02 13:48:26.452 I/dvm_lock_sample( 1594): [system_server,1,ActivityManager:procStart,17,ProcessList.java,1687,void com.android.server.am.ProcessList.lambda$startProcessLocked$0$ProcessList(com.android.server.am.ProcessRecord, java.lang.String, int[], int, int, java.lang.String, java.lang.String, java.lang.String, long),ActivityManagerService.java,14285,android.content.ComponentName com.android.server.am.ActivityManagerService.startService(android.app.IApplicationThread, android.content.Intent, java.lang.String, boolean, java.lang.String, int),3]
11-02 13:48:26.598 I/dvm_lock_sample( 1594): [system_server,0,Binder:1594_1C,56,ActivityManagerService.java,14494,void com.android.server.am.ActivityManagerService.serviceDoneExecuting(android.os.IBinder, int, int, int),ProcessList.java,1687,void com.android.server.am.ProcessList.lambda$startProcessLocked$0$ProcessList(com.android.server.am.ProcessRecord, java.lang.String, int[], int, int, java.lang.String, java.lang.String, java.lang.String, long),11]
11-02 13:48:27.241 I/notification_cancel_all( 1594): [1000,1594,com.vitrinedecraques.app,0,0,0,5,NULL]
11-02 13:48:27.287 I/notification_cancel_all( 1594): [1000,1594,com.vitrinedecraques.app,0,0,0,5,NULL]
11-02 13:48:27.307 I/am_create_activity( 1594): [0,28416287,2151,com.vitrinedecraques.app/.MainActivity,NULL,NULL,NULL,268435456]
11-02 13:48:27.397 I/am_proc_start( 1594): [0,12575,11404,com.vitrinedecraques.app,activity,{com.vitrinedecraques.app/com.vitrinedecraques.app.MainActivity}]
11-02 13:48:27.620 I/am_proc_bound( 1594): [0,12575,com.vitrinedecraques.app]
11-02 13:48:27.636 I/am_restart_activity( 1594): [0,28416287,2151,com.vitrinedecraques.app/.MainActivity,12575]
11-02 13:48:27.639 I/am_set_resumed_activity( 1594): [0,com.vitrinedecraques.app/.MainActivity,minimalResumeActivityLocked]
11-02 13:48:29.060 I/dvm_lock_sample( 1594): [system_server,1,Binder:1594_2,15,ActivityManagerService.java,8605,boolean com.android.server.am.ActivityManagerService.isUidActive(int, java.lang.String),-,14463,boolean com.android.server.am.ActivityManagerService.unbindService(android.app.IServiceConnection),3]
11-02 13:48:32.822 I/am_lifecycle_sample(12575): [0,com.vitrinedecraques.app,110,5158]
11-02 13:48:33.067 I/am_on_create_called(12575): [0,com.vitrinedecraques.app.MainActivity,performCreate,155]
11-02 13:48:33.124 I/am_on_start_called(12575): [0,com.vitrinedecraques.app.MainActivity,handleStartActivity,0]
11-02 13:48:33.128 I/am_on_resume_called(12575): [0,com.vitrinedecraques.app.MainActivity,RESUME_ACTIVITY,1]
11-02 13:48:33.152 I/am_on_top_resumed_gained_called(12575): [0,com.vitrinedecraques.app.MainActivity,topStateChangedWhenResumed]
11-02 13:48:35.046 I/sysui_multi_action( 1594): [319,462,321,378,322,7836,325,2444353,757,761,758,7,759,1,806,com.vitrinedecraques.app,871,com.vitrinedecraques.app.MainActivity,904,com.android.shell,905,0,945,413,1320,12,1321,1]
11-02 13:48:35.053 I/am_activity_launch_time( 1594): [0,28416287,com.vitrinedecraques.app/.MainActivity,7836]
11-02 13:48:37.964 I/am_pss  ( 1594): [12575,11404,com.vitrinedecraques.app,186868736,176463872,232448,279093248,0,2,20]
11-02 13:48:48.569 I/dvm_lock_sample(12575): [com.vitrinedecraques.app,0,ExoPlayer:Playback,4884,MediaCodecUtil.java,-1,java.util.List androidx.media3.exoplayer.mediacodec.MediaCodecUtil.getDecoderInfos(java.lang.String, boolean, boolean),MediaCodecList.java,-2,int android.media.MediaCodecList.native_getCodecCount(),100]
11-02 13:48:51.021 I/am_pss  ( 1594): [12575,11404,com.vitrinedecraques.app,182808576,171999232,210944,278122496,0,2,17]
11-02 13:49:43.649 I/am_on_top_resumed_lost_called(12575): [0,com.vitrinedecraques.app.MainActivity,topStateChangedWhenResumed]
11-02 13:49:43.650 I/am_pause_activity( 1594): [12575,28416287,com.vitrinedecraques.app/.MainActivity,userLeaving=true]
11-02 13:49:43.653 I/am_add_to_stopping( 1594): [0,28416287,com.vitrinedecraques.app/.MainActivity,makeInvisible]
11-02 13:49:43.671 I/am_on_paused_called(12575): [0,com.vitrinedecraques.app.MainActivity,performPause,0]
11-02 13:49:43.693 I/dvm_lock_sample( 1594): [system_server,1,Binder:1594_19,6,ActivityManagerService.java,6752,java.lang.String com.android.server.am.ActivityManagerService.checkContentProviderAccess(java.lang.String, int),BroadcastQueue.java,984,void com.android.server.am.BroadcastQueue.processNextBroadcast(boolean, boolean),1]
11-02 13:49:44.132 I/am_stop_activity( 1594): [0,28416287,com.vitrinedecraques.app/.MainActivity]
11-02 13:49:44.303 I/am_on_stop_called(12575): [0,com.vitrinedecraques.app.MainActivity,STOP_ACTIVITY_ITEM,0]
11-02 13:49:44.681 I/sysui_multi_action(14041): [757,289,758,4,806,ComponentInfo{com.vitrinedecraques.app/com.vitrinedecraques.app.MainActivity}]
11-02 13:49:44.683 I/am_finish_activity( 1594): [12575,28416287,2151,com.vitrinedecraques.app/.MainActivity,remove-task]
11-02 13:49:44.683 I/am_destroy_activity( 1594): [12575,28416287,2151,com.vitrinedecraques.app/.MainActivity,finish-imm:finishActivityLocked]
11-02 13:49:44.693 I/am_kill ( 1594): [0,12575,com.vitrinedecraques.app,700,SwipeUpClean]
11-02 13:49:44.856 I/dvm_lock_sample( 1594): [system_server,1,Binder:1594_8,31,ActivityManagerService.java,1537,void com.android.server.am.ActivityManagerService$AppDeathRecipient.binderDied(),-,17671,void com.android.server.am.ActivityManagerService.trimApplications(java.lang.String),6]
11-02 13:49:44.865 I/am_proc_died( 1594): [0,12575,com.vitrinedecraques.app,700,16]
11-02 13:49:47.151 I/dvm_lock_sample( 1594): [system_server,1,Binder:1594_8,12,ActivityManagerService.java,5827,java.lang.String com.android.server.am.ActivityManagerService.getTagForIntentSender(android.content.IIntentSender, java.lang.String),-,14450,int com.android.server.am.ActivityManagerService.bindIsolatedService(android.app.IApplicationThread, android.os.IBinder, android.content.Intent, java.lang.String, android.app.IServiceConnection, int, java.lang.String, java.lang.String, int),2]
11-02 13:50:13.085 I/dvm_lock_sample( 1594): [system_server,0,Binder:1594_3,5,ActivityManagerService.java,14494,void com.android.server.am.ActivityManagerService.serviceDoneExecuting(android.os.IBinder, int, int, int),-,14463,boolean com.android.server.am.ActivityManagerService.unbindService(android.app.IServiceConnection),1]
11-02 13:53:48.816 I/dvm_lock_sample( 1594): [system_server,1,android.anim,15,InputMonitor.java,120,void com.android.server.wm.InputMonitor$1.run(),ActivityTaskManagerService.java,1755,void com.android.server.wm.ActivityTaskManagerService.activityPaused(android.os.IBinder),3]
11-02 13:53:58.535 I/dvm_lock_sample( 1594): [system_server,0,Binder:1594_7,5,ActivityManagerService.java,14494,void com.android.server.am.ActivityManagerService.serviceDoneExecuting(android.os.IBinder, int, int, int),-,14463,boolean com.android.server.am.ActivityManagerService.unbindService(android.app.IServiceConnection),1]
11-02 13:53:58.840 I/dvm_lock_sample( 1594): [system_server,1,android.anim,5,InputMonitor.java,120,void com.android.server.wm.InputMonitor$1.run(),ActivityTaskManagerService.java,1755,void com.android.server.wm.ActivityTaskManagerService.activityPaused(android.os.IBinder),1]
11-02 13:53:59.424 I/dvm_lock_sample( 1594): [system_server,1,android.display,13,ActivityManagerService.java,18601,void com.android.server.am.ActivityManagerService$LocalService.scheduleAppGcs(),-,14463,boolean com.android.server.am.ActivityManagerService.unbindService(android.app.IServiceConnection),2]
11-02 13:54:05.656 I/dvm_lock_sample( 1594): [system_server,1,ActivityManager:procStart,17,ProcessList.java,1687,void com.android.server.am.ProcessList.lambda$startProcessLocked$0$ProcessList(com.android.server.am.ProcessRecord, java.lang.String, int[], int, int, java.lang.String, java.lang.String, java.lang.String, long),ActivityManagerService.java,14494,void com.android.server.am.ActivityManagerService.serviceDoneExecuting(android.os.IBinder, int, int, int),3]
11-02 13:59:11.064 I/dvm_lock_sample( 1594): [system_server,0,Binder:1594_3,14,ActivityManagerService.java,14494,void com.android.server.am.ActivityManagerService.serviceDoneExecuting(android.os.IBinder, int, int, int),-,14450,int com.android.server.am.ActivityManagerService.bindIsolatedService(android.app.IApplicationThread, android.os.IBinder, android.content.Intent, java.lang.String, android.app.IServiceConnection, int, java.lang.String, java.lang.String, int),2]
11-02 13:59:11.217 I/dvm_lock_sample( 1594): [system_server,0,miui.fg,6,ActivityManagerService.java,14450,int com.android.server.am.ActivityManagerService.bindIsolatedService(android.app.IApplicationThread, android.os.IBinder, android.content.Intent, java.lang.String, android.app.IServiceConnection, int, java.lang.String, java.lang.String, int),-,14494,void com.android.server.am.ActivityManagerService.serviceDoneExecuting(android.os.IBinder, int, int, int),1]
11-02 13:59:12.577 I/dvm_lock_sample( 1594): [system_server,0,miui.fg,5,ActivityManagerService.java,5955,boolean com.android.server.am.ActivityManagerService.isAppBad(android.content.pm.ApplicationInfo),BroadcastQueue.java,984,void com.android.server.am.BroadcastQueue.processNextBroadcast(boolean, boolean),1]
11-02 13:59:13.404 I/dvm_lock_sample( 1594): [system_server,1,android.ui,15,ActivityManagerService.java,3272,void com.android.server.am.ActivityManagerService.dispatchProcessesChanged(),-,14343,void com.android.server.am.ActivityManagerService.setServiceForeground(android.content.ComponentName, android.os.IBinder, int, android.app.Notification, int, int),3]
11-02 13:59:15.009 I/dvm_lock_sample( 1594): [system_server,0,android.bg,5,ActivityManagerService.java,2043,void com.android.server.am.ActivityManagerService$5.handleMessage(android.os.Message),-,14450,int com.android.server.am.ActivityManagerService.bindIsolatedService(android.app.IApplicationThread, android.os.IBinder, android.content.Intent, java.lang.String, android.app.IServiceConnection, int, java.lang.String, java.lang.String, int),1]
11-02 14:05:49.376 I/notification_cancel_all( 1594): [1000,1594,com.vitrinedecraques.app,0,0,0,5,NULL]
11-02 14:05:49.472 I/dvm_lock_sample( 1594): [system_server,1,ActivityManager:procStart,51,ProcessList.java,1687,void com.android.server.am.ProcessList.lambda$startProcessLocked$0$ProcessList(com.android.server.am.ProcessRecord, java.lang.String, int[], int, int, java.lang.String, java.lang.String, java.lang.String, long),BroadcastQueue.java,984,void com.android.server.am.BroadcastQueue.processNextBroadcast(boolean, boolean),10]
11-02 14:05:49.467 I/dvm_lock_sample( 1594): [system_server,0,PackageManager,76,ActivityManagerService.java,15989,int com.android.server.am.ActivityManagerService.broadcastIntent(android.app.IApplicationThread, android.content.Intent, java.lang.String, android.content.IIntentReceiver, int, java.lang.String, android.os.Bundle, java.lang.String[], int, android.os.Bundle, boolean, boolean, int),BroadcastQueue.java,984,void com.android.server.am.BroadcastQueue.processNextBroadcast(boolean, boolean),15]
11-02 14:05:49.580 I/dvm_lock_sample( 1594): [system_server,1,Binder:1594_19,65,ActivityManagerService.java,5395,void com.android.server.am.ActivityManagerService.attachApplication(android.app.IApplicationThread, long),-,15989,int com.android.server.am.ActivityManagerService.broadcastIntent(android.app.IApplicationThread, android.content.Intent, java.lang.String, android.content.IIntentReceiver, int, java.lang.String, android.os.Bundle, java.lang.String[], int, android.os.Bundle, boolean, boolean, int),13]
11-02 14:05:49.601 I/dvm_lock_sample( 1594): [system_server,1,Binder:1594_15,72,ActivityManagerService.java,14335,boolean com.android.server.am.ActivityManagerService.stopServiceToken(android.content.ComponentName, android.os.IBinder, int),-,15989,int com.android.server.am.ActivityManagerService.broadcastIntent(android.app.IApplicationThread, android.content.Intent, java.lang.String, android.content.IIntentReceiver, int, java.lang.String, android.os.Bundle, java.lang.String[], int, android.os.Bundle, boolean, boolean, int),14]
11-02 14:05:49.626 I/sysui_multi_action( 1594): [757,147,758,4,759,1,806,com.vitrinedecraques.app]
11-02 14:05:49.636 I/dvm_lock_sample( 1594): [system_server,0,Binder:1594_17,35,ActivityManagerService.java,14494,void com.android.server.am.ActivityManagerService.serviceDoneExecuting(android.os.IBinder, int, int, int),BroadcastQueue.java,984,void com.android.server.am.BroadcastQueue.processNextBroadcast(boolean, boolean),7]
11-02 14:05:49.666 I/dvm_lock_sample( 1594): [system_server,1,Binder:1594_11,29,ActivityManagerService.java,14335,boolean com.android.server.am.ActivityManagerService.stopServiceToken(android.content.ComponentName, android.os.IBinder, int),-,14494,void com.android.server.am.ActivityManagerService.serviceDoneExecuting(android.os.IBinder, int, int, int),5]
11-02 14:05:49.721 I/dvm_lock_sample( 1594): [system_server,1,Binder:1594_B,26,ActivityManagerService.java,14285,android.content.ComponentName com.android.server.am.ActivityManagerService.startService(android.app.IApplicationThread, android.content.Intent, java.lang.String, boolean, java.lang.String, int),-,5395,void com.android.server.am.ActivityManagerService.attachApplication(android.app.IApplicationThread, long),5]
11-02 14:05:50.407 I/am_create_activity( 1594): [0,3451763,2154,com.vitrinedecraques.app/.MainActivity,NULL,NULL,NULL,268435456]
11-02 14:05:50.519 I/dvm_lock_sample( 1594): [system_server,1,Binder:1594_C,112,ActivityTaskManagerService.java,1746,void com.android.server.wm.ActivityTaskManagerService.activityTopResumedStateLost(),ActivityStarter.java,1313,int com.android.server.wm.ActivityStarter.startActivityMayWait(android.app.IApplicationThread, int, java.lang.String, int, int, android.content.Intent, java.lang.String, android.service.voice.IVoiceInteractionSession, com.android.internal.app.IVoiceInteractor, android.os.IBinder, java.lang.String, int, int, android.app.ProfilerInfo, android.app.WaitResult, android.content.res.Configuration, com.android.server.wm.SafeActivityOptions, boolean, int, com.android.server.wm.TaskRecord, java.lang.String, boolean, com.android.server.am.PendingIntentRecord, boolean),22]
11-02 14:05:50.545 I/dvm_lock_sample( 1594): [system_server,1,Binder:1594_19,128,ActivityManagerService.java,14335,boolean com.android.server.am.ActivityManagerService.stopServiceToken(android.content.ComponentName, android.os.IBinder, int),-,1537,void com.android.server.am.ActivityManagerService$AppDeathRecipient.binderDied(),25]
11-02 14:05:50.546 I/dvm_lock_sample( 1594): [system_server,1,Binder:1594_12,92,ActivityManagerService.java,6752,java.lang.String com.android.server.am.ActivityManagerService.checkContentProviderAccess(java.lang.String, int),-,1537,void com.android.server.am.ActivityManagerService$AppDeathRecipient.binderDied(),18]
11-02 14:05:50.546 I/dvm_lock_sample( 1594): [system_server,1,Binder:1594_17,36,ActivityManagerService.java,14791,android.content.Intent com.android.server.am.ActivityManagerService.registerReceiver(android.app.IApplicationThread, java.lang.String, android.content.IIntentReceiver, android.content.IntentFilter, java.lang.String, int, int),-,1537,void com.android.server.am.ActivityManagerService$AppDeathRecipient.binderDied(),7]
11-02 14:05:50.635 I/am_proc_start( 1594): [0,21595,11404,com.vitrinedecraques.app,activity,{com.vitrinedecraques.app/com.vitrinedecraques.app.MainActivity}]
11-02 14:05:50.658 I/dvm_lock_sample( 1594): [system_server,1,ActivityManager:procStart,8,PackageManagerService.java,7389,java.lang.String com.android.server.pm.PackageManagerService.getInstantAppPackageName(int),-,4817,android.content.pm.ApplicationInfo com.android.server.pm.PackageManagerService.getApplicationInfoInternal(java.lang.String, int, int, int),1]
11-02 14:05:50.659 I/dvm_lock_sample( 1594): [system_server,1,Binder:1594_3,14,ActivityManagerService.java,14791,android.content.Intent com.android.server.am.ActivityManagerService.registerReceiver(android.app.IApplicationThread, java.lang.String, android.content.IIntentReceiver, android.content.IntentFilter, java.lang.String, int, int),ProcessList.java,1687,void com.android.server.am.ProcessList.lambda$startProcessLocked$0$ProcessList(com.android.server.am.ProcessRecord, java.lang.String, int[], int, int, java.lang.String, java.lang.String, java.lang.String, long),2]
11-02 14:05:50.668 I/notification_cancel_all( 1594): [1000,1594,com.vitrinedecraques.app,0,0,0,5,NULL]
11-02 14:05:50.793 I/am_proc_bound( 1594): [0,21595,com.vitrinedecraques.app]
11-02 14:05:50.800 I/am_restart_activity( 1594): [0,3451763,2154,com.vitrinedecraques.app/.MainActivity,21595]
11-02 14:05:50.801 I/am_set_resumed_activity( 1594): [0,com.vitrinedecraques.app/.MainActivity,minimalResumeActivityLocked]
11-02 14:05:50.807 I/dvm_lock_sample( 1594): [system_server,1,Binder:1594_1E,24,ActivityManagerService.java,4467,void com.android.server.am.ActivityManagerService.addPackageDependency(java.lang.String),-,1537,void com.android.server.am.ActivityManagerService$AppDeathRecipient.binderDied(),4]
11-02 14:05:53.395 I/dvm_lock_sample( 1594): [system_server,1,Binder:1594_E,11,ActivityManagerService.java,6752,java.lang.String com.android.server.am.ActivityManagerService.checkContentProviderAccess(java.lang.String, int),-,5395,void com.android.server.am.ActivityManagerService.attachApplication(android.app.IApplicationThread, long),2]
11-02 14:05:56.028 I/am_lifecycle_sample(21595): [0,com.vitrinedecraques.app,110,5205]
11-02 14:05:56.235 I/am_on_create_called(21595): [0,com.vitrinedecraques.app.MainActivity,performCreate,131]
11-02 14:05:56.289 I/am_on_start_called(21595): [0,com.vitrinedecraques.app.MainActivity,handleStartActivity,0]
11-02 14:05:56.292 I/am_on_resume_called(21595): [0,com.vitrinedecraques.app.MainActivity,RESUME_ACTIVITY,1]
11-02 14:05:56.315 I/am_on_top_resumed_gained_called(21595): [0,com.vitrinedecraques.app.MainActivity,topStateChangedWhenResumed]
11-02 14:05:57.959 I/sysui_multi_action( 1594): [319,450,321,301,322,7584,325,2445396,757,761,758,7,759,1,806,com.vitrinedecraques.app,871,com.vitrinedecraques.app.MainActivity,904,com.android.shell,905,0,945,421,1320,12,1321,1]
11-02 14:05:57.962 I/am_activity_launch_time( 1594): [0,3451763,com.vitrinedecraques.app/.MainActivity,7584]
11-02 14:06:00.439 I/dvm_lock_sample(21595): [com.vitrinedecraques.app,0,DefaultDispatcher-worker-3,86,DiskLruCache.kt,-1,coil.disk.DiskLruCache$Snapshot coil.disk.DiskLruCache.get(java.lang.String),UnixNativeDispatcher.java,-2,void sun.nio.fs.UnixNativeDispatcher.lstat0(long, sun.nio.fs.UnixFileAttributes),17]
11-02 14:06:00.871 I/am_pss  ( 1594): [21595,11404,com.vitrinedecraques.app,148657152,139309056,227328,237723648,0,2,17]
11-02 14:06:10.884 I/am_pss  ( 1594): [21595,11404,com.vitrinedecraques.app,186135552,175124480,224256,276881408,0,2,24]
11-02 14:06:23.933 I/am_on_top_resumed_lost_called(21595): [0,com.vitrinedecraques.app.MainActivity,topStateChangedWhenResumed]
11-02 14:06:23.941 I/am_pause_activity( 1594): [21595,3451763,com.vitrinedecraques.app/.MainActivity,userLeaving=true]
11-02 14:06:23.943 I/am_add_to_stopping( 1594): [0,3451763,com.vitrinedecraques.app/.MainActivity,makeInvisible]
11-02 14:06:23.952 I/am_on_paused_called(21595): [0,com.vitrinedecraques.app.MainActivity,performPause,0]
11-02 14:06:24.387 I/am_stop_activity( 1594): [0,3451763,com.vitrinedecraques.app/.MainActivity]
11-02 14:06:24.465 I/am_on_stop_called(21595): [0,com.vitrinedecraques.app.MainActivity,STOP_ACTIVITY_ITEM,0]
11-02 14:06:25.041 I/sysui_multi_action(14041): [757,289,758,4,806,ComponentInfo{com.vitrinedecraques.app/com.vitrinedecraques.app.MainActivity}]
11-02 14:06:25.043 I/am_finish_activity( 1594): [21595,3451763,2154,com.vitrinedecraques.app/.MainActivity,remove-task]
11-02 14:06:25.043 I/am_destroy_activity( 1594): [21595,3451763,2154,com.vitrinedecraques.app/.MainActivity,finish-imm:finishActivityLocked]
11-02 14:06:25.110 I/dvm_lock_sample( 1594): [system_server,1,Binder:1594_1D,24,ActivityManagerService.java,14450,int com.android.server.am.ActivityManagerService.bindIsolatedService(android.app.IApplicationThread, android.os.IBinder, android.content.Intent, java.lang.String, android.app.IServiceConnection, int, java.lang.String, java.lang.String, int),ProcessRecord.java,1358,void com.android.server.am.ProcessRecord.updateProcessInfo(boolean, boolean, boolean),4]
11-02 14:06:25.111 I/am_kill ( 1594): [0,21595,com.vitrinedecraques.app,905,SwipeUpClean]
11-02 14:06:25.284 I/am_proc_died( 1594): [0,21595,com.vitrinedecraques.app,905,20]
11-02 14:07:25.767 I/dvm_lock_sample( 1594): [system_server,0,miui.fg,13,ActivityManagerService.java,5955,boolean com.android.server.am.ActivityManagerService.isAppBad(android.content.pm.ApplicationInfo),-,14450,int com.android.server.am.ActivityManagerService.bindIsolatedService(android.app.IApplicationThread, android.os.IBinder, android.content.Intent, java.lang.String, android.app.IServiceConnection, int, java.lang.String, java.lang.String, int),2]
11-02 14:08:13.396 I/dvm_lock_sample( 1594): [system_server,1,Binder:1594_F,41,ActivityTaskManagerService.java,2913,android.app.ActivityManager$StackInfo com.android.server.wm.ActivityTaskManagerService.getStackInfo(int, int),ActivityStarter.java,1313,int com.android.server.wm.ActivityStarter.startActivityMayWait(android.app.IApplicationThread, int, java.lang.String, int, int, android.content.Intent, java.lang.String, android.service.voice.IVoiceInteractionSession, com.android.internal.app.IVoiceInteractor, android.os.IBinder, java.lang.String, int, int, android.app.ProfilerInfo, android.app.WaitResult, android.content.res.Configuration, com.android.server.wm.SafeActivityOptions, boolean, int, com.android.server.wm.TaskRecord, java.lang.String, boolean, com.android.server.am.PendingIntentRecord, boolean),8]
11-02 14:08:21.863 I/am_wtf  ( 1594): [0,1594,system_server,-1,ActivityManager,Killcom.google.android.gms in idle maint: pss=161054, swapPss=19890, initialPss=103058, period=+1h0m0s61ms, lowRamPeriod=+58m47s248ms]
11-02 14:08:28.859 I/dvm_lock_sample( 1594): [system_server,1,Binder:1594_17,8,ActivityManagerService.java,14474,void com.android.server.am.ActivityManagerService.publishService(android.os.IBinder, android.content.Intent, android.os.IBinder),-,14450,int com.android.server.am.ActivityManagerService.bindIsolatedService(android.app.IApplicationThread, android.os.IBinder, android.content.Intent, java.lang.String, android.app.IServiceConnection, int, java.lang.String, java.lang.String, int),1]
11-02 14:08:29.314 I/dvm_lock_sample( 1594): [system_server,1,Binder:1594_1D,16,ActivityManagerService.java,14450,int com.android.server.am.ActivityManagerService.bindIsolatedService(android.app.IApplicationThread, android.os.IBinder, android.content.Intent, java.lang.String, android.app.IServiceConnection, int, java.lang.String, java.lang.String, int),-,14450,int com.android.server.am.ActivityManagerService.bindIsolatedService(android.app.IApplicationThread, android.os.IBinder, android.content.Intent, java.lang.String, android.app.IServiceConnection, int, java.lang.String, java.lang.String, int),3]
11-02 14:09:03.977 I/dvm_lock_sample( 1594): [system_server,0,android.bg,6,ActivityManagerService.java,1964,void com.android.server.am.ActivityManagerService$5.handleMessage(android.os.Message),-,14463,boolean com.android.server.am.ActivityManagerService.unbindService(android.app.IServiceConnection),1]
11-02 14:15:10.455 I/dvm_lock_sample( 1594): [system_server,1,android.ui,7,ActivityManagerService.java,3378,void com.android.server.am.ActivityManagerService.dispatchUidsChanged(),-,14450,int com.android.server.am.ActivityManagerService.bindIsolatedService(android.app.IApplicationThread, android.os.IBinder, android.content.Intent, java.lang.String, android.app.IServiceConnection, int, java.lang.String, java.lang.String, int),1]
11-02 14:15:12.610 I/dvm_lock_sample( 1594): [system_server,1,Binder:1594_7,19,ActivityManagerService.java,5955,boolean com.android.server.am.ActivityManagerService.isAppBad(android.content.pm.ApplicationInfo),-,14463,boolean com.android.server.am.ActivityManagerService.unbindService(android.app.IServiceConnection),3]
11-02 14:15:12.914 I/dvm_lock_sample( 1594): [system_server,1,Binder:1594_1C,22,ActivityManagerService.java,7717,boolean com.android.server.am.ActivityManagerService.refContentProvider(android.os.IBinder, int, int),-,14450,int com.android.server.am.ActivityManagerService.bindIsolatedService(android.app.IApplicationThread, android.os.IBinder, android.content.Intent, java.lang.String, android.app.IServiceConnection, int, java.lang.String, java.lang.String, int),4]
11-02 14:15:26.033 I/dvm_lock_sample( 1594): [system_server,0,Binder:1594_6,19,ActivityManagerService.java,14494,void com.android.server.am.ActivityManagerService.serviceDoneExecuting(android.os.IBinder, int, int, int),-,17200,void com.android.server.am.ActivityManagerService$ProcStatsRunnable.run(),3]
11-02 14:21:36.834 I/dvm_lock_sample( 1594): [system_server,1,Binder:1594_7,5,ActivityManagerService.java,14474,void com.android.server.am.ActivityManagerService.publishService(android.os.IBinder, android.content.Intent, android.os.IBinder),-,14463,boolean com.android.server.am.ActivityManagerService.unbindService(android.app.IServiceConnection),1]
11-02 14:31:13.425 I/dvm_lock_sample( 1594): [system_server,0,PackageManager,107,ActivityManagerService.java,15989,int com.android.server.am.ActivityManagerService.broadcastIntent(android.app.IApplicationThread, android.content.Intent, java.lang.String, android.content.IIntentReceiver, int, java.lang.String, android.os.Bundle, java.lang.String[], int, android.os.Bundle, boolean, boolean, int),BroadcastQueue.java,984,void com.android.server.am.BroadcastQueue.processNextBroadcast(boolean, boolean),21]
11-02 14:31:13.454 I/sysui_multi_action( 1594): [757,147,758,4,759,1,806,com.vitrinedecraques.app]
11-02 14:31:13.478 I/dvm_lock_sample( 1594): [system_server,0,PackageManager,21,ActivityManagerService.java,15989,int com.android.server.am.ActivityManagerService.broadcastIntent(android.app.IApplicationThread, android.content.Intent, java.lang.String, android.content.IIntentReceiver, int, java.lang.String, android.os.Bundle, java.lang.String[], int, android.os.Bundle, boolean, boolean, int),-,14285,android.content.ComponentName com.android.server.am.ActivityManagerService.startService(android.app.IApplicationThread, android.content.Intent, java.lang.String, boolean, java.lang.String, int),4]
11-02 14:31:13.519 I/dvm_lock_sample( 1594): [system_server,1,ActivityManager:procStart,19,ProcessList.java,1687,void com.android.server.am.ProcessList.lambda$startProcessLocked$0$ProcessList(com.android.server.am.ProcessRecord, java.lang.String, int[], int, int, java.lang.String, java.lang.String, java.lang.String, long),ActivityManagerService.java,15989,int com.android.server.am.ActivityManagerService.broadcastIntent(android.app.IApplicationThread, android.content.Intent, java.lang.String, android.content.IIntentReceiver, int, java.lang.String, android.os.Bundle, java.lang.String[], int, android.os.Bundle, boolean, boolean, int),3]
11-02 14:31:14.333 I/am_create_activity( 1594): [0,233681681,2157,com.vitrinedecraques.app/.MainActivity,NULL,NULL,NULL,268435456]
11-02 14:31:14.358 I/notification_cancel_all( 1594): [1000,1594,com.vitrinedecraques.app,0,0,0,5,NULL]
11-02 14:31:14.401 I/notification_cancel_all( 1594): [1000,1594,com.vitrinedecraques.app,0,0,0,5,NULL]
11-02 14:31:14.458 I/am_proc_start( 1594): [0,30673,11404,com.vitrinedecraques.app,activity,{com.vitrinedecraques.app/com.vitrinedecraques.app.MainActivity}]
11-02 14:31:14.636 I/am_proc_bound( 1594): [0,30673,com.vitrinedecraques.app]
11-02 14:31:14.642 I/am_restart_activity( 1594): [0,233681681,2157,com.vitrinedecraques.app/.MainActivity,30673]
11-02 14:31:14.643 I/am_set_resumed_activity( 1594): [0,com.vitrinedecraques.app/.MainActivity,minimalResumeActivityLocked]
11-02 14:31:14.700 I/dvm_lock_sample( 1594): [system_server,1,Binder:1594_1B,35,ActivityManagerService.java,14474,void com.android.server.am.ActivityManagerService.publishService(android.os.IBinder, android.content.Intent, android.os.IBinder),ProcessRecord.java,1386,void com.android.server.am.ProcessRecord.onStartActivity(int, boolean, java.lang.String, long),7]
11-02 14:31:18.488 I/dvm_lock_sample( 1594): [system_server,0,Binder:1594_4,22,ActivityManagerService.java,14494,void com.android.server.am.ActivityManagerService.serviceDoneExecuting(android.os.IBinder, int, int, int),BroadcastQueue.java,984,void com.android.server.am.BroadcastQueue.processNextBroadcast(boolean, boolean),4]
11-02 14:31:18.604 I/am_pss  ( 1594): [30673,11404,com.vitrinedecraques.app,70282240,67039232,311296,134770688,1,2,12]
11-02 14:31:19.429 I/dvm_lock_sample( 1594): [system_server,1,Binder:1594_11,48,ActivityManagerService.java,14285,android.content.ComponentName com.android.server.am.ActivityManagerService.startService(android.app.IApplicationThread, android.content.Intent, java.lang.String, boolean, java.lang.String, int),-,1537,void com.android.server.am.ActivityManagerService$AppDeathRecipient.binderDied(),9]
11-02 14:31:19.431 I/dvm_lock_sample( 1594): [system_server,1,android.ui,50,ActivityManagerService.java,3378,void com.android.server.am.ActivityManagerService.dispatchUidsChanged(),-,1537,void com.android.server.am.ActivityManagerService$AppDeathRecipient.binderDied(),10]
11-02 14:31:20.519 I/am_lifecycle_sample(30673): [0,com.vitrinedecraques.app,110,5840]
11-02 14:31:20.677 I/dvm_lock_sample( 1594): [system_server,0,Binder:1594_5,16,ActivityManagerService.java,14494,void com.android.server.am.ActivityManagerService.serviceDoneExecuting(android.os.IBinder, int, int, int),-,14285,android.content.ComponentName com.android.server.am.ActivityManagerService.startService(android.app.IApplicationThread, android.content.Intent, java.lang.String, boolean, java.lang.String, int),3]
11-02 14:31:20.882 I/am_on_create_called(30673): [0,com.vitrinedecraques.app.MainActivity,performCreate,221]
11-02 14:31:20.954 I/am_on_start_called(30673): [0,com.vitrinedecraques.app.MainActivity,handleStartActivity,0]
11-02 14:31:20.959 I/am_on_resume_called(30673): [0,com.vitrinedecraques.app.MainActivity,RESUME_ACTIVITY,2]
11-02 14:31:21.023 I/am_on_top_resumed_gained_called(30673): [0,com.vitrinedecraques.app.MainActivity,topStateChangedWhenResumed]
11-02 14:31:23.022 I/sysui_multi_action( 1594): [319,397,321,278,322,8757,325,2446920,757,761,758,7,759,1,806,com.vitrinedecraques.app,871,com.vitrinedecraques.app.MainActivity,904,com.android.shell,905,0,945,373,1320,12,1321,1]
11-02 14:31:23.025 I/am_activity_launch_time( 1594): [0,233681681,com.vitrinedecraques.app/.MainActivity,8757]
11-02 14:31:30.374 I/am_pss  ( 1594): [30673,11404,com.vitrinedecraques.app,176376832,166682624,220160,263606272,0,2,19]
11-02 14:31:45.216 I/am_on_top_resumed_lost_called(30673): [0,com.vitrinedecraques.app.MainActivity,topStateChangedWhenResumed]
11-02 14:31:45.221 I/am_pause_activity( 1594): [30673,233681681,com.vitrinedecraques.app/.MainActivity,userLeaving=true]
