10-18 14:17:30.353 I/dvm_lock_sample( 1594): [system_server,1,Binder:1594_19,5,ActivityManagerService.java,14488,void com.android.server.am.ActivityManagerService.unbindFinished(android.os.IBinder, android.content.Intent, boolean),-,14463,boolean com.android.server.am.ActivityManagerService.unbindService(android.app.IServiceConnection),1]
10-18 14:22:10.688 I/dvm_lock_sample( 1594): [system_server,1,android.ui,5,ActivityManagerService.java,3378,void com.android.server.am.ActivityManagerService.dispatchUidsChanged(),-,5395,void com.android.server.am.ActivityManagerService.attachApplication(android.app.IApplicationThread, long),1]
10-18 14:25:45.627 I/dvm_lock_sample( 1594): [system_server,1,Binder:1594_C,10,ActivityManagerService.java,6752,java.lang.String com.android.server.am.ActivityManagerService.checkContentProviderAccess(java.lang.String, int),-,14463,boolean com.android.server.am.ActivityManagerService.unbindService(android.app.IServiceConnection),2]
10-18 14:25:51.804 I/dvm_lock_sample( 1594): [system_server,1,android.ui,6,ActivityManagerService.java,3378,void com.android.server.am.ActivityManagerService.dispatchUidsChanged(),-,14463,boolean com.android.server.am.ActivityManagerService.unbindService(android.app.IServiceConnection),1]
10-18 14:29:06.414 I/notification_cancel_all( 1594): [1000,1594,com.vitrinedecraques.app,0,0,0,5,NULL]
10-18 14:29:06.550 I/dvm_lock_sample( 1594): [system_server,1,ActivityManager:procStart,38,ProcessList.java,1687,void com.android.server.am.ProcessList.lambda$startProcessLocked$0$ProcessList(com.android.server.am.ProcessRecord, java.lang.String, int[], int, int, java.lang.String, java.lang.String, java.lang.String, long),ActivityManagerService.java,14474,void com.android.server.am.ActivityManagerService.publishService(android.os.IBinder, android.content.Intent, android.os.IBinder),7]
10-18 14:29:06.571 I/sysui_multi_action( 1594): [757,147,758,4,759,1,806,com.vitrinedecraques.app]
10-18 14:29:06.584 I/dvm_lock_sample( 1594): [system_server,1,Binder:1594_9,11,ActivityManagerService.java,15989,int com.android.server.am.ActivityManagerService.broadcastIntent(android.app.IApplicationThread, android.content.Intent, java.lang.String, android.content.IIntentReceiver, int, java.lang.String, android.os.Bundle, java.lang.String[], int, android.os.Bundle, boolean, boolean, int),BroadcastQueue.java,984,void com.android.server.am.BroadcastQueue.processNextBroadcast(boolean, boolean),2]
10-18 14:29:07.241 I/dvm_lock_sample( 1594): [system_server,0,Binder:1594_16,34,ActivityManagerService.java,14494,void com.android.server.am.ActivityManagerService.serviceDoneExecuting(android.os.IBinder, int, int, int),-,14285,android.content.ComponentName com.android.server.am.ActivityManagerService.startService(android.app.IApplicationThread, android.content.Intent, java.lang.String, boolean, java.lang.String, int),6]
10-18 14:29:07.370 I/am_create_activity( 1594): [0,237376417,1604,com.vitrinedecraques.app/.MainActivity,NULL,NULL,NULL,268435456]
10-18 14:29:07.406 I/dvm_lock_sample( 1594): [system_server,1,Binder:1594_15,35,ActivityTaskManagerService.java,1746,void com.android.server.wm.ActivityTaskManagerService.activityTopResumedStateLost(),ActivityStarter.java,1313,int com.android.server.wm.ActivityStarter.startActivityMayWait(android.app.IApplicationThread, int, java.lang.String, int, int, android.content.Intent, java.lang.String, android.service.voice.IVoiceInteractionSession, com.android.internal.app.IVoiceInteractor, android.os.IBinder, java.lang.String, int, int, android.app.ProfilerInfo, android.app.WaitResult, android.content.res.Configuration, com.android.server.wm.SafeActivityOptions, boolean, int, com.android.server.wm.TaskRecord, java.lang.String, boolean, com.android.server.am.PendingIntentRecord, boolean),7]
10-18 14:29:07.454 I/dvm_lock_sample( 1594): [system_server,1,Binder:1594_16,32,ActivityManagerService.java,6752,java.lang.String com.android.server.am.ActivityManagerService.checkContentProviderAccess(java.lang.String, int),-,14463,boolean com.android.server.am.ActivityManagerService.unbindService(android.app.IServiceConnection),6]
10-18 14:29:07.501 I/am_proc_start( 1594): [0,9587,11389,com.vitrinedecraques.app,activity,{com.vitrinedecraques.app/com.vitrinedecraques.app.MainActivity}]
10-18 14:29:07.667 I/am_proc_bound( 1594): [0,9587,com.vitrinedecraques.app]
10-18 14:29:07.677 I/am_restart_activity( 1594): [0,237376417,1604,com.vitrinedecraques.app/.MainActivity,9587]
10-18 14:29:07.679 I/am_set_resumed_activity( 1594): [0,com.vitrinedecraques.app/.MainActivity,minimalResumeActivityLocked]
10-18 14:29:09.839 I/notification_cancel_all( 1594): [1000,1594,com.vitrinedecraques.app,0,0,0,5,NULL]
10-18 14:29:10.899 I/dvm_lock_sample( 1594): [system_server,0,Binder:1594_D,17,ActivityManagerService.java,16095,void com.android.server.am.ActivityManagerService.finishReceiver(android.os.IBinder, int, java.lang.String, android.os.Bundle, boolean, int),-,14450,int com.android.server.am.ActivityManagerService.bindIsolatedService(android.app.IApplicationThread, android.os.IBinder, android.content.Intent, java.lang.String, android.app.IServiceConnection, int, java.lang.String, java.lang.String, int),3]
10-18 14:29:12.915 I/am_lifecycle_sample( 9587): [0,com.vitrinedecraques.app,110,5198]
10-18 14:29:13.110 I/am_on_create_called( 9587): [0,com.vitrinedecraques.app.MainActivity,performCreate,124]
10-18 14:29:13.162 I/am_on_start_called( 9587): [0,com.vitrinedecraques.app.MainActivity,handleStartActivity,0]
10-18 14:29:13.166 I/am_on_resume_called( 9587): [0,com.vitrinedecraques.app.MainActivity,RESUME_ACTIVITY,1]
10-18 14:29:13.195 I/am_on_top_resumed_gained_called( 9587): [0,com.vitrinedecraques.app.MainActivity,topStateChangedWhenResumed]
10-18 14:29:14.629 I/sysui_multi_action( 1594): [319,367,321,300,322,7301,325,1162931,757,761,758,7,759,1,806,com.vitrinedecraques.app,871,com.vitrinedecraques.app.MainActivity,904,com.android.shell,905,0,945,342,1320,12,1321,1]
10-18 14:29:14.641 I/am_activity_launch_time( 1594): [0,237376417,com.vitrinedecraques.app/.MainActivity,7301]
10-18 14:29:18.330 I/am_pss  ( 1594): [9587,11389,com.vitrinedecraques.app,152126464,143777792,229376,234389504,0,2,19]
10-18 14:29:28.758 I/am_pss  ( 1594): [9587,11389,com.vitrinedecraques.app,194969600,183422976,210944,283607040,0,2,19]
10-18 14:30:31.317 I/am_pss  ( 1594): [9587,11389,com.vitrinedecraques.app,229991424,218214400,196608,323469312,0,2,26]
10-18 14:32:13.395 I/am_pss  ( 1594): [9587,11389,com.vitrinedecraques.app,253343744,241725440,196608,346558464,0,2,29]
10-18 14:34:28.799 I/am_pss  ( 1594): [9587,11389,com.vitrinedecraques.app,248738816,240070656,179200,336060416,0,2,22]
10-18 14:37:10.198 I/dvm_lock_sample( 1594): [system_server,1,Binder:1594_4,14,ActivityManagerService.java,14450,int com.android.server.am.ActivityManagerService.bindIsolatedService(android.app.IApplicationThread, android.os.IBinder, android.content.Intent, java.lang.String, android.app.IServiceConnection, int, java.lang.String, java.lang.String, int),-,5395,void com.android.server.am.ActivityManagerService.attachApplication(android.app.IApplicationThread, long),2]
10-18 14:37:11.617 I/am_pss  ( 1594): [9587,11389,com.vitrinedecraques.app,265548800,257155072,186368,350035968,1,2,20]
10-18 14:37:30.094 I/am_on_top_resumed_lost_called( 9587): [0,com.vitrinedecraques.app.MainActivity,topStateChangedWhenResumed]
10-18 14:37:30.098 I/am_pause_activity( 1594): [9587,237376417,com.vitrinedecraques.app/.MainActivity,userLeaving=true]
10-18 14:37:30.100 I/am_add_to_stopping( 1594): [0,237376417,com.vitrinedecraques.app/.MainActivity,makeInvisible]
10-18 14:37:30.113 I/am_on_paused_called( 9587): [0,com.vitrinedecraques.app.MainActivity,performPause,0]
10-18 14:37:30.545 I/am_stop_activity( 1594): [0,237376417,com.vitrinedecraques.app/.MainActivity]
10-18 14:37:30.588 I/am_on_stop_called( 9587): [0,com.vitrinedecraques.app.MainActivity,STOP_ACTIVITY_ITEM,0]
10-18 14:37:31.044 I/sysui_multi_action( 2131): [757,289,758,4,806,ComponentInfo{com.vitrinedecraques.app/com.vitrinedecraques.app.MainActivity}]
10-18 14:37:31.046 I/am_finish_activity( 1594): [9587,237376417,1604,com.vitrinedecraques.app/.MainActivity,remove-task]
10-18 14:37:31.046 I/am_destroy_activity( 1594): [9587,237376417,1604,com.vitrinedecraques.app/.MainActivity,finish-imm:finishActivityLocked]
10-18 14:37:31.059 I/am_kill ( 1594): [0,9587,com.vitrinedecraques.app,700,SwipeUpClean]
10-18 14:37:31.246 I/am_proc_died( 1594): [0,9587,com.vitrinedecraques.app,700,16]
10-18 14:37:31.294 I/dvm_lock_sample( 1594): [system_server,1,android.ui,26,ActivityManagerService.java,3378,void com.android.server.am.ActivityManagerService.dispatchUidsChanged(),-,1537,void com.android.server.am.ActivityManagerService$AppDeathRecipient.binderDied(),5]
10-18 14:55:07.213 I/dvm_lock_sample( 1594): [system_server,1,android.ui,8,ActivityManagerService.java,3378,void com.android.server.am.ActivityManagerService.dispatchUidsChanged(),-,14450,int com.android.server.am.ActivityManagerService.bindIsolatedService(android.app.IApplicationThread, android.os.IBinder, android.content.Intent, java.lang.String, android.app.IServiceConnection, int, java.lang.String, java.lang.String, int),1]
10-18 15:01:59.386 I/dvm_lock_sample( 1594): [system_server,1,android.ui,21,ActivityManagerService.java,3378,void com.android.server.am.ActivityManagerService.dispatchUidsChanged(),-,14450,int com.android.server.am.ActivityManagerService.bindIsolatedService(android.app.IApplicationThread, android.os.IBinder, android.content.Intent, java.lang.String, android.app.IServiceConnection, int, java.lang.String, java.lang.String, int),4]
10-18 15:05:30.128 I/dvm_lock_sample( 1594): [system_server,1,Binder:1594_12,10,ActivityManagerService.java,14450,int com.android.server.am.ActivityManagerService.bindIsolatedService(android.app.IApplicationThread, android.os.IBinder, android.content.Intent, java.lang.String, android.app.IServiceConnection, int, java.lang.String, java.lang.String, int),-,5395,void com.android.server.am.ActivityManagerService.attachApplication(android.app.IApplicationThread, long),2]
10-18 15:05:56.695 I/dvm_lock_sample( 1594): [system_server,1,Binder:1594_14,10,ActivityManagerService.java,5827,java.lang.String com.android.server.am.ActivityManagerService.getTagForIntentSender(android.content.IIntentSender, java.lang.String),-,14450,int com.android.server.am.ActivityManagerService.bindIsolatedService(android.app.IApplicationThread, android.os.IBinder, android.content.Intent, java.lang.String, android.app.IServiceConnection, int, java.lang.String, java.lang.String, int),2]
10-18 15:10:45.304 I/dvm_lock_sample( 1594): [system_server,1,main,6,BroadcastDispatcher.java,186,void com.android.server.am.BroadcastDispatcher$1.broadcastAlarmComplete(int),ActivityManagerService.java,16095,void com.android.server.am.ActivityManagerService.finishReceiver(android.os.IBinder, int, java.lang.String, android.os.Bundle, boolean, int),1]
10-18 15:10:46.792 I/dvm_lock_sample( 1594): [system_server,1,Binder:1594_8,27,ActivityManagerService.java,10031,java.util.List com.android.server.am.ActivityManagerService.getRunningAppProcesses(),-,1537,void com.android.server.am.ActivityManagerService$AppDeathRecipient.binderDied(),5]
10-18 15:10:46.794 I/dvm_lock_sample( 1594): [system_server,1,Binder:1594_1D,21,ActivityManagerService.java,14450,int com.android.server.am.ActivityManagerService.bindIsolatedService(android.app.IApplicationThread, android.os.IBinder, android.content.Intent, java.lang.String, android.app.IServiceConnection, int, java.lang.String, java.lang.String, int),-,1537,void com.android.server.am.ActivityManagerService$AppDeathRecipient.binderDied(),4]
10-18 15:32:57.341 I/dvm_lock_sample( 1594): [system_server,1,Binder:1594_3,7,ActivityManagerService.java,6181,boolean com.android.server.am.ActivityManagerService.isAppStartModeDisabled(int, java.lang.String),-,14463,boolean com.android.server.am.ActivityManagerService.unbindService(android.app.IServiceConnection),1]
10-18 15:37:42.620 I/dvm_lock_sample( 1594): [system_server,1,android.anim,18,InputMonitor.java,120,void com.android.server.wm.InputMonitor$1.run(),ActivityTaskManagerService.java,7052,boolean com.android.server.wm.ActivityTaskManagerService$LocalService.attachApplication(com.android.server.wm.WindowProcessController),3]
10-18 15:37:44.669 I/dvm_lock_sample( 1594): [system_server,0,PackageManager,77,ActivityManagerService.java,15989,int com.android.server.am.ActivityManagerService.broadcastIntent(android.app.IApplicationThread, android.content.Intent, java.lang.String, android.content.IIntentReceiver, int, java.lang.String, android.os.Bundle, java.lang.String[], int, android.os.Bundle, boolean, boolean, int),BroadcastQueue.java,984,void com.android.server.am.BroadcastQueue.processNextBroadcast(boolean, boolean),15]
10-18 15:37:44.738 I/sysui_multi_action( 1594): [757,147,758,4,759,1,806,com.vitrinedecraques.app]
10-18 15:37:44.838 I/dvm_lock_sample( 1594): [system_server,0,PackageManager,39,ActivityManagerService.java,15989,int com.android.server.am.ActivityManagerService.broadcastIntent(android.app.IApplicationThread, android.content.Intent, java.lang.String, android.content.IIntentReceiver, int, java.lang.String, android.os.Bundle, java.lang.String[], int, android.os.Bundle, boolean, boolean, int),-,5395,void com.android.server.am.ActivityManagerService.attachApplication(android.app.IApplicationThread, long),7]
10-18 15:37:45.544 I/am_create_activity( 1594): [0,71933923,1606,com.vitrinedecraques.app/.MainActivity,NULL,NULL,NULL,268435456]
10-18 15:37:45.757 I/dvm_lock_sample( 1594): [system_server,1,Binder:1594_3,255,WindowProcessUtils.java,405,java.lang.String com.android.server.wm.WindowProcessUtils.getCallerPackageName(com.android.server.wm.ActivityTaskManagerService, android.app.IApplicationThread),ActivityStarter.java,1313,int com.android.server.wm.ActivityStarter.startActivityMayWait(android.app.IApplicationThread, int, java.lang.String, int, int, android.content.Intent, java.lang.String, android.service.voice.IVoiceInteractionSession, com.android.internal.app.IVoiceInteractor, android.os.IBinder, java.lang.String, int, int, android.app.ProfilerInfo, android.app.WaitResult, android.content.res.Configuration, com.android.server.wm.SafeActivityOptions, boolean, int, com.android.server.wm.TaskRecord, java.lang.String, boolean, com.android.server.am.PendingIntentRecord, boolean),51]
10-18 15:37:45.758 I/dvm_lock_sample( 1594): [system_server,1,Binder:1594_15,251,WindowProcessUtils.java,405,java.lang.String com.android.server.wm.WindowProcessUtils.getCallerPackageName(com.android.server.wm.ActivityTaskManagerService, android.app.IApplicationThread),ActivityStarter.java,1313,int com.android.server.wm.ActivityStarter.startActivityMayWait(android.app.IApplicationThread, int, java.lang.String, int, int, android.content.Intent, java.lang.String, android.service.voice.IVoiceInteractionSession, com.android.internal.app.IVoiceInteractor, android.os.IBinder, java.lang.String, int, int, android.app.ProfilerInfo, android.app.WaitResult, android.content.res.Configuration, com.android.server.wm.SafeActivityOptions, boolean, int, com.android.server.wm.TaskRecord, java.lang.String, boolean, com.android.server.am.PendingIntentRecord, boolean),50]
10-18 15:37:45.774 I/dvm_lock_sample( 1594): [system_server,1,Binder:1594_1F,42,ActivityManagerService.java,6752,java.lang.String com.android.server.am.ActivityManagerService.checkContentProviderAccess(java.lang.String, int),-,7639,void com.android.server.am.ActivityManagerService.publishContentProviders(android.app.IApplicationThread, java.util.List),8]
10-18 15:37:45.777 I/binder_sample( 9255): [android.app.IActivityManager,24,320,com.google.android.gms,64]
10-18 15:37:45.804 I/dvm_lock_sample( 1594): [system_server,1,Binder:1594_E,36,ActivityManagerService.java,14285,android.content.ComponentName com.android.server.am.ActivityManagerService.startService(android.app.IApplicationThread, android.content.Intent, java.lang.String, boolean, java.lang.String, int),-,7639,void com.android.server.am.ActivityManagerService.publishContentProviders(android.app.IApplicationThread, java.util.List),7]
10-18 15:37:45.820 I/dvm_lock_sample( 1594): [system_server,1,Binder:1594_6,26,ActivityManagerService.java,7717,boolean com.android.server.am.ActivityManagerService.refContentProvider(android.os.IBinder, int, int),-,14450,int com.android.server.am.ActivityManagerService.bindIsolatedService(android.app.IApplicationThread, android.os.IBinder, android.content.Intent, java.lang.String, android.app.IServiceConnection, int, java.lang.String, java.lang.String, int),5]
10-18 15:37:45.848 I/dvm_lock_sample( 1594): [system_server,0,Binder:1594_19,10,ActivityManagerService.java,14494,void com.android.server.am.ActivityManagerService.serviceDoneExecuting(android.os.IBinder, int, int, int),-,14450,int com.android.server.am.ActivityManagerService.bindIsolatedService(android.app.IApplicationThread, android.os.IBinder, android.content.Intent, java.lang.String, android.app.IServiceConnection, int, java.lang.String, java.lang.String, int),2]
10-18 15:37:45.908 I/am_proc_start( 1594): [0,16951,11389,com.vitrinedecraques.app,activity,{com.vitrinedecraques.app/com.vitrinedecraques.app.MainActivity}]
10-18 15:37:45.928 I/dvm_lock_sample( 1594): [system_server,1,Binder:1594_6,17,ActivityManagerService.java,8605,boolean com.android.server.am.ActivityManagerService.isUidActive(int, java.lang.String),-,14450,int com.android.server.am.ActivityManagerService.bindIsolatedService(android.app.IApplicationThread, android.os.IBinder, android.content.Intent, java.lang.String, android.app.IServiceConnection, int, java.lang.String, java.lang.String, int),3]
10-18 15:37:46.055 I/am_proc_bound( 1594): [0,16951,com.vitrinedecraques.app]
10-18 15:37:46.066 I/am_restart_activity( 1594): [0,71933923,1606,com.vitrinedecraques.app/.MainActivity,16951]
10-18 15:37:46.068 I/am_set_resumed_activity( 1594): [0,com.vitrinedecraques.app/.MainActivity,minimalResumeActivityLocked]
10-18 15:37:47.512 I/notification_cancel_all( 1594): [1000,1594,com.vitrinedecraques.app,0,0,0,5,NULL]
10-18 15:37:47.537 I/notification_cancel_all( 1594): [1000,1594,com.vitrinedecraques.app,0,0,0,5,NULL]
10-18 15:37:51.320 I/am_lifecycle_sample(16951): [0,com.vitrinedecraques.app,110,5170]
10-18 15:37:51.558 I/am_on_create_called(16951): [0,com.vitrinedecraques.app.MainActivity,performCreate,155]
10-18 15:37:51.613 I/am_on_start_called(16951): [0,com.vitrinedecraques.app.MainActivity,handleStartActivity,0]
10-18 15:37:51.616 I/am_on_resume_called(16951): [0,com.vitrinedecraques.app.MainActivity,RESUME_ACTIVITY,2]
10-18 15:37:51.659 I/am_on_top_resumed_gained_called(16951): [0,com.vitrinedecraques.app.MainActivity,topStateChangedWhenResumed]
10-18 15:37:53.073 I/sysui_multi_action( 1594): [319,680,321,618,322,7633,325,1167049,757,761,758,7,759,1,806,com.vitrinedecraques.app,871,com.vitrinedecraques.app.MainActivity,904,com.android.shell,905,0,945,620,1320,12,1321,1]
10-18 15:37:53.077 I/am_activity_launch_time( 1594): [0,71933923,com.vitrinedecraques.app/.MainActivity,7633]
10-18 15:37:56.171 I/am_pss  ( 1594): [16951,11389,com.vitrinedecraques.app,148480000,140431360,195584,235921408,0,2,15]
10-18 15:37:58.235 D/ProfileInstaller(16951): Installing profile for com.vitrinedecraques.app
10-18 15:37:59.887 D/RecentsImpl( 2131): startRecentsActivity runningTask: ComponentInfo{com.vitrinedecraques.app/com.vitrinedecraques.app.MainActivity}
10-18 15:37:59.964 I/am_on_top_resumed_lost_called(16951): [0,com.vitrinedecraques.app.MainActivity,topStateChangedWhenResumed]
10-18 15:37:59.969 I/am_pause_activity( 1594): [16951,71933923,com.vitrinedecraques.app/.MainActivity,userLeaving=true]
10-18 15:37:59.973 I/am_add_to_stopping( 1594): [0,71933923,com.vitrinedecraques.app/.MainActivity,makeInvisible]
10-18 15:37:59.975 I/GST     (10006): forePkg: com.android.systemui, preForePkg: com.vitrinedecraques.app
10-18 15:37:59.975 I/ProcessMonitor( 7233): onForegroundInfoChanged: ForegroundInfo{mForegroundPackageName='com.android.systemui', mForegroundUid=1000, mForegroundPid=2131, mLastForegroundPackageName='com.vitrinedecraques.app', mLastForegroundUid=11389, mLastForegroundPid=16951, mMultiWindowForegroundPackageName='null', mMultiWindowForegroundUid=-1, mFlags=0}
10-18 15:37:59.975 D/PerfEngineController(15611): ForegroundInfo{mForegroundPackageName='com.android.systemui', mForegroundUid=1000, mForegroundPid=2131, mLastForegroundPackageName='com.vitrinedecraques.app', mLastForegroundUid=11389, mLastForegroundPid=16951, mMultiWindowForegroundPackageName='null', mMultiWindowForegroundUid=-1, mFlags=0}
10-18 15:37:59.996 I/am_on_paused_called(16951): [0,com.vitrinedecraques.app.MainActivity,performPause,0]
10-18 15:38:00.430 I/am_stop_activity( 1594): [0,71933923,com.vitrinedecraques.app/.MainActivity]
10-18 15:38:01.126 I/sysui_multi_action( 2131): [757,289,758,4,806,ComponentInfo{com.vitrinedecraques.app/com.vitrinedecraques.app.MainActivity}]
10-18 15:38:01.131 I/am_finish_activity( 1594): [16951,71933923,1606,com.vitrinedecraques.app/.MainActivity,remove-task]
10-18 15:38:01.131 I/am_destroy_activity( 1594): [16951,71933923,1606,com.vitrinedecraques.app/.MainActivity,finish-imm:finishActivityLocked]
10-18 15:38:01.142 D/WindowProcessUtils( 1594): remove task: TaskRecord{65659cd #1606 A=com.vitrinedecraques.app U=0 StackId=841 sz=1}
10-18 15:38:01.147 I/dvm_lock_sample( 1594): [system_server,1,android.anim,13,InputMonitor.java,120,void com.android.server.wm.InputMonitor$1.run(),WindowProcessUtils.java,293,void com.android.server.wm.WindowProcessUtils.removeTask(int, com.android.server.wm.ActivityTaskManagerService),2]
10-18 15:38:01.252 I/am_kill ( 1594): [0,16951,com.vitrinedecraques.app,905,SwipeUpClean]
10-18 15:38:01.286 I/dvm_lock_sample( 1594): [system_server,1,android.display,66,ProcessRecord.java,1358,void com.android.server.am.ProcessRecord.updateProcessInfo(boolean, boolean, boolean),ActivityManagerService.java,14463,boolean com.android.server.am.ActivityManagerService.unbindService(android.app.IServiceConnection),13]
10-18 15:38:01.411 W/InputDispatcher( 1594): channel '2053a26 com.vitrinedecraques.app/com.vitrinedecraques.app.MainActivity (server)' ~ Consumer closed input channel or an error occurred.  events=0x9
10-18 15:38:01.411 E/InputDispatcher( 1594): channel '2053a26 com.vitrinedecraques.app/com.vitrinedecraques.app.MainActivity (server)' ~ Channel is unrecoverably broken and will be disposed!
10-18 15:38:01.416 W/InputDispatcher( 1594): Attempted to unregister already unregistered input channel '2053a26 com.vitrinedecraques.app/com.vitrinedecraques.app.MainActivity (server)'
10-18 15:38:01.427 I/am_proc_died( 1594): [0,16951,com.vitrinedecraques.app,905,20]
10-18 15:38:07.556 D/Launcher.CellLayout( 2404): touch item:ShortcutInfo, id=1336, itemType=0, user=UserHandle{0}, mIconType=0, pkgName=com.vitrinedecraques.app, className=com.vitrinedecraques.app.MainActivity, screenId=2, container=-100, cellX=4, cellY=4, spanX=1, spanY=1, isLandscapePos=false
10-18 15:38:07.857 D/Launcher.CellLayout( 2404): updateCellOccupiedMarks, remove, ShortcutInfo, id=1336, itemType=0, user=UserHandle{0}, mIconType=0, pkgName=com.vitrinedecraques.app, className=com.vitrinedecraques.app.MainActivity, screenId=2, container=-100, cellX=4, cellY=4, spanX=1, spanY=1, isLandscapePos=false
10-18 15:38:07.859 D/Launcher_DragView( 2404): new DragView:ShortcutInfo, id=1336, itemType=0, user=UserHandle{0}, mIconType=0, pkgName=com.vitrinedecraques.app, className=com.vitrinedecraques.app.MainActivity
10-18 15:38:07.861 D/Launcher.CellLayout( 2404): updateCellOccupiedMarks, remove, ShortcutInfo, id=1336, itemType=0, user=UserHandle{0}, mIconType=0, pkgName=com.vitrinedecraques.app, className=com.vitrinedecraques.app.MainActivity, screenId=2, container=-100, cellX=4, cellY=4, spanX=1, spanY=1, isLandscapePos=false
10-18 15:38:08.303 D/Launcher.DragController( 2404): drop, from=ShortcutInfo, id=1336, itemType=0, user=UserHandle{0}, mIconType=0, pkgName=com.vitrinedecraques.app, className=com.vitrinedecraques.app.MainActivity, screenId=2, container=-100, cellX=4, cellY=4, spanX=1, spanY=1, isLandscapePos=false
10-18 15:38:08.304 D/Launcher.CellLayout( 2404): updateCellOccupiedMarks, update, ShortcutInfo, id=1336, itemType=0, user=UserHandle{0}, mIconType=0, pkgName=com.vitrinedecraques.app, className=com.vitrinedecraques.app.MainActivity, screenId=2, container=-100, cellX=4, cellY=4, spanX=1, spanY=1, isLandscapePos=false
10-18 15:38:08.305 D/Launcher.DragController( 2404): drop succeed, to ShortcutInfo, id=1336, itemType=0, user=UserHandle{0}, mIconType=0, pkgName=com.vitrinedecraques.app, className=com.vitrinedecraques.app.MainActivity, screenId=2, container=-100, cellX=4, cellY=4, spanX=1, spanY=1, isLandscapePos=false
10-18 15:38:08.306 D/Launcher.CellLayout( 2404): saveCurrentLayout, info=ShortcutInfo, id=1336, itemType=0, user=UserHandle{0}, mIconType=0, pkgName=com.vitrinedecraques.app, className=com.vitrinedecraques.app.MainActivity, screenId=2, container=-100, cellX=4, cellY=4, spanX=1, spanY=1, isLandscapePos=false
10-18 15:38:08.307 D/Launcher.ShortcutMenu( 2404): show shortcut menu when drop, pkgName=com.vitrinedecraques.app
10-18 15:38:08.827 W/System.err( 2404): android.content.pm.PackageManager$NameNotFoundException: com.vitrinedecraques.app
10-18 15:38:10.335 W/System.err( 2404): android.content.pm.PackageManager$NameNotFoundException: com.vitrinedecraques.app
10-18 15:38:10.336 D/Launcher.Model( 2404): Got broadcast:Intent { act=android.intent.action.PACKAGE_REMOVED dat=package:com.vitrinedecraques.app (has extras) }
10-18 15:38:10.340 D/Launcher.LauncherUtils( 2404): app(com.vitrinedecraques.app|UserHandle{0}) isDisable=false, backupProcessingPkg=null
10-18 15:38:10.352 D/AutoInstallsParser( 2404): isPAIPackageName: com.vitrinedecraques.app
10-18 15:38:10.418 D/Launcher.Model( 2404): onReceiveBackground, mAllAppsList=add=[], remove=[(0, AppInfo, id=-1, itemType=0, user=UserHandle{0}, mIconType=0, pkgName=com.vitrinedecraques.app, className=com.vitrinedecraques.app.MainActivity, screenId=-1, container=-1, cellX=-1, cellY=-1, spanX=1, spanY=1, isLandscapePos=false)], modified=[]
10-18 15:38:10.419 D/Launcher( 2404): remove icon when bind apps removed:ShortcutInfo, id=1336, itemType=0, user=UserHandle{0}, mIconType=0, pkgName=com.vitrinedecraques.app, className=com.vitrinedecraques.app.MainActivity, screenId=2, container=-100, cellX=4, cellY=4, spanX=1, spanY=1, isLandscapePos=false
10-18 15:38:10.420 D/Launcher( 2404): removeShortcutIcon, remove icon from CellLayout, info=ShortcutInfo, id=1336, itemType=0, user=UserHandle{0}, mIconType=0, pkgName=com.vitrinedecraques.app, className=com.vitrinedecraques.app.MainActivity, screenId=2, container=-100, cellX=4, cellY=4, spanX=1, spanY=1, isLandscapePos=false
10-18 15:38:10.420 D/Launcher.CellLayout( 2404): remove icon for ShortcutInfo, id=1336, itemType=0, user=UserHandle{0}, mIconType=0, pkgName=com.vitrinedecraques.app, className=com.vitrinedecraques.app.MainActivity, screenId=2, container=-100, cellX=4, cellY=4, spanX=1, spanY=1, isLandscapePos=false
10-18 15:38:10.420 D/Launcher.CellLayout( 2404): updateCellOccupiedMarks, remove, ShortcutInfo, id=1336, itemType=0, user=UserHandle{0}, mIconType=0, pkgName=com.vitrinedecraques.app, className=com.vitrinedecraques.app.MainActivity, screenId=2, container=-100, cellX=4, cellY=4, spanX=1, spanY=1, isLandscapePos=false
10-18 15:38:10.421 D/Launcher( 2404): removeShortcutIcon, info=(ShortcutInfo, id=1336, itemType=0, user=UserHandle{0}, mIconType=0, pkgName=com.vitrinedecraques.app, className=com.vitrinedecraques.app.MainActivity, screenId=2, container=-100, cellX=4, cellY=4, spanX=1, spanY=1, isLandscapePos=false), addedLater=false, removeFromDB=true
10-18 15:38:10.422 D/Launcher.Model( 2404): deleteItemFromDatabase, item=ShortcutInfo, id=1336, itemType=0, user=UserHandle{0}, mIconType=0, pkgName=com.vitrinedecraques.app, className=com.vitrinedecraques.app.MainActivity, screenId=2, container=-100, cellX=4, cellY=4, spanX=1, spanY=1, isLandscapePos=false
10-18 15:38:11.005 I/dvm_lock_sample( 1594): [system_server,0,ActivityManager:kill,99,AutoStartManagerService.java,140,void com.android.server.am.AutoStartManagerService$1.run(),BroadcastQueue.java,984,void com.android.server.am.BroadcastQueue.processNextBroadcast(boolean, boolean),19]
10-18 15:38:11.630 D/MiuiNetworkPolicyAppBuckets( 1594): updateAppPN packageName=com.vitrinedecraques.app,uid=11389,installed=false
10-18 15:38:11.630 E/InstallApkReceiver( 2404): uninstall:package:com.vitrinedecraques.app
10-18 15:38:11.641 E/Recents ( 2131): packageMonitor   onPackageModified  packageName=com.vitrinedecraques.app   mIsRecentsWithinLauncher=true
10-18 15:38:11.644 D/Avrcp_ext(30467): packageName: com.vitrinedecraques.app removed: true
10-18 15:38:11.644 V/Avrcp_ext(30467): isBrowseSupported for com.vitrinedecraques.app: false
10-18 15:38:11.644 D/BluetoothMapAppObserver(30467): The removed package is: com.vitrinedecraques.app
10-18 15:38:11.648 I/MiPicks-LocalAppManager(15232): remove package from list: com.vitrinedecraques.app
10-18 15:38:11.650 I/InstalledAppMonitor( 7233): com.vitrinedecraques.apponReceive remove pkg=com.vitrinedecraques.app
10-18 15:38:11.690 I/Finsky:background(17325): [2] Package no longer installed: com.vitrinedecraques.app
10-18 15:38:11.700 I/Finsky:background(17325): [2] Package no longer installed: com.vitrinedecraques.app
10-18 15:38:11.701 I/Finsky:background(17325): [2] IQ: onPackageRemoved com.vitrinedecraques.app, replacing=false, uninstallingFromPlay=false
10-18 15:38:11.764 W/ActivityManager( 1594): Sending non-protected broadcast com.miui.gamebooster.UNINSTALLAPP from system 7233:com.miui.securitycenter.remote/1000 pkg com.miui.securitycenter. Callers=
10-18 15:38:11.870 I/Finsky  (16781): [2] AIM: AppInfoCacheUpdater -> invalidating apps: [com.vitrinedecraques.app]
10-18 15:38:11.894 I/Finsky  (16781): [86306] AIM: AppInfoManager-Perf > OnDeviceAppInfo > cacheHitCount=0, cacheMissCount=1. Missed  in cache (limit 10) : [com.vitrinedecraques.app]
10-18 15:38:11.977 I/Finsky  (16781): [86351] Asset module storage cleared for package com.vitrinedecraques.app.
10-18 15:38:12.063 W/RWIPackageIntentOps( 9255): Registries cleared for package: com.vitrinedecraques.app
10-18 15:38:12.114 I/Icing   ( 9255): doRemovePackageData com.vitrinedecraques.app
10-18 15:38:12.217 W/Finsky  (16781): [2] STU: Failed to get storage stats for package 'com.vitrinedecraques.app' (1601: Error getting stats: android.content.pm.PackageManager.NameNotFoundException)
10-18 15:38:12.596 I/Finsky  (16781): [2] Received an install/uninstall event for package com.vitrinedecraques.app
10-18 15:38:12.911 I/ResidentChecker(17819): check: StartScan pkg=com.vitrinedecraques.app
10-18 15:38:13.478 D/WifiConfigManager( 1594): Remove all networks for app ApplicationInfo{289c87b com.vitrinedecraques.app}
10-18 15:38:13.523 I/notification_cancel_all( 1594): [1000,1594,com.vitrinedecraques.app,0,0,0,5,NULL]
10-18 15:38:13.537 I/Finsky:background(17325): [2] Package no longer installed: com.vitrinedecraques.app
10-18 15:38:13.661 E/PasspointManager( 1594): No app ops listener found for com.vitrinedecraques.app
10-18 15:38:13.676 I/am_wtf  ( 1594): [0,1594,system_server,-1,PasspointManager,No app ops listener found for com.vitrinedecraques.app]
10-18 15:38:13.804 D/Launcher.Model( 2404): LauncherAppsCallback onPackageRemoved|com.vitrinedecraques.app|UserHandle{0}
10-18 15:38:13.804 D/Launcher.Model( 2404): Got broadcast:Intent { act=android.intent.action.PACKAGE_REMOVED dat=package:com.vitrinedecraques.app (has extras) }
10-18 15:38:13.806 D/AutoInstallsParser( 2404): isPAIPackageName: com.vitrinedecraques.app
10-18 15:38:14.175 W/System.err(17962): android.content.pm.PackageManager$NameNotFoundException: com.vitrinedecraques.app
10-18 15:38:15.556 I/dvm_lock_sample( 1594): [system_server,1,Binder:1594_9,21,ActivityManagerService.java,1537,void com.android.server.am.ActivityManagerService$AppDeathRecipient.binderDied(),-,14335,boolean com.android.server.am.ActivityManagerService.stopServiceToken(android.content.ComponentName, android.os.IBinder, int),4]
10-18 15:39:31.037 W/System.err(30088): 	at d.c.a.b.f.b.a(ActivityManagerCompat.java:11)
10-18 15:39:31.038 W/System.err(30088): 	at android.app.IActivityTaskManager$Stub$Proxy.getStackInfo(IActivityTaskManager.java:6398)
10-18 15:39:31.038 W/System.err(30088): 	at com.android.server.am.ActivityManagerService.enforceCallingPermission(ActivityManagerService.java:6163)
10-18 15:39:31.038 W/System.err(30088): 	at com.android.server.am.ActivityManagerService$LocalService.enforceCallingPermission(ActivityManagerService.java:18443)
10-18 15:39:31.038 W/System.err(30088): 	at com.android.server.wm.ActivityTaskManagerService.enforceCallerIsRecentsOrHasPermission(ActivityTaskManagerService.java:3666)
10-18 15:39:31.038 W/System.err(30088): 	at com.android.server.wm.ActivityTaskManagerService.getStackInfo(ActivityTaskManagerService.java:2910)
10-18 15:39:31.038 W/System.err(30088): 	at android.app.IActivityTaskManager$Stub.onTransact(IActivityTaskManager.java:3003)
10-18 15:39:31.194 I/dvm_lock_sample( 1594): [system_server,1,Binder:1594_3,10,ActivityTaskManagerService.java,1746,void com.android.server.wm.ActivityTaskManagerService.activityTopResumedStateLost(),ActivityStarter.java,1313,int com.android.server.wm.ActivityStarter.startActivityMayWait(android.app.IApplicationThread, int, java.lang.String, int, int, android.content.Intent, java.lang.String, android.service.voice.IVoiceInteractionSession, com.android.internal.app.IVoiceInteractor, android.os.IBinder, java.lang.String, int, int, android.app.ProfilerInfo, android.app.WaitResult, android.content.res.Configuration, com.android.server.wm.SafeActivityOptions, boolean, int, com.android.server.wm.TaskRecord, java.lang.String, boolean, com.android.server.am.PendingIntentRecord, boolean),2]
10-18 15:39:32.160 I/ActivityTaskManager( 1594): Displayed com.miui.securitycenter/com.miui.permcenter.install.AdbInstallActivity: +1s162ms
10-18 15:39:36.205 D/MiuiNetworkPolicyAppBuckets( 1594): updateAppPN packageName=com.vitrinedecraques.app,uid=11390,installed=true
10-18 15:39:36.212 E/Recents ( 2131): packageMonitor   onPackageModified  packageName=com.vitrinedecraques.app   mIsRecentsWithinLauncher=true
10-18 15:39:36.216 E/InstallApkReceiver( 2404): install:package:com.vitrinedecraques.app
10-18 15:39:36.219 D/Avrcp_ext(30467): AvrcpServiceBroadcastReceiver-> packageName: com.vitrinedecraques.app
10-18 15:39:36.219 D/Avrcp_ext(30467): packageName: com.vitrinedecraques.app removed: false
10-18 15:39:36.222 D/AppInstalledReceiver( 7233): packageName: com.vitrinedecraques.app
10-18 15:39:36.223 D/ImsResolver( 2395): maybeAddedImsService, packageName: com.vitrinedecraques.app
10-18 15:39:36.226 D/BluetoothMapAppObserver(30467): The installed package is: com.vitrinedecraques.app
10-18 15:39:36.229 I/InstalledAppMonitor( 7233): com.vitrinedecraques.apponReceive add pkg=com.vitrinedecraques.app
10-18 15:39:36.284 W/ActivityManager( 1594): Sending non-protected broadcast com.miui.gamebooster.UNINSTALLAPP from system 7233:com.miui.securitycenter.remote/1000 pkg com.miui.securitycenter. Callers=
10-18 15:39:36.300 I/Finsky  (16781): [2] AIM: AppInfoCacheUpdater -> invalidating apps: [com.vitrinedecraques.app]
10-18 15:39:36.308 I/Finsky  (16781): [86306] AIM: AppInfoManager-Perf > OnDeviceAppInfo > cacheHitCount=0, cacheMissCount=1. Missed  in cache (limit 10) : [com.vitrinedecraques.app]
10-18 15:39:36.348 I/Finsky  (16781): [86306] AIM: AppInfoManager-Perf > OnDeviceAppInfo > cacheHitCount=0, cacheMissCount=1. Missed  in cache (limit 10) : [com.vitrinedecraques.app]
10-18 15:39:36.420 I/WakePathManager( 4953): PackageMonitor. onPackageAdded: packageName =com.vitrinedecraques.app
10-18 15:39:36.609 W/GCM     ( 9244): Unexpected forwarded intent: Intent { act=android.intent.action.PACKAGE_ADDED dat=package:com.vitrinedecraques.app flg=0x4000010 pkg=com.google.android.gms cmp=com.google.android.gms/.chimera.PersistentIntentOperationService (has extras) }
10-18 15:39:36.625 W/NetworkScheduler( 9244): Unexpected forwarded intent: Intent { act=android.intent.action.PACKAGE_ADDED dat=package:com.vitrinedecraques.app flg=0x4000010 pkg=com.google.android.gms cmp=com.google.android.gms/.chimera.PersistentIntentOperationService (has extras) }
10-18 15:39:36.667 I/sysui_multi_action( 1594): [757,147,758,4,759,1,806,com.vitrinedecraques.app]
10-18 15:39:36.769 I/WakePathManager( 4953): request: ["br.com.otimizaugc.vistosoftapp","cn.wps.xiaomi.abroad.lite","com.google.android.apps.authenticator2","com.neurotec.samples.multibiometric.test","com.anydesk.adcontrol.ad1","io.appium.uiautomator2.server","net.openvpn.openvpn","com.otimiza.samplelivenessapp.xamarin","com.google.android.apps.tachyon","com.miui.android.fashiongallery","com.google.android.music","com.duokan.phone.remotecontroller","videoeditor.videorecorder.screenrecorder","com.vitrinedecraques.app","net.sourceforge.opencamera","com.google.android.apps.docs","com.otimizati.liveness.sampleapp.dev","com.google.android.contactkeys","com.ypcc.otgcamera","com.google.android.videos","com.google.android.apps.photos","com.airbeat.device.inspector","com.anydesk.anydeskandroid","io.appium.uiautomator2.server.test","com.google.android.safetycore","com.duokan.phone.remotecontroller.peel.plugin","com.tony.molink.howifi","com.google.android.apps.meetings","com.ozforensics.liveness.demo"]
10-18 15:39:36.851 I/dvm_lock_sample( 1594): [system_server,1,Binder:1594_20,7,ActivityManagerService.java,14335,boolean com.android.server.am.ActivityManagerService.stopServiceToken(android.content.ComponentName, android.os.IBinder, int),-,14494,void com.android.server.am.ActivityManagerService.serviceDoneExecuting(android.os.IBinder, int, int, int),1]
10-18 15:39:36.946 D/Launcher.Model( 2404): LauncherAppsCallback onPackageAdded|com.vitrinedecraques.app|UserHandle{0}
10-18 15:39:36.948 D/Launcher.Model( 2404): Got broadcast:Intent { act=android.intent.action.PACKAGE_ADDED dat=package:com.vitrinedecraques.app (has extras) }
10-18 15:39:36.997 I/notification_cancel_all( 1594): [1000,1594,com.vitrinedecraques.app,0,0,0,5,NULL]
10-18 15:39:37.025 E/Launcher.AllAppsList( 2404): Can't load postion for packageName: com.vitrinedecraques.app activityName: com.vitrinedecraques.app.MainActivity
10-18 15:39:37.032 D/AutoInstallsParser( 2404): isPAIPackageName: com.vitrinedecraques.app
10-18 15:39:37.037 D/Launcher.Model( 2404): onReceiveBackground, mAllAppsList=add=[(0, AppInfo, id=-1, itemType=0, user=UserHandle{0}, mIconType=0, pkgName=com.vitrinedecraques.app, className=com.vitrinedecraques.app.MainActivity, screenId=-1, container=-1, cellX=-1, cellY=-1, spanX=1, spanY=1, isLandscapePos=false)], remove=[], modified=[]
10-18 15:39:37.037 D/Launcher( 2404): add item to launcher when bind apps added, info=ShortcutInfo, id=-1, itemType=0, user=UserHandle{0}, mIconType=0, pkgName=com.vitrinedecraques.app, className=com.vitrinedecraques.app.MainActivity, screenId=-1, container=-1, cellX=-1, cellY=-1, spanX=1, spanY=1, isLandscapePos=false
10-18 15:39:37.038 D/Launcher( 2404): addItemToWorkspace, add item into db, item=ShortcutInfo, id=-1, itemType=0, user=UserHandle{0}, mIconType=0, pkgName=com.vitrinedecraques.app, className=com.vitrinedecraques.app.MainActivity, screenId=2, container=-100, cellX=4, cellY=4, spanX=1, spanY=1, isLandscapePos=false
10-18 15:39:37.038 D/Launcher.Model( 2404): Insert item com.vitrinedecraques.app to database (4, 4) of screen 2
10-18 15:39:37.039 D/Launcher.ShortcutInfo( 2404): onAddToDatabase, this=ShortcutInfo, id=1337, itemType=0, user=UserHandle{0}, mIconType=0, pkgName=com.vitrinedecraques.app, className=com.vitrinedecraques.app.MainActivity, screenId=2, container=-100, cellX=4, cellY=4, spanX=1, spanY=1, isLandscapePos=false
10-18 15:39:37.039 D/Launcher.CellLayout( 2404): updateCellOccupiedMarks, update, ShortcutInfo, id=1337, itemType=0, user=UserHandle{0}, mIconType=0, pkgName=com.vitrinedecraques.app, className=com.vitrinedecraques.app.MainActivity, screenId=2, container=-100, cellX=4, cellY=4, spanX=1, spanY=1, isLandscapePos=false
10-18 15:39:37.076 D/Launcher.CellLayout( 2404): updateCellOccupiedMarks, update, ShortcutInfo, id=1337, itemType=0, user=UserHandle{0}, mIconType=0, pkgName=com.vitrinedecraques.app, className=com.vitrinedecraques.app.MainActivity, screenId=2, container=-100, cellX=4, cellY=4, spanX=1, spanY=1, isLandscapePos=false
10-18 15:39:37.155 I/Finsky  (16781): [2] Received an install/uninstall event for package com.vitrinedecraques.app
10-18 15:39:37.219 I/PI-ScanDispatch(18627): service bind, pkgName = com.vitrinedecraques.app, installer = null, isReplace = false, firstGoogleTime = 1614890563430
10-18 15:39:37.351 I/am_create_activity( 1594): [0,265268215,1608,com.vitrinedecraques.app/.MainActivity,NULL,NULL,NULL,268435456]
10-18 15:39:37.394 W/ActivityManager( 1594): Sending non-protected broadcast miui.intent.action.PACKAGE_FIRST_LAUNCH from system uid 1000 pkg null. Callers=com.android.server.am.ActivityManagerService.broadcastIntentLocked:15855 com.android.server.am.ActivityManagerService.broadcastIntentLocked:15209 com.android.server.am.ActivityManagerService.broadcastIntent:15998 com.android.server.pm.IActivityManagerCompat.sendBroadcast:19 com.android.server.pm.SettingsInjector$1.run:117 
10-18 15:39:37.432 D/AppStatChecker(31779): first launch package: com.vitrinedecraques.app
10-18 15:39:37.505 I/am_proc_start( 1594): [0,18789,11390,com.vitrinedecraques.app,activity,{com.vitrinedecraques.app/com.vitrinedecraques.app.MainActivity}]
10-18 15:39:37.509 D/OemNetd (  518): setPidForPackage: packageName=com.vitrinedecraques.app, pid=18789, pid=11390
10-18 15:39:37.605 I/am_proc_bound( 1594): [0,18789,com.vitrinedecraques.app]
10-18 15:39:37.624 I/am_restart_activity( 1594): [0,265268215,1608,com.vitrinedecraques.app/.MainActivity,18789]
10-18 15:39:37.626 I/am_set_resumed_activity( 1594): [0,com.vitrinedecraques.app/.MainActivity,minimalResumeActivityLocked]
10-18 15:39:37.626 I/GST     (10006): forePkg: com.vitrinedecraques.app, preForePkg: com.miui.home
10-18 15:39:37.627 D/AutoInstallService(16159): onForegroundInfoChanged: com.vitrinedecraques.app
10-18 15:39:37.627 I/ProcessMonitor( 7233): onForegroundInfoChanged: ForegroundInfo{mForegroundPackageName='com.vitrinedecraques.app', mForegroundUid=11390, mForegroundPid=18789, mLastForegroundPackageName='com.miui.home', mLastForegroundUid=10064, mLastForegroundPid=2404, mMultiWindowForegroundPackageName='null', mMultiWindowForegroundUid=-1, mFlags=1}
10-18 15:39:37.628 D/PerfEngineController(15611): ForegroundInfo{mForegroundPackageName='com.vitrinedecraques.app', mForegroundUid=11390, mForegroundPid=18789, mLastForegroundPackageName='com.miui.home', mLastForegroundUid=10064, mLastForegroundPid=2404, mMultiWindowForegroundPackageName='null', mMultiWindowForegroundUid=-1, mFlags=1}
10-18 15:39:37.697 I/dvm_lock_sample( 1594): [system_server,1,android.ui,28,ActivityManagerService.java,3272,void com.android.server.am.ActivityManagerService.dispatchProcessesChanged(),-,14463,boolean com.android.server.am.ActivityManagerService.unbindService(android.app.IServiceConnection),5]
10-18 15:39:37.698 I/dvm_lock_sample( 1594): [system_server,1,Binder:1594_17,21,ActivityManagerService.java,14450,int com.android.server.am.ActivityManagerService.bindIsolatedService(android.app.IApplicationThread, android.os.IBinder, android.content.Intent, java.lang.String, android.app.IServiceConnection, int, java.lang.String, java.lang.String, int),-,5395,void com.android.server.am.ActivityManagerService.attachApplication(android.app.IApplicationThread, long),4]
10-18 15:39:38.127 D/AppActiveReceiver(18823): receive app active broadcast for: com.vitrinedecraques.app, install from: null
10-18 15:39:38.322 I/dvm_lock_sample( 1594): [system_server,1,Binder:1594_3,14,ActivityManagerService.java,14343,void com.android.server.am.ActivityManagerService.setServiceForeground(android.content.ComponentName, android.os.IBinder, int, android.app.Notification, int, int),-,14450,int com.android.server.am.ActivityManagerService.bindIsolatedService(android.app.IApplicationThread, android.os.IBinder, android.content.Intent, java.lang.String, android.app.IServiceConnection, int, java.lang.String, java.lang.String, int),2]
10-18 15:39:38.403 I/Finsky  (16781): [86306] Installer package name of package com.vitrinedecraques.app is 
10-18 15:39:38.638 I/ThumbnailBlurUtils( 7233): loadPrivacyThumbnailBlurMonthly successd{"com.anydesk.anydeskandroid":5,"com.miui.player":27,"com.vitrinedecraques.app":-1,"com.xiaomi.mipicks":5,"videoeditor.videorecorder.screenrecorder":5,"com.miui.compass":5,"com.otimiza.samplelivenessapp.xamarin":-1,"com.miui.calculator":5,"com.android.deskclock":5,"com.xiaomi.scanner":5,"com.xiaomi.midrop":5,"com.ozforensics.liveness.demo":-1,"com.miui.securitycenter":5,"com.google.android.apps.meetings":-1,"com.android.vending":5,"com.android.chrome":-1,"com.google.android.apps.photos":-1,"com.mi.android.globalFileexplorer":5,"com.google.android.apps.docs":5,"br.com.otimizaugc.vistosoftapp":-1,"com.duokan.phone.remotecontroller":5,"com.miui.gallery":6,"com.ypcc.otgcamera":-1,"com.google.android.youtube":-1,"com.miui.screenrecorder":5,"com.google.android.apps.maps":-1,"com.google.android.apps.tachyon":5,"com.miui.videoplayer":27,"net.sourceforge.opencamera":5,"com.mi.globalbrowser":5,"com.google.android.apps.messaging":5,"com.miui.notes":5,"com.google.android.videos":-1,"com.google.android.googlequicksearchbox":-1,"com.miui.miservice":5,"com.google.ar.lens":5,"com.google.android.contacts":-1,"net.openvpn.openvpn":5,"com.mi.android.globalminusscreen":5,"com.airbeat.device.inspector":5,"com.miui.weather2":5,"com.otimizati.liveness.sampleapp.dev":-1,"com.miui.fm":27,"com.android.providers.downloads.ui":5,"com.android.thememanager":5,"com.xiaomi.calendar":-1,"com.google.android.dialer":-1,"com.android.camera":6,"com.google.android.gm":5,"com.tony.molink.howifi":-1,"com.android.settings":-1,"com.xiaomi.glgm":5,"com.google.android.music":5,"com.google.android.apps.authenticator2":-1,"com.android.soundrecorder":5}
10-18 15:39:39.539 I/sysui_multi_action( 1594): [757,147,758,4,759,1,806,com.vitrinedecraques.app]
10-18 15:39:39.703 D/AppActiveReceiver(18941): receive app active broadcast for: com.vitrinedecraques.app, install from: null
10-18 15:39:41.401 I/ActivityManager( 1594): Process com.google.android.apps.wellbeing (pid 18044) has died: cch+75 CEM 
10-18 15:39:41.525 I/ActivityManager( 1594): Process com.google.android.projection.gearhead:car (pid 18075) has died: cch+65 CEM 
10-18 15:39:41.889 I/ActivityManager( 1594): Process com.google.android.documentsui (pid 18134) has died: cch+65 CEM 
10-18 15:39:41.927 I/ActivityManager( 1594): Process com.google.android.apps.photos:mediametadataservice (pid 18233) has died: cch+55 CEM 
10-18 15:39:43.188 E/Perf    (18789): Fail to get file list com.vitrinedecraques.app
10-18 15:39:43.187 I/am_lifecycle_sample(18789): [0,com.vitrinedecraques.app,110,5535]
10-18 15:39:43.188 E/Perf    (18789): Fail to get file list com.vitrinedecraques.app
10-18 15:39:43.334 D/ForceDarkHelper(18789): updateByCheckExcludeList: pkg: com.vitrinedecraques.app activity: com.vitrinedecraques.app.MainActivity@a23a989
10-18 15:39:43.343 D/ForceDarkHelper(18789): updateByCheckExcludeList: pkg: com.vitrinedecraques.app activity: com.vitrinedecraques.app.MainActivity@a23a989
10-18 15:39:43.380 D/ForceDarkHelper(18789): updateByCheckExcludeList: pkg: com.vitrinedecraques.app activity: com.vitrinedecraques.app.MainActivity@a23a989
10-18 15:39:43.449 I/am_on_create_called(18789): [0,com.vitrinedecraques.app.MainActivity,performCreate,181]
10-18 15:39:43.504 I/am_on_start_called(18789): [0,com.vitrinedecraques.app.MainActivity,handleStartActivity,0]
10-18 15:39:43.508 I/am_on_resume_called(18789): [0,com.vitrinedecraques.app.MainActivity,RESUME_ACTIVITY,1]
10-18 15:39:43.566 W/Looper  (18789): Slow Looper main: Activity com.vitrinedecraques.app/.MainActivity is 5552ms late (wall=370ms running=0ms ClientTransaction{ callbacks=[android.app.servertransaction.LaunchActivityItem] lifecycleRequest=android.app.servertransaction.ResumeActivityItem }) because of 2 msg, msg 2 took 5536ms (seq=2 late=17ms h=android.app.ActivityThread$H w=110)
10-18 15:39:43.566 I/am_on_top_resumed_gained_called(18789): [0,com.vitrinedecraques.app.MainActivity,topStateChangedWhenResumed]
10-18 15:39:43.567 W/Looper  (18789): Slow Looper main: Activity com.vitrinedecraques.app/.MainActivity is 5923ms late (wall=0ms running=0ms ClientTransaction{ callbacks=[android.app.servertransaction.TopResumedActivityChangeItem] }) because of 3 msg, msg 2 took 5536ms (seq=2 late=17ms h=android.app.ActivityThread$H w=110), msg 3 took 370ms (seq=3 late=5552ms h=android.app.ActivityThread$H w=159)
10-18 15:39:43.804 D/ForceDarkHelper(18789): updateByCheckExcludeList: pkg: com.vitrinedecraques.app activity: com.vitrinedecraques.app.MainActivity@a23a989
