11-02 14:31:45.223 I/am_add_to_stopping( 1594): [0,233681681,com.vitrinedecraques.app/.MainActivity,makeInvisible]
11-02 14:31:45.234 I/am_on_paused_called(30673): [0,com.vitrinedecraques.app.MainActivity,performPause,0]
11-02 14:31:45.651 I/am_stop_activity( 1594): [0,233681681,com.vitrinedecraques.app/.MainActivity]
11-02 14:31:45.717 I/am_on_stop_called(30673): [0,com.vitrinedecraques.app.MainActivity,STOP_ACTIVITY_ITEM,1]
11-02 14:31:46.869 I/sysui_multi_action(14041): [757,289,758,4,806,ComponentInfo{com.vitrinedecraques.app/com.vitrinedecraques.app.MainActivity}]
11-02 14:31:46.871 I/am_finish_activity( 1594): [30673,233681681,2157,com.vitrinedecraques.app/.MainActivity,remove-task]
11-02 14:31:46.871 I/am_destroy_activity( 1594): [30673,233681681,2157,com.vitrinedecraques.app/.MainActivity,finish-imm:finishActivityLocked]
11-02 14:31:46.950 I/am_on_destroy_called(30673): [0,com.vitrinedecraques.app.MainActivity,performDestroy,0]
11-02 14:31:46.958 I/am_kill ( 1594): [0,30673,com.vitrinedecraques.app,700,SwipeUpClean]
11-02 14:31:47.120 I/am_proc_died( 1594): [0,30673,com.vitrinedecraques.app,700,16]
11-02 14:35:19.040 I/chatty  ( 1594): uid=1000(system) ActivityManager expire 24 lines
11-02 14:37:23.795 I/dvm_lock_sample( 1594): [system_server,1,android.display,5,ActivityManagerService.java,17671,void com.android.server.am.ActivityManagerService.trimApplications(java.lang.String),-,17671,void com.android.server.am.ActivityManagerService.trimApplications(java.lang.String),1]
11-02 14:37:24.251 I/dvm_lock_sample( 1594): [system_server,1,android.display,5,ActivityManagerService.java,18535,void com.android.server.am.ActivityManagerService$LocalService.updateActivityUsageStats(android.content.ComponentName, int, int, android.os.IBinder, android.content.ComponentName),-,14450,int com.android.server.am.ActivityManagerService.bindIsolatedService(android.app.IApplicationThread, android.os.IBinder, android.content.Intent, java.lang.String, android.app.IServiceConnection, int, java.lang.String, java.lang.String, int),1]
11-02 14:37:26.236 I/dvm_lock_sample( 1594): [system_server,1,Binder:1594_3,21,ActivityManagerService.java,6978,android.app.ContentProviderHolder com.android.server.am.ActivityManagerService.getContentProviderImpl(android.app.IApplicationThread, java.lang.String, android.os.IBinder, int, java.lang.String, java.lang.String, boolean, int),-,14285,android.content.ComponentName com.android.server.am.ActivityManagerService.startService(android.app.IApplicationThread, android.content.Intent, java.lang.String, boolean, java.lang.String, int),4]
11-02 14:37:28.271 I/dvm_lock_sample( 1594): [system_server,1,android.ui,5,ActivityManagerService.java,3378,void com.android.server.am.ActivityManagerService.dispatchUidsChanged(),-,14450,int com.android.server.am.ActivityManagerService.bindIsolatedService(android.app.IApplicationThread, android.os.IBinder, android.content.Intent, java.lang.String, android.app.IServiceConnection, int, java.lang.String, java.lang.String, int),1]
11-02 14:37:29.493 I/dvm_lock_sample( 1594): [system_server,1,Binder:1594_2,10,ActivityManagerService.java,6752,java.lang.String com.android.server.am.ActivityManagerService.checkContentProviderAccess(java.lang.String, int),-,5395,void com.android.server.am.ActivityManagerService.attachApplication(android.app.IApplicationThread, long),2]
11-02 14:37:29.923 I/dvm_lock_sample( 1594): [system_server,1,Binder:1594_1F,5,ActivityManagerService.java,1537,void com.android.server.am.ActivityManagerService$AppDeathRecipient.binderDied(),-,14463,boolean com.android.server.am.ActivityManagerService.unbindService(android.app.IServiceConnection),1]
11-02 14:37:30.598 W/Glide   ( 1315): Load failed for file:///storage/emulated/0/DCIM/Screenshots/Screenshot_2025-11-02-14-06-13-503_com.vitrinedecraques.app.jpg with size [43x43]
11-02 14:37:30.598 W/Glide   ( 1315): java.io.FileNotFoundException(/storage/emulated/0/DCIM/Screenshots/Screenshot_2025-11-02-14-06-13-503_com.vitrinedecraques.app.jpg: open failed: ENOENT (No such file or directory))
11-02 14:37:30.598 W/Glide   ( 1315): java.io.FileNotFoundException(/storage/emulated/0/DCIM/Screenshots/Screenshot_2025-11-02-14-06-13-503_com.vitrinedecraques.app.jpg: open failed: ENOENT (No such file or directory))
11-02 14:37:30.598 W/Glide   ( 1315): java.io.FileNotFoundException(/storage/emulated/0/DCIM/Screenshots/Screenshot_2025-11-02-14-06-13-503_com.vitrinedecraques.app.jpg: open failed: ENOENT (No such file or directory))
11-02 14:37:30.598 W/Glide   ( 1315):     Cause (1 of 1): class java.io.FileNotFoundException: /storage/emulated/0/DCIM/Screenshots/Screenshot_2025-11-02-14-06-13-503_com.vitrinedecraques.app.jpg: open failed: ENOENT (No such file or directory)
11-02 14:37:30.598 W/Glide   ( 1315): java.io.FileNotFoundException(/storage/emulated/0/DCIM/Screenshots/Screenshot_2025-11-02-14-06-13-503_com.vitrinedecraques.app.jpg: open failed: ENOENT (No such file or directory))
11-02 14:37:30.598 W/Glide   ( 1315):     Cause (1 of 1): class java.io.FileNotFoundException: /storage/emulated/0/DCIM/Screenshots/Screenshot_2025-11-02-14-06-13-503_com.vitrinedecraques.app.jpg: open failed: ENOENT (No such file or directory)
11-02 14:37:30.599 I/Glide   ( 1315): java.io.FileNotFoundException: /storage/emulated/0/DCIM/Screenshots/Screenshot_2025-11-02-14-06-13-503_com.vitrinedecraques.app.jpg: open failed: ENOENT (No such file or directory)
11-02 14:37:30.601 I/Glide   ( 1315): java.io.FileNotFoundException: /storage/emulated/0/DCIM/Screenshots/Screenshot_2025-11-02-14-06-13-503_com.vitrinedecraques.app.jpg: open failed: ENOENT (No such file or directory)
11-02 14:37:30.605 W/Glide   ( 1315): Load failed for file:///storage/emulated/0/DCIM/Screenshots/Screenshot_2025-11-02-14-06-13-503_com.vitrinedecraques.app.jpg with size [177x177]
11-02 14:37:30.605 W/Glide   ( 1315): java.io.FileNotFoundException(/storage/emulated/0/DCIM/Screenshots/Screenshot_2025-11-02-14-06-13-503_com.vitrinedecraques.app.jpg: open failed: ENOENT (No such file or directory))
11-02 14:37:30.605 W/Glide   ( 1315): java.io.FileNotFoundException(/storage/emulated/0/DCIM/Screenshots/Screenshot_2025-11-02-14-06-13-503_com.vitrinedecraques.app.jpg: open failed: ENOENT (No such file or directory))
11-02 14:37:30.605 W/Glide   ( 1315): java.io.FileNotFoundException(/storage/emulated/0/DCIM/Screenshots/Screenshot_2025-11-02-14-06-13-503_com.vitrinedecraques.app.jpg: open failed: ENOENT (No such file or directory))
11-02 14:37:30.605 W/Glide   ( 1315):     Cause (1 of 1): class java.io.FileNotFoundException: /storage/emulated/0/DCIM/Screenshots/Screenshot_2025-11-02-14-06-13-503_com.vitrinedecraques.app.jpg: open failed: ENOENT (No such file or directory)
11-02 14:37:30.605 W/Glide   ( 1315): java.io.FileNotFoundException(/storage/emulated/0/DCIM/Screenshots/Screenshot_2025-11-02-14-06-13-503_com.vitrinedecraques.app.jpg: open failed: ENOENT (No such file or directory))
11-02 14:37:30.605 W/Glide   ( 1315):     Cause (1 of 1): class java.io.FileNotFoundException: /storage/emulated/0/DCIM/Screenshots/Screenshot_2025-11-02-14-06-13-503_com.vitrinedecraques.app.jpg: open failed: ENOENT (No such file or directory)
11-02 14:37:30.606 I/Glide   ( 1315): java.io.FileNotFoundException: /storage/emulated/0/DCIM/Screenshots/Screenshot_2025-11-02-14-06-13-503_com.vitrinedecraques.app.jpg: open failed: ENOENT (No such file or directory)
11-02 14:37:30.607 I/Glide   ( 1315): java.io.FileNotFoundException: /storage/emulated/0/DCIM/Screenshots/Screenshot_2025-11-02-14-06-13-503_com.vitrinedecraques.app.jpg: open failed: ENOENT (No such file or directory)
11-02 14:37:30.607 W/Glide   ( 1315): Load failed for file:///storage/emulated/0/DCIM/Screenshots/Screenshot_2025-11-02-14-06-13-503_com.vitrinedecraques.app.jpg with size [177x177]
11-02 14:37:30.607 W/Glide   ( 1315): java.io.FileNotFoundException(/storage/emulated/0/DCIM/Screenshots/Screenshot_2025-11-02-14-06-13-503_com.vitrinedecraques.app.jpg: open failed: ENOENT (No such file or directory))
11-02 14:37:30.607 W/Glide   ( 1315): java.io.FileNotFoundException(/storage/emulated/0/DCIM/Screenshots/Screenshot_2025-11-02-14-06-13-503_com.vitrinedecraques.app.jpg: open failed: ENOENT (No such file or directory))
11-02 14:37:30.607 W/Glide   ( 1315): java.io.FileNotFoundException(/storage/emulated/0/DCIM/Screenshots/Screenshot_2025-11-02-14-06-13-503_com.vitrinedecraques.app.jpg: open failed: ENOENT (No such file or directory))
11-02 14:37:30.607 W/Glide   ( 1315):     Cause (1 of 1): class java.io.FileNotFoundException: /storage/emulated/0/DCIM/Screenshots/Screenshot_2025-11-02-14-06-13-503_com.vitrinedecraques.app.jpg: open failed: ENOENT (No such file or directory)
11-02 14:37:30.607 W/Glide   ( 1315): java.io.FileNotFoundException(/storage/emulated/0/DCIM/Screenshots/Screenshot_2025-11-02-14-06-13-503_com.vitrinedecraques.app.jpg: open failed: ENOENT (No such file or directory))
11-02 14:37:30.607 W/Glide   ( 1315):     Cause (1 of 1): class java.io.FileNotFoundException: /storage/emulated/0/DCIM/Screenshots/Screenshot_2025-11-02-14-06-13-503_com.vitrinedecraques.app.jpg: open failed: ENOENT (No such file or directory)
11-02 14:37:30.608 I/Glide   ( 1315): java.io.FileNotFoundException: /storage/emulated/0/DCIM/Screenshots/Screenshot_2025-11-02-14-06-13-503_com.vitrinedecraques.app.jpg: open failed: ENOENT (No such file or directory)
11-02 14:37:30.609 I/Glide   ( 1315): java.io.FileNotFoundException: /storage/emulated/0/DCIM/Screenshots/Screenshot_2025-11-02-14-06-13-503_com.vitrinedecraques.app.jpg: open failed: ENOENT (No such file or directory)
11-02 14:37:30.612 W/Glide   ( 1315): Load failed for file:///storage/emulated/0/DCIM/Screenshots/Screenshot_2025-11-02-14-06-13-503_com.vitrinedecraques.app.jpg with size [237x237]
11-02 14:37:30.612 W/Glide   ( 1315): java.io.FileNotFoundException(/storage/emulated/0/DCIM/Screenshots/Screenshot_2025-11-02-14-06-13-503_com.vitrinedecraques.app.jpg: open failed: ENOENT (No such file or directory))
11-02 14:37:30.612 W/Glide   ( 1315): java.io.FileNotFoundException(/storage/emulated/0/DCIM/Screenshots/Screenshot_2025-11-02-14-06-13-503_com.vitrinedecraques.app.jpg: open failed: ENOENT (No such file or directory))
11-02 14:37:30.612 W/Glide   ( 1315): java.io.FileNotFoundException(/storage/emulated/0/DCIM/Screenshots/Screenshot_2025-11-02-14-06-13-503_com.vitrinedecraques.app.jpg: open failed: ENOENT (No such file or directory))
11-02 14:37:30.612 W/Glide   ( 1315):     Cause (1 of 1): class java.io.FileNotFoundException: /storage/emulated/0/DCIM/Screenshots/Screenshot_2025-11-02-14-06-13-503_com.vitrinedecraques.app.jpg: open failed: ENOENT (No such file or directory)
11-02 14:37:30.612 W/Glide   ( 1315): java.io.FileNotFoundException(/storage/emulated/0/DCIM/Screenshots/Screenshot_2025-11-02-14-06-13-503_com.vitrinedecraques.app.jpg: open failed: ENOENT (No such file or directory))
11-02 14:37:30.612 W/Glide   ( 1315):     Cause (1 of 1): class java.io.FileNotFoundException: /storage/emulated/0/DCIM/Screenshots/Screenshot_2025-11-02-14-06-13-503_com.vitrinedecraques.app.jpg: open failed: ENOENT (No such file or directory)
11-02 14:37:30.613 I/Glide   ( 1315): java.io.FileNotFoundException: /storage/emulated/0/DCIM/Screenshots/Screenshot_2025-11-02-14-06-13-503_com.vitrinedecraques.app.jpg: open failed: ENOENT (No such file or directory)
11-02 14:37:30.614 I/Glide   ( 1315): java.io.FileNotFoundException: /storage/emulated/0/DCIM/Screenshots/Screenshot_2025-11-02-14-06-13-503_com.vitrinedecraques.app.jpg: open failed: ENOENT (No such file or directory)
11-02 14:37:34.397 I/chatty  ( 1594): uid=1000(system) ActivityManager expire 11 lines
11-02 14:37:36.195 I/ShortCutsItem( 2014): drop size = 10 result = [{"actionType":"native","category":"recentInstalled","clickTrackUrls":[],"contentId":"","deeplink":"","docType":2,"jumpControl":{"TAG":"JumpControl","callee":"","clickTrackUrl":"","jumpMode":0,"mode":0,"sendLog":0,"targetType":0},"originPos":-1,"packageName":"com.miui.gallery","pos":0,"recommendSwitch":0,"score":0.0,"title":"","type":"app","viewTrackUrls":[]},{"actionType":"native","category":"recentInstalled","clickTrackUrls":[],"contentId":"","deeplink":"","docType":2,"jumpControl":{"TAG":"JumpControl","callee":"","clickTrackUrl":"","jumpMode":0,"mode":0,"sendLog":0,"targetType":0},"originPos":-1,"packageName":"com.vitrinedecraques.app","pos":0,"recommendSwitch":0,"score":0.0,"title":"","type":"app","viewTrackUrls":[]},{"actionType":"native","category":"recentInstalled","clickTrackUrls":[],"contentId":"","deeplink":"","docType":2,"jumpControl":{"TAG":"JumpControl","callee":"","clickTrackUrl":"","jumpMode":0,"mode":0,"sendLog":0,"targetType":0},"originPos":-1,"packageName":"com.android.settings","pos":0,"recommendSwitch":0,"score":0.0,"title":"","type":"app","viewTrackUrls":[]},{"actionType":"native","category":"recentInstalled","clickTrackUrls":[],"contentId":"","deeplink":"","docType":2,"jumpControl":{"TAG":"JumpControl","callee":"","clickTrackUrl":"","jumpMode":0,"mode":0,"sendLog":0,"targetType":0},"originPos":-1,"packageName":"com.google.android.googlequicksearchbox","pos":0,"recommendSwitch":0,"score":0.0,"title":"","type":"app","viewTrackUrls":[]},{"actionType":"native","category":"recentInstalled","clickTrackUrls":[],"contentId":"","deeplink":"","docType":2,"jumpControl":{"TAG":"JumpControl","callee":"","clickTrackUrl":"","jumpMode":0,"mode":0,"sendLog":0,"targetType":0},"originPos":-1,"packageName":"com.xiaomi.glgm","pos":0,"recommendSwitch":0,"score":0.0,"title":"","type":"app","viewTrackUrls":[]}]
11-02 14:37:47.963 W/PowerKeeper-ReflectionUtils( 2698): failed to callStaticMethod class com.miui.whetstone.WhetstoneActivityManager.enableMiuiStandby
11-02 14:37:47.963 W/PowerKeeper-ReflectionUtils( 2698): java.lang.NoSuchMethodException: com.miui.whetstone.WhetstoneActivityManager.enableMiuiStandby [boolean]
11-02 14:38:56.805 I/chatty  ( 1594): uid=1000(system) ActivityManager expire 12 lines
11-02 14:43:50.332 I/dvm_lock_sample( 1594): [system_server,0,Binder:1594_1E,5,ActivityManagerService.java,14494,void com.android.server.am.ActivityManagerService.serviceDoneExecuting(android.os.IBinder, int, int, int),-,14450,int com.android.server.am.ActivityManagerService.bindIsolatedService(android.app.IApplicationThread, android.os.IBinder, android.content.Intent, java.lang.String, android.app.IServiceConnection, int, java.lang.String, java.lang.String, int),1]
11-02 14:43:51.743 I/chatty  ( 1594): uid=1000(system) ActivityManager expire 18 lines
11-02 14:43:51.821 I/dvm_lock_sample( 1594): [system_server,0,Binder:1594_C,52,ActivityManagerService.java,14494,void com.android.server.am.ActivityManagerService.serviceDoneExecuting(android.os.IBinder, int, int, int),-,1537,void com.android.server.am.ActivityManagerService$AppDeathRecipient.binderDied(),10]
11-02 14:43:51.934 I/binder_sample( 4274): [android.app.IActivityManager,20,509,com.google.process.gapps,100]
11-02 14:43:52.692 I/chatty  ( 1594): uid=1000(system) ActivityManager expire 10 lines
11-02 14:43:52.839 I/dvm_lock_sample( 1594): [system_server,1,Binder:1594_7,30,ActivityManagerService.java,14791,android.content.Intent com.android.server.am.ActivityManagerService.registerReceiver(android.app.IApplicationThread, java.lang.String, android.content.IIntentReceiver, android.content.IntentFilter, java.lang.String, int, int),-,14450,int com.android.server.am.ActivityManagerService.bindIsolatedService(android.app.IApplicationThread, android.os.IBinder, android.content.Intent, java.lang.String, android.app.IServiceConnection, int, java.lang.String, java.lang.String, int),6]
11-02 14:43:53.397 I/dvm_lock_sample( 1594): [system_server,1,main,6,ActivityManagerService.java,3226,int com.android.server.am.ActivityManagerService.getPackageProcessState(java.lang.String, java.lang.String),-,14450,int com.android.server.am.ActivityManagerService.bindIsolatedService(android.app.IApplicationThread, android.os.IBinder, android.content.Intent, java.lang.String, android.app.IServiceConnection, int, java.lang.String, java.lang.String, int),1]
11-02 14:43:55.983 W/PowerKeeper-ReflectionUtils( 4453): failed to callStaticMethod class com.miui.whetstone.WhetstoneActivityManager.enableMiuiStandby
11-02 14:43:55.983 W/PowerKeeper-ReflectionUtils( 4453): java.lang.NoSuchMethodException: com.miui.whetstone.WhetstoneActivityManager.enableMiuiStandby [boolean]
11-02 14:44:04.410 I/chatty  ( 1594): uid=1000(system) ActivityManager expire 12 lines
11-02 14:49:08.257 I/dvm_lock_sample( 1594): [system_server,1,Binder:1594_11,6,ActivityManagerService.java,14463,boolean com.android.server.am.ActivityManagerService.unbindService(android.app.IServiceConnection),-,14450,int com.android.server.am.ActivityManagerService.bindIsolatedService(android.app.IApplicationThread, android.os.IBinder, android.content.Intent, java.lang.String, android.app.IServiceConnection, int, java.lang.String, java.lang.String, int),1]
11-02 14:49:08.312 I/dvm_lock_sample( 1594): [system_server,1,Binder:1594_1A,20,ActivityManagerService.java,6181,boolean com.android.server.am.ActivityManagerService.isAppStartModeDisabled(int, java.lang.String),-,14463,boolean com.android.server.am.ActivityManagerService.unbindService(android.app.IServiceConnection),4]
11-02 14:49:09.999 I/chatty  ( 1594): uid=1000(system) ActivityManager expire 9 lines
11-02 14:49:10.443 I/chatty  ( 1594): uid=1000(system) ActivityManager expire 5 lines
11-02 14:49:13.503 I/chatty  ( 1594): uid=1000(system) ActivityManager expire 1 line
11-02 14:49:14.589 I/dvm_lock_sample( 1594): [system_server,1,android.ui,5,ActivityManagerService.java,3378,void com.android.server.am.ActivityManagerService.dispatchUidsChanged(),-,5395,void com.android.server.am.ActivityManagerService.attachApplication(android.app.IApplicationThread, long),1]
11-02 14:49:14.677 I/chatty  ( 1594): uid=1000(system) ActivityManager expire 2 lines
11-02 14:49:15.445 I/chatty  ( 1594): uid=1000(system) ActivityManager expire 1 line
11-02 14:49:15.656 I/chatty  ( 1594): uid=1000(system) ActivityManager expire 1 line
11-02 14:49:17.222 I/chatty  ( 1594): uid=1000(system) ActivityManager expire 1 line
11-02 14:49:17.491 I/chatty  ( 1594): uid=1000(system) ActivityManager expire 1 line
11-02 14:49:18.329 I/chatty  ( 1594): uid=1000(system) ActivityManager expire 1 line
11-02 14:49:18.454 I/chatty  ( 1594): uid=1000(system) ActivityManager expire 3 lines
11-02 14:49:18.767 I/chatty  ( 1594): uid=1000(system) ActivityManager expire 1 line
11-02 14:49:19.156 I/dvm_lock_sample( 1594): [system_server,1,Binder:1594_E,36,ActivityManagerService.java,14791,android.content.Intent com.android.server.am.ActivityManagerService.registerReceiver(android.app.IApplicationThread, java.lang.String, android.content.IIntentReceiver, android.content.IntentFilter, java.lang.String, int, int),-,5395,void com.android.server.am.ActivityManagerService.attachApplication(android.app.IApplicationThread, long),7]
11-02 14:49:19.625 I/chatty  ( 1594): uid=1000(system) ActivityManager expire 1 line
11-02 14:49:31.255 W/ActivityManager( 1594): Sending non-protected broadcast action_temp_state_change from system 7529:com.miui.powerkeeper/1000 pkg com.miui.powerkeeper. Callers=
11-02 14:49:31.255 W/ActivityManager( 1594): Sending non-protected broadcast action_temp_state_change from system 7529:com.miui.powerkeeper/1000 pkg com.miui.powerkeeper. Callers=
11-02 14:49:33.938 W/PowerKeeper-ReflectionUtils( 7529): failed to callStaticMethod class com.miui.whetstone.WhetstoneActivityManager.enableMiuiStandby
11-02 14:49:33.938 W/PowerKeeper-ReflectionUtils( 7529): java.lang.NoSuchMethodException: com.miui.whetstone.WhetstoneActivityManager.enableMiuiStandby [boolean]
11-02 14:59:24.705 I/dvm_lock_sample( 1594): [system_server,1,android.ui,11,ActivityManagerService.java,3432,void com.android.server.am.ActivityManagerService.dispatchUidsChanged(),-,14450,int com.android.server.am.ActivityManagerService.bindIsolatedService(android.app.IApplicationThread, android.os.IBinder, android.content.Intent, java.lang.String, android.app.IServiceConnection, int, java.lang.String, java.lang.String, int),2]
11-02 14:59:25.267 W/ActivityManager( 1594): Sending non-protected broadcast action_temp_state_change from system 9747:com.miui.powerkeeper/1000 pkg com.miui.powerkeeper. Callers=
11-02 14:59:25.268 W/ActivityManager( 1594): Sending non-protected broadcast action_temp_state_change from system 9747:com.miui.powerkeeper/1000 pkg com.miui.powerkeeper. Callers=
11-02 14:59:27.508 W/PowerKeeper-ReflectionUtils( 9747): failed to callStaticMethod class com.miui.whetstone.WhetstoneActivityManager.enableMiuiStandby
11-02 14:59:27.508 W/PowerKeeper-ReflectionUtils( 9747): java.lang.NoSuchMethodException: com.miui.whetstone.WhetstoneActivityManager.enableMiuiStandby [boolean]
11-02 14:59:42.452 I/dvm_lock_sample( 1594): [system_server,1,android.ui,40,ActivityManagerService.java,3378,void com.android.server.am.ActivityManagerService.dispatchUidsChanged(),-,5395,void com.android.server.am.ActivityManagerService.attachApplication(android.app.IApplicationThread, long),8]
11-02 14:59:42.538 I/dvm_lock_sample( 1594): [system_server,1,Binder:1594_E,42,ActivityManagerService.java,14450,int com.android.server.am.ActivityManagerService.bindIsolatedService(android.app.IApplicationThread, android.os.IBinder, android.content.Intent, java.lang.String, android.app.IServiceConnection, int, java.lang.String, java.lang.String, int),-,14875,android.content.Intent com.android.server.am.ActivityManagerService.registerReceiver(android.app.IApplicationThread, java.lang.String, android.content.IIntentReceiver, android.content.IntentFilter, java.lang.String, int, int),8]
11-02 14:59:42.880 I/dvm_lock_sample( 1594): [system_server,1,Binder:1594_19,7,ProcessManagerService.java,1704,java.util.List com.android.server.am.ProcessManagerService.getRunningProcessInfo(int, int, java.lang.String, java.lang.String, int),ActivityManagerService.java,1537,void com.android.server.am.ActivityManagerService$AppDeathRecipient.binderDied(),1]
11-02 14:59:43.430 I/dvm_lock_sample( 1594): [system_server,1,Binder:1594_6,16,ActivityManagerService.java,6978,android.app.ContentProviderHolder com.android.server.am.ActivityManagerService.getContentProviderImpl(android.app.IApplicationThread, java.lang.String, android.os.IBinder, int, java.lang.String, java.lang.String, boolean, int),-,14463,boolean com.android.server.am.ActivityManagerService.unbindService(android.app.IServiceConnection),3]
11-02 14:59:43.522 I/dvm_lock_sample( 1594): [system_server,1,Binder:1594_2,5,ActivityManagerService.java,5955,boolean com.android.server.am.ActivityManagerService.isAppBad(android.content.pm.ApplicationInfo),ProcessList.java,1687,void com.android.server.am.ProcessList.lambda$startProcessLocked$0$ProcessList(com.android.server.am.ProcessRecord, java.lang.String, int[], int, int, java.lang.String, java.lang.String, java.lang.String, long),1]
11-02 14:59:43.587 I/dvm_lock_sample( 1594): [system_server,1,Binder:1594_9,5,ActivityManagerService.java,10076,void com.android.server.am.ActivityManagerService.getMyMemoryState(android.app.ActivityManager$RunningAppProcessInfo),-,5395,void com.android.server.am.ActivityManagerService.attachApplication(android.app.IApplicationThread, long),1]
11-02 14:59:45.380 I/dvm_lock_sample( 1594): [system_server,1,android.ui,27,ActivityManagerService.java,3378,void com.android.server.am.ActivityManagerService.dispatchUidsChanged(),-,14463,boolean com.android.server.am.ActivityManagerService.unbindService(android.app.IServiceConnection),5]
11-02 14:59:45.594 I/dvm_lock_sample( 1594): [system_server,1,Binder:1594_12,8,ActivityManagerService.java,6752,java.lang.String com.android.server.am.ActivityManagerService.checkContentProviderAccess(java.lang.String, int),-,14463,boolean com.android.server.am.ActivityManagerService.unbindService(android.app.IServiceConnection),1]
11-02 14:59:54.678 I/dvm_lock_sample( 1594): [system_server,1,Binder:1594_12,14,ActivityManagerService.java,5955,boolean com.android.server.am.ActivityManagerService.isAppBad(android.content.pm.ApplicationInfo),-,14450,int com.android.server.am.ActivityManagerService.bindIsolatedService(android.app.IApplicationThread, android.os.IBinder, android.content.Intent, java.lang.String, android.app.IServiceConnection, int, java.lang.String, java.lang.String, int),2]
11-02 15:00:06.240 W/ActivityManager( 1594): Sending non-protected broadcast action_temp_state_change from system 11967:com.miui.powerkeeper/1000 pkg com.miui.powerkeeper. Callers=
11-02 15:00:06.240 W/ActivityManager( 1594): Sending non-protected broadcast action_temp_state_change from system 11967:com.miui.powerkeeper/1000 pkg com.miui.powerkeeper. Callers=
11-02 15:00:08.933 W/PowerKeeper-ReflectionUtils(11967): failed to callStaticMethod class com.miui.whetstone.WhetstoneActivityManager.enableMiuiStandby
11-02 15:00:08.933 W/PowerKeeper-ReflectionUtils(11967): java.lang.NoSuchMethodException: com.miui.whetstone.WhetstoneActivityManager.enableMiuiStandby [boolean]
11-02 15:00:14.199 I/dvm_lock_sample( 1594): [system_server,1,Binder:1594_17,11,ActivityManagerService.java,5827,java.lang.String com.android.server.am.ActivityManagerService.getTagForIntentSender(android.content.IIntentSender, java.lang.String),-,14450,int com.android.server.am.ActivityManagerService.bindIsolatedService(android.app.IApplicationThread, android.os.IBinder, android.content.Intent, java.lang.String, android.app.IServiceConnection, int, java.lang.String, java.lang.String, int),2]
11-02 15:05:33.573 I/dvm_lock_sample( 1594): [system_server,1,Binder:1594_12,8,WindowProcessUtils.java,432,boolean com.android.server.wm.WindowProcessUtils.isPackageRunning(com.android.server.wm.ActivityTaskManagerService, java.lang.String, java.lang.String, int),ActivityTaskManagerService.java,7377,com.android.server.wm.WindowProcessController com.android.server.wm.ActivityTaskManagerService$LocalService.getTopApp(),1]
11-02 15:05:34.940 I/dvm_lock_sample( 1594): [system_server,1,Binder:1594_1F,20,ActivityManagerService.java,14791,android.content.Intent com.android.server.am.ActivityManagerService.registerReceiver(android.app.IApplicationThread, java.lang.String, android.content.IIntentReceiver, android.content.IntentFilter, java.lang.String, int, int),-,14450,int com.android.server.am.ActivityManagerService.bindIsolatedService(android.app.IApplicationThread, android.os.IBinder, android.content.Intent, java.lang.String, android.app.IServiceConnection, int, java.lang.String, java.lang.String, int),4]
11-02 15:06:12.449 I/dvm_lock_sample( 1594): [system_server,0,Binder:1594_12,8,ActivityManagerService.java,16095,void com.android.server.am.ActivityManagerService.finishReceiver(android.os.IBinder, int, java.lang.String, android.os.Bundle, boolean, int),-,14450,int com.android.server.am.ActivityManagerService.bindIsolatedService(android.app.IApplicationThread, android.os.IBinder, android.content.Intent, java.lang.String, android.app.IServiceConnection, int, java.lang.String, java.lang.String, int),1]
11-02 15:08:23.677 I/AndroidRuntime(15101): VM exiting with result code 0, cleanup skipped.
11-02 15:13:41.317 W/ActivityManager( 1594): Sending non-protected broadcast action_temp_state_change from system 16307:com.miui.powerkeeper/1000 pkg com.miui.powerkeeper. Callers=
11-02 15:13:41.318 W/ActivityManager( 1594): Sending non-protected broadcast action_temp_state_change from system 16307:com.miui.powerkeeper/1000 pkg com.miui.powerkeeper. Callers=
11-02 15:13:43.297 W/PowerKeeper-ReflectionUtils(16307): failed to callStaticMethod class com.miui.whetstone.WhetstoneActivityManager.enableMiuiStandby
11-02 15:13:43.297 W/PowerKeeper-ReflectionUtils(16307): java.lang.NoSuchMethodException: com.miui.whetstone.WhetstoneActivityManager.enableMiuiStandby [boolean]
11-02 15:15:40.325 W/ActivityManager( 1594): Sending non-protected broadcast android.intent.action.APPLICATION_MESSAGE_UPDATE from system 14041:com.android.systemui/1000 pkg com.android.systemui. Callers=
11-02 15:15:40.698 I/dvm_lock_sample( 1594): [system_server,1,Binder:1594_A,80,ActivityManagerService.java,14875,android.content.Intent com.android.server.am.ActivityManagerService.registerReceiver(android.app.IApplicationThread, java.lang.String, android.content.IIntentReceiver, android.content.IntentFilter, java.lang.String, int, int),-,1537,void com.android.server.am.ActivityManagerService$AppDeathRecipient.binderDied(),16]
11-02 15:15:40.722 I/dvm_lock_sample( 1594): [system_server,1,Binder:1594_3,47,ActivityManagerService.java,7717,boolean com.android.server.am.ActivityManagerService.refContentProvider(android.os.IBinder, int, int),-,14474,void com.android.server.am.ActivityManagerService.publishService(android.os.IBinder, android.content.Intent, android.os.IBinder),9]
11-02 15:15:41.974 I/dvm_lock_sample( 1594): [system_server,1,Binder:1594_C,16,ActivityManagerService.java,6181,boolean com.android.server.am.ActivityManagerService.isAppStartModeDisabled(int, java.lang.String),-,1537,void com.android.server.am.ActivityManagerService$AppDeathRecipient.binderDied(),3]
11-02 15:16:03.825 I/dvm_lock_sample( 1594): [system_server,1,Binder:1594_E,14,ActivityManagerService.java,5827,java.lang.String com.android.server.am.ActivityManagerService.getTagForIntentSender(android.content.IIntentSender, java.lang.String),-,14450,int com.android.server.am.ActivityManagerService.bindIsolatedService(android.app.IApplicationThread, android.os.IBinder, android.content.Intent, java.lang.String, android.app.IServiceConnection, int, java.lang.String, java.lang.String, int),2]
11-02 15:18:55.091 W/System.err(27128): 	at d.c.a.b.f.b.a(ActivityManagerCompat.java:11)
11-02 15:18:55.091 W/System.err(27128): 	at android.app.IActivityTaskManager$Stub$Proxy.getStackInfo(IActivityTaskManager.java:6398)
11-02 15:18:55.091 W/System.err(27128): 	at com.android.server.am.ActivityManagerService.enforceCallingPermission(ActivityManagerService.java:6163)
11-02 15:18:55.091 W/System.err(27128): 	at com.android.server.am.ActivityManagerService$LocalService.enforceCallingPermission(ActivityManagerService.java:18443)
11-02 15:18:55.091 W/System.err(27128): 	at com.android.server.wm.ActivityTaskManagerService.enforceCallerIsRecentsOrHasPermission(ActivityTaskManagerService.java:3666)
11-02 15:18:55.091 W/System.err(27128): 	at com.android.server.wm.ActivityTaskManagerService.getStackInfo(ActivityTaskManagerService.java:2910)
11-02 15:18:55.091 W/System.err(27128): 	at android.app.IActivityTaskManager$Stub.onTransact(IActivityTaskManager.java:3003)
11-02 15:18:57.469 D/MiuiNetworkPolicyAppBuckets( 1594): updateAppPN packageName=com.vitrinedecraques.app,uid=11404,installed=false
11-02 15:18:57.472 D/BluetoothMapAppObserver(30467): The removed package is: com.vitrinedecraques.app
11-02 15:18:57.472 E/InstallApkReceiver( 2404): uninstall:package:com.vitrinedecraques.app
11-02 15:18:57.502 D/MiuiNetworkPolicyAppBuckets( 1594): updateAppPN packageName=com.vitrinedecraques.app,uid=11404,installed=true
11-02 15:18:57.509 E/InstallApkReceiver( 2404): install:package:com.vitrinedecraques.app
11-02 15:18:57.525 D/ImsResolver( 2395): maybeAddedImsService, packageName: com.vitrinedecraques.app
11-02 15:18:57.526 I/notification_cancel_all( 1594): [1000,1594,com.vitrinedecraques.app,0,0,0,5,NULL]
11-02 15:18:57.528 D/Avrcp_ext(30467): AvrcpServiceBroadcastReceiver-> packageName: com.vitrinedecraques.app
11-02 15:18:57.528 D/Avrcp_ext(30467): packageName: com.vitrinedecraques.app removed: false
11-02 15:18:57.539 D/BluetoothMapAppObserver(30467): The installed package is: com.vitrinedecraques.app
11-02 15:18:57.568 D/AppInstalledReceiver( 6042): packageName: com.vitrinedecraques.app
11-02 15:18:57.574 E/Recents (14041): packageMonitor   onPackageModified  packageName=com.vitrinedecraques.app   mIsRecentsWithinLauncher=true
11-02 15:18:57.586 I/dvm_lock_sample( 1594): [system_server,0,PackageManager,86,ActivityManagerService.java,15989,int com.android.server.am.ActivityManagerService.broadcastIntent(android.app.IApplicationThread, android.content.Intent, java.lang.String, android.content.IIntentReceiver, int, java.lang.String, android.os.Bundle, java.lang.String[], int, android.os.Bundle, boolean, boolean, int),BroadcastQueue.java,984,void com.android.server.am.BroadcastQueue.processNextBroadcast(boolean, boolean),17]
11-02 15:18:57.710 I/sysui_multi_action( 1594): [757,147,758,4,759,1,806,com.vitrinedecraques.app]
11-02 15:18:57.769 I/dvm_lock_sample( 1594): [system_server,0,PackageManager,19,ActivityManagerService.java,15989,int com.android.server.am.ActivityManagerService.broadcastIntent(android.app.IApplicationThread, android.content.Intent, java.lang.String, android.content.IIntentReceiver, int, java.lang.String, android.os.Bundle, java.lang.String[], int, android.os.Bundle, boolean, boolean, int),-,14494,void com.android.server.am.ActivityManagerService.serviceDoneExecuting(android.os.IBinder, int, int, int),3]
11-02 15:18:58.360 I/dvm_lock_sample( 1594): [system_server,1,android.ui,29,ActivityManagerService.java,3378,void com.android.server.am.ActivityManagerService.dispatchUidsChanged(),-,1537,void com.android.server.am.ActivityManagerService$AppDeathRecipient.binderDied(),5]
11-02 15:18:58.553 I/am_create_activity( 1594): [0,105421950,2160,com.vitrinedecraques.app/.MainActivity,NULL,NULL,NULL,268435456]
11-02 15:18:58.749 I/am_proc_start( 1594): [0,18381,11404,com.vitrinedecraques.app,activity,{com.vitrinedecraques.app/com.vitrinedecraques.app.MainActivity}]
11-02 15:18:58.749 D/OemNetd (  518): setPidForPackage: packageName=com.vitrinedecraques.app, pid=18381, pid=11404
11-02 15:18:58.754 I/ActivityObserver(14041): filling one resumed activity ComponentInfo{com.vitrinedecraques.app/com.vitrinedecraques.app.MainActivity}
11-02 15:18:58.956 I/am_proc_bound( 1594): [0,18381,com.vitrinedecraques.app]
11-02 15:18:58.972 I/am_restart_activity( 1594): [0,105421950,2160,com.vitrinedecraques.app/.MainActivity,18381]
11-02 15:18:58.973 I/GST     (10006): forePkg: com.vitrinedecraques.app, preForePkg: com.miui.home
11-02 15:18:58.973 I/am_set_resumed_activity( 1594): [0,com.vitrinedecraques.app/.MainActivity,minimalResumeActivityLocked]
11-02 15:18:58.974 D/AutoInstallService(17556): onForegroundInfoChanged: com.vitrinedecraques.app
11-02 15:18:58.974 D/PerfEngineController(16307): ForegroundInfo{mForegroundPackageName='com.vitrinedecraques.app', mForegroundUid=11404, mForegroundPid=18381, mLastForegroundPackageName='com.miui.home', mLastForegroundUid=10064, mLastForegroundPid=2404, mMultiWindowForegroundPackageName='null', mMultiWindowForegroundUid=-1, mFlags=1}
11-02 15:18:58.974 I/ProcessMonitor( 6042): onForegroundInfoChanged: ForegroundInfo{mForegroundPackageName='com.vitrinedecraques.app', mForegroundUid=11404, mForegroundPid=18381, mLastForegroundPackageName='com.miui.home', mLastForegroundUid=10064, mLastForegroundPid=2404, mMultiWindowForegroundPackageName='null', mMultiWindowForegroundUid=-1, mFlags=1}
11-02 15:18:59.416 I/PI-ScanDispatch(18267): service bind, pkgName = com.vitrinedecraques.app, installer = null, isReplace = true, firstGoogleTime = 1614890563430
11-02 15:19:00.122 I/notification_cancel_all( 1594): [1000,1594,com.vitrinedecraques.app,0,0,0,5,NULL]
11-02 15:19:00.783 D/Launcher.Model( 2404): LauncherAppsCallback onPackageChanged|com.vitrinedecraques.app|UserHandle{0}
11-02 15:19:00.784 D/Launcher.Model( 2404): Got broadcast:Intent { act=android.intent.action.PACKAGE_CHANGED dat=package:com.vitrinedecraques.app (has extras) }
11-02 15:19:00.856 D/Launcher.AllAppsList( 2404): updatePackage, packageName=com.vitrinedecraques.app, loadMissing=false, user=UserHandle{0}, matchedSize=1
11-02 15:19:00.876 D/Launcher.AllAppsList( 2404): updatePackage, find appInfo=AppInfo, id=-1, itemType=0, user=UserHandle{0}, mIconType=0, pkgName=com.vitrinedecraques.app, className=com.vitrinedecraques.app.MainActivity, screenId=-1, container=-1, cellX=-1, cellY=-1, spanX=1, spanY=1, isLandscapePos=false from ComponentInfo{com.vitrinedecraques.app/com.vitrinedecraques.app.MainActivity}
11-02 15:19:00.909 D/Launcher.Model( 2404): onReceiveBackground, mAllAppsList=add=[], remove=[], modified=[(0, AppInfo, id=-1, itemType=0, user=UserHandle{0}, mIconType=0, pkgName=com.vitrinedecraques.app, className=com.vitrinedecraques.app.MainActivity, screenId=-1, container=-1, cellX=-1, cellY=-1, spanX=1, spanY=1, isLandscapePos=false)]
11-02 15:19:00.951 I/Finsky  (18317): [2] AIM: AppInfoCacheUpdater -> invalidating apps: [com.vitrinedecraques.app]
11-02 15:19:00.997 I/Finsky  (18317): [230344] AIM: AppInfoManager-Perf > OnDeviceAppInfo > cacheHitCount=0, cacheMissCount=1. Missed  in cache (limit 10) : [com.vitrinedecraques.app]
11-02 15:19:02.266 W/ActivityManager( 1594): Sending non-protected broadcast action_temp_state_change from system 18828:com.miui.powerkeeper/1000 pkg com.miui.powerkeeper. Callers=
11-02 15:19:02.266 W/ActivityManager( 1594): Sending non-protected broadcast action_temp_state_change from system 18828:com.miui.powerkeeper/1000 pkg com.miui.powerkeeper. Callers=
11-02 15:19:03.392 I/ActivityManager( 1594): Process com.google.android.apps.messaging (pid 18290) has died: cch+25 CEM 
11-02 15:19:03.760 I/ActivityManager( 1594): Process com.google.process.gservices (pid 18500) has died: cch+15 CEM 
11-02 15:19:03.794 I/ActivityManager( 1594): Process com.android.vending (pid 18895) has died: cch+15 CEM 
11-02 15:19:03.805 I/dvm_lock_sample( 1594): [system_server,1,Binder:1594_6,12,ActivityManagerService.java,18411,boolean com.android.server.am.ActivityManagerService$LocalService.isUidActive(int),-,1537,void com.android.server.am.ActivityManagerService$AppDeathRecipient.binderDied(),2]
11-02 15:19:03.831 I/ActivityManager( 1594): Process com.google.process.gapps (pid 18595) has died: cch+15 CEM 
11-02 15:19:04.937 I/am_lifecycle_sample(18381): [0,com.vitrinedecraques.app,110,5938]
11-02 15:19:04.950 E/Perf    (18381): Fail to get file list com.vitrinedecraques.app
11-02 15:19:04.952 E/Perf    (18381): Fail to get file list com.vitrinedecraques.app
11-02 15:19:05.070 D/ForceDarkHelper(18381): updateByCheckExcludeList: pkg: com.vitrinedecraques.app activity: com.vitrinedecraques.app.MainActivity@a23a989
11-02 15:19:05.210 I/am_on_create_called(18381): [0,com.vitrinedecraques.app.MainActivity,performCreate,175]
11-02 15:19:05.277 I/am_on_start_called(18381): [0,com.vitrinedecraques.app.MainActivity,handleStartActivity,0]
11-02 15:19:05.282 I/am_on_resume_called(18381): [0,com.vitrinedecraques.app.MainActivity,RESUME_ACTIVITY,1]
11-02 15:19:05.076 I/chatty  (18381): uid=11404(com.vitrinedecraques.app) identical 1 line
11-02 15:19:05.121 D/ForceDarkHelper(18381): updateByCheckExcludeList: pkg: com.vitrinedecraques.app activity: com.vitrinedecraques.app.MainActivity@a23a989
11-02 15:19:05.319 W/Looper  (18381): Slow Looper main: Activity com.vitrinedecraques.app/.MainActivity is 5917ms late (wall=372ms running=0ms ClientTransaction{ callbacks=[android.app.servertransaction.LaunchActivityItem] lifecycleRequest=android.app.servertransaction.ResumeActivityItem }) because of 1 msg, msg 1 took 5940ms (seq=2 late=2ms h=android.app.ActivityThread$H w=110)
11-02 15:19:05.319 I/am_on_top_resumed_gained_called(18381): [0,com.vitrinedecraques.app.MainActivity,topStateChangedWhenResumed]
11-02 15:19:05.321 W/Looper  (18381): Slow Looper main: Activity com.vitrinedecraques.app/.MainActivity is 6290ms late (wall=0ms running=0ms ClientTransaction{ callbacks=[android.app.servertransaction.TopResumedActivityChangeItem] }) because of 2 msg, msg 1 took 5940ms (seq=2 late=2ms h=android.app.ActivityThread$H w=110), msg 2 took 372ms (seq=3 late=5917ms h=android.app.ActivityThread$H w=159)
11-02 15:19:05.684 D/ForceDarkHelper(18381): updateByCheckExcludeList: pkg: com.vitrinedecraques.app activity: com.vitrinedecraques.app.MainActivity@a23a989
11-02 15:19:05.809 W/PowerKeeper-ReflectionUtils(18828): failed to callStaticMethod class com.miui.whetstone.WhetstoneActivityManager.enableMiuiStandby
11-02 15:19:05.809 W/PowerKeeper-ReflectionUtils(18828): java.lang.NoSuchMethodException: com.miui.whetstone.WhetstoneActivityManager.enableMiuiStandby [boolean]
11-02 15:19:07.480 D/ForceDarkHelper(18381): updateByCheckExcludeList: pkg: com.vitrinedecraques.app activity: com.vitrinedecraques.app.MainActivity@a23a989
11-02 15:19:07.483 I/sysui_multi_action( 1594): [319,615,321,604,322,8984,325,2449784,757,761,758,7,759,1,806,com.vitrinedecraques.app,871,com.vitrinedecraques.app.MainActivity,904,com.android.shell,905,0,945,469,1320,12,1321,1]
11-02 15:19:07.484 I/Timeline( 1594): Timeline: Activity_windows_visible id: ActivityRecord{6489c7e u0 com.vitrinedecraques.app/.MainActivity t2160} time:2449793175
11-02 15:19:07.489 I/am_activity_launch_time( 1594): [0,105421950,com.vitrinedecraques.app/.MainActivity,8984]
11-02 15:19:07.491 I/ActivityTaskManager( 1594): Displayed com.vitrinedecraques.app/.MainActivity: +8s984ms
11-02 15:19:07.710 I/GoogleInputMethodService( 8234): GoogleInputMethodService.onStartInput():1347 onStartInput(EditorInfo{EditorInfo{packageName=com.vitrinedecraques.app, inputType=0, inputTypeString=NULL, enableLearning=false, autoCorrection=false, autoComplete=false, imeOptions=0, privateImeOptions=null, actionName=UNSPECIFIED, actionLabel=null, initialSelStart=-1, initialSelEnd=-1, initialCapsMode=0, label=null, fieldId=-1, fieldName=null, extras=null, hintText=null, hintLocales=[]}}, false)
