10-19 14:55:46.213 I/dvm_lock_sample( 1594): [system_server,1,Binder:1594_9,7,ActivityManagerService.java,6752,java.lang.String com.android.server.am.ActivityManagerService.checkContentProviderAccess(java.lang.String, int),-,5395,void com.android.server.am.ActivityManagerService.attachApplication(android.app.IApplicationThread, long),1]
10-19 14:59:01.804 I/dvm_lock_sample( 1594): [system_server,1,main,52,ActivityManagerService.java,18291,void com.android.server.am.ActivityManagerService$LocalService.updateDeviceIdleTempWhitelist(int[], int, boolean),BroadcastQueue.java,984,void com.android.server.am.BroadcastQueue.processNextBroadcast(boolean, boolean),10]
10-19 14:59:01.951 I/dvm_lock_sample( 1594): [system_server,1,Binder:1594_10,73,ActivityManagerService.java,15989,int com.android.server.am.ActivityManagerService.broadcastIntent(android.app.IApplicationThread, android.content.Intent, java.lang.String, android.content.IIntentReceiver, int, java.lang.String, android.os.Bundle, java.lang.String[], int, android.os.Bundle, boolean, boolean, int),BroadcastQueue.java,984,void com.android.server.am.BroadcastQueue.processNextBroadcast(boolean, boolean),14]
10-19 14:59:02.021 I/dvm_lock_sample( 1594): [system_server,1,Binder:1594_17,36,ActivityManagerService.java,6181,boolean com.android.server.am.ActivityManagerService.isAppStartModeDisabled(int, java.lang.String),-,18347,void com.android.server.am.ActivityManagerService$LocalService.notifyNetworkPolicyRulesUpdated(int, long),7]
10-19 14:59:02.029 I/sysui_multi_action( 1594): [757,147,758,4,759,1,806,com.vitrinedecraques.app]
10-19 14:59:02.068 I/dvm_lock_sample( 1594): [system_server,1,Binder:1594_17,23,ActivityManagerService.java,6181,boolean com.android.server.am.ActivityManagerService.isAppStartModeDisabled(int, java.lang.String),-,14450,int com.android.server.am.ActivityManagerService.bindIsolatedService(android.app.IApplicationThread, android.os.IBinder, android.content.Intent, java.lang.String, android.app.IServiceConnection, int, java.lang.String, java.lang.String, int),4]
10-19 14:59:02.306 I/dvm_lock_sample( 1594): [system_server,0,Binder:1594_1B,9,ActivityManagerService.java,14494,void com.android.server.am.ActivityManagerService.serviceDoneExecuting(android.os.IBinder, int, int, int),ProcessList.java,1687,void com.android.server.am.ProcessList.lambda$startProcessLocked$0$ProcessList(com.android.server.am.ProcessRecord, java.lang.String, int[], int, int, java.lang.String, java.lang.String, java.lang.String, long),1]
10-19 14:59:02.781 I/am_create_activity( 1594): [0,160933359,1668,com.vitrinedecraques.app/.MainActivity,NULL,NULL,NULL,268435456]
10-19 14:59:02.842 I/dvm_lock_sample( 1594): [system_server,1,Binder:1594_18,121,ActivityManagerService.java,6978,android.app.ContentProviderHolder com.android.server.am.ActivityManagerService.getContentProviderImpl(android.app.IApplicationThread, java.lang.String, android.os.IBinder, int, java.lang.String, java.lang.String, boolean, int),-,14450,int com.android.server.am.ActivityManagerService.bindIsolatedService(android.app.IApplicationThread, android.os.IBinder, android.content.Intent, java.lang.String, android.app.IServiceConnection, int, java.lang.String, java.lang.String, int),24]
10-19 14:59:02.907 I/am_proc_start( 1594): [0,13680,11390,com.vitrinedecraques.app,activity,{com.vitrinedecraques.app/com.vitrinedecraques.app.MainActivity}]
10-19 14:59:03.058 I/am_proc_bound( 1594): [0,13680,com.vitrinedecraques.app]
10-19 14:59:03.063 I/am_restart_activity( 1594): [0,160933359,1668,com.vitrinedecraques.app/.MainActivity,13680]
10-19 14:59:03.064 I/am_set_resumed_activity( 1594): [0,com.vitrinedecraques.app/.MainActivity,minimalResumeActivityLocked]
10-19 14:59:03.067 I/dvm_lock_sample( 1594): [system_server,1,main,8,ActivityManagerService.java,6181,boolean com.android.server.am.ActivityManagerService.isAppStartModeDisabled(int, java.lang.String),-,5395,void com.android.server.am.ActivityManagerService.attachApplication(android.app.IApplicationThread, long),1]
10-19 14:59:03.151 I/notification_cancel_all( 1594): [1000,1594,com.vitrinedecraques.app,0,0,0,5,NULL]
10-19 14:59:03.152 I/notification_cancel_all( 1594): [1000,1594,com.vitrinedecraques.app,0,0,0,5,NULL]
10-19 14:59:05.619 I/dvm_lock_sample( 1594): [system_server,1,Binder:1594_6,5,ActivityManagerService.java,15989,int com.android.server.am.ActivityManagerService.broadcastIntent(android.app.IApplicationThread, android.content.Intent, java.lang.String, android.content.IIntentReceiver, int, java.lang.String, android.os.Bundle, java.lang.String[], int, android.os.Bundle, boolean, boolean, int),-,14450,int com.android.server.am.ActivityManagerService.bindIsolatedService(android.app.IApplicationThread, android.os.IBinder, android.content.Intent, java.lang.String, android.app.IServiceConnection, int, java.lang.String, java.lang.String, int),1]
10-19 14:59:08.382 I/am_lifecycle_sample(13680): [0,com.vitrinedecraques.app,110,5287]
10-19 14:59:08.652 I/am_on_create_called(13680): [0,com.vitrinedecraques.app.MainActivity,performCreate,172]
10-19 14:59:08.716 I/am_on_start_called(13680): [0,com.vitrinedecraques.app.MainActivity,handleStartActivity,0]
10-19 14:59:08.720 I/am_on_resume_called(13680): [0,com.vitrinedecraques.app.MainActivity,RESUME_ACTIVITY,1]
10-19 14:59:08.762 I/am_on_top_resumed_gained_called(13680): [0,com.vitrinedecraques.app.MainActivity,topStateChangedWhenResumed]
10-19 14:59:10.627 I/sysui_multi_action( 1594): [319,370,321,253,322,7910,325,1251126,757,761,758,7,759,1,806,com.vitrinedecraques.app,871,com.vitrinedecraques.app.MainActivity,904,com.android.shell,905,0,945,345,1320,12,1321,1]
10-19 14:59:10.631 I/am_activity_launch_time( 1594): [0,160933359,com.vitrinedecraques.app/.MainActivity,7910]
10-19 14:59:13.888 I/am_pss  ( 1594): [13680,11390,com.vitrinedecraques.app,141364224,133050368,187392,237580288,0,2,16]
10-19 14:59:24.321 I/am_pss  ( 1594): [13680,11390,com.vitrinedecraques.app,161819648,153296896,181248,258777088,0,2,16]
10-19 14:59:38.879 D/RecentsImpl( 2131): startRecentsActivity runningTask: ComponentInfo{com.vitrinedecraques.app/com.vitrinedecraques.app.MainActivity}
10-19 14:59:38.946 I/am_on_top_resumed_lost_called(13680): [0,com.vitrinedecraques.app.MainActivity,topStateChangedWhenResumed]
10-19 14:59:38.950 I/am_pause_activity( 1594): [13680,160933359,com.vitrinedecraques.app/.MainActivity,userLeaving=true]
10-19 14:59:38.952 I/am_add_to_stopping( 1594): [0,160933359,com.vitrinedecraques.app/.MainActivity,makeInvisible]
10-19 14:59:38.954 D/PerfEngineController(14062): ForegroundInfo{mForegroundPackageName='com.android.systemui', mForegroundUid=1000, mForegroundPid=2131, mLastForegroundPackageName='com.vitrinedecraques.app', mLastForegroundUid=11390, mLastForegroundPid=13680, mMultiWindowForegroundPackageName='null', mMultiWindowForegroundUid=-1, mFlags=0}
10-19 14:59:38.955 I/GST     (10006): forePkg: com.android.systemui, preForePkg: com.vitrinedecraques.app
10-19 14:59:38.955 I/ProcessMonitor( 7233): onForegroundInfoChanged: ForegroundInfo{mForegroundPackageName='com.android.systemui', mForegroundUid=1000, mForegroundPid=2131, mLastForegroundPackageName='com.vitrinedecraques.app', mLastForegroundUid=11390, mLastForegroundPid=13680, mMultiWindowForegroundPackageName='null', mMultiWindowForegroundUid=-1, mFlags=0}
10-19 14:59:38.963 I/am_on_paused_called(13680): [0,com.vitrinedecraques.app.MainActivity,performPause,1]
10-19 14:59:39.377 I/am_stop_activity( 1594): [0,160933359,com.vitrinedecraques.app/.MainActivity]
10-19 14:59:39.428 I/am_on_stop_called(13680): [0,com.vitrinedecraques.app.MainActivity,STOP_ACTIVITY_ITEM,0]
10-19 14:59:40.023 I/sysui_multi_action( 2131): [757,289,758,4,806,ComponentInfo{com.vitrinedecraques.app/com.vitrinedecraques.app.MainActivity}]
10-19 14:59:40.025 I/am_finish_activity( 1594): [13680,160933359,1668,com.vitrinedecraques.app/.MainActivity,remove-task]
10-19 14:59:40.025 I/am_destroy_activity( 1594): [13680,160933359,1668,com.vitrinedecraques.app/.MainActivity,finish-imm:finishActivityLocked]
10-19 14:59:40.030 D/WindowProcessUtils( 1594): remove task: TaskRecord{9caf7d0 #1668 A=com.vitrinedecraques.app U=0 StackId=903 sz=1}
10-19 14:59:40.070 I/am_kill ( 1594): [0,13680,com.vitrinedecraques.app,905,SwipeUpClean]
10-19 14:59:40.258 W/InputDispatcher( 1594): channel 'b2a7e55 com.vitrinedecraques.app/com.vitrinedecraques.app.MainActivity (server)' ~ Consumer closed input channel or an error occurred.  events=0x9
10-19 14:59:40.258 E/InputDispatcher( 1594): channel 'b2a7e55 com.vitrinedecraques.app/com.vitrinedecraques.app.MainActivity (server)' ~ Channel is unrecoverably broken and will be disposed!
10-19 14:59:40.260 W/InputDispatcher( 1594): Attempted to unregister already unregistered input channel 'b2a7e55 com.vitrinedecraques.app/com.vitrinedecraques.app.MainActivity (server)'
10-19 14:59:40.263 I/am_proc_died( 1594): [0,13680,com.vitrinedecraques.app,905,20]
10-19 15:03:03.320 W/ActivityManager( 1594): Sending non-protected broadcast miui.action.powerkeeper.randomdelay from system uid 1000 pkg com.miui.powerkeeper. Callers=com.android.server.am.ActivityManagerService.broadcastIntentLocked:15855 com.android.server.am.ActivityManagerService.broadcastIntentInPackage:16021 com.android.server.am.ActivityManagerService$LocalService.broadcastIntentInPackage:18667 com.android.server.am.PendingIntentRecord.sendInner:435 com.android.server.am.PendingIntentRecord.sendWithResult:276 
10-19 15:03:50.261 I/AndroidRuntime(14039): VM exiting with result code 0, cleanup skipped.
10-19 15:05:42.668 I/dvm_lock_sample( 1594): [system_server,1,Binder:1594_D,11,ActivityManagerService.java,14450,int com.android.server.am.ActivityManagerService.bindIsolatedService(android.app.IApplicationThread, android.os.IBinder, android.content.Intent, java.lang.String, android.app.IServiceConnection, int, java.lang.String, java.lang.String, int),-,14791,android.content.Intent com.android.server.am.ActivityManagerService.registerReceiver(android.app.IApplicationThread, java.lang.String, android.content.IIntentReceiver, android.content.IntentFilter, java.lang.String, int, int),2]
10-19 15:05:42.734 I/dvm_lock_sample( 1594): [system_server,1,Binder:1594_15,14,ActivityManagerService.java,14791,android.content.Intent com.android.server.am.ActivityManagerService.registerReceiver(android.app.IApplicationThread, java.lang.String, android.content.IIntentReceiver, android.content.IntentFilter, java.lang.String, int, int),-,5395,void com.android.server.am.ActivityManagerService.attachApplication(android.app.IApplicationThread, long),2]
10-19 15:05:43.445 I/dvm_lock_sample( 1594): [system_server,1,Binder:1594_15,5,ActivityManagerService.java,8605,boolean com.android.server.am.ActivityManagerService.isUidActive(int, java.lang.String),-,5955,boolean com.android.server.am.ActivityManagerService.isAppBad(android.content.pm.ApplicationInfo),1]
10-19 15:05:43.505 I/dvm_lock_sample( 1594): [system_server,1,Binder:1594_D,15,ActivityManagerService.java,8605,boolean com.android.server.am.ActivityManagerService.isUidActive(int, java.lang.String),-,14450,int com.android.server.am.ActivityManagerService.bindIsolatedService(android.app.IApplicationThread, android.os.IBinder, android.content.Intent, java.lang.String, android.app.IServiceConnection, int, java.lang.String, java.lang.String, int),3]
10-19 15:09:48.510 W/ActivityManager( 1594): Sending non-protected broadcast action_temp_state_change from system 16806:com.miui.powerkeeper/1000 pkg com.miui.powerkeeper. Callers=
10-19 15:09:48.510 W/ActivityManager( 1594): Sending non-protected broadcast action_temp_state_change from system 16806:com.miui.powerkeeper/1000 pkg com.miui.powerkeeper. Callers=
10-19 15:09:49.484 I/dvm_lock_sample( 1594): [system_server,1,android.ui,11,ActivityManagerService.java,3378,void com.android.server.am.ActivityManagerService.dispatchUidsChanged(),-,14450,int com.android.server.am.ActivityManagerService.bindIsolatedService(android.app.IApplicationThread, android.os.IBinder, android.content.Intent, java.lang.String, android.app.IServiceConnection, int, java.lang.String, java.lang.String, int),2]
10-19 15:09:51.632 W/PowerKeeper-ReflectionUtils(16806): failed to callStaticMethod class com.miui.whetstone.WhetstoneActivityManager.enableMiuiStandby
10-19 15:09:51.632 W/PowerKeeper-ReflectionUtils(16806): java.lang.NoSuchMethodException: com.miui.whetstone.WhetstoneActivityManager.enableMiuiStandby [boolean]
10-19 15:09:52.452 I/dvm_lock_sample( 1594): [system_server,1,Binder:1594_1A,8,ActivityManagerService.java,14791,android.content.Intent com.android.server.am.ActivityManagerService.registerReceiver(android.app.IApplicationThread, java.lang.String, android.content.IIntentReceiver, android.content.IntentFilter, java.lang.String, int, int),-,14450,int com.android.server.am.ActivityManagerService.bindIsolatedService(android.app.IApplicationThread, android.os.IBinder, android.content.Intent, java.lang.String, android.app.IServiceConnection, int, java.lang.String, java.lang.String, int),1]
10-19 15:10:33.510 I/dvm_lock_sample( 1594): [system_server,1,android.ui,5,ActivityManagerService.java,3378,void com.android.server.am.ActivityManagerService.dispatchUidsChanged(),-,1537,void com.android.server.am.ActivityManagerService$AppDeathRecipient.binderDied(),1]
10-19 15:14:47.043 W/System.err(30088): 	at d.c.a.b.f.b.a(ActivityManagerCompat.java:11)
10-19 15:14:47.043 W/System.err(30088): 	at android.app.IActivityTaskManager$Stub$Proxy.getStackInfo(IActivityTaskManager.java:6398)
10-19 15:14:47.044 W/System.err(30088): 	at com.android.server.am.ActivityManagerService.enforceCallingPermission(ActivityManagerService.java:6163)
10-19 15:14:47.044 W/System.err(30088): 	at com.android.server.am.ActivityManagerService$LocalService.enforceCallingPermission(ActivityManagerService.java:18443)
10-19 15:14:47.044 W/System.err(30088): 	at com.android.server.wm.ActivityTaskManagerService.enforceCallerIsRecentsOrHasPermission(ActivityTaskManagerService.java:3666)
10-19 15:14:47.044 W/System.err(30088): 	at com.android.server.wm.ActivityTaskManagerService.getStackInfo(ActivityTaskManagerService.java:2910)
10-19 15:14:47.044 W/System.err(30088): 	at android.app.IActivityTaskManager$Stub.onTransact(IActivityTaskManager.java:3003)
10-19 15:14:48.454 I/dvm_lock_sample( 1594): [system_server,1,android.ui,37,ActivityManagerService.java,3378,void com.android.server.am.ActivityManagerService.dispatchUidsChanged(),-,1537,void com.android.server.am.ActivityManagerService$AppDeathRecipient.binderDied(),7]
10-19 15:14:49.237 D/MiuiNetworkPolicyAppBuckets( 1594): updateAppPN packageName=com.vitrinedecraques.app,uid=11390,installed=false
10-19 15:14:49.238 E/InstallApkReceiver( 2404): uninstall:package:com.vitrinedecraques.app
10-19 15:14:49.247 D/BluetoothMapAppObserver(30467): The removed package is: com.vitrinedecraques.app
10-19 15:14:49.295 D/MiuiNetworkPolicyAppBuckets( 1594): updateAppPN packageName=com.vitrinedecraques.app,uid=11390,installed=true
10-19 15:14:49.301 E/InstallApkReceiver( 2404): install:package:com.vitrinedecraques.app
10-19 15:14:49.305 E/Recents ( 2131): packageMonitor   onPackageModified  packageName=com.vitrinedecraques.app   mIsRecentsWithinLauncher=true
10-19 15:14:49.307 D/Avrcp_ext(30467): AvrcpServiceBroadcastReceiver-> packageName: com.vitrinedecraques.app
10-19 15:14:49.307 D/Avrcp_ext(30467): packageName: com.vitrinedecraques.app removed: false
10-19 15:14:49.310 I/dvm_lock_sample( 1594): [system_server,1,main,27,ActivityManagerService.java,15989,int com.android.server.am.ActivityManagerService.broadcastIntent(android.app.IApplicationThread, android.content.Intent, java.lang.String, android.content.IIntentReceiver, int, java.lang.String, android.os.Bundle, java.lang.String[], int, android.os.Bundle, boolean, boolean, int),-,15989,int com.android.server.am.ActivityManagerService.broadcastIntent(android.app.IApplicationThread, android.content.Intent, java.lang.String, android.content.IIntentReceiver, int, java.lang.String, android.os.Bundle, java.lang.String[], int, android.os.Bundle, boolean, boolean, int),5]
10-19 15:14:49.313 D/ImsResolver( 2395): maybeAddedImsService, packageName: com.vitrinedecraques.app
10-19 15:14:49.315 D/BluetoothMapAppObserver(30467): The installed package is: com.vitrinedecraques.app
10-19 15:14:49.319 D/AppInstalledReceiver( 7233): packageName: com.vitrinedecraques.app
10-19 15:14:49.356 I/MiPicks-LocalAppManager(16319): add package to list: com.vitrinedecraques.app
10-19 15:14:49.381 I/sysui_multi_action( 1594): [757,147,758,4,759,1,806,com.vitrinedecraques.app]
10-19 15:14:50.241 I/PI-ScanDispatch(17390): service bind, pkgName = com.vitrinedecraques.app, installer = null, isReplace = true, firstGoogleTime = 1614890563430
10-19 15:14:50.276 I/am_create_activity( 1594): [0,93684482,1670,com.vitrinedecraques.app/.MainActivity,NULL,NULL,NULL,268435456]
10-19 15:14:50.377 I/am_proc_start( 1594): [0,17553,11390,com.vitrinedecraques.app,activity,{com.vitrinedecraques.app/com.vitrinedecraques.app.MainActivity}]
10-19 15:14:50.378 D/OemNetd (  518): setPidForPackage: packageName=com.vitrinedecraques.app, pid=17553, pid=11390
10-19 15:14:50.516 I/am_proc_bound( 1594): [0,17553,com.vitrinedecraques.app]
10-19 15:14:50.525 I/am_restart_activity( 1594): [0,93684482,1670,com.vitrinedecraques.app/.MainActivity,17553]
10-19 15:14:50.527 I/am_set_resumed_activity( 1594): [0,com.vitrinedecraques.app/.MainActivity,minimalResumeActivityLocked]
10-19 15:14:50.528 D/AutoInstallService(15269): onForegroundInfoChanged: com.vitrinedecraques.app
10-19 15:14:50.528 I/GST     (10006): forePkg: com.vitrinedecraques.app, preForePkg: com.miui.home
10-19 15:14:50.529 D/PerfEngineController(16806): ForegroundInfo{mForegroundPackageName='com.vitrinedecraques.app', mForegroundUid=11390, mForegroundPid=17553, mLastForegroundPackageName='com.miui.home', mLastForegroundUid=10064, mLastForegroundPid=2404, mMultiWindowForegroundPackageName='null', mMultiWindowForegroundUid=-1, mFlags=1}
10-19 15:14:50.530 I/ProcessMonitor( 7233): onForegroundInfoChanged: ForegroundInfo{mForegroundPackageName='com.vitrinedecraques.app', mForegroundUid=11390, mForegroundPid=17553, mLastForegroundPackageName='com.miui.home', mLastForegroundUid=10064, mLastForegroundPid=2404, mMultiWindowForegroundPackageName='null', mMultiWindowForegroundUid=-1, mFlags=1}
10-19 15:14:52.004 I/notification_cancel_all( 1594): [1000,1594,com.vitrinedecraques.app,0,0,0,5,NULL]
10-19 15:14:52.050 I/notification_cancel_all( 1594): [1000,1594,com.vitrinedecraques.app,0,0,0,5,NULL]
10-19 15:14:52.421 I/Finsky  (17418): [2] AIM: AppInfoCacheUpdater -> invalidating apps: [com.vitrinedecraques.app]
10-19 15:14:52.523 I/Finsky  (17418): [93058] AIM: AppInfoManager-Perf > OnDeviceAppInfo > cacheHitCount=0, cacheMissCount=1. Missed  in cache (limit 10) : [com.vitrinedecraques.app]
10-19 15:14:52.649 D/Launcher.Model( 2404): LauncherAppsCallback onPackageChanged|com.vitrinedecraques.app|UserHandle{0}
10-19 15:14:52.650 D/Launcher.Model( 2404): Got broadcast:Intent { act=android.intent.action.PACKAGE_CHANGED dat=package:com.vitrinedecraques.app (has extras) }
10-19 15:14:52.735 D/Launcher.AllAppsList( 2404): updatePackage, packageName=com.vitrinedecraques.app, loadMissing=false, user=UserHandle{0}, matchedSize=1
10-19 15:14:52.742 D/Launcher.AllAppsList( 2404): updatePackage, find appInfo=AppInfo, id=-1, itemType=0, user=UserHandle{0}, mIconType=0, pkgName=com.vitrinedecraques.app, className=com.vitrinedecraques.app.MainActivity, screenId=-1, container=-1, cellX=-1, cellY=-1, spanX=1, spanY=1, isLandscapePos=false from ComponentInfo{com.vitrinedecraques.app/com.vitrinedecraques.app.MainActivity}
10-19 15:14:52.755 D/Launcher.Model( 2404): onReceiveBackground, mAllAppsList=add=[], remove=[], modified=[(0, AppInfo, id=-1, itemType=0, user=UserHandle{0}, mIconType=0, pkgName=com.vitrinedecraques.app, className=com.vitrinedecraques.app.MainActivity, screenId=-1, container=-1, cellX=-1, cellY=-1, spanX=1, spanY=1, isLandscapePos=false)]
10-19 15:14:55.625 I/ActivityManager( 1594): Process com.google.android.apps.wellbeing (pid 16042) has died: cch+65 CEM 
10-19 15:14:55.666 I/ActivityManager( 1594): Process com.xiaomi.glgm (pid 16675) has died: cch+55 CEM 
10-19 15:14:55.681 I/ActivityManager( 1594): Process com.xiaomi.mipicks (pid 16319) has died: cch+99 CEM 
10-19 15:14:55.722 W/ActivityManager( 1594): Sending non-protected broadcast android.intent.action.APPLICATION_MESSAGE_UPDATE from system 2131:com.android.systemui/1000 pkg com.android.systemui. Callers=
10-19 15:14:56.356 I/am_lifecycle_sample(17553): [0,com.vitrinedecraques.app,110,5806]
10-19 15:14:56.360 E/Perf    (17553): Fail to get file list com.vitrinedecraques.app
10-19 15:14:56.361 E/Perf    (17553): Fail to get file list com.vitrinedecraques.app
10-19 15:14:56.471 D/ForceDarkHelper(17553): updateByCheckExcludeList: pkg: com.vitrinedecraques.app activity: com.vitrinedecraques.app.MainActivity@a23a989
10-19 15:14:56.574 I/am_on_create_called(17553): [0,com.vitrinedecraques.app.MainActivity,performCreate,149]
10-19 15:14:56.630 I/am_on_start_called(17553): [0,com.vitrinedecraques.app.MainActivity,handleStartActivity,0]
10-19 15:14:56.634 I/am_on_resume_called(17553): [0,com.vitrinedecraques.app.MainActivity,RESUME_ACTIVITY,2]
10-19 15:14:56.684 W/Looper  (17553): Slow Looper main: Activity com.vitrinedecraques.app/.MainActivity is 5778ms late (wall=321ms running=0ms ClientTransaction{ callbacks=[android.app.servertransaction.LaunchActivityItem] lifecycleRequest=android.app.servertransaction.ResumeActivityItem }) because of 1 msg, msg 1 took 5807ms (seq=2 late=1ms h=android.app.ActivityThread$H w=110)
10-19 15:14:56.685 I/am_on_top_resumed_gained_called(17553): [0,com.vitrinedecraques.app.MainActivity,topStateChangedWhenResumed]
10-19 15:14:56.685 W/Looper  (17553): Slow Looper main: Activity com.vitrinedecraques.app/.MainActivity is 6094ms late (wall=0ms running=0ms ClientTransaction{ callbacks=[android.app.servertransaction.TopResumedActivityChangeItem] }) because of 2 msg, msg 1 took 5807ms (seq=2 late=1ms h=android.app.ActivityThread$H w=110), msg 2 took 321ms (seq=3 late=5778ms h=android.app.ActivityThread$H w=159)
10-19 15:14:56.476 I/chatty  (17553): uid=11390(com.vitrinedecraques.app) identical 1 line
10-19 15:14:56.508 D/ForceDarkHelper(17553): updateByCheckExcludeList: pkg: com.vitrinedecraques.app activity: com.vitrinedecraques.app.MainActivity@a23a989
10-19 15:14:56.925 D/ForceDarkHelper(17553): updateByCheckExcludeList: pkg: com.vitrinedecraques.app activity: com.vitrinedecraques.app.MainActivity@a23a989
10-19 15:14:58.195 I/ActivityManager( 1594): Process com.google.android.apps.photos:mediametadataservice (pid 17062) has died: cch+99 CEM 
10-19 15:14:58.369 I/Timeline( 1594): Timeline: Activity_windows_visible id: ActivityRecord{5958302 u0 com.vitrinedecraques.app/.MainActivity t1670} time:1252082366
10-19 15:14:58.372 D/ForceDarkHelper(17553): updateByCheckExcludeList: pkg: com.vitrinedecraques.app activity: com.vitrinedecraques.app.MainActivity@a23a989
10-19 15:14:58.469 I/GoogleInputMethodService(17521): GoogleInputMethodService.onStartInput():1347 onStartInput(EditorInfo{EditorInfo{packageName=com.vitrinedecraques.app, inputType=0, inputTypeString=NULL, enableLearning=false, autoCorrection=false, autoComplete=false, imeOptions=0, privateImeOptions=null, actionName=UNSPECIFIED, actionLabel=null, initialSelStart=-1, initialSelEnd=-1, initialCapsMode=0, label=null, fieldId=-1, fieldName=null, extras=null, hintText=null, hintLocales=[]}}, false)
10-19 15:14:58.687 I/sysui_multi_action( 1594): [319,371,321,302,322,8150,325,1252074,757,761,758,7,759,1,806,com.vitrinedecraques.app,871,com.vitrinedecraques.app.MainActivity,904,com.android.shell,905,0,945,298,1320,12,1321,1]
10-19 15:14:58.688 I/am_activity_launch_time( 1594): [0,93684482,com.vitrinedecraques.app/.MainActivity,8150]
10-19 15:14:58.690 I/ActivityTaskManager( 1594): Displayed com.vitrinedecraques.app/.MainActivity: +8s150ms
