10-20 07:18:05.321 I/dvm_lock_sample( 1594): [system_server,0,Binder:1594_9,6,ActivityManagerService.java,14494,void com.android.server.am.ActivityManagerService.serviceDoneExecuting(android.os.IBinder, int, int, int),-,14463,boolean com.android.server.am.ActivityManagerService.unbindService(android.app.IServiceConnection),1]
10-20 07:21:03.480 I/dvm_lock_sample( 1594): [system_server,1,android.ui,5,ActivityManagerService.java,3378,void com.android.server.am.ActivityManagerService.dispatchUidsChanged(),-,14285,android.content.ComponentName com.android.server.am.ActivityManagerService.startService(android.app.IApplicationThread, android.content.Intent, java.lang.String, boolean, java.lang.String, int),1]
10-20 07:41:14.796 I/dvm_lock_sample( 1594): [system_server,0,AsyncTask #7,46,ActivityManagerService.java,10090,int com.android.server.am.ActivityManagerService.getMemoryTrimLevel(),ProcessRecord.java,1358,void com.android.server.am.ProcessRecord.updateProcessInfo(boolean, boolean, boolean),9]
10-20 07:41:16.058 I/sysui_multi_action( 1594): [757,147,758,4,759,1,806,com.vitrinedecraques.app]
10-20 07:41:16.156 I/dvm_lock_sample( 1594): [system_server,1,Binder:1594_6,26,ActivityManagerService.java,14285,android.content.ComponentName com.android.server.am.ActivityManagerService.startService(android.app.IApplicationThread, android.content.Intent, java.lang.String, boolean, java.lang.String, int),BroadcastQueue.java,984,void com.android.server.am.BroadcastQueue.processNextBroadcast(boolean, boolean),5]
10-20 07:41:16.166 I/dvm_lock_sample( 1594): [system_server,1,Binder:1594_17,17,ActivityManagerService.java,5395,void com.android.server.am.ActivityManagerService.attachApplication(android.app.IApplicationThread, long),BroadcastQueue.java,984,void com.android.server.am.BroadcastQueue.processNextBroadcast(boolean, boolean),3]
10-20 07:41:16.285 I/dvm_lock_sample( 1594): [system_server,1,Binder:1594_F,20,ActivityManagerService.java,14335,boolean com.android.server.am.ActivityManagerService.stopServiceToken(android.content.ComponentName, android.os.IBinder, int),-,1537,void com.android.server.am.ActivityManagerService$AppDeathRecipient.binderDied(),4]
10-20 07:41:16.417 I/dvm_lock_sample( 1594): [system_server,0,Binder:1594_16,11,ActivityManagerService.java,14494,void com.android.server.am.ActivityManagerService.serviceDoneExecuting(android.os.IBinder, int, int, int),-,1537,void com.android.server.am.ActivityManagerService$AppDeathRecipient.binderDied(),2]
10-20 07:41:17.561 I/am_create_activity( 1594): [0,63479077,1711,com.vitrinedecraques.app/.MainActivity,NULL,NULL,NULL,268435456]
10-20 07:41:17.707 I/dvm_lock_sample( 1594): [system_server,1,android.display,12,ActivityManagerService.java,17671,void com.android.server.am.ActivityManagerService.trimApplications(java.lang.String),-,1537,void com.android.server.am.ActivityManagerService$AppDeathRecipient.binderDied(),2]
10-20 07:41:17.766 I/am_proc_start( 1594): [0,20589,11390,com.vitrinedecraques.app,activity,{com.vitrinedecraques.app/com.vitrinedecraques.app.MainActivity}]
10-20 07:41:17.914 I/am_proc_bound( 1594): [0,20589,com.vitrinedecraques.app]
10-20 07:41:17.922 I/PI-ScanDispatch(20337): service bind, pkgName = com.vitrinedecraques.app, installer = null, isReplace = true, firstGoogleTime = 1614890563430
10-20 07:41:17.924 I/am_restart_activity( 1594): [0,63479077,1711,com.vitrinedecraques.app/.MainActivity,20589]
10-20 07:41:17.925 D/PerfEngineController(19522): ForegroundInfo{mForegroundPackageName='com.vitrinedecraques.app', mForegroundUid=11390, mForegroundPid=20589, mLastForegroundPackageName='com.miui.home', mLastForegroundUid=10064, mLastForegroundPid=2404, mMultiWindowForegroundPackageName='null', mMultiWindowForegroundUid=-1, mFlags=1}
10-20 07:41:17.926 I/ProcessMonitor( 7233): onForegroundInfoChanged: ForegroundInfo{mForegroundPackageName='com.vitrinedecraques.app', mForegroundUid=11390, mForegroundPid=20589, mLastForegroundPackageName='com.miui.home', mLastForegroundUid=10064, mLastForegroundPid=2404, mMultiWindowForegroundPackageName='null', mMultiWindowForegroundUid=-1, mFlags=1}
10-20 07:41:17.926 I/GST     (10006): forePkg: com.vitrinedecraques.app, preForePkg: com.miui.home
10-20 07:41:17.931 I/am_set_resumed_activity( 1594): [0,com.vitrinedecraques.app/.MainActivity,minimalResumeActivityLocked]
10-20 07:41:17.988 I/ActivityManager( 1594): Process android.process.acore (pid 19490) has died: cch+75 CEM 
10-20 07:41:18.095 I/ActivityManager( 1594): Process com.google.android.apps.messaging (pid 19325) has died: cch+65 CEM 
10-20 07:41:18.258 I/ActivityManager( 1594): Existing provider com.google.android.gsf/.gservices.GservicesProvider is crashing; detaching ProcessRecord{c2aac4b 20369:com.android.vending/u0a54}
10-20 07:41:18.263 I/ActivityManager( 1594): Process com.google.process.gservices (pid 31692) has died: fore RCVR
10-20 07:41:18.333 I/ActivityManager( 1594): Process com.android.cellbroadcastreceiver (pid 19276) has died: cch+99 CEM 
10-20 07:41:18.426 W/ActivityManager( 1594): Slow operation: 137ms so far, now at startProcess: returned from zygote!
10-20 07:41:18.426 W/ActivityManager( 1594): Slow operation: 137ms so far, now at startProcess: done updating battery stats
10-20 07:41:18.427 W/ActivityManager( 1594): Slow operation: 137ms so far, now at startProcess: building log message
10-20 07:41:18.427 I/ActivityManager( 1594): Start proc 20708:com.google.process.gservices/u0a29 for content provider {com.google.android.gsf/com.google.android.gsf.gservices.GservicesProvider} caller=com.android.vending
10-20 07:41:18.427 W/ActivityManager( 1594): Slow operation: 138ms so far, now at startProcess: starting to update pids map
10-20 07:41:18.427 W/ActivityManager( 1594): Slow operation: 138ms so far, now at startProcess: done updating pids map
10-20 07:41:18.435 I/ActivityManager( 1594): Process com.google.android.webview:sandboxed_process0:org.chromium.content.app.SandboxedProcessService0:0 (pid 19735) has died: cch+99 CEM 
10-20 07:41:18.442 W/ActivityManager( 1594): Scheduling restart of crashed service com.google.android.googlequicksearchbox/org.chromium.content.app.SandboxedProcessService0:0 in 38837ms
10-20 07:41:18.665 I/dvm_lock_sample( 1594): [system_server,1,Binder:1594_1,60,ActivityManagerService.java,14463,boolean com.android.server.am.ActivityManagerService.unbindService(android.app.IServiceConnection),-,14450,int com.android.server.am.ActivityManagerService.bindIsolatedService(android.app.IApplicationThread, android.os.IBinder, android.content.Intent, java.lang.String, android.app.IServiceConnection, int, java.lang.String, java.lang.String, int),12]
10-20 07:41:18.765 I/dvm_lock_sample( 1594): [system_server,1,Binder:1594_1,99,ActivityManagerService.java,14463,boolean com.android.server.am.ActivityManagerService.unbindService(android.app.IServiceConnection),ActiveServices.java,2189,void com.android.server.am.ActiveServices$ServiceRestarter.run(),19]
10-20 07:41:18.772 I/dvm_lock_sample( 1594): [system_server,1,Binder:1594_11,90,ActivityManagerService.java,14791,android.content.Intent com.android.server.am.ActivityManagerService.registerReceiver(android.app.IApplicationThread, java.lang.String, android.content.IIntentReceiver, android.content.IntentFilter, java.lang.String, int, int),ActiveServices.java,2189,void com.android.server.am.ActiveServices$ServiceRestarter.run(),18]
10-20 07:41:18.786 W/system_server( 1594): Long monitor contention with owner ActivityManager (1651) at void com.android.server.am.ActiveServices$ServiceRestarter.run()(ActiveServices.java:2189) waiters=6 in void com.android.server.am.ActivityManagerService$AppDeathRecipient.binderDied() for 101ms
10-20 07:41:18.787 I/dvm_lock_sample( 1594): [system_server,1,Binder:1594_B,101,ActivityManagerService.java,1537,void com.android.server.am.ActivityManagerService$AppDeathRecipient.binderDied(),ActiveServices.java,2189,void com.android.server.am.ActiveServices$ServiceRestarter.run(),20]
10-20 07:41:18.787 I/ActivityManager( 1594): Process com.google.android.webview:webview_service (pid 18429) has died: cch+99 CEM 
10-20 07:41:18.811 W/ActivityManager( 1594): Slow operation: 147ms so far, now at startProcess: done updating battery stats
10-20 07:41:18.812 W/ActivityManager( 1594): Slow operation: 148ms so far, now at startProcess: building log message
10-20 07:41:18.813 I/ActivityManager( 1594): Start proc 20770:com.qualcomm.qti.workloadclassifier/1000 for service {com.qualcomm.qti.workloadclassifier/com.qualcomm.qti.workloadclassifier.WLCService} caller=com.qualcomm.qti.workloadclassifier
10-20 07:41:18.813 W/ActivityManager( 1594): Slow operation: 148ms so far, now at startProcess: starting to update pids map
10-20 07:41:18.813 W/ActivityManager( 1594): Slow operation: 148ms so far, now at startProcess: done updating pids map
10-20 07:41:18.872 W/ActivityManager( 1594): Slow operation: 111ms so far, now at startProcess: returned from zygote!
10-20 07:41:18.872 W/ActivityManager( 1594): Slow operation: 111ms so far, now at startProcess: done updating battery stats
10-20 07:41:18.875 W/ActivityManager( 1594): Slow operation: 114ms so far, now at startProcess: building log message
10-20 07:41:18.875 I/ActivityManager( 1594): Start proc 20813:com.google.process.gapps/u0a29 for content provider {com.google.android.gsf/com.google.android.gsf.settings.GoogleSettingsProvider} caller=com.android.vending
10-20 07:41:18.875 W/ActivityManager( 1594): Slow operation: 114ms so far, now at startProcess: starting to update pids map
10-20 07:41:18.876 W/ActivityManager( 1594): Slow operation: 114ms so far, now at startProcess: done updating pids map
10-20 07:41:18.896 I/ActivityManager( 1594): Process com.miui.videoplayer (pid 18320) has died: cch+85 CEM 
10-20 07:41:19.055 I/dvm_lock_sample( 1594): [system_server,1,android.anim,5,InputMonitor.java,120,void com.android.server.wm.InputMonitor$1.run(),WindowProcessUtils.java,416,int com.android.server.wm.WindowProcessUtils.getCallerUid(com.android.server.wm.ActivityTaskManagerService, android.app.IApplicationThread),1]
10-20 07:41:19.064 I/notification_cancel_all( 1594): [1000,1594,com.vitrinedecraques.app,0,0,0,5,NULL]
10-20 07:41:19.069 I/dvm_lock_sample( 1594): [system_server,1,Binder:1594_10,60,ActivityManagerService.java,14791,android.content.Intent com.android.server.am.ActivityManagerService.registerReceiver(android.app.IApplicationThread, java.lang.String, android.content.IIntentReceiver, android.content.IntentFilter, java.lang.String, int, int),-,5395,void com.android.server.am.ActivityManagerService.attachApplication(android.app.IApplicationThread, long),12]
10-20 07:41:19.119 I/dvm_lock_sample( 1594): [system_server,1,android.ui,29,ActivityManagerService.java,3378,void com.android.server.am.ActivityManagerService.dispatchUidsChanged(),-,14450,int com.android.server.am.ActivityManagerService.bindIsolatedService(android.app.IApplicationThread, android.os.IBinder, android.content.Intent, java.lang.String, android.app.IServiceConnection, int, java.lang.String, java.lang.String, int),5]
10-20 07:41:19.225 W/BpBinder(20369): Slow Binder: BpBinder transact took 974ms, interface=android.app.IActivityManager, code=20 oneway=false
10-20 07:41:19.240 I/notification_cancel_all( 1594): [1000,1594,com.vitrinedecraques.app,0,0,0,5,NULL]
10-20 07:41:19.342 I/ActivityManager( 1594): Process android.process.media (pid 19854) has died: cch+85 CEM 
10-20 07:41:19.362 I/dvm_lock_sample( 1594): [system_server,1,Binder:1594_11,13,ActivityManagerService.java,14450,int com.android.server.am.ActivityManagerService.bindIsolatedService(android.app.IApplicationThread, android.os.IBinder, android.content.Intent, java.lang.String, android.app.IServiceConnection, int, java.lang.String, java.lang.String, int),-,1537,void com.android.server.am.ActivityManagerService$AppDeathRecipient.binderDied(),2]
10-20 07:41:19.421 I/ActivityManager( 1594): Process com.xiaomi.mipicks (pid 17633) has died: cch+75 CEM 
10-20 07:41:19.460 W/BpBinder(20369): Slow Binder: BpBinder transact took 799ms, interface=android.app.IActivityManager, code=20 oneway=false
10-20 07:41:19.596 I/ActivityManager( 1594): Process com.google.android.youtube (pid 18078) has died: cch+65 CEM 
10-20 07:41:19.648 I/ActivityManager( 1594): Start proc 20954:com.android.vending:background/u0a54 for broadcast {com.android.vending/com.google.android.finsky.packagemonitor.backgroundimpl.BackgroundPackageMonitorReceiverImpl$RegisteredReceiver} caller=null
10-20 07:41:19.919 I/ActivityManager( 1594): Start proc 21011:com.google.android.webview:webview_service/u0a112 for service {com.google.android.webview/org.chromium.android_webview.services.VariationsSeedServer} caller=com.miui.global.packageinstaller
10-20 07:41:20.015 D/Launcher.Model( 2404): LauncherAppsCallback onPackageChanged|com.vitrinedecraques.app|UserHandle{0}
10-20 07:41:20.016 D/Launcher.Model( 2404): Got broadcast:Intent { act=android.intent.action.PACKAGE_CHANGED dat=package:com.vitrinedecraques.app (has extras) }
10-20 07:41:20.091 D/Launcher.AllAppsList( 2404): updatePackage, packageName=com.vitrinedecraques.app, loadMissing=false, user=UserHandle{0}, matchedSize=1
10-20 07:41:20.099 I/ActivityManager( 1594): Start proc 21037:com.google.android.webview:sandboxed_process0:org.chromium.content.app.SandboxedProcessService0:0/u0i968 for  {com.miui.global.packageinstaller/org.chromium.content.app.SandboxedProcessService0:0} caller=com.miui.global.packageinstaller
10-20 07:41:20.102 D/Launcher.AllAppsList( 2404): updatePackage, find appInfo=AppInfo, id=-1, itemType=0, user=UserHandle{0}, mIconType=0, pkgName=com.vitrinedecraques.app, className=com.vitrinedecraques.app.MainActivity, screenId=-1, container=-1, cellX=-1, cellY=-1, spanX=1, spanY=1, isLandscapePos=false from ComponentInfo{com.vitrinedecraques.app/com.vitrinedecraques.app.MainActivity}
10-20 07:41:20.108 D/Launcher.Model( 2404): onReceiveBackground, mAllAppsList=add=[], remove=[], modified=[(0, AppInfo, id=-1, itemType=0, user=UserHandle{0}, mIconType=0, pkgName=com.vitrinedecraques.app, className=com.vitrinedecraques.app.MainActivity, screenId=-1, container=-1, cellX=-1, cellY=-1, spanX=1, spanY=1, isLandscapePos=false)]
10-20 07:41:20.430 I/Finsky  (20369): [2] AIM: AppInfoCacheUpdater -> invalidating apps: [com.vitrinedecraques.app]
10-20 07:41:20.431 I/ActivityManager( 1594): Process com.google.android.googlequicksearchbox:search (pid 18694) has died: cch+55 CEM 
10-20 07:41:20.449 I/dvm_lock_sample( 1594): [system_server,1,Binder:1594_1E,16,ActivityManagerService.java,1537,void com.android.server.am.ActivityManagerService$AppDeathRecipient.binderDied(),-,1537,void com.android.server.am.ActivityManagerService$AppDeathRecipient.binderDied(),3]
10-20 07:41:20.450 I/ActivityManager( 1594): Process com.google.android.googlequicksearchbox:googleapp (pid 19637) has died: cch+55 CEM 
10-20 07:41:20.537 I/Finsky  (20369): [98604] AIM: AppInfoManager-Perf > OnDeviceAppInfo > cacheHitCount=0, cacheMissCount=1. Missed  in cache (limit 10) : [com.vitrinedecraques.app]
10-20 07:41:20.615 I/ActivityManager( 1594): Process com.miui.securitycenter (pid 20144) has died: cch+55 CEM 
10-20 07:41:20.628 W/ActivityManager( 1594): setHasOverlayUi called on unknown pid: 20144
10-20 07:41:20.749 W/BroadcastQueue( 1594): Background execution not allowed: receiving Intent { act=android.intent.action.PACKAGE_REPLACED dat=package:com.vitrinedecraques.app flg=0x4000010 (has extras) } to com.facebook.appmanager/com.facebook.oxygen.common.packages.event.manifest.ManifestPackageEventReceiver
10-20 07:41:20.754 W/BroadcastQueue( 1594): Background execution not allowed: receiving Intent { act=android.intent.action.PACKAGE_REPLACED dat=package:com.vitrinedecraques.app flg=0x4000010 (has extras) } to com.google.android.gms/.chimera.GmsIntentOperationService$PersistentTrustedReceiver
10-20 07:41:20.758 W/BroadcastQueue( 1594): Background execution not allowed: receiving Intent { act=android.intent.action.PACKAGE_REPLACED dat=package:com.vitrinedecraques.app flg=0x4000010 (has extras) } to com.google.android.gms/.gass.chimera.PackageChangeBroadcastReceiver
10-20 07:41:20.758 W/BroadcastQueue( 1594): Background execution not allowed: receiving Intent { act=android.intent.action.PACKAGE_REPLACED dat=package:com.vitrinedecraques.app flg=0x4000010 (has extras) } to com.miui.audioeffect/com.android.musicfx.Compatibility$Receiver
10-20 07:41:20.758 W/BroadcastQueue( 1594): Background execution not allowed: receiving Intent { act=android.intent.action.PACKAGE_REPLACED dat=package:com.vitrinedecraques.app flg=0x4000010 (has extras) } to com.miui.notes/com.miui.floatwindow.BootBroadcastReceiver
10-20 07:41:20.759 W/BroadcastQueue( 1594): Background execution not allowed: receiving Intent { act=android.intent.action.PACKAGE_REPLACED dat=package:com.vitrinedecraques.app flg=0x4000010 (has extras) } to com.google.android.apps.photos/.account.full.FetchAccountPropertiesAppUpgradeBroadcastReceiver
10-20 07:41:20.760 W/BroadcastQueue( 1594): Background execution not allowed: receiving Intent { act=android.intent.action.PACKAGE_REPLACED dat=package:com.vitrinedecraques.app flg=0x4000010 (has extras) } to com.google.android.apps.photos/.account.full.SyncAccountsForLoginBroadcastReceiver
10-20 07:41:20.763 W/BroadcastQueue( 1594): Background execution not allowed: receiving Intent { act=android.intent.action.PACKAGE_REPLACED dat=package:com.vitrinedecraques.app flg=0x4000010 (has extras) } to com.google.android.apps.photos/.notificationchannels.AppUpdateBroadcastReceiver
10-20 07:41:21.135 I/dvm_lock_sample( 1594): [system_server,0,Binder:1594_A,7,ActivityManagerService.java,14494,void com.android.server.am.ActivityManagerService.serviceDoneExecuting(android.os.IBinder, int, int, int),-,14463,boolean com.android.server.am.ActivityManagerService.unbindService(android.app.IServiceConnection),1]
10-20 07:41:21.136 I/dvm_lock_sample( 1594): [system_server,1,Binder:1594_D,10,ActivityManagerService.java,7717,boolean com.android.server.am.ActivityManagerService.refContentProvider(android.os.IBinder, int, int),-,14463,boolean com.android.server.am.ActivityManagerService.unbindService(android.app.IServiceConnection),2]
10-20 07:41:24.192 I/am_lifecycle_sample(20589): [0,com.vitrinedecraques.app,110,6214]
10-20 07:41:24.204 E/Perf    (20589): Fail to get file list com.vitrinedecraques.app
10-20 07:41:24.205 E/Perf    (20589): Fail to get file list com.vitrinedecraques.app
10-20 07:41:24.306 D/ForceDarkHelper(20589): updateByCheckExcludeList: pkg: com.vitrinedecraques.app activity: com.vitrinedecraques.app.MainActivity@a23a989
10-20 07:41:24.408 I/am_on_create_called(20589): [0,com.vitrinedecraques.app.MainActivity,performCreate,144]
10-20 07:41:24.461 I/am_on_start_called(20589): [0,com.vitrinedecraques.app.MainActivity,handleStartActivity,0]
10-20 07:41:24.465 I/am_on_resume_called(20589): [0,com.vitrinedecraques.app.MainActivity,RESUME_ACTIVITY,1]
10-20 07:41:24.496 W/Looper  (20589): Slow Looper main: Activity com.vitrinedecraques.app/.MainActivity is 6194ms late (wall=295ms running=0ms ClientTransaction{ callbacks=[android.app.servertransaction.LaunchActivityItem] lifecycleRequest=android.app.servertransaction.ResumeActivityItem }) because of 1 msg, msg 1 took 6216ms (seq=2 late=5ms h=android.app.ActivityThread$H w=110)
10-20 07:41:24.496 I/am_on_top_resumed_gained_called(20589): [0,com.vitrinedecraques.app.MainActivity,topStateChangedWhenResumed]
10-20 07:41:24.497 W/Looper  (20589): Slow Looper main: Activity com.vitrinedecraques.app/.MainActivity is 6490ms late (wall=0ms running=0ms ClientTransaction{ callbacks=[android.app.servertransaction.TopResumedActivityChangeItem] }) because of 2 msg, msg 1 took 6216ms (seq=2 late=5ms h=android.app.ActivityThread$H w=110), msg 2 took 295ms (seq=3 late=6194ms h=android.app.ActivityThread$H w=159)
