10-19 09:27:11.107 I/dvm_lock_sample( 1594): [system_server,1,Binder:1594_1E,40,ActivityTaskManagerService.java,7377,com.android.server.wm.WindowProcessController com.android.server.wm.ActivityTaskManagerService$LocalService.getTopApp(),WindowManagerService.java,2209,int com.android.server.wm.WindowManagerService.relayoutWindow(com.android.server.wm.Session, android.view.IWindow, int, android.view.WindowManager$LayoutParams, int, int, int, int, long, android.graphics.Rect, android.graphics.Rect, android.graphics.Rect, android.graphics.Rect, android.graphics.Rect, android.graphics.Rect, android.graphics.Rect, android.view.DisplayCutout$ParcelableWrapper, android.util.MergedConfiguration, android.view.SurfaceControl, android.view.InsetsState),8]
10-19 09:27:11.126 I/am_proc_start( 1594): [0,23168,11390,com.vitrinedecraques.app,activity,{com.vitrinedecraques.app/com.vitrinedecraques.app.MainActivity}]
10-19 09:27:11.194 I/am_proc_bound( 1594): [0,23168,com.vitrinedecraques.app]
10-19 09:27:11.200 I/am_restart_activity( 1594): [0,25108654,1619,com.vitrinedecraques.app/.MainActivity,23168]
10-19 09:27:11.201 I/am_set_resumed_activity( 1594): [0,com.vitrinedecraques.app/.MainActivity,minimalResumeActivityLocked]
10-19 09:27:16.071 I/am_lifecycle_sample(23168): [0,com.vitrinedecraques.app,110,4852]
10-19 09:27:16.279 I/am_on_create_called(23168): [0,com.vitrinedecraques.app.MainActivity,performCreate,135]
10-19 09:27:16.334 I/am_on_start_called(23168): [0,com.vitrinedecraques.app.MainActivity,handleStartActivity,0]
10-19 09:27:16.337 I/am_on_resume_called(23168): [0,com.vitrinedecraques.app.MainActivity,RESUME_ACTIVITY,1]
10-19 09:27:16.375 I/am_on_top_resumed_gained_called(23168): [0,com.vitrinedecraques.app.MainActivity,topStateChangedWhenResumed]
10-19 09:27:17.958 I/sysui_multi_action( 1594): [319,365,321,281,322,7107,325,1231215,757,761,758,7,759,1,806,com.vitrinedecraques.app,871,com.vitrinedecraques.app.MainActivity,904,com.android.shell,905,0,945,346,1320,12,1321,1]
10-19 09:27:17.962 I/am_activity_launch_time( 1594): [0,25108654,com.vitrinedecraques.app/.MainActivity,7107]
10-19 09:27:18.307 I/am_pss  ( 1594): [23168,11390,com.vitrinedecraques.app,141623296,132636672,229376,225644544,1,2,14]
10-19 09:27:30.170 I/am_pss  ( 1594): [23168,11390,com.vitrinedecraques.app,166103040,156086272,225280,252993536,0,2,18]
10-19 09:28:26.864 I/am_pause_activity( 1594): [23168,25108654,com.vitrinedecraques.app/.MainActivity,userLeaving=true]
10-19 09:28:26.880 I/am_on_top_resumed_lost_called(23168): [0,com.vitrinedecraques.app.MainActivity,topStateChangedWhenResumed]
10-19 09:28:26.883 I/am_on_paused_called(23168): [0,com.vitrinedecraques.app.MainActivity,performPause,0]
10-19 09:28:26.886 I/am_add_to_stopping( 1594): [0,25108654,com.vitrinedecraques.app/.MainActivity,makeInvisible]
10-19 09:28:30.019 I/sysui_multi_action( 1594): [319,247,321,230,322,3208,325,1231290,757,761,758,7,759,1,806,com.mi.globalbrowser,871,com.mi.globalbrowser.Main,904,com.vitrinedecraques.app,905,0,945,162,1320,8,1321,5]
10-19 09:28:30.252 I/am_pss  ( 1594): [23168,11390,com.vitrinedecraques.app,139435008,127287296,208896,236732416,0,2,17]
10-19 09:28:30.488 I/am_stop_activity( 1594): [0,25108654,com.vitrinedecraques.app/.MainActivity]
10-19 09:28:30.497 I/am_on_stop_called(23168): [0,com.vitrinedecraques.app.MainActivity,STOP_ACTIVITY_ITEM,0]
10-19 09:28:32.842 I/am_proc_died( 1594): [0,23168,com.vitrinedecraques.app,700,16]
10-19 09:28:32.860 I/dvm_lock_sample( 1594): [system_server,1,Binder:1594_15,19,ActivityManagerService.java,5395,void com.android.server.am.ActivityManagerService.attachApplication(android.app.IApplicationThread, long),-,1537,void com.android.server.am.ActivityManagerService$AppDeathRecipient.binderDied(),3]
10-19 09:28:49.144 I/sysui_multi_action( 2131): [757,289,758,4,806,ComponentInfo{com.vitrinedecraques.app/com.vitrinedecraques.app.MainActivity}]
10-19 09:28:49.146 I/am_finish_activity( 1594): [0,25108654,1619,com.vitrinedecraques.app/.MainActivity,remove-task]
10-19 09:28:49.188 I/am_destroy_activity( 1594): [0,25108654,1619,com.vitrinedecraques.app/.MainActivity,finish-idle]
10-19 09:31:47.322 I/dvm_lock_sample( 1594): [system_server,1,Binder:1594_20,20,ActivityManagerService.java,14310,int com.android.server.am.ActivityManagerService.stopService(android.app.IApplicationThread, android.content.Intent, java.lang.String, int),-,14450,int com.android.server.am.ActivityManagerService.bindIsolatedService(android.app.IApplicationThread, android.os.IBinder, android.content.Intent, java.lang.String, android.app.IServiceConnection, int, java.lang.String, java.lang.String, int),4]
10-19 09:35:07.220 I/dvm_lock_sample( 1594): [system_server,1,Binder:1594_13,13,ActivityManagerService.java,6181,boolean com.android.server.am.ActivityManagerService.isAppStartModeDisabled(int, java.lang.String),-,14450,int com.android.server.am.ActivityManagerService.bindIsolatedService(android.app.IApplicationThread, android.os.IBinder, android.content.Intent, java.lang.String, android.app.IServiceConnection, int, java.lang.String, java.lang.String, int),2]
10-19 09:35:09.261 I/dvm_lock_sample( 1594): [system_server,1,Binder:1594_B,7,ActivityManagerService.java,14285,android.content.ComponentName com.android.server.am.ActivityManagerService.startService(android.app.IApplicationThread, android.content.Intent, java.lang.String, boolean, java.lang.String, int),-,14335,boolean com.android.server.am.ActivityManagerService.stopServiceToken(android.content.ComponentName, android.os.IBinder, int),1]
10-19 09:41:30.185 I/dvm_lock_sample( 1594): [system_server,1,Binder:1594_1A,13,ActivityManagerService.java,5827,java.lang.String com.android.server.am.ActivityManagerService.getTagForIntentSender(android.content.IIntentSender, java.lang.String),-,14450,int com.android.server.am.ActivityManagerService.bindIsolatedService(android.app.IApplicationThread, android.os.IBinder, android.content.Intent, java.lang.String, android.app.IServiceConnection, int, java.lang.String, java.lang.String, int),2]
10-19 09:41:31.477 I/dvm_lock_sample( 1594): [system_server,1,Binder:1594_17,21,ActivityManagerService.java,14791,android.content.Intent com.android.server.am.ActivityManagerService.registerReceiver(android.app.IApplicationThread, java.lang.String, android.content.IIntentReceiver, android.content.IntentFilter, java.lang.String, int, int),-,14450,int com.android.server.am.ActivityManagerService.bindIsolatedService(android.app.IApplicationThread, android.os.IBinder, android.content.Intent, java.lang.String, android.app.IServiceConnection, int, java.lang.String, java.lang.String, int),4]
10-19 09:41:52.266 I/dvm_lock_sample( 1594): [system_server,1,Binder:1594_1A,9,ActivityManagerService.java,6181,boolean com.android.server.am.ActivityManagerService.isAppStartModeDisabled(int, java.lang.String),-,14463,boolean com.android.server.am.ActivityManagerService.unbindService(android.app.IServiceConnection),1]
10-19 09:46:14.482 I/dvm_lock_sample( 1594): [system_server,1,android.display,82,ActivityManagerService.java,17671,void com.android.server.am.ActivityManagerService.trimApplications(java.lang.String),-,14285,android.content.ComponentName com.android.server.am.ActivityManagerService.startService(android.app.IApplicationThread, android.content.Intent, java.lang.String, boolean, java.lang.String, int),16]
10-19 09:46:14.483 I/dvm_lock_sample( 1594): [system_server,1,main,79,ActivityManagerService.java,14285,android.content.ComponentName com.android.server.am.ActivityManagerService.startService(android.app.IApplicationThread, android.content.Intent, java.lang.String, boolean, java.lang.String, int),-,14285,android.content.ComponentName com.android.server.am.ActivityManagerService.startService(android.app.IApplicationThread, android.content.Intent, java.lang.String, boolean, java.lang.String, int),15]
10-19 09:46:14.590 I/dvm_lock_sample( 1594): [system_server,1,Binder:1594_C,48,ActivityManagerService.java,5827,java.lang.String com.android.server.am.ActivityManagerService.getTagForIntentSender(android.content.IIntentSender, java.lang.String),-,15989,int com.android.server.am.ActivityManagerService.broadcastIntent(android.app.IApplicationThread, android.content.Intent, java.lang.String, android.content.IIntentReceiver, int, java.lang.String, android.os.Bundle, java.lang.String[], int, android.os.Bundle, boolean, boolean, int),9]
10-19 09:46:14.629 I/sysui_multi_action( 1594): [757,147,758,4,759,1,806,com.vitrinedecraques.app]
10-19 09:46:15.272 I/am_create_activity( 1594): [0,76564715,1623,com.vitrinedecraques.app/.MainActivity,NULL,NULL,NULL,268435456]
10-19 09:46:15.355 I/am_proc_start( 1594): [0,28783,11390,com.vitrinedecraques.app,activity,{com.vitrinedecraques.app/com.vitrinedecraques.app.MainActivity}]
10-19 09:46:15.494 I/am_proc_bound( 1594): [0,28783,com.vitrinedecraques.app]
10-19 09:46:15.503 I/am_restart_activity( 1594): [0,76564715,1623,com.vitrinedecraques.app/.MainActivity,28783]
10-19 09:46:15.506 I/am_set_resumed_activity( 1594): [0,com.vitrinedecraques.app/.MainActivity,minimalResumeActivityLocked]
10-19 09:46:17.355 I/notification_cancel_all( 1594): [1000,1594,com.vitrinedecraques.app,0,0,0,5,NULL]
10-19 09:46:17.458 I/notification_cancel_all( 1594): [1000,1594,com.vitrinedecraques.app,0,0,0,5,NULL]
10-19 09:46:20.811 I/am_lifecycle_sample(28783): [0,com.vitrinedecraques.app,110,5281]
10-19 09:46:21.048 I/am_on_create_called(28783): [0,com.vitrinedecraques.app.MainActivity,performCreate,164]
10-19 09:46:21.105 I/am_on_start_called(28783): [0,com.vitrinedecraques.app.MainActivity,handleStartActivity,0]
10-19 09:46:21.108 I/am_on_resume_called(28783): [0,com.vitrinedecraques.app.MainActivity,RESUME_ACTIVITY,1]
10-19 09:46:21.143 I/am_on_top_resumed_gained_called(28783): [0,com.vitrinedecraques.app.MainActivity,topStateChangedWhenResumed]
10-19 09:46:22.877 I/sysui_multi_action( 1594): [319,331,321,315,322,7659,325,1232359,757,761,758,7,759,1,806,com.vitrinedecraques.app,871,com.vitrinedecraques.app.MainActivity,904,com.android.shell,905,0,945,279,1320,12,1321,1]
10-19 09:46:22.881 I/am_activity_launch_time( 1594): [0,76564715,com.vitrinedecraques.app/.MainActivity,7659]
10-19 09:46:26.534 I/am_pss  ( 1594): [28783,11390,com.vitrinedecraques.app,154139648,144818176,189440,245055488,0,2,20]
10-19 09:46:36.758 I/am_pss  ( 1594): [28783,11390,com.vitrinedecraques.app,152467456,140038144,186368,247365632,0,2,22]
10-19 09:46:41.855 I/am_pss  ( 1594): [28783,11390,com.vitrinedecraques.app,155107328,142426112,186368,250322944,1,2,14]
10-19 09:47:46.143 I/am_on_top_resumed_lost_called(28783): [0,com.vitrinedecraques.app.MainActivity,topStateChangedWhenResumed]
10-19 09:47:46.146 I/am_pause_activity( 1594): [28783,76564715,com.vitrinedecraques.app/.MainActivity,userLeaving=true]
10-19 09:47:46.149 I/am_add_to_stopping( 1594): [0,76564715,com.vitrinedecraques.app/.MainActivity,makeInvisible]
10-19 09:47:46.158 I/am_on_paused_called(28783): [0,com.vitrinedecraques.app.MainActivity,performPause,0]
10-19 09:47:46.577 I/am_stop_activity( 1594): [0,76564715,com.vitrinedecraques.app/.MainActivity]
10-19 09:47:46.627 I/am_on_stop_called(28783): [0,com.vitrinedecraques.app.MainActivity,STOP_ACTIVITY_ITEM,0]
10-19 09:47:47.315 I/sysui_multi_action( 2131): [757,289,758,4,806,ComponentInfo{com.vitrinedecraques.app/com.vitrinedecraques.app.MainActivity}]
10-19 09:47:47.318 I/am_finish_activity( 1594): [28783,76564715,1623,com.vitrinedecraques.app/.MainActivity,remove-task]
10-19 09:47:47.318 I/am_destroy_activity( 1594): [28783,76564715,1623,com.vitrinedecraques.app/.MainActivity,finish-imm:finishActivityLocked]
10-19 09:47:47.345 I/am_kill ( 1594): [0,28783,com.vitrinedecraques.app,700,SwipeUpClean]
10-19 09:47:47.495 I/am_proc_died( 1594): [0,28783,com.vitrinedecraques.app,700,16]
10-19 09:47:47.541 I/dvm_lock_sample( 1594): [system_server,1,android.display,25,ActivityManagerService.java,18317,void com.android.server.am.ActivityManagerService$LocalService.setHasOverlayUi(int, boolean),-,1537,void com.android.server.am.ActivityManagerService$AppDeathRecipient.binderDied(),5]
10-19 09:50:08.409 I/dvm_lock_sample( 1594): [system_server,0,miui.fg,14,ActivityManagerService.java,5955,boolean com.android.server.am.ActivityManagerService.isAppBad(android.content.pm.ApplicationInfo),-,14450,int com.android.server.am.ActivityManagerService.bindIsolatedService(android.app.IApplicationThread, android.os.IBinder, android.content.Intent, java.lang.String, android.app.IServiceConnection, int, java.lang.String, java.lang.String, int),2]
10-19 10:15:13.962 I/dvm_lock_sample( 1594): [system_server,1,Binder:1594_4,11,ActivityManagerService.java,14450,int com.android.server.am.ActivityManagerService.bindIsolatedService(android.app.IApplicationThread, android.os.IBinder, android.content.Intent, java.lang.String, android.app.IServiceConnection, int, java.lang.String, java.lang.String, int),-,14450,int com.android.server.am.ActivityManagerService.bindIsolatedService(android.app.IApplicationThread, android.os.IBinder, android.content.Intent, java.lang.String, android.app.IServiceConnection, int, java.lang.String, java.lang.String, int),2]
10-19 10:21:13.621 I/dvm_lock_sample( 1594): [system_server,0,android.bg,10,ActivityManagerService.java,1964,void com.android.server.am.ActivityManagerService$5.handleMessage(android.os.Message),-,14450,int com.android.server.am.ActivityManagerService.bindIsolatedService(android.app.IApplicationThread, android.os.IBinder, android.content.Intent, java.lang.String, android.app.IServiceConnection, int, java.lang.String, java.lang.String, int),2]
10-19 10:25:48.232 I/dvm_lock_sample( 1594): [system_server,1,Binder:1594_F,38,ActivityManagerService.java,14285,android.content.ComponentName com.android.server.am.ActivityManagerService.startService(android.app.IApplicationThread, android.content.Intent, java.lang.String, boolean, java.lang.String, int),-,15989,int com.android.server.am.ActivityManagerService.broadcastIntent(android.app.IApplicationThread, android.content.Intent, java.lang.String, android.content.IIntentReceiver, int, java.lang.String, android.os.Bundle, java.lang.String[], int, android.os.Bundle, boolean, boolean, int),7]
10-19 10:25:48.246 I/dvm_lock_sample( 1594): [system_server,0,PackageManager,45,ActivityManagerService.java,15989,int com.android.server.am.ActivityManagerService.broadcastIntent(android.app.IApplicationThread, android.content.Intent, java.lang.String, android.content.IIntentReceiver, int, java.lang.String, android.os.Bundle, java.lang.String[], int, android.os.Bundle, boolean, boolean, int),BroadcastQueue.java,984,void com.android.server.am.BroadcastQueue.processNextBroadcast(boolean, boolean),9]
10-19 10:25:48.351 I/sysui_multi_action( 1594): [757,147,758,4,759,1,806,com.vitrinedecraques.app]
10-19 10:25:49.034 I/dvm_lock_sample( 1594): [system_server,1,Binder:1594_E,39,ActivityManagerService.java,15989,int com.android.server.am.ActivityManagerService.broadcastIntent(android.app.IApplicationThread, android.content.Intent, java.lang.String, android.content.IIntentReceiver, int, java.lang.String, android.os.Bundle, java.lang.String[], int, android.os.Bundle, boolean, boolean, int),-,14285,android.content.ComponentName com.android.server.am.ActivityManagerService.startService(android.app.IApplicationThread, android.content.Intent, java.lang.String, boolean, java.lang.String, int),7]
10-19 10:25:49.308 I/am_create_activity( 1594): [0,11277024,1626,com.vitrinedecraques.app/.MainActivity,NULL,NULL,NULL,268435456]
10-19 10:25:49.422 I/dvm_lock_sample( 1594): [system_server,1,Binder:1594_10,114,ActivityTaskManagerService.java,1746,void com.android.server.wm.ActivityTaskManagerService.activityTopResumedStateLost(),ActivityStarter.java,1313,int com.android.server.wm.ActivityStarter.startActivityMayWait(android.app.IApplicationThread, int, java.lang.String, int, int, android.content.Intent, java.lang.String, android.service.voice.IVoiceInteractionSession, com.android.internal.app.IVoiceInteractor, android.os.IBinder, java.lang.String, int, int, android.app.ProfilerInfo, android.app.WaitResult, android.content.res.Configuration, com.android.server.wm.SafeActivityOptions, boolean, int, com.android.server.wm.TaskRecord, java.lang.String, boolean, com.android.server.am.PendingIntentRecord, boolean),22]
10-19 10:25:49.441 I/dvm_lock_sample( 1594): [system_server,1,Binder:1594_8,285,ActivityManagerService.java,6752,java.lang.String com.android.server.am.ActivityManagerService.checkContentProviderAccess(java.lang.String, int),-,14450,int com.android.server.am.ActivityManagerService.bindIsolatedService(android.app.IApplicationThread, android.os.IBinder, android.content.Intent, java.lang.String, android.app.IServiceConnection, int, java.lang.String, java.lang.String, int),57]
10-19 10:25:49.447 I/dvm_lock_sample( 1594): [system_server,1,Binder:1594_D,216,ActivityManagerService.java,7639,void com.android.server.am.ActivityManagerService.publishContentProviders(android.app.IApplicationThread, java.util.List),-,14450,int com.android.server.am.ActivityManagerService.bindIsolatedService(android.app.IApplicationThread, android.os.IBinder, android.content.Intent, java.lang.String, android.app.IServiceConnection, int, java.lang.String, java.lang.String, int),43]
10-19 10:25:49.448 I/dvm_lock_sample( 1594): [system_server,1,Binder:1594_E,119,ActivityManagerService.java,6752,java.lang.String com.android.server.am.ActivityManagerService.checkContentProviderAccess(java.lang.String, int),-,14450,int com.android.server.am.ActivityManagerService.bindIsolatedService(android.app.IApplicationThread, android.os.IBinder, android.content.Intent, java.lang.String, android.app.IServiceConnection, int, java.lang.String, java.lang.String, int),23]
10-19 10:25:49.497 I/am_proc_start( 1594): [0,999,11390,com.vitrinedecraques.app,activity,{com.vitrinedecraques.app/com.vitrinedecraques.app.MainActivity}]
10-19 10:25:49.656 I/notification_cancel_all( 1594): [1000,1594,com.vitrinedecraques.app,0,0,0,5,NULL]
10-19 10:25:49.660 I/dvm_lock_sample( 1594): [system_server,1,Binder:1594_D,26,ActivityManagerService.java,14791,android.content.Intent com.android.server.am.ActivityManagerService.registerReceiver(android.app.IApplicationThread, java.lang.String, android.content.IIntentReceiver, android.content.IntentFilter, java.lang.String, int, int),-,14450,int com.android.server.am.ActivityManagerService.bindIsolatedService(android.app.IApplicationThread, android.os.IBinder, android.content.Intent, java.lang.String, android.app.IServiceConnection, int, java.lang.String, java.lang.String, int),5]
10-19 10:25:49.773 I/notification_cancel_all( 1594): [1000,1594,com.vitrinedecraques.app,0,0,0,5,NULL]
10-19 10:25:49.812 I/dvm_lock_sample( 1594): [system_server,1,Binder:1594_15,10,ActivityManagerService.java,14791,android.content.Intent com.android.server.am.ActivityManagerService.registerReceiver(android.app.IApplicationThread, java.lang.String, android.content.IIntentReceiver, android.content.IntentFilter, java.lang.String, int, int),-,6978,android.app.ContentProviderHolder com.android.server.am.ActivityManagerService.getContentProviderImpl(android.app.IApplicationThread, java.lang.String, android.os.IBinder, int, java.lang.String, java.lang.String, boolean, int),2]
10-19 10:25:49.843 I/am_proc_bound( 1594): [0,999,com.vitrinedecraques.app]
10-19 10:25:49.857 I/am_restart_activity( 1594): [0,11277024,1626,com.vitrinedecraques.app/.MainActivity,999]
10-19 10:25:49.858 I/am_set_resumed_activity( 1594): [0,com.vitrinedecraques.app/.MainActivity,minimalResumeActivityLocked]
10-19 10:25:49.866 I/dvm_lock_sample( 1594): [system_server,1,android.display,9,ActivityMetricsLogger.java,544,void com.android.server.wm.ActivityMetricsLogger.checkVisibility(com.android.server.wm.TaskRecord, com.android.server.wm.ActivityRecord),ActivityTaskManagerService.java,7052,boolean com.android.server.wm.ActivityTaskManagerService$LocalService.attachApplication(com.android.server.wm.WindowProcessController),1]
10-19 10:25:51.645 I/dvm_lock_sample( 1594): [system_server,1,Binder:1594_10,19,ActivityManagerService.java,14791,android.content.Intent com.android.server.am.ActivityManagerService.registerReceiver(android.app.IApplicationThread, java.lang.String, android.content.IIntentReceiver, android.content.IntentFilter, java.lang.String, int, int),-,14450,int com.android.server.am.ActivityManagerService.bindIsolatedService(android.app.IApplicationThread, android.os.IBinder, android.content.Intent, java.lang.String, android.app.IServiceConnection, int, java.lang.String, java.lang.String, int),3]
10-19 10:25:55.694 I/am_lifecycle_sample(  999): [0,com.vitrinedecraques.app,110,5811]
10-19 10:25:55.928 I/am_on_create_called(  999): [0,com.vitrinedecraques.app.MainActivity,performCreate,144]
10-19 10:25:55.985 I/am_on_start_called(  999): [0,com.vitrinedecraques.app.MainActivity,handleStartActivity,0]
10-19 10:25:55.990 I/am_on_resume_called(  999): [0,com.vitrinedecraques.app.MainActivity,RESUME_ACTIVITY,1]
10-19 10:25:56.021 I/am_on_top_resumed_gained_called(  999): [0,com.vitrinedecraques.app.MainActivity,topStateChangedWhenResumed]
10-19 10:25:57.645 I/sysui_multi_action( 1594): [319,729,321,587,322,8485,325,1234733,757,761,758,7,759,1,806,com.vitrinedecraques.app,871,com.vitrinedecraques.app.MainActivity,904,com.android.shell,905,0,945,686,1320,12,1321,1]
10-19 10:25:57.674 I/am_activity_launch_time( 1594): [0,11277024,com.vitrinedecraques.app/.MainActivity,8485]
10-19 10:26:00.352 I/am_pss  ( 1594): [999,11390,com.vitrinedecraques.app,139708416,131391488,190464,227659776,0,2,19]
10-19 10:26:10.426 I/am_pss  ( 1594): [999,11390,com.vitrinedecraques.app,162449408,153255936,188416,251482112,0,2,17]
10-19 10:27:16.683 I/am_pss  ( 1594): [999,11390,com.vitrinedecraques.app,160534528,150286336,188416,250990592,0,2,21]
10-19 10:27:31.441 I/am_on_top_resumed_lost_called(  999): [0,com.vitrinedecraques.app.MainActivity,topStateChangedWhenResumed]
10-19 10:27:31.445 I/am_pause_activity( 1594): [999,11277024,com.vitrinedecraques.app/.MainActivity,userLeaving=true]
10-19 10:27:31.451 I/am_on_paused_called(  999): [0,com.vitrinedecraques.app.MainActivity,performPause,0]
10-19 10:27:34.194 I/am_set_resumed_activity( 1594): [0,com.vitrinedecraques.app/.MainActivity,finishActivity]
10-19 10:27:34.214 I/am_set_resumed_activity( 1594): [0,com.vitrinedecraques.app/.MainActivity,resumeTopActivityInnerLocked]
10-19 10:27:34.215 I/am_resume_activity( 1594): [0,11277024,1626,com.vitrinedecraques.app/.MainActivity,999]
10-19 10:27:34.289 I/am_on_resume_called(  999): [0,com.vitrinedecraques.app.MainActivity,RESUME_ACTIVITY,1]
10-19 10:27:34.290 I/am_on_top_resumed_gained_called(  999): [0,com.vitrinedecraques.app.MainActivity,topWhenResuming]
10-19 10:28:48.435 I/am_pss  ( 1594): [999,11390,com.vitrinedecraques.app,150897664,141438976,182272,241991680,0,2,22]
10-19 10:30:37.986 I/dvm_lock_sample( 1594): [system_server,1,android.ui,10,ActivityManagerService.java,3432,void com.android.server.am.ActivityManagerService.dispatchUidsChanged(),-,14450,int com.android.server.am.ActivityManagerService.bindIsolatedService(android.app.IApplicationThread, android.os.IBinder, android.content.Intent, java.lang.String, android.app.IServiceConnection, int, java.lang.String, java.lang.String, int),2]
10-19 10:31:03.493 I/am_pss  ( 1594): [999,11390,com.vitrinedecraques.app,147795968,139808768,177152,233795584,0,2,23]
10-19 10:34:21.578 I/am_pss  ( 1594): [999,11390,com.vitrinedecraques.app,146393088,139280384,177152,230522880,0,2,23]
10-19 10:39:28.155 I/am_pss  ( 1594): [999,11390,com.vitrinedecraques.app,145913856,139141120,177152,227569664,0,2,22]
10-19 10:39:29.270 I/dvm_lock_sample( 1594): [system_server,1,android.ui,27,ActivityManagerService.java,3378,void com.android.server.am.ActivityManagerService.dispatchUidsChanged(),-,14450,int com.android.server.am.ActivityManagerService.bindIsolatedService(android.app.IApplicationThread, android.os.IBinder, android.content.Intent, java.lang.String, android.app.IServiceConnection, int, java.lang.String, java.lang.String, int),5]
10-19 10:39:29.280 I/dvm_lock_sample( 1594): [system_server,1,Binder:1594_10,9,ActivityManagerService.java,14474,void com.android.server.am.ActivityManagerService.publishService(android.os.IBinder, android.content.Intent, android.os.IBinder),-,14494,void com.android.server.am.ActivityManagerService.serviceDoneExecuting(android.os.IBinder, int, int, int),1]
10-19 10:39:29.569 I/dvm_lock_sample( 1594): [system_server,0,android.bg,11,ActivityManagerService.java,6181,boolean com.android.server.am.ActivityManagerService.isAppStartModeDisabled(int, java.lang.String),-,1537,void com.android.server.am.ActivityManagerService$AppDeathRecipient.binderDied(),2]
10-19 10:39:34.243 I/am_pause_activity( 1594): [999,11277024,com.vitrinedecraques.app/.MainActivity,userLeaving=true]
10-19 10:39:34.248 I/am_on_top_resumed_lost_called(  999): [0,com.vitrinedecraques.app.MainActivity,topStateChangedWhenResumed]
10-19 10:39:34.250 I/am_on_paused_called(  999): [0,com.vitrinedecraques.app.MainActivity,performPause,0]
10-19 10:39:34.617 I/dvm_lock_sample( 1594): [system_server,1,android.ui,25,ActivityTaskManagerService.java,2648,java.util.List com.android.server.wm.ActivityTaskManagerService.getFilteredTasks(int, int, int),WindowSurfacePlacer.java,61,void com.android.server.wm.WindowSurfacePlacer.lambda$new$0$WindowSurfacePlacer(),5]
10-19 10:39:36.022 I/am_set_resumed_activity( 1594): [0,com.vitrinedecraques.app/.MainActivity,finishActivity]
10-19 10:39:36.040 I/am_set_resumed_activity( 1594): [0,com.vitrinedecraques.app/.MainActivity,resumeTopActivityInnerLocked]
10-19 10:39:36.041 I/am_resume_activity( 1594): [0,11277024,1626,com.vitrinedecraques.app/.MainActivity,999]
10-19 10:39:36.062 I/dvm_lock_sample( 1594): [system_server,1,Binder:1594_C,27,WindowManagerService.java,8088,int com.android.server.wm.WindowManagerService$LocalService.getDisplayIdForWindow(android.os.IBinder),ActivityTaskManagerService.java,1755,void com.android.server.wm.ActivityTaskManagerService.activityPaused(android.os.IBinder),5]
10-19 10:39:36.067 I/am_on_resume_called(  999): [0,com.vitrinedecraques.app.MainActivity,RESUME_ACTIVITY,1]
10-19 10:39:36.068 I/am_on_top_resumed_gained_called(  999): [0,com.vitrinedecraques.app.MainActivity,topWhenResuming]
10-19 10:40:40.154 I/dvm_lock_sample( 1594): [system_server,1,Binder:1594_C,15,ActivityManagerService.java,14285,android.content.ComponentName com.android.server.am.ActivityManagerService.startService(android.app.IApplicationThread, android.content.Intent, java.lang.String, boolean, java.lang.String, int),BroadcastQueue.java,984,void com.android.server.am.BroadcastQueue.processNextBroadcast(boolean, boolean),3]
10-19 10:40:40.162 I/dvm_lock_sample( 1594): [system_server,1,Binder:1594_1D,10,ActivityManagerService.java,14791,android.content.Intent com.android.server.am.ActivityManagerService.registerReceiver(android.app.IApplicationThread, java.lang.String, android.content.IIntentReceiver, android.content.IntentFilter, java.lang.String, int, int),-,14285,android.content.ComponentName com.android.server.am.ActivityManagerService.startService(android.app.IApplicationThread, android.content.Intent, java.lang.String, boolean, java.lang.String, int),2]
10-19 10:40:40.581 I/am_on_top_resumed_lost_called(  999): [0,com.vitrinedecraques.app.MainActivity,topStateChangedWhenResumed]
10-19 10:40:40.585 I/am_pause_activity( 1594): [999,11277024,com.vitrinedecraques.app/.MainActivity,userLeaving=true]
10-19 10:40:40.600 I/dvm_lock_sample( 1594): [system_server,0,Binder:1594_13,21,ActivityTaskManagerService.java,6551,int com.android.server.wm.ActivityTaskManagerService$LocalService.getTopProcessState(),ActivityStarter.java,1313,int com.android.server.wm.ActivityStarter.startActivityMayWait(android.app.IApplicationThread, int, java.lang.String, int, int, android.content.Intent, java.lang.String, android.service.voice.IVoiceInteractionSession, com.android.internal.app.IVoiceInteractor, android.os.IBinder, java.lang.String, int, int, android.app.ProfilerInfo, android.app.WaitResult, android.content.res.Configuration, com.android.server.wm.SafeActivityOptions, boolean, int, com.android.server.wm.TaskRecord, java.lang.String, boolean, com.android.server.am.PendingIntentRecord, boolean),4]
10-19 10:40:40.602 I/am_on_paused_called(  999): [0,com.vitrinedecraques.app.MainActivity,performPause,0]
10-19 10:40:40.616 I/dvm_lock_sample( 1594): [system_server,1,Binder:1594_1A,46,ActivityManagerService.java,14791,android.content.Intent com.android.server.am.ActivityManagerService.registerReceiver(android.app.IApplicationThread, java.lang.String, android.content.IIntentReceiver, android.content.IntentFilter, java.lang.String, int, int),-,16095,void com.android.server.am.ActivityManagerService.finishReceiver(android.os.IBinder, int, java.lang.String, android.os.Bundle, boolean, int),9]
10-19 10:40:41.737 I/am_set_resumed_activity( 1594): [0,com.vitrinedecraques.app/.MainActivity,finishActivity]
10-19 10:40:41.749 I/am_set_resumed_activity( 1594): [0,com.vitrinedecraques.app/.MainActivity,resumeTopActivityInnerLocked]
10-19 10:40:41.750 I/am_resume_activity( 1594): [0,11277024,1626,com.vitrinedecraques.app/.MainActivity,999]
10-19 10:40:41.773 I/am_on_resume_called(  999): [0,com.vitrinedecraques.app.MainActivity,RESUME_ACTIVITY,1]
10-19 10:40:41.774 I/am_on_top_resumed_gained_called(  999): [0,com.vitrinedecraques.app.MainActivity,topWhenResuming]
10-19 10:40:41.781 I/dvm_lock_sample( 1594): [system_server,1,Binder:1594_12,29,ActivityManagerService.java,6752,java.lang.String com.android.server.am.ActivityManagerService.checkContentProviderAccess(java.lang.String, int),ProcessRecord.java,1358,void com.android.server.am.ProcessRecord.updateProcessInfo(boolean, boolean, boolean),5]
10-19 10:47:15.115 I/am_pss  ( 1594): [999,11390,com.vitrinedecraques.app,145424384,138764288,180224,226549760,0,2,19]
10-19 10:51:08.836 I/dvm_lock_sample( 1594): [system_server,1,Binder:1594_1,7,ActivityManagerService.java,14450,int com.android.server.am.ActivityManagerService.bindIsolatedService(android.app.IApplicationThread, android.os.IBinder, android.content.Intent, java.lang.String, android.app.IServiceConnection, int, java.lang.String, java.lang.String, int),-,14463,boolean com.android.server.am.ActivityManagerService.unbindService(android.app.IServiceConnection),1]
10-19 10:58:49.157 I/am_pss  ( 1594): [999,11390,com.vitrinedecraques.app,144915456,138530816,180224,222867456,0,2,20]
10-19 11:05:10.391 I/dvm_lock_sample( 1594): [system_server,1,Binder:1594_1C,12,ActivityManagerService.java,5955,boolean com.android.server.am.ActivityManagerService.isAppBad(android.content.pm.ApplicationInfo),-,14463,boolean com.android.server.am.ActivityManagerService.unbindService(android.app.IServiceConnection),2]
10-19 11:08:33.823 I/am_on_top_resumed_lost_called(  999): [0,com.vitrinedecraques.app.MainActivity,topStateChangedWhenResumed]
10-19 11:08:33.827 I/am_pause_activity( 1594): [999,11277024,com.vitrinedecraques.app/.MainActivity,userLeaving=true]
10-19 11:08:33.830 I/am_add_to_stopping( 1594): [0,11277024,com.vitrinedecraques.app/.MainActivity,makeInvisible]
10-19 11:08:33.839 I/am_on_paused_called(  999): [0,com.vitrinedecraques.app.MainActivity,performPause,0]
10-19 11:08:34.287 I/am_stop_activity( 1594): [0,11277024,com.vitrinedecraques.app/.MainActivity]
10-19 11:08:34.347 I/am_on_stop_called(  999): [0,com.vitrinedecraques.app.MainActivity,STOP_ACTIVITY_ITEM,0]
10-19 11:08:36.989 I/sysui_multi_action( 2131): [757,289,758,4,806,ComponentInfo{com.vitrinedecraques.app/com.vitrinedecraques.app.MainActivity}]
10-19 11:08:37.059 I/am_finish_activity( 1594): [999,11277024,1626,com.vitrinedecraques.app/.MainActivity,remove-task]
10-19 11:08:37.059 I/am_destroy_activity( 1594): [999,11277024,1626,com.vitrinedecraques.app/.MainActivity,finish-imm:finishActivityLocked]
10-19 11:08:37.075 I/am_kill ( 1594): [0,999,com.vitrinedecraques.app,700,SwipeUpClean]
10-19 11:08:37.233 I/am_proc_died( 1594): [0,999,com.vitrinedecraques.app,700,16]
10-19 11:08:40.041 I/dvm_lock_sample( 1594): [system_server,1,android.ui,5,ActivityManagerService.java,3378,void com.android.server.am.ActivityManagerService.dispatchUidsChanged(),-,7564,void com.android.server.am.ActivityManagerService.removeContentProvider(android.os.IBinder, boolean),1]
10-19 11:09:38.384 I/dvm_lock_sample( 1594): [system_server,1,Binder:1594_14,8,ActivityManagerService.java,8605,boolean com.android.server.am.ActivityManagerService.isUidActive(int, java.lang.String),-,14450,int com.android.server.am.ActivityManagerService.bindIsolatedService(android.app.IApplicationThread, android.os.IBinder, android.content.Intent, java.lang.String, android.app.IServiceConnection, int, java.lang.String, java.lang.String, int),1]
10-19 11:09:52.207 I/notification_cancel_all( 1594): [1000,1594,com.vitrinedecraques.app,0,0,0,5,NULL]
10-19 11:09:52.299 I/dvm_lock_sample( 1594): [system_server,0,PackageManager,80,ActivityManagerService.java,15989,int com.android.server.am.ActivityManagerService.broadcastIntent(android.app.IApplicationThread, android.content.Intent, java.lang.String, android.content.IIntentReceiver, int, java.lang.String, android.os.Bundle, java.lang.String[], int, android.os.Bundle, boolean, boolean, int),BroadcastQueue.java,984,void com.android.server.am.BroadcastQueue.processNextBroadcast(boolean, boolean),16]
10-19 11:09:52.414 I/dvm_lock_sample( 1594): [system_server,0,Binder:1594_1C,38,ActivityManagerService.java,14494,void com.android.server.am.ActivityManagerService.serviceDoneExecuting(android.os.IBinder, int, int, int),-,14285,android.content.ComponentName com.android.server.am.ActivityManagerService.startService(android.app.IApplicationThread, android.content.Intent, java.lang.String, boolean, java.lang.String, int),7]
10-19 11:09:52.434 I/sysui_multi_action( 1594): [757,147,758,4,759,1,806,com.vitrinedecraques.app]
10-19 11:09:53.383 I/am_create_activity( 1594): [0,11727268,1631,com.vitrinedecraques.app/.MainActivity,NULL,NULL,NULL,268435456]
10-19 11:09:53.502 I/dvm_lock_sample( 1594): [system_server,1,Binder:1594_E,177,WindowProcessUtils.java,405,java.lang.String com.android.server.wm.WindowProcessUtils.getCallerPackageName(com.android.server.wm.ActivityTaskManagerService, android.app.IApplicationThread),ActivityStarter.java,1313,int com.android.server.wm.ActivityStarter.startActivityMayWait(android.app.IApplicationThread, int, java.lang.String, int, int, android.content.Intent, java.lang.String, android.service.voice.IVoiceInteractionSession, com.android.internal.app.IVoiceInteractor, android.os.IBinder, java.lang.String, int, int, android.app.ProfilerInfo, android.app.WaitResult, android.content.res.Configuration, com.android.server.wm.SafeActivityOptions, boolean, int, com.android.server.wm.TaskRecord, java.lang.String, boolean, com.android.server.am.PendingIntentRecord, boolean),35]
10-19 11:09:53.519 I/dvm_lock_sample( 1594): [system_server,0,Binder:1594_2,189,ActivityManagerService.java,14494,void com.android.server.am.ActivityManagerService.serviceDoneExecuting(android.os.IBinder, int, int, int),-,1537,void com.android.server.am.ActivityManagerService$AppDeathRecipient.binderDied(),37]
10-19 11:09:53.519 I/dvm_lock_sample( 1594): [system_server,1,Binder:1594_16,188,ActivityManagerService.java,14474,void com.android.server.am.ActivityManagerService.publishService(android.os.IBinder, android.content.Intent, android.os.IBinder),-,1537,void com.android.server.am.ActivityManagerService$AppDeathRecipient.binderDied(),37]
10-19 11:09:53.534 I/dvm_lock_sample( 1594): [system_server,1,android.display,23,ActivityManagerService.java,18519,void com.android.server.am.ActivityManagerService$LocalService.updateCpuStats(),-,1537,void com.android.server.am.ActivityManagerService$AppDeathRecipient.binderDied(),4]
10-19 11:09:53.568 I/am_proc_start( 1594): [0,7476,11390,com.vitrinedecraques.app,activity,{com.vitrinedecraques.app/com.vitrinedecraques.app.MainActivity}]
10-19 11:09:53.842 I/am_proc_bound( 1594): [0,7476,com.vitrinedecraques.app]
10-19 11:09:53.851 I/am_restart_activity( 1594): [0,11727268,1631,com.vitrinedecraques.app/.MainActivity,7476]
10-19 11:09:53.853 I/am_set_resumed_activity( 1594): [0,com.vitrinedecraques.app/.MainActivity,minimalResumeActivityLocked]
10-19 11:09:55.076 I/notification_cancel_all( 1594): [1000,1594,com.vitrinedecraques.app,0,0,0,5,NULL]
10-19 11:09:56.234 I/dvm_lock_sample( 1594): [system_server,1,Binder:1594_E,27,ActivityManagerService.java,14285,android.content.ComponentName com.android.server.am.ActivityManagerService.startService(android.app.IApplicationThread, android.content.Intent, java.lang.String, boolean, java.lang.String, int),-,1537,void com.android.server.am.ActivityManagerService$AppDeathRecipient.binderDied(),5]
10-19 11:09:56.445 I/dvm_lock_sample( 1594): [system_server,1,Binder:1594_2,26,ActivityManagerService.java,14791,android.content.Intent com.android.server.am.ActivityManagerService.registerReceiver(android.app.IApplicationThread, java.lang.String, android.content.IIntentReceiver, android.content.IntentFilter, java.lang.String, int, int),-,14450,int com.android.server.am.ActivityManagerService.bindIsolatedService(android.app.IApplicationThread, android.os.IBinder, android.content.Intent, java.lang.String, android.app.IServiceConnection, int, java.lang.String, java.lang.String, int),5]
10-19 11:09:56.621 I/dvm_lock_sample( 1594): [system_server,1,Binder:1594_D,21,ActivityManagerService.java,3849,void com.android.server.am.ActivityManagerService.appDiedLocked(com.android.server.am.ProcessRecord, int, android.app.IApplicationThread, boolean),BatteryExternalStatsWorker.java,466,void com.android.server.am.BatteryExternalStatsWorker.updateExternalStatsLocked(java.lang.String, int, boolean, boolean, boolean),4]
10-19 11:09:56.650 I/dvm_lock_sample( 1594): [system_server,1,Binder:1594_11,42,ActivityManagerService.java,14285,android.content.ComponentName com.android.server.am.ActivityManagerService.startService(android.app.IApplicationThread, android.content.Intent, java.lang.String, boolean, java.lang.String, int),-,1537,void com.android.server.am.ActivityManagerService$AppDeathRecipient.binderDied(),8]
10-19 11:09:56.679 I/dvm_lock_sample( 1594): [system_server,1,Binder:1594_5,19,ActivityManagerService.java,14285,android.content.ComponentName com.android.server.am.ActivityManagerService.startService(android.app.IApplicationThread, android.content.Intent, java.lang.String, boolean, java.lang.String, int),-,14463,boolean com.android.server.am.ActivityManagerService.unbindService(android.app.IServiceConnection),3]
10-19 11:09:59.770 I/am_lifecycle_sample( 7476): [0,com.vitrinedecraques.app,110,5865]
10-19 11:09:59.978 I/am_on_create_called( 7476): [0,com.vitrinedecraques.app.MainActivity,performCreate,138]
10-19 11:10:00.035 I/am_on_start_called( 7476): [0,com.vitrinedecraques.app.MainActivity,handleStartActivity,0]
10-19 11:10:00.038 I/am_on_resume_called( 7476): [0,com.vitrinedecraques.app.MainActivity,RESUME_ACTIVITY,1]
10-19 11:10:00.070 I/am_on_top_resumed_gained_called( 7476): [0,com.vitrinedecraques.app.MainActivity,topStateChangedWhenResumed]
10-19 11:10:01.656 I/sysui_multi_action( 1594): [319,640,321,613,322,8335,325,1237377,757,761,758,7,759,1,806,com.vitrinedecraques.app,871,com.vitrinedecraques.app.MainActivity,904,com.android.shell,905,0,945,525,1320,12,1321,1]
10-19 11:10:01.658 I/am_activity_launch_time( 1594): [0,11727268,com.vitrinedecraques.app/.MainActivity,8335]
10-19 11:10:04.083 I/am_pss  ( 1594): [7476,11390,com.vitrinedecraques.app,135945216,127111168,223232,221462528,0,2,18]
10-19 11:10:14.379 I/am_pss  ( 1594): [7476,11390,com.vitrinedecraques.app,159900672,149692416,218112,249802752,0,2,18]
10-19 11:11:14.877 I/am_pss  ( 1594): [7476,11390,com.vitrinedecraques.app,152017920,142323712,197632,246931456,0,2,21]
10-19 11:11:52.845 I/dvm_lock_sample( 1594): [system_server,0,android.bg,15,ActivityManagerService.java,2043,void com.android.server.am.ActivityManagerService$5.handleMessage(android.os.Message),-,14450,int com.android.server.am.ActivityManagerService.bindIsolatedService(android.app.IApplicationThread, android.os.IBinder, android.content.Intent, java.lang.String, android.app.IServiceConnection, int, java.lang.String, java.lang.String, int),3]
10-19 11:11:53.266 I/am_on_top_resumed_lost_called( 7476): [0,com.vitrinedecraques.app.MainActivity,topStateChangedWhenResumed]
10-19 11:11:53.269 I/am_pause_activity( 1594): [7476,11727268,com.vitrinedecraques.app/.MainActivity,userLeaving=true]
10-19 11:11:53.277 I/am_on_paused_called( 7476): [0,com.vitrinedecraques.app.MainActivity,performPause,0]
10-19 11:11:55.936 I/am_set_resumed_activity( 1594): [0,com.vitrinedecraques.app/.MainActivity,finishActivity]
10-19 11:11:55.955 I/am_set_resumed_activity( 1594): [0,com.vitrinedecraques.app/.MainActivity,resumeTopActivityInnerLocked]
10-19 11:11:55.956 I/am_resume_activity( 1594): [0,11727268,1631,com.vitrinedecraques.app/.MainActivity,7476]
10-19 11:11:55.981 I/am_on_resume_called( 7476): [0,com.vitrinedecraques.app.MainActivity,RESUME_ACTIVITY,1]
10-19 11:11:55.982 I/am_on_top_resumed_gained_called( 7476): [0,com.vitrinedecraques.app.MainActivity,topWhenResuming]
10-19 11:12:48.749 I/am_pss  ( 1594): [7476,11390,com.vitrinedecraques.app,137806848,128995328,188416,232873984,0,2,21]
10-19 11:15:46.142 I/am_pss  ( 1594): [7476,11390,com.vitrinedecraques.app,137753600,128962560,188416,232833024,0,2,20]
10-19 11:20:05.090 I/am_pss  ( 1594): [7476,11390,com.vitrinedecraques.app,137924608,129081344,188416,233058304,0,2,22]
10-19 11:21:02.312 I/dvm_lock_sample( 1594): [system_server,1,android.ui,22,ActivityManagerService.java,3378,void com.android.server.am.ActivityManagerService.dispatchUidsChanged(),-,14450,int com.android.server.am.ActivityManagerService.bindIsolatedService(android.app.IApplicationThread, android.os.IBinder, android.content.Intent, java.lang.String, android.app.IServiceConnection, int, java.lang.String, java.lang.String, int),4]
10-19 11:21:02.447 I/am_pss  ( 1594): [7476,11390,com.vitrinedecraques.app,139882496,130650112,202752,231981056,1,2,16]
10-19 11:24:58.057 I/dvm_lock_sample( 1594): [system_server,0,miui.fg,11,ActivityManagerService.java,5955,boolean com.android.server.am.ActivityManagerService.isAppBad(android.content.pm.ApplicationInfo),-,14285,android.content.ComponentName com.android.server.am.ActivityManagerService.startService(android.app.IApplicationThread, android.content.Intent, java.lang.String, boolean, java.lang.String, int),2]
10-19 11:28:17.736 I/am_on_top_resumed_lost_called( 7476): [0,com.vitrinedecraques.app.MainActivity,topStateChangedWhenResumed]
10-19 11:28:17.738 I/am_pause_activity( 1594): [7476,11727268,com.vitrinedecraques.app/.MainActivity,userLeaving=true]
10-19 11:28:17.740 I/am_add_to_stopping( 1594): [0,11727268,com.vitrinedecraques.app/.MainActivity,makeInvisible]
10-19 11:28:17.749 I/am_on_paused_called( 7476): [0,com.vitrinedecraques.app.MainActivity,performPause,0]
10-19 11:28:18.150 I/am_stop_activity( 1594): [0,11727268,com.vitrinedecraques.app/.MainActivity]
10-19 11:28:18.219 I/am_on_stop_called( 7476): [0,com.vitrinedecraques.app.MainActivity,STOP_ACTIVITY_ITEM,1]
10-19 11:28:19.118 I/sysui_multi_action( 2131): [757,289,758,4,806,ComponentInfo{com.vitrinedecraques.app/com.vitrinedecraques.app.MainActivity}]
10-19 11:28:19.121 I/am_finish_activity( 1594): [7476,11727268,1631,com.vitrinedecraques.app/.MainActivity,remove-task]
10-19 11:28:19.121 I/am_destroy_activity( 1594): [7476,11727268,1631,com.vitrinedecraques.app/.MainActivity,finish-imm:finishActivityLocked]
10-19 11:28:19.166 I/am_on_destroy_called( 7476): [0,com.vitrinedecraques.app.MainActivity,performDestroy,1]
10-19 11:28:19.175 I/am_kill ( 1594): [0,7476,com.vitrinedecraques.app,700,SwipeUpClean]
10-19 11:28:19.339 I/am_proc_died( 1594): [0,7476,com.vitrinedecraques.app,700,16]
10-19 11:29:07.105 I/dvm_lock_sample( 1594): [system_server,1,ActivityManager,8,ActiveServices.java,1099,void com.android.server.am.ActiveServices.updateForegroundApps(com.android.server.am.ActiveServices$ServiceMap),ActivityManagerService.java,14343,void com.android.server.am.ActivityManagerService.setServiceForeground(android.content.ComponentName, android.os.IBinder, int, android.app.Notification, int, int),1]
10-19 11:30:32.783 I/dvm_lock_sample( 1594): [system_server,1,Binder:1594_12,75,ActivityManagerService.java,6752,java.lang.String com.android.server.am.ActivityManagerService.checkContentProviderAccess(java.lang.String, int),-,14450,int com.android.server.am.ActivityManagerService.bindIsolatedService(android.app.IApplicationThread, android.os.IBinder, android.content.Intent, java.lang.String, android.app.IServiceConnection, int, java.lang.String, java.lang.String, int),15]
10-19 11:30:32.816 I/sysui_multi_action( 1594): [757,147,758,4,759,1,806,com.vitrinedecraques.app]
10-19 11:30:33.081 I/dvm_lock_sample( 1594): [system_server,0,Binder:1594_13,34,ActivityManagerService.java,14494,void com.android.server.am.ActivityManagerService.serviceDoneExecuting(android.os.IBinder, int, int, int),-,5395,void com.android.server.am.ActivityManagerService.attachApplication(android.app.IApplicationThread, long),6]
10-19 11:30:34.926 I/am_create_activity( 1594): [0,230053289,1634,com.vitrinedecraques.app/.MainActivity,NULL,NULL,NULL,268435456]
10-19 11:30:35.857 I/dvm_lock_sample( 1594): [system_server,1,Binder:1594_2,1174,WindowProcessUtils.java,405,java.lang.String com.android.server.wm.WindowProcessUtils.getCallerPackageName(com.android.server.wm.ActivityTaskManagerService, android.app.IApplicationThread),ActivityStarter.java,1313,int com.android.server.wm.ActivityStarter.startActivityMayWait(android.app.IApplicationThread, int, java.lang.String, int, int, android.content.Intent, java.lang.String, android.service.voice.IVoiceInteractionSession, com.android.internal.app.IVoiceInteractor, android.os.IBinder, java.lang.String, int, int, android.app.ProfilerInfo, android.app.WaitResult, android.content.res.Configuration, com.android.server.wm.SafeActivityOptions, boolean, int, com.android.server.wm.TaskRecord, java.lang.String, boolean, com.android.server.am.PendingIntentRecord, boolean),100]
10-19 11:30:35.857 I/dvm_lock_sample( 1594): [system_server,1,Binder:1594_16,1163,WindowProcessUtils.java,405,java.lang.String com.android.server.wm.WindowProcessUtils.getCallerPackageName(com.android.server.wm.ActivityTaskManagerService, android.app.IApplicationThread),ActivityStarter.java,1313,int com.android.server.wm.ActivityStarter.startActivityMayWait(android.app.IApplicationThread, int, java.lang.String, int, int, android.content.Intent, java.lang.String, android.service.voice.IVoiceInteractionSession, com.android.internal.app.IVoiceInteractor, android.os.IBinder, java.lang.String, int, int, android.app.ProfilerInfo, android.app.WaitResult, android.content.res.Configuration, com.android.server.wm.SafeActivityOptions, boolean, int, com.android.server.wm.TaskRecord, java.lang.String, boolean, com.android.server.am.PendingIntentRecord, boolean),100]
10-19 11:30:35.858 I/dvm_lock_sample( 1594): [system_server,1,Binder:1594_12,927,ActivityTaskManagerService.java,1746,void com.android.server.wm.ActivityTaskManagerService.activityTopResumedStateLost(),ActivityStarter.java,1313,int com.android.server.wm.ActivityStarter.startActivityMayWait(android.app.IApplicationThread, int, java.lang.String, int, int, android.content.Intent, java.lang.String, android.service.voice.IVoiceInteractionSession, com.android.internal.app.IVoiceInteractor, android.os.IBinder, java.lang.String, int, int, android.app.ProfilerInfo, android.app.WaitResult, android.content.res.Configuration, com.android.server.wm.SafeActivityOptions, boolean, int, com.android.server.wm.TaskRecord, java.lang.String, boolean, com.android.server.am.PendingIntentRecord, boolean),100]
10-19 11:30:35.860 I/binder_sample( 2404): [android.app.IActivityTaskManager,19,929,com.miui.home,100]
10-19 11:30:35.861 I/dvm_lock_sample( 1594): [system_server,1,Binder:1594_1C,1154,ActivityManagerService.java,6978,android.app.ContentProviderHolder com.android.server.am.ActivityManagerService.getContentProviderImpl(android.app.IApplicationThread, java.lang.String, android.os.IBinder, int, java.lang.String, java.lang.String, boolean, int),-,6978,android.app.ContentProviderHolder com.android.server.am.ActivityManagerService.getContentProviderImpl(android.app.IApplicationThread, java.lang.String, android.os.IBinder, int, java.lang.String, java.lang.String, boolean, int),100]
10-19 11:30:35.865 I/dvm_lock_sample( 1594): [system_server,1,Binder:1594_5,1156,ActivityManagerService.java,6752,java.lang.String com.android.server.am.ActivityManagerService.checkContentProviderAccess(java.lang.String, int),-,6978,android.app.ContentProviderHolder com.android.server.am.ActivityManagerService.getContentProviderImpl(android.app.IApplicationThread, java.lang.String, android.os.IBinder, int, java.lang.String, java.lang.String, boolean, int),100]
10-19 11:30:35.865 I/dvm_lock_sample( 1594): [system_server,0,Binder:1594_11,1144,ActivityManagerService.java,14494,void com.android.server.am.ActivityManagerService.serviceDoneExecuting(android.os.IBinder, int, int, int),-,6978,android.app.ContentProviderHolder com.android.server.am.ActivityManagerService.getContentProviderImpl(android.app.IApplicationThread, java.lang.String, android.os.IBinder, int, java.lang.String, java.lang.String, boolean, int),100]
