11-18 17:38:21.300 I/dvm_lock_sample( 1630): [system_server,1,Binder:1630_F,35,ActivityManagerService.java,14285,android.content.ComponentName com.android.server.am.ActivityManagerService.startService(android.app.IApplicationThread, android.content.Intent, java.lang.String, boolean, java.lang.String, int),-,5395,void com.android.server.am.ActivityManagerService.attachApplication(android.app.IApplicationThread, long),7]
11-18 18:02:02.660 I/dvm_lock_sample( 1630): [system_server,1,Binder:1630_F,15,ActivityManagerService.java,8605,boolean com.android.server.am.ActivityManagerService.isUidActive(int, java.lang.String),-,14450,int com.android.server.am.ActivityManagerService.bindIsolatedService(android.app.IApplicationThread, android.os.IBinder, android.content.Intent, java.lang.String, android.app.IServiceConnection, int, java.lang.String, java.lang.String, int),3]
11-18 18:12:43.018 I/dvm_lock_sample( 1630): [system_server,1,android.ui,67,ActivityManagerService.java,3378,void com.android.server.am.ActivityManagerService.dispatchUidsChanged(),-,1537,void com.android.server.am.ActivityManagerService$AppDeathRecipient.binderDied(),13]
11-18 18:13:01.024 I/binder_sample(15777): [android.app.IActivityManager,10,456,com.qualcomm.qti.workloadclassifier,91]
11-18 18:16:37.021 I/dvm_lock_sample( 1630): [system_server,1,Binder:1630_A,8,ActivityManagerService.java,8605,boolean com.android.server.am.ActivityManagerService.isUidActive(int, java.lang.String),-,14463,boolean com.android.server.am.ActivityManagerService.unbindService(android.app.IServiceConnection),1]
11-18 18:46:45.385 I/dvm_lock_sample( 1630): [system_server,0,Binder:1630_F,13,ActivityManagerService.java,14494,void com.android.server.am.ActivityManagerService.serviceDoneExecuting(android.os.IBinder, int, int, int),-,14450,int com.android.server.am.ActivityManagerService.bindIsolatedService(android.app.IApplicationThread, android.os.IBinder, android.content.Intent, java.lang.String, android.app.IServiceConnection, int, java.lang.String, java.lang.String, int),2]
11-18 18:46:45.409 I/dvm_lock_sample( 1630): [system_server,1,Binder:1630_19,25,ActivityManagerService.java,14474,void com.android.server.am.ActivityManagerService.publishService(android.os.IBinder, android.content.Intent, android.os.IBinder),-,14285,android.content.ComponentName com.android.server.am.ActivityManagerService.startService(android.app.IApplicationThread, android.content.Intent, java.lang.String, boolean, java.lang.String, int),5]
11-18 18:47:45.600 I/dvm_lock_sample( 1630): [system_server,1,Binder:1630_E,18,ActivityManagerService.java,14463,boolean com.android.server.am.ActivityManagerService.unbindService(android.app.IServiceConnection),-,14450,int com.android.server.am.ActivityManagerService.bindIsolatedService(android.app.IApplicationThread, android.os.IBinder, android.content.Intent, java.lang.String, android.app.IServiceConnection, int, java.lang.String, java.lang.String, int),3]
11-18 18:47:46.114 I/binder_sample(24674): [android.app.IActivityManager,60,471,com.google.android.gms,94]
11-18 18:48:26.805 I/dvm_lock_sample( 1630): [system_server,1,Binder:1630_A,11,ActivityManagerService.java,14463,boolean com.android.server.am.ActivityManagerService.unbindService(android.app.IServiceConnection),-,14463,boolean com.android.server.am.ActivityManagerService.unbindService(android.app.IServiceConnection),2]
11-18 19:25:09.168 I/dvm_lock_sample( 1630): [system_server,0,Binder:1630_3,6,ActivityManagerService.java,14494,void com.android.server.am.ActivityManagerService.serviceDoneExecuting(android.os.IBinder, int, int, int),-,14450,int com.android.server.am.ActivityManagerService.bindIsolatedService(android.app.IApplicationThread, android.os.IBinder, android.content.Intent, java.lang.String, android.app.IServiceConnection, int, java.lang.String, java.lang.String, int),1]
11-18 19:38:38.501 I/dvm_lock_sample( 1630): [system_server,1,Binder:1630_1B,10,ActivityManagerService.java,5395,void com.android.server.am.ActivityManagerService.attachApplication(android.app.IApplicationThread, long),-,14450,int com.android.server.am.ActivityManagerService.bindIsolatedService(android.app.IApplicationThread, android.os.IBinder, android.content.Intent, java.lang.String, android.app.IServiceConnection, int, java.lang.String, java.lang.String, int),2]
11-18 19:38:38.778 I/dvm_lock_sample( 1630): [system_server,1,Binder:1630_19,6,ActivityManagerService.java,8605,boolean com.android.server.am.ActivityManagerService.isUidActive(int, java.lang.String),-,14494,void com.android.server.am.ActivityManagerService.serviceDoneExecuting(android.os.IBinder, int, int, int),1]
11-18 19:38:38.874 I/dvm_lock_sample( 1630): [system_server,1,Binder:1630_F,5,ActivityManagerService.java,6978,android.app.ContentProviderHolder com.android.server.am.ActivityManagerService.getContentProviderImpl(android.app.IApplicationThread, java.lang.String, android.os.IBinder, int, java.lang.String, java.lang.String, boolean, int),-,14450,int com.android.server.am.ActivityManagerService.bindIsolatedService(android.app.IApplicationThread, android.os.IBinder, android.content.Intent, java.lang.String, android.app.IServiceConnection, int, java.lang.String, java.lang.String, int),1]
11-18 19:38:40.384 I/dvm_lock_sample( 1630): [system_server,1,main,17,ActivityManagerService.java,5955,boolean com.android.server.am.ActivityManagerService.isAppBad(android.content.pm.ApplicationInfo),-,5395,void com.android.server.am.ActivityManagerService.attachApplication(android.app.IApplicationThread, long),3]
11-18 19:38:40.931 I/dvm_lock_sample( 1630): [system_server,1,Binder:1630_9,13,ActivityManagerService.java,14474,void com.android.server.am.ActivityManagerService.publishService(android.os.IBinder, android.content.Intent, android.os.IBinder),-,1537,void com.android.server.am.ActivityManagerService$AppDeathRecipient.binderDied(),2]
11-18 19:38:41.444 I/dvm_lock_sample( 1630): [system_server,1,main,5,BroadcastDispatcher.java,186,void com.android.server.am.BroadcastDispatcher$1.broadcastAlarmComplete(int),ActivityManagerService.java,16095,void com.android.server.am.ActivityManagerService.finishReceiver(android.os.IBinder, int, java.lang.String, android.os.Bundle, boolean, int),1]
11-18 19:40:38.603 I/dvm_lock_sample( 1630): [system_server,0,android.bg,12,ActivityManagerService.java,1964,void com.android.server.am.ActivityManagerService$5.handleMessage(android.os.Message),-,14450,int com.android.server.am.ActivityManagerService.bindIsolatedService(android.app.IApplicationThread, android.os.IBinder, android.content.Intent, java.lang.String, android.app.IServiceConnection, int, java.lang.String, java.lang.String, int),2]
11-18 19:41:47.288 I/dvm_lock_sample( 1630): [system_server,1,ActivityManager,73,AlarmManagerService.java,1691,void com.android.server.AlarmManagerService.removeImpl(android.app.PendingIntent, android.app.IAlarmListener),-,4041,void com.android.server.AlarmManagerService$AlarmThread.run(),14]
11-18 19:49:37.782 I/binder_sample(20100): [android.app.IActivityManager,20,471,com.google.android.apps.turbo,94]
11-18 20:41:07.115 I/dvm_lock_sample( 1630): [system_server,0,Binder:1630_8,5,ActivityManagerService.java,14494,void com.android.server.am.ActivityManagerService.serviceDoneExecuting(android.os.IBinder, int, int, int),-,14463,boolean com.android.server.am.ActivityManagerService.unbindService(android.app.IServiceConnection),1]
11-18 20:52:22.171 I/dvm_lock_sample( 1630): [system_server,1,android.ui,18,ActivityManagerService.java,3432,void com.android.server.am.ActivityManagerService.dispatchUidsChanged(),-,1537,void com.android.server.am.ActivityManagerService$AppDeathRecipient.binderDied(),3]
11-18 21:02:41.633 I/dvm_lock_sample( 1630): [system_server,1,main,5,BroadcastDispatcher.java,186,void com.android.server.am.BroadcastDispatcher$1.broadcastAlarmComplete(int),ActivityManagerService.java,16095,void com.android.server.am.ActivityManagerService.finishReceiver(android.os.IBinder, int, java.lang.String, android.os.Bundle, boolean, int),1]
11-18 21:05:01.136 I/dvm_lock_sample( 1630): [system_server,1,Binder:1630_E,10,ActivityManagerService.java,1537,void com.android.server.am.ActivityManagerService$AppDeathRecipient.binderDied(),-,14285,android.content.ComponentName com.android.server.am.ActivityManagerService.startService(android.app.IApplicationThread, android.content.Intent, java.lang.String, boolean, java.lang.String, int),2]
11-18 21:28:36.834 I/dvm_lock_sample( 1630): [system_server,1,android.ui,37,ActivityManagerService.java,3378,void com.android.server.am.ActivityManagerService.dispatchUidsChanged(),BroadcastQueue.java,984,void com.android.server.am.BroadcastQueue.processNextBroadcast(boolean, boolean),7]
11-18 21:28:37.215 I/dvm_lock_sample( 1630): [system_server,0,android.fg,19,ActivityManagerService.java,15989,int com.android.server.am.ActivityManagerService.broadcastIntent(android.app.IApplicationThread, android.content.Intent, java.lang.String, android.content.IIntentReceiver, int, java.lang.String, android.os.Bundle, java.lang.String[], int, android.os.Bundle, boolean, boolean, int),-,5395,void com.android.server.am.ActivityManagerService.attachApplication(android.app.IApplicationThread, long),3]
11-18 21:28:37.376 I/dvm_lock_sample( 1630): [system_server,1,android.ui,12,ActivityManagerService.java,3432,void com.android.server.am.ActivityManagerService.dispatchUidsChanged(),-,14285,android.content.ComponentName com.android.server.am.ActivityManagerService.startService(android.app.IApplicationThread, android.content.Intent, java.lang.String, boolean, java.lang.String, int),2]
11-18 21:28:37.424 I/dvm_lock_sample( 1630): [system_server,0,miui.fg,29,ActivityManagerService.java,5955,boolean com.android.server.am.ActivityManagerService.isAppBad(android.content.pm.ApplicationInfo),-,14285,android.content.ComponentName com.android.server.am.ActivityManagerService.startService(android.app.IApplicationThread, android.content.Intent, java.lang.String, boolean, java.lang.String, int),5]
11-18 21:28:37.424 I/dvm_lock_sample( 1630): [system_server,0,Binder:1630_1B,30,ActivityManagerService.java,14494,void com.android.server.am.ActivityManagerService.serviceDoneExecuting(android.os.IBinder, int, int, int),-,14285,android.content.ComponentName com.android.server.am.ActivityManagerService.startService(android.app.IApplicationThread, android.content.Intent, java.lang.String, boolean, java.lang.String, int),6]
11-18 21:28:37.429 I/dvm_lock_sample( 1630): [system_server,1,Binder:1630_12,6,ActivityManagerService.java,14474,void com.android.server.am.ActivityManagerService.publishService(android.os.IBinder, android.content.Intent, android.os.IBinder),-,14450,int com.android.server.am.ActivityManagerService.bindIsolatedService(android.app.IApplicationThread, android.os.IBinder, android.content.Intent, java.lang.String, android.app.IServiceConnection, int, java.lang.String, java.lang.String, int),1]
11-18 21:28:37.624 I/dvm_lock_sample( 1630): [system_server,0,miui.fg,12,ActivityManagerService.java,5955,boolean com.android.server.am.ActivityManagerService.isAppBad(android.content.pm.ApplicationInfo),-,16095,void com.android.server.am.ActivityManagerService.finishReceiver(android.os.IBinder, int, java.lang.String, android.os.Bundle, boolean, int),2]
11-18 21:28:37.725 I/dvm_lock_sample( 1630): [system_server,1,Binder:1630_13,11,ActivityManagerService.java,14450,int com.android.server.am.ActivityManagerService.bindIsolatedService(android.app.IApplicationThread, android.os.IBinder, android.content.Intent, java.lang.String, android.app.IServiceConnection, int, java.lang.String, java.lang.String, int),-,14494,void com.android.server.am.ActivityManagerService.serviceDoneExecuting(android.os.IBinder, int, int, int),2]
11-18 21:28:40.651 I/dvm_lock_sample( 1630): [system_server,1,Binder:1630_E,47,ActivityManagerService.java,10031,java.util.List com.android.server.am.ActivityManagerService.getRunningAppProcesses(),-,5395,void com.android.server.am.ActivityManagerService.attachApplication(android.app.IApplicationThread, long),9]
11-18 21:28:40.679 I/dvm_lock_sample( 1630): [system_server,1,NetworkPolicy.uid,12,ActivityManagerService.java,18347,void com.android.server.am.ActivityManagerService$LocalService.notifyNetworkPolicyRulesUpdated(int, long),-,14450,int com.android.server.am.ActivityManagerService.bindIsolatedService(android.app.IApplicationThread, android.os.IBinder, android.content.Intent, java.lang.String, android.app.IServiceConnection, int, java.lang.String, java.lang.String, int),2]
11-18 21:28:41.306 I/dvm_lock_sample( 1630): [system_server,1,Binder:1630_9,5,ActivityManagerService.java,6181,boolean com.android.server.am.ActivityManagerService.isAppStartModeDisabled(int, java.lang.String),-,5395,void com.android.server.am.ActivityManagerService.attachApplication(android.app.IApplicationThread, long),1]
11-18 21:28:45.720 I/dvm_lock_sample( 1630): [system_server,1,Binder:1630_11,21,ActivityManagerService.java,14463,boolean com.android.server.am.ActivityManagerService.unbindService(android.app.IServiceConnection),-,1537,void com.android.server.am.ActivityManagerService$AppDeathRecipient.binderDied(),4]
11-18 21:28:46.979 I/dvm_lock_sample( 1630): [system_server,0,android.bg,15,ActivityManagerService.java,2043,void com.android.server.am.ActivityManagerService$5.handleMessage(android.os.Message),-,14450,int com.android.server.am.ActivityManagerService.bindIsolatedService(android.app.IApplicationThread, android.os.IBinder, android.content.Intent, java.lang.String, android.app.IServiceConnection, int, java.lang.String, java.lang.String, int),3]
11-18 21:28:47.510 I/dvm_lock_sample( 1630): [system_server,1,ActivityManager:procStart,14,ProcessList.java,1687,void com.android.server.am.ProcessList.lambda$startProcessLocked$0$ProcessList(com.android.server.am.ProcessRecord, java.lang.String, int[], int, int, java.lang.String, java.lang.String, java.lang.String, long),ActivityManagerService.java,1537,void com.android.server.am.ActivityManagerService$AppDeathRecipient.binderDied(),2]
11-18 21:28:48.136 I/dvm_lock_sample( 1630): [system_server,0,Binder:1630_1E,12,ActivityManagerService.java,7564,void com.android.server.am.ActivityManagerService.removeContentProvider(android.os.IBinder, boolean),-,14463,boolean com.android.server.am.ActivityManagerService.unbindService(android.app.IServiceConnection),2]
11-18 21:28:48.148 I/dvm_lock_sample( 1630): [system_server,1,Binder:1630_17,6,ActivityManagerService.java,14791,android.content.Intent com.android.server.am.ActivityManagerService.registerReceiver(android.app.IApplicationThread, java.lang.String, android.content.IIntentReceiver, android.content.IntentFilter, java.lang.String, int, int),-,7564,void com.android.server.am.ActivityManagerService.removeContentProvider(android.os.IBinder, boolean),1]
11-18 21:28:48.948 I/dvm_lock_sample( 1630): [system_server,0,miui.fg,17,ActivityManagerService.java,10090,int com.android.server.am.ActivityManagerService.getMemoryTrimLevel(),-,1537,void com.android.server.am.ActivityManagerService$AppDeathRecipient.binderDied(),3]
11-18 21:28:52.548 I/dvm_lock_sample( 1630): [system_server,1,Binder:1630_C,22,ActivityManagerService.java,5955,boolean com.android.server.am.ActivityManagerService.isAppBad(android.content.pm.ApplicationInfo),-,5395,void com.android.server.am.ActivityManagerService.attachApplication(android.app.IApplicationThread, long),4]
11-18 21:28:53.566 I/dvm_lock_sample( 1630): [system_server,0,Binder:1630_9,10,ActivityManagerService.java,14494,void com.android.server.am.ActivityManagerService.serviceDoneExecuting(android.os.IBinder, int, int, int),-,14450,int com.android.server.am.ActivityManagerService.bindIsolatedService(android.app.IApplicationThread, android.os.IBinder, android.content.Intent, java.lang.String, android.app.IServiceConnection, int, java.lang.String, java.lang.String, int),2]
11-18 21:28:53.905 I/dvm_lock_sample( 1630): [system_server,1,Binder:1630_1,26,ActivityManagerService.java,5955,boolean com.android.server.am.ActivityManagerService.isAppBad(android.content.pm.ApplicationInfo),-,1537,void com.android.server.am.ActivityManagerService$AppDeathRecipient.binderDied(),5]
11-18 21:28:53.964 I/dvm_lock_sample( 1630): [system_server,1,Binder:1630_1,33,ActivityManagerService.java,5955,boolean com.android.server.am.ActivityManagerService.isAppBad(android.content.pm.ApplicationInfo),-,7564,void com.android.server.am.ActivityManagerService.removeContentProvider(android.os.IBinder, boolean),6]
11-18 21:28:54.153 I/dvm_lock_sample( 1630): [system_server,1,Binder:1630_1,46,ActivityManagerService.java,5955,boolean com.android.server.am.ActivityManagerService.isAppBad(android.content.pm.ApplicationInfo),-,14450,int com.android.server.am.ActivityManagerService.bindIsolatedService(android.app.IApplicationThread, android.os.IBinder, android.content.Intent, java.lang.String, android.app.IServiceConnection, int, java.lang.String, java.lang.String, int),9]
11-18 21:28:54.154 I/dvm_lock_sample( 1630): [system_server,1,Binder:1630_A,44,ActivityManagerService.java,15989,int com.android.server.am.ActivityManagerService.broadcastIntent(android.app.IApplicationThread, android.content.Intent, java.lang.String, android.content.IIntentReceiver, int, java.lang.String, android.os.Bundle, java.lang.String[], int, android.os.Bundle, boolean, boolean, int),-,14450,int com.android.server.am.ActivityManagerService.bindIsolatedService(android.app.IApplicationThread, android.os.IBinder, android.content.Intent, java.lang.String, android.app.IServiceConnection, int, java.lang.String, java.lang.String, int),8]
11-18 21:28:54.277 I/dvm_lock_sample( 1630): [system_server,1,Binder:1630_4,8,ActivityManagerService.java,8605,boolean com.android.server.am.ActivityManagerService.isUidActive(int, java.lang.String),-,14285,android.content.ComponentName com.android.server.am.ActivityManagerService.startService(android.app.IApplicationThread, android.content.Intent, java.lang.String, boolean, java.lang.String, int),1]
11-18 21:28:55.308 I/dvm_lock_sample( 1630): [system_server,0,miui.fg,23,ActivityManagerService.java,5955,boolean com.android.server.am.ActivityManagerService.isAppBad(android.content.pm.ApplicationInfo),-,14463,boolean com.android.server.am.ActivityManagerService.unbindService(android.app.IServiceConnection),4]
11-18 21:29:02.337 I/dvm_lock_sample( 1630): [system_server,1,Binder:1630_8,11,ActivityManagerService.java,14791,android.content.Intent com.android.server.am.ActivityManagerService.registerReceiver(android.app.IApplicationThread, java.lang.String, android.content.IIntentReceiver, android.content.IntentFilter, java.lang.String, int, int),-,14463,boolean com.android.server.am.ActivityManagerService.unbindService(android.app.IServiceConnection),2]
11-18 21:29:03.128 I/dvm_lock_sample( 1630): [system_server,1,Binder:1630_15,11,ActivityManagerService.java,14791,android.content.Intent com.android.server.am.ActivityManagerService.registerReceiver(android.app.IApplicationThread, java.lang.String, android.content.IIntentReceiver, android.content.IntentFilter, java.lang.String, int, int),-,14463,boolean com.android.server.am.ActivityManagerService.unbindService(android.app.IServiceConnection),2]
11-18 21:29:03.561 I/dvm_lock_sample( 1630): [system_server,1,Binder:1630_12,13,ActivityManagerService.java,14474,void com.android.server.am.ActivityManagerService.publishService(android.os.IBinder, android.content.Intent, android.os.IBinder),-,14450,int com.android.server.am.ActivityManagerService.bindIsolatedService(android.app.IApplicationThread, android.os.IBinder, android.content.Intent, java.lang.String, android.app.IServiceConnection, int, java.lang.String, java.lang.String, int),2]
11-18 21:29:03.614 I/dvm_lock_sample( 1630): [system_server,0,Binder:1630_3,5,ActivityManagerService.java,7564,void com.android.server.am.ActivityManagerService.removeContentProvider(android.os.IBinder, boolean),-,14450,int com.android.server.am.ActivityManagerService.bindIsolatedService(android.app.IApplicationThread, android.os.IBinder, android.content.Intent, java.lang.String, android.app.IServiceConnection, int, java.lang.String, java.lang.String, int),1]
11-18 21:29:03.808 I/dvm_lock_sample( 1630): [system_server,1,Binder:1630_3,34,ActivityManagerService.java,5955,boolean com.android.server.am.ActivityManagerService.isAppBad(android.content.pm.ApplicationInfo),-,14463,boolean com.android.server.am.ActivityManagerService.unbindService(android.app.IServiceConnection),6]
11-18 21:29:04.511 I/dvm_lock_sample( 1630): [system_server,1,Binder:1630_11,27,ActivityManagerService.java,6978,android.app.ContentProviderHolder com.android.server.am.ActivityManagerService.getContentProviderImpl(android.app.IApplicationThread, java.lang.String, android.os.IBinder, int, java.lang.String, java.lang.String, boolean, int),-,1537,void com.android.server.am.ActivityManagerService$AppDeathRecipient.binderDied(),5]
11-18 21:29:09.386 I/dvm_lock_sample( 1630): [system_server,1,Binder:1630_1,26,ActivityManagerService.java,6752,java.lang.String com.android.server.am.ActivityManagerService.checkContentProviderAccess(java.lang.String, int),-,16095,void com.android.server.am.ActivityManagerService.finishReceiver(android.os.IBinder, int, java.lang.String, android.os.Bundle, boolean, int),5]
11-18 21:29:10.338 I/dvm_lock_sample( 1630): [system_server,1,Binder:1630_17,12,ActivityManagerService.java,5963,int com.android.server.am.ActivityManagerService.getUidState(int),-,1537,void com.android.server.am.ActivityManagerService$AppDeathRecipient.binderDied(),2]
11-18 21:29:11.957 I/dvm_lock_sample( 1630): [system_server,1,Binder:1630_12,40,ProcessManagerService.java,1704,java.util.List com.android.server.am.ProcessManagerService.getRunningProcessInfo(int, int, java.lang.String, java.lang.String, int),ActivityManagerService.java,1537,void com.android.server.am.ActivityManagerService$AppDeathRecipient.binderDied(),8]
11-18 21:29:13.285 I/dvm_lock_sample( 1630): [system_server,1,Binder:1630_8,7,ActivityManagerService.java,10076,void com.android.server.am.ActivityManagerService.getMyMemoryState(android.app.ActivityManager$RunningAppProcessInfo),-,14450,int com.android.server.am.ActivityManagerService.bindIsolatedService(android.app.IApplicationThread, android.os.IBinder, android.content.Intent, java.lang.String, android.app.IServiceConnection, int, java.lang.String, java.lang.String, int),1]
11-18 21:30:41.067 I/dvm_lock_sample( 1630): [system_server,1,android.ui,7,ActivityManagerService.java,3378,void com.android.server.am.ActivityManagerService.dispatchUidsChanged(),-,14450,int com.android.server.am.ActivityManagerService.bindIsolatedService(android.app.IApplicationThread, android.os.IBinder, android.content.Intent, java.lang.String, android.app.IServiceConnection, int, java.lang.String, java.lang.String, int),1]
11-18 21:34:53.351 I/dvm_lock_sample( 1630): [system_server,1,ActivityManager,6,ActiveServices.java,2189,void com.android.server.am.ActiveServices$ServiceRestarter.run(),ActivityManagerService.java,5395,void com.android.server.am.ActivityManagerService.attachApplication(android.app.IApplicationThread, long),1]
11-18 21:40:01.384 I/dvm_lock_sample( 1630): [system_server,1,Binder:1630_E,118,ActivityManagerService.java,14791,android.content.Intent com.android.server.am.ActivityManagerService.registerReceiver(android.app.IApplicationThread, java.lang.String, android.content.IIntentReceiver, android.content.IntentFilter, java.lang.String, int, int),-,14494,void com.android.server.am.ActivityManagerService.serviceDoneExecuting(android.os.IBinder, int, int, int),23]
11-18 21:40:01.385 I/dvm_lock_sample( 1630): [system_server,1,Binder:1630_1D,67,ActivityManagerService.java,6978,android.app.ContentProviderHolder com.android.server.am.ActivityManagerService.getContentProviderImpl(android.app.IApplicationThread, java.lang.String, android.os.IBinder, int, java.lang.String, java.lang.String, boolean, int),-,14494,void com.android.server.am.ActivityManagerService.serviceDoneExecuting(android.os.IBinder, int, int, int),13]
11-18 21:40:01.430 I/dvm_lock_sample( 1630): [system_server,1,Binder:1630_11,29,ActivityManagerService.java,14450,int com.android.server.am.ActivityManagerService.bindIsolatedService(android.app.IApplicationThread, android.os.IBinder, android.content.Intent, java.lang.String, android.app.IServiceConnection, int, java.lang.String, java.lang.String, int),-,6978,android.app.ContentProviderHolder com.android.server.am.ActivityManagerService.getContentProviderImpl(android.app.IApplicationThread, java.lang.String, android.os.IBinder, int, java.lang.String, java.lang.String, boolean, int),5]
11-18 21:40:01.433 I/dvm_lock_sample( 1630): [system_server,1,Binder:1630_1B,24,ActivityManagerService.java,6752,java.lang.String com.android.server.am.ActivityManagerService.checkContentProviderAccess(java.lang.String, int),ProcessRecord.java,1386,void com.android.server.am.ProcessRecord.onStartActivity(int, boolean, java.lang.String, long),4]
11-18 21:40:01.435 I/dvm_lock_sample( 1630): [system_server,1,Binder:1630_7,24,ActivityManagerService.java,7717,boolean com.android.server.am.ActivityManagerService.refContentProvider(android.os.IBinder, int, int),-,14494,void com.android.server.am.ActivityManagerService.serviceDoneExecuting(android.os.IBinder, int, int, int),4]
11-18 21:41:40.498 I/dvm_lock_sample( 1630): [system_server,1,Binder:1630_A,12,ActivityManagerService.java,7717,boolean com.android.server.am.ActivityManagerService.refContentProvider(android.os.IBinder, int, int),-,6978,android.app.ContentProviderHolder com.android.server.am.ActivityManagerService.getContentProviderImpl(android.app.IApplicationThread, java.lang.String, android.os.IBinder, int, java.lang.String, java.lang.String, boolean, int),2]
11-18 21:43:48.037 I/dvm_lock_sample( 1630): [system_server,1,android.display,29,TaskChangeNotificationController.java,176,void com.android.server.wm.TaskChangeNotificationController$MainHandler.handleMessage(android.os.Message),ActivityTaskManagerService.java,1755,void com.android.server.wm.ActivityTaskManagerService.activityPaused(android.os.IBinder),5]
11-18 21:43:49.490 I/dvm_lock_sample( 1630): [system_server,1,android.ui,30,ActivityManagerService.java,3432,void com.android.server.am.ActivityManagerService.dispatchUidsChanged(),-,5395,void com.android.server.am.ActivityManagerService.attachApplication(android.app.IApplicationThread, long),6]
11-18 21:43:50.278 I/sysui_multi_action( 1630): [757,147,758,4,759,1,806,com.vitrinedecraques.app]
11-18 21:43:50.440 I/am_create_activity( 1630): [0,95427561,2489,com.vitrinedecraques.app/.MainActivity,NULL,NULL,NULL,268435456]
11-18 21:43:50.593 I/dvm_lock_sample( 1630): [system_server,1,Binder:1630_7,258,WindowProcessUtils.java,405,java.lang.String com.android.server.wm.WindowProcessUtils.getCallerPackageName(com.android.server.wm.ActivityTaskManagerService, android.app.IApplicationThread),ActivityStarter.java,1313,int com.android.server.wm.ActivityStarter.startActivityMayWait(android.app.IApplicationThread, int, java.lang.String, int, int, android.content.Intent, java.lang.String, android.service.voice.IVoiceInteractionSession, com.android.internal.app.IVoiceInteractor, android.os.IBinder, java.lang.String, int, int, android.app.ProfilerInfo, android.app.WaitResult, android.content.res.Configuration, com.android.server.wm.SafeActivityOptions, boolean, int, com.android.server.wm.TaskRecord, java.lang.String, boolean, com.android.server.am.PendingIntentRecord, boolean),51]
11-18 21:43:50.594 I/dvm_lock_sample( 1630): [system_server,1,Binder:1630_1D,241,ActivityTaskManagerService.java,7377,com.android.server.wm.WindowProcessController com.android.server.wm.ActivityTaskManagerService$LocalService.getTopApp(),ActivityStarter.java,1313,int com.android.server.wm.ActivityStarter.startActivityMayWait(android.app.IApplicationThread, int, java.lang.String, int, int, android.content.Intent, java.lang.String, android.service.voice.IVoiceInteractionSession, com.android.internal.app.IVoiceInteractor, android.os.IBinder, java.lang.String, int, int, android.app.ProfilerInfo, android.app.WaitResult, android.content.res.Configuration, com.android.server.wm.SafeActivityOptions, boolean, int, com.android.server.wm.TaskRecord, java.lang.String, boolean, com.android.server.am.PendingIntentRecord, boolean),48]
11-18 21:43:50.594 I/dvm_lock_sample( 1630): [system_server,1,Binder:1630_9,165,WindowProcessUtils.java,405,java.lang.String com.android.server.wm.WindowProcessUtils.getCallerPackageName(com.android.server.wm.ActivityTaskManagerService, android.app.IApplicationThread),ActivityStarter.java,1313,int com.android.server.wm.ActivityStarter.startActivityMayWait(android.app.IApplicationThread, int, java.lang.String, int, int, android.content.Intent, java.lang.String, android.service.voice.IVoiceInteractionSession, com.android.internal.app.IVoiceInteractor, android.os.IBinder, java.lang.String, int, int, android.app.ProfilerInfo, android.app.WaitResult, android.content.res.Configuration, com.android.server.wm.SafeActivityOptions, boolean, int, com.android.server.wm.TaskRecord, java.lang.String, boolean, com.android.server.am.PendingIntentRecord, boolean),33]
11-18 21:43:50.597 I/dvm_lock_sample( 1630): [system_server,1,Binder:1630_17,155,ActivityTaskManagerService.java,1746,void com.android.server.wm.ActivityTaskManagerService.activityTopResumedStateLost(),ActivityStarter.java,1313,int com.android.server.wm.ActivityStarter.startActivityMayWait(android.app.IApplicationThread, int, java.lang.String, int, int, android.content.Intent, java.lang.String, android.service.voice.IVoiceInteractionSession, com.android.internal.app.IVoiceInteractor, android.os.IBinder, java.lang.String, int, int, android.app.ProfilerInfo, android.app.WaitResult, android.content.res.Configuration, com.android.server.wm.SafeActivityOptions, boolean, int, com.android.server.wm.TaskRecord, java.lang.String, boolean, com.android.server.am.PendingIntentRecord, boolean),31]
11-18 21:43:50.600 I/dvm_lock_sample( 1630): [system_server,1,Binder:1630_A,215,ActivityManagerService.java,7639,void com.android.server.am.ActivityManagerService.publishContentProviders(android.app.IApplicationThread, java.util.List),-,7639,void com.android.server.am.ActivityManagerService.publishContentProviders(android.app.IApplicationThread, java.util.List),43]
11-18 21:43:50.744 I/dvm_lock_sample( 1630): [system_server,1,ActivityManager:procStart,52,ProcessList.java,1687,void com.android.server.am.ProcessList.lambda$startProcessLocked$0$ProcessList(com.android.server.am.ProcessRecord, java.lang.String, int[], int, int, java.lang.String, java.lang.String, java.lang.String, long),ActivityManagerService.java,14450,int com.android.server.am.ActivityManagerService.bindIsolatedService(android.app.IApplicationThread, android.os.IBinder, android.content.Intent, java.lang.String, android.app.IServiceConnection, int, java.lang.String, java.lang.String, int),10]
11-18 21:43:50.744 I/am_proc_start( 1630): [0,30098,11419,com.vitrinedecraques.app,activity,{com.vitrinedecraques.app/com.vitrinedecraques.app.MainActivity}]
11-18 21:43:50.745 D/OemNetd (  526): setPidForPackage: packageName=com.vitrinedecraques.app, pid=30098, pid=11419
11-18 21:43:50.759 D/AppActiveReceiver(26776): receive app active broadcast for: com.vitrinedecraques.app, install from: null
11-18 21:43:50.848 I/am_proc_bound( 1630): [0,30098,com.vitrinedecraques.app]
11-18 21:43:50.855 I/am_restart_activity( 1630): [0,95427561,2489,com.vitrinedecraques.app/.MainActivity,30098]
11-18 21:43:50.856 I/ProcessMonitor(22850): onForegroundInfoChanged: ForegroundInfo{mForegroundPackageName='com.vitrinedecraques.app', mForegroundUid=11419, mForegroundPid=30098, mLastForegroundPackageName='com.miui.home', mLastForegroundUid=10064, mLastForegroundPid=2365, mMultiWindowForegroundPackageName='null', mMultiWindowForegroundUid=-1, mFlags=1}
11-18 21:43:50.856 I/am_set_resumed_activity( 1630): [0,com.vitrinedecraques.app/.MainActivity,minimalResumeActivityLocked]
11-18 21:43:50.857 W/ActivityTaskManager( 1630): Request to remove task ignored for non-existent task 2488
11-18 21:43:50.857 D/AutoInstallService(27871): onForegroundInfoChanged: com.vitrinedecraques.app
11-18 21:43:50.857 D/PerfEngineController( 6049): ForegroundInfo{mForegroundPackageName='com.vitrinedecraques.app', mForegroundUid=11419, mForegroundPid=30098, mLastForegroundPackageName='com.miui.home', mLastForegroundUid=10064, mLastForegroundPid=2365, mMultiWindowForegroundPackageName='null', mMultiWindowForegroundUid=-1, mFlags=1}
11-18 21:43:50.857 I/GST     ( 9254): forePkg: com.vitrinedecraques.app, preForePkg: com.miui.home
11-18 21:43:51.092 I/ActivityManager( 1630): Process com.google.android.apps.photos (pid 28254) has died: cch+65 CEM 
11-18 21:43:51.118 W/ActivityManager( 1630): Receiver with filter android.content.IntentFilter@d211392 already registered for pid 30032, callerPackage is com.xiaomi.mipicks
11-18 21:43:51.133 I/PI-ScanDispatch(29988): service bind, pkgName = com.vitrinedecraques.app, installer = null, isReplace = false, firstGoogleTime = 1614890563430
11-18 21:43:51.467 I/dvm_lock_sample( 1630): [system_server,1,Binder:1630_9,23,ActivityManagerService.java,14343,void com.android.server.am.ActivityManagerService.setServiceForeground(android.content.ComponentName, android.os.IBinder, int, android.app.Notification, int, int),-,14450,int com.android.server.am.ActivityManagerService.bindIsolatedService(android.app.IApplicationThread, android.os.IBinder, android.content.Intent, java.lang.String, android.app.IServiceConnection, int, java.lang.String, java.lang.String, int),4]
11-18 21:43:51.639 D/AppActiveReceiver(30032): receive app active broadcast for: com.vitrinedecraques.app, install from: null
11-18 21:43:52.280 I/notification_cancel_all( 1630): [1000,1630,com.vitrinedecraques.app,0,0,0,5,NULL]
11-18 21:43:52.325 I/ActivityManager( 1630): Start proc 30430:com.google.android.webview:sandboxed_process0:org.chromium.content.app.SandboxedProcessService0:0/u0i365 for  {com.miui.global.packageinstaller/org.chromium.content.app.SandboxedProcessService0:0} caller=com.miui.global.packageinstaller
11-18 21:43:52.650 I/ActivityManager( 1630): Process com.google.android.apps.photos:mediametadataservice (pid 28319) has died: cch+65 CEM 
11-18 21:43:52.701 I/ActivityManager( 1630): Process com.google.android.apps.turbo (pid 28590) has died: cch+65 CEM 
11-18 21:43:52.915 W/ActivityManager( 1630): Slow operation: 142ms so far, now at startProcess: returned from zygote!
11-18 21:43:52.915 W/ActivityManager( 1630): Slow operation: 142ms so far, now at startProcess: done updating battery stats
11-18 21:43:52.916 W/ActivityManager( 1630): Slow operation: 143ms so far, now at startProcess: building log message
11-18 21:43:52.916 I/ActivityManager( 1630): Start proc 30518:com.android.vending/u0a54 for service {com.android.vending/com.google.android.finsky.developergroupidinfo.DeveloperGroupIdInfoService} caller=com.google.android.gms
11-18 21:43:52.916 W/ActivityManager( 1630): Slow operation: 143ms so far, now at startProcess: starting to update pids map
11-18 21:43:52.916 W/ActivityManager( 1630): Slow operation: 143ms so far, now at startProcess: done updating pids map
11-18 21:43:53.059 I/ActivityManager( 1630): Process com.miui.weather2 (pid 28132) has died: cch+65 CEM 
11-18 21:43:53.213 I/ActivityManager( 1630): Process com.google.android.youtube (pid 28452) has died: cch+55 CEM 
11-18 21:43:53.686 W/XSpaceManagerService( 1630): update XSpace App: packageName:com.vitrinedecraques.app, user:UserHandle{0}, action:android.intent.action.PACKAGE_ADDED
11-18 21:43:53.690 D/Launcher.Model( 2365): LauncherAppsCallback onPackageAdded|com.vitrinedecraques.app|UserHandle{0}
11-18 21:43:53.691 D/Launcher.Model( 2365): Got broadcast:Intent { act=android.intent.action.PACKAGE_ADDED dat=package:com.vitrinedecraques.app (has extras) }
11-18 21:43:53.719 I/ActivityManager( 1630): Process com.android.cellbroadcastreceiver (pid 27457) has died: cch+55 CEM 
11-18 21:43:53.947 E/Launcher.AllAppsList( 2365): Can't load postion for packageName: com.vitrinedecraques.app activityName: com.vitrinedecraques.app.MainActivity
11-18 21:43:54.036 D/AutoInstallsParser( 2365): isPAIPackageName: com.vitrinedecraques.app
11-18 21:43:54.063 D/Launcher.Model( 2365): onReceiveBackground, mAllAppsList=add=[(0, AppInfo, id=-1, itemType=0, user=UserHandle{0}, mIconType=0, pkgName=com.vitrinedecraques.app, className=com.vitrinedecraques.app.MainActivity, screenId=-1, container=-1, cellX=-1, cellY=-1, spanX=1, spanY=1, isLandscapePos=false)], remove=[], modified=[]
11-18 21:43:54.072 D/Launcher( 2365): add item to launcher when bind apps added, info=ShortcutInfo, id=-1, itemType=0, user=UserHandle{0}, mIconType=0, pkgName=com.vitrinedecraques.app, className=com.vitrinedecraques.app.MainActivity, screenId=-1, container=-1, cellX=-1, cellY=-1, spanX=1, spanY=1, isLandscapePos=false
11-18 21:43:54.072 D/Launcher( 2365): addItemToWorkspace, add item into db, item=ShortcutInfo, id=-1, itemType=0, user=UserHandle{0}, mIconType=0, pkgName=com.vitrinedecraques.app, className=com.vitrinedecraques.app.MainActivity, screenId=2, container=-100, cellX=3, cellY=4, spanX=1, spanY=1, isLandscapePos=false
11-18 21:43:54.072 D/Launcher.Model( 2365): Insert item com.vitrinedecraques.app to database (3, 4) of screen 2
11-18 21:43:54.073 D/Launcher.ShortcutInfo( 2365): onAddToDatabase, this=ShortcutInfo, id=1361, itemType=0, user=UserHandle{0}, mIconType=0, pkgName=com.vitrinedecraques.app, className=com.vitrinedecraques.app.MainActivity, screenId=2, container=-100, cellX=3, cellY=4, spanX=1, spanY=1, isLandscapePos=false
11-18 21:43:54.073 D/Launcher.CellLayout( 2365): updateCellOccupiedMarks, update, ShortcutInfo, id=1361, itemType=0, user=UserHandle{0}, mIconType=0, pkgName=com.vitrinedecraques.app, className=com.vitrinedecraques.app.MainActivity, screenId=2, container=-100, cellX=3, cellY=4, spanX=1, spanY=1, isLandscapePos=false
11-18 21:43:54.191 D/Launcher.CellLayout( 2365): updateCellOccupiedMarks, update, ShortcutInfo, id=1361, itemType=0, user=UserHandle{0}, mIconType=0, pkgName=com.vitrinedecraques.app, className=com.vitrinedecraques.app.MainActivity, screenId=2, container=-100, cellX=3, cellY=4, spanX=1, spanY=1, isLandscapePos=false
11-18 21:43:54.753 I/ActivityManager( 1630): Start proc 30677:com.miui.videoplayer/u0a84 for service {com.miui.videoplayer/androidx.work.impl.background.systemjob.SystemJobService} caller=android
11-18 21:43:54.988 I/ThumbnailBlurUtils(22850): loadPrivacyThumbnailBlurMonthly successd{"com.anydesk.anydeskandroid":5,"com.miui.player":27,"com.vitrinedecraques.app":-1,"com.xiaomi.mipicks":5,"videoeditor.videorecorder.screenrecorder":5,"com.miui.compass":5,"com.otimiza.samplelivenessapp.xamarin":-1,"com.miui.calculator":5,"com.android.deskclock":5,"com.xiaomi.scanner":5,"com.xiaomi.midrop":5,"com.ozforensics.liveness.demo":-1,"com.miui.securitycenter":5,"com.google.android.apps.meetings":-1,"com.android.vending":5,"com.android.chrome":-1,"com.google.android.apps.photos":-1,"com.mi.android.globalFileexplorer":5,"com.google.android.apps.docs":5,"br.com.otimizaugc.vistosoftapp":-1,"com.duokan.phone.remotecontroller":5,"com.miui.gallery":6,"com.ypcc.otgcamera":-1,"com.google.android.youtube":-1,"com.miui.screenrecorder":5,"com.google.android.apps.maps":-1,"com.google.android.apps.tachyon":5,"com.miui.videoplayer":27,"net.sourceforge.opencamera":5,"com.mi.globalbrowser":5,"com.google.android.apps.messaging":5,"com.miui.notes":5,"com.google.android.videos":-1,"com.google.android.googlequicksearchbox":-1,"com.miui.miservice":5,"com.google.ar.lens":5,"com.google.android.contacts":-1,"net.openvpn.openvpn":5,"com.mi.android.globalminusscreen":5,"com.airbeat.device.inspector":5,"com.miui.weather2":5,"com.miui.fm":27,"com.android.providers.downloads.ui":5,"com.android.thememanager":5,"com.xiaomi.calendar":-1,"com.google.android.dialer":-1,"com.android.camera":6,"com.google.android.gm":5,"com.tony.molink.howifi":-1,"com.android.settings":-1,"com.xiaomi.glgm":5,"com.google.android.music":5,"com.google.android.apps.authenticator2":-1,"com.android.soundrecorder":5}
11-18 21:43:55.079 I/ActivityManager( 1630): Process com.google.process.gservices (pid 28087) has died: cch+45 CEM 
11-18 21:43:55.122 I/ActivityManager( 1630): Process com.google.android.googlequicksearchbox:googleapp (pid 29395) has died: cch+85 CEM 
11-18 21:43:55.142 I/ActivityManager( 1630): Killing 29552:com.google.android.webview:sandboxed_process0:org.chromium.content.app.SandboxedProcessService0:0/u0a48i364 (adj 0): isolated not needed
11-18 21:43:55.203 I/ActivityManager( 1630): Start proc 30722:com.google.android.apps.photos/u0a103 for broadcast {com.google.android.apps.photos/com.google.android.libraries.notifications.entrypoints.blockstatechanged.BlockStateChangedReceiver} caller=android
11-18 21:43:55.302 I/dvm_lock_sample( 1630): [system_server,1,android.ui,31,ActivityManagerService.java,3378,void com.android.server.am.ActivityManagerService.dispatchUidsChanged(),-,1537,void com.android.server.am.ActivityManagerService$AppDeathRecipient.binderDied(),6]
11-18 21:43:55.461 I/ActivityManager( 1630): Process com.android.settings:remote (pid 27370) has died: cch+65 CEM 
11-18 21:43:55.711 I/ActivityManager( 1630): Start proc 30770:com.google.process.gservices/u0a29 for content provider {com.google.android.gsf/com.google.android.gsf.gservices.GservicesProvider} caller=com.android.vending
