10-18 07:10:40.847 I/dvm_lock_sample( 1594): [system_server,1,Binder:1594_8,7,ActivityManagerService.java,5827,java.lang.String com.android.server.am.ActivityManagerService.getTagForIntentSender(android.content.IIntentSender, java.lang.String),-,14450,int com.android.server.am.ActivityManagerService.bindIsolatedService(android.app.IApplicationThread, android.os.IBinder, android.content.Intent, java.lang.String, android.app.IServiceConnection, int, java.lang.String, java.lang.String, int),1]
10-18 07:19:38.679 I/dvm_lock_sample( 1594): [system_server,0,Binder:1594_2,15,ActivityManagerService.java,14494,void com.android.server.am.ActivityManagerService.serviceDoneExecuting(android.os.IBinder, int, int, int),-,14450,int com.android.server.am.ActivityManagerService.bindIsolatedService(android.app.IApplicationThread, android.os.IBinder, android.content.Intent, java.lang.String, android.app.IServiceConnection, int, java.lang.String, java.lang.String, int),3]
10-18 07:42:59.754 I/dvm_lock_sample( 1594): [system_server,1,Binder:1594_1A,6,ActivityManagerService.java,5955,boolean com.android.server.am.ActivityManagerService.isAppBad(android.content.pm.ApplicationInfo),-,14474,void com.android.server.am.ActivityManagerService.publishService(android.os.IBinder, android.content.Intent, android.os.IBinder),1]
10-18 07:53:32.173 I/dvm_lock_sample( 1594): [system_server,1,Binder:1594_C,11,ActivityManagerService.java,14791,android.content.Intent com.android.server.am.ActivityManagerService.registerReceiver(android.app.IApplicationThread, java.lang.String, android.content.IIntentReceiver, android.content.IntentFilter, java.lang.String, int, int),-,14450,int com.android.server.am.ActivityManagerService.bindIsolatedService(android.app.IApplicationThread, android.os.IBinder, android.content.Intent, java.lang.String, android.app.IServiceConnection, int, java.lang.String, java.lang.String, int),2]
10-18 07:53:32.182 I/dvm_lock_sample( 1594): [system_server,1,Binder:1594_19,8,ActivityManagerService.java,8605,boolean com.android.server.am.ActivityManagerService.isUidActive(int, java.lang.String),-,14450,int com.android.server.am.ActivityManagerService.bindIsolatedService(android.app.IApplicationThread, android.os.IBinder, android.content.Intent, java.lang.String, android.app.IServiceConnection, int, java.lang.String, java.lang.String, int),1]
10-18 08:29:32.018 I/dvm_lock_sample( 1594): [system_server,1,android.ui,7,ActivityManagerService.java,3378,void com.android.server.am.ActivityManagerService.dispatchUidsChanged(),-,1537,void com.android.server.am.ActivityManagerService$AppDeathRecipient.binderDied(),1]
10-18 08:37:58.617 I/dvm_lock_sample( 1594): [system_server,1,Binder:1594_10,13,ActivityManagerService.java,10076,void com.android.server.am.ActivityManagerService.getMyMemoryState(android.app.ActivityManager$RunningAppProcessInfo),-,14450,int com.android.server.am.ActivityManagerService.bindIsolatedService(android.app.IApplicationThread, android.os.IBinder, android.content.Intent, java.lang.String, android.app.IServiceConnection, int, java.lang.String, java.lang.String, int),2]
10-18 08:37:59.255 I/dvm_lock_sample( 1594): [system_server,1,android.ui,14,ActivityManagerService.java,3378,void com.android.server.am.ActivityManagerService.dispatchUidsChanged(),-,14450,int com.android.server.am.ActivityManagerService.bindIsolatedService(android.app.IApplicationThread, android.os.IBinder, android.content.Intent, java.lang.String, android.app.IServiceConnection, int, java.lang.String, java.lang.String, int),2]
10-18 08:38:00.383 I/dvm_lock_sample( 1594): [system_server,1,Binder:1594_6,7,ProcessManagerService.java,1704,java.util.List com.android.server.am.ProcessManagerService.getRunningProcessInfo(int, int, java.lang.String, java.lang.String, int),ActivityManagerService.java,1537,void com.android.server.am.ActivityManagerService$AppDeathRecipient.binderDied(),1]
10-18 08:38:32.253 I/dvm_lock_sample( 1594): [system_server,1,Binder:1594_B,9,ActivityManagerService.java,5827,java.lang.String com.android.server.am.ActivityManagerService.getTagForIntentSender(android.content.IIntentSender, java.lang.String),-,14450,int com.android.server.am.ActivityManagerService.bindIsolatedService(android.app.IApplicationThread, android.os.IBinder, android.content.Intent, java.lang.String, android.app.IServiceConnection, int, java.lang.String, java.lang.String, int),1]
10-18 08:40:23.992 I/dvm_lock_sample( 1594): [system_server,0,android.bg,8,ActivityManagerService.java,1964,void com.android.server.am.ActivityManagerService$5.handleMessage(android.os.Message),-,14463,boolean com.android.server.am.ActivityManagerService.unbindService(android.app.IServiceConnection),1]
10-18 08:47:16.067 I/dvm_lock_sample( 1594): [system_server,0,Binder:1594_F,15,ActivityManagerService.java,7564,void com.android.server.am.ActivityManagerService.removeContentProvider(android.os.IBinder, boolean),-,14463,boolean com.android.server.am.ActivityManagerService.unbindService(android.app.IServiceConnection),3]
10-18 09:01:55.280 I/dvm_lock_sample( 1594): [system_server,1,Binder:1594_11,47,ActivityManagerService.java,8605,boolean com.android.server.am.ActivityManagerService.isUidActive(int, java.lang.String),-,16095,void com.android.server.am.ActivityManagerService.finishReceiver(android.os.IBinder, int, java.lang.String, android.os.Bundle, boolean, int),9]
10-18 09:01:55.281 I/dvm_lock_sample( 1594): [system_server,1,Binder:1594_1E,44,ActivityManagerService.java,1537,void com.android.server.am.ActivityManagerService$AppDeathRecipient.binderDied(),-,16095,void com.android.server.am.ActivityManagerService.finishReceiver(android.os.IBinder, int, java.lang.String, android.os.Bundle, boolean, int),8]
10-18 09:09:17.547 I/dvm_lock_sample( 1594): [system_server,1,Binder:1594_18,12,ActivityManagerService.java,14875,android.content.Intent com.android.server.am.ActivityManagerService.registerReceiver(android.app.IApplicationThread, java.lang.String, android.content.IIntentReceiver, android.content.IntentFilter, java.lang.String, int, int),-,14450,int com.android.server.am.ActivityManagerService.bindIsolatedService(android.app.IApplicationThread, android.os.IBinder, android.content.Intent, java.lang.String, android.app.IServiceConnection, int, java.lang.String, java.lang.String, int),2]
10-18 09:09:51.360 I/dvm_lock_sample( 1594): [system_server,0,Binder:1594_12,6,ActivityManagerService.java,14494,void com.android.server.am.ActivityManagerService.serviceDoneExecuting(android.os.IBinder, int, int, int),-,14463,boolean com.android.server.am.ActivityManagerService.unbindService(android.app.IServiceConnection),1]
10-18 09:15:41.770 I/dvm_lock_sample( 1594): [system_server,1,Binder:1594_7,10,ActivityManagerService.java,14791,android.content.Intent com.android.server.am.ActivityManagerService.registerReceiver(android.app.IApplicationThread, java.lang.String, android.content.IIntentReceiver, android.content.IntentFilter, java.lang.String, int, int),-,14463,boolean com.android.server.am.ActivityManagerService.unbindService(android.app.IServiceConnection),2]
10-18 09:30:35.802 I/dvm_lock_sample( 1594): [system_server,1,Binder:1594_19,108,ActivityManagerService.java,15989,int com.android.server.am.ActivityManagerService.broadcastIntent(android.app.IApplicationThread, android.content.Intent, java.lang.String, android.content.IIntentReceiver, int, java.lang.String, android.os.Bundle, java.lang.String[], int, android.os.Bundle, boolean, boolean, int),-,14310,int com.android.server.am.ActivityManagerService.stopService(android.app.IApplicationThread, android.content.Intent, java.lang.String, int),21]
10-18 09:30:35.852 I/dvm_lock_sample( 1594): [system_server,1,Binder:1594_19,49,ActivityManagerService.java,15989,int com.android.server.am.ActivityManagerService.broadcastIntent(android.app.IApplicationThread, android.content.Intent, java.lang.String, android.content.IIntentReceiver, int, java.lang.String, android.os.Bundle, java.lang.String[], int, android.os.Bundle, boolean, boolean, int),-,16095,void com.android.server.am.ActivityManagerService.finishReceiver(android.os.IBinder, int, java.lang.String, android.os.Bundle, boolean, int),9]
10-18 09:30:36.211 I/dvm_lock_sample( 1594): [system_server,1,android.display,50,ActivityManagerService.java,18519,void com.android.server.am.ActivityManagerService$LocalService.updateCpuStats(),-,14494,void com.android.server.am.ActivityManagerService.serviceDoneExecuting(android.os.IBinder, int, int, int),10]
10-18 09:32:59.105 I/dvm_lock_sample( 1594): [system_server,1,Binder:1594_1C,34,ActivityManagerService.java,15989,int com.android.server.am.ActivityManagerService.broadcastIntent(android.app.IApplicationThread, android.content.Intent, java.lang.String, android.content.IIntentReceiver, int, java.lang.String, android.os.Bundle, java.lang.String[], int, android.os.Bundle, boolean, boolean, int),-,16095,void com.android.server.am.ActivityManagerService.finishReceiver(android.os.IBinder, int, java.lang.String, android.os.Bundle, boolean, int),6]
10-18 09:32:59.108 I/dvm_lock_sample( 1594): [system_server,1,Binder:1594_13,6,WindowProcessUtils.java,405,java.lang.String com.android.server.wm.WindowProcessUtils.getCallerPackageName(com.android.server.wm.ActivityTaskManagerService, android.app.IApplicationThread),WindowProcessController.java,529,boolean com.android.server.wm.WindowProcessController.hasVisibleActivities(),1]
10-18 09:32:59.335 I/dvm_lock_sample( 1594): [system_server,1,Binder:1594_17,57,ActivityManagerService.java,8605,boolean com.android.server.am.ActivityManagerService.isUidActive(int, java.lang.String),-,16095,void com.android.server.am.ActivityManagerService.finishReceiver(android.os.IBinder, int, java.lang.String, android.os.Bundle, boolean, int),11]
10-18 09:37:52.825 I/dvm_lock_sample( 1594): [system_server,1,Binder:1594_1,10,ActivityManagerService.java,5827,java.lang.String com.android.server.am.ActivityManagerService.getTagForIntentSender(android.content.IIntentSender, java.lang.String),-,14450,int com.android.server.am.ActivityManagerService.bindIsolatedService(android.app.IApplicationThread, android.os.IBinder, android.content.Intent, java.lang.String, android.app.IServiceConnection, int, java.lang.String, java.lang.String, int),2]
10-18 09:38:02.501 I/binder_sample( 2404): [android.app.IActivityTaskManager,1,511,com.miui.home,100]
10-18 09:38:03.686 I/dvm_lock_sample( 1594): [system_server,1,Binder:1594_16,10,ActivityManagerService.java,10076,void com.android.server.am.ActivityManagerService.getMyMemoryState(android.app.ActivityManager$RunningAppProcessInfo),-,5395,void com.android.server.am.ActivityManagerService.attachApplication(android.app.IApplicationThread, long),2]
10-18 09:38:18.386 I/dvm_lock_sample( 1594): [system_server,1,Binder:1594_16,25,ActivityManagerService.java,14474,void com.android.server.am.ActivityManagerService.publishService(android.os.IBinder, android.content.Intent, android.os.IBinder),-,14450,int com.android.server.am.ActivityManagerService.bindIsolatedService(android.app.IApplicationThread, android.os.IBinder, android.content.Intent, java.lang.String, android.app.IServiceConnection, int, java.lang.String, java.lang.String, int),5]
10-18 09:38:19.316 I/dvm_lock_sample( 1594): [system_server,1,Binder:1594_9,20,ActivityManagerService.java,8605,boolean com.android.server.am.ActivityManagerService.isUidActive(int, java.lang.String),-,14450,int com.android.server.am.ActivityManagerService.bindIsolatedService(android.app.IApplicationThread, android.os.IBinder, android.content.Intent, java.lang.String, android.app.IServiceConnection, int, java.lang.String, java.lang.String, int),4]
10-18 09:39:01.988 I/dvm_lock_sample( 1594): [system_server,1,android.display,65,TaskChangeNotificationController.java,282,void com.android.server.wm.TaskChangeNotificationController.forAllRemoteListeners(com.android.server.wm.TaskChangeNotificationController$TaskStackConsumer, android.os.Message),ActivityTaskManagerService.java,1755,void com.android.server.wm.ActivityTaskManagerService.activityPaused(android.os.IBinder),13]
10-18 09:39:13.865 I/sysui_multi_action( 1594): [757,147,758,4,759,1,806,com.vitrinedecraques.app]
10-18 09:39:14.978 I/dvm_lock_sample( 1594): [system_server,1,Binder:1594_7,6,ActivityManagerService.java,14791,android.content.Intent com.android.server.am.ActivityManagerService.registerReceiver(android.app.IApplicationThread, java.lang.String, android.content.IIntentReceiver, android.content.IntentFilter, java.lang.String, int, int),-,14450,int com.android.server.am.ActivityManagerService.bindIsolatedService(android.app.IApplicationThread, android.os.IBinder, android.content.Intent, java.lang.String, android.app.IServiceConnection, int, java.lang.String, java.lang.String, int),1]
10-18 09:39:15.346 I/dvm_lock_sample( 1594): [system_server,1,ActivityManager,164,WindowProcessController.java,479,void com.android.server.wm.WindowProcessController.addPackage(java.lang.String),ActivityStarter.java,1313,int com.android.server.wm.ActivityStarter.startActivityMayWait(android.app.IApplicationThread, int, java.lang.String, int, int, android.content.Intent, java.lang.String, android.service.voice.IVoiceInteractionSession, com.android.internal.app.IVoiceInteractor, android.os.IBinder, java.lang.String, int, int, android.app.ProfilerInfo, android.app.WaitResult, android.content.res.Configuration, com.android.server.wm.SafeActivityOptions, boolean, int, com.android.server.wm.TaskRecord, java.lang.String, boolean, com.android.server.am.PendingIntentRecord, boolean),32]
10-18 09:39:15.392 I/dvm_lock_sample( 1594): [system_server,1,Binder:1594_1E,29,ActivityManagerService.java,7717,boolean com.android.server.am.ActivityManagerService.refContentProvider(android.os.IBinder, int, int),-,14463,boolean com.android.server.am.ActivityManagerService.unbindService(android.app.IServiceConnection),5]
10-18 09:39:15.694 I/dvm_lock_sample( 1594): [system_server,1,android.anim,71,WindowAnimator.java,99,void com.android.server.wm.WindowAnimator.lambda$new$1$WindowAnimator(long),ActivityTaskManagerService.java,1755,void com.android.server.wm.ActivityTaskManagerService.activityPaused(android.os.IBinder),14]
10-18 09:39:15.714 I/dvm_lock_sample( 1594): [system_server,1,Binder:1594_1E,53,ActivityManagerService.java,1537,void com.android.server.am.ActivityManagerService$AppDeathRecipient.binderDied(),-,14474,void com.android.server.am.ActivityManagerService.publishService(android.os.IBinder, android.content.Intent, android.os.IBinder),10]
10-18 09:39:15.771 I/dvm_lock_sample( 1594): [system_server,1,Binder:1594_17,54,ActivityManagerService.java,14343,void com.android.server.am.ActivityManagerService.setServiceForeground(android.content.ComponentName, android.os.IBinder, int, android.app.Notification, int, int),-,1537,void com.android.server.am.ActivityManagerService$AppDeathRecipient.binderDied(),10]
10-18 09:39:16.660 I/notification_cancel_all( 1594): [1000,1594,com.vitrinedecraques.app,0,0,0,5,NULL]
10-18 09:39:17.655 I/dvm_lock_sample( 1594): [system_server,1,Binder:1594_1,7,ActivityManagerService.java,14474,void com.android.server.am.ActivityManagerService.publishService(android.os.IBinder, android.content.Intent, android.os.IBinder),-,5395,void com.android.server.am.ActivityManagerService.attachApplication(android.app.IApplicationThread, long),1]
10-18 09:39:18.212 I/dvm_lock_sample( 1594): [system_server,1,android.display,27,ActivityManagerService.java,18317,void com.android.server.am.ActivityManagerService$LocalService.setHasOverlayUi(int, boolean),-,14450,int com.android.server.am.ActivityManagerService.bindIsolatedService(android.app.IApplicationThread, android.os.IBinder, android.content.Intent, java.lang.String, android.app.IServiceConnection, int, java.lang.String, java.lang.String, int),5]
10-18 09:39:25.967 I/dvm_lock_sample( 1594): [system_server,1,android.ui,42,ActivityManagerService.java,3378,void com.android.server.am.ActivityManagerService.dispatchUidsChanged(),-,1537,void com.android.server.am.ActivityManagerService$AppDeathRecipient.binderDied(),8]
10-18 09:39:25.981 I/dvm_lock_sample( 1594): [system_server,0,Binder:1594_20,11,ActivityManagerService.java,14494,void com.android.server.am.ActivityManagerService.serviceDoneExecuting(android.os.IBinder, int, int, int),-,1537,void com.android.server.am.ActivityManagerService$AppDeathRecipient.binderDied(),2]
10-18 09:39:26.493 I/am_create_activity( 1594): [0,182726623,1590,com.vitrinedecraques.app/.MainActivity,android.intent.action.MAIN,NULL,NULL,270532608]
10-18 09:39:26.600 I/am_proc_start( 1594): [0,6416,11388,com.vitrinedecraques.app,activity,{com.vitrinedecraques.app/com.vitrinedecraques.app.MainActivity}]
10-18 09:39:26.656 I/am_proc_bound( 1594): [0,6416,com.vitrinedecraques.app]
10-18 09:39:26.661 I/am_restart_activity( 1594): [0,182726623,1590,com.vitrinedecraques.app/.MainActivity,6416]
10-18 09:39:26.662 I/am_set_resumed_activity( 1594): [0,com.vitrinedecraques.app/.MainActivity,minimalResumeActivityLocked]
10-18 09:39:27.142 I/am_on_create_called( 6416): [0,com.vitrinedecraques.app.MainActivity,performCreate,48]
10-18 09:39:27.158 I/am_on_start_called( 6416): [0,com.vitrinedecraques.app.MainActivity,handleStartActivity,0]
10-18 09:39:27.160 I/am_on_resume_called( 6416): [0,com.vitrinedecraques.app.MainActivity,RESUME_ACTIVITY,1]
10-18 09:39:27.238 I/am_on_top_resumed_gained_called( 6416): [0,com.vitrinedecraques.app.MainActivity,topStateChangedWhenResumed]
10-18 09:39:28.084 I/sysui_multi_action( 1594): [319,216,321,114,322,1607,325,1145550,757,761,758,7,759,1,806,com.vitrinedecraques.app,871,com.vitrinedecraques.app.MainActivity,904,com.miui.home,905,0,945,193,1320,8,1321,4]
10-18 09:39:28.086 I/am_activity_launch_time( 1594): [0,182726623,com.vitrinedecraques.app/.MainActivity,1607]
10-18 09:39:39.125 I/am_pss  ( 1594): [6416,11388,com.vitrinedecraques.app,104406016,91516928,185344,228081664,0,2,21]
10-18 09:39:49.168 I/am_pss  ( 1594): [6416,11388,com.vitrinedecraques.app,107617280,95682560,180224,233201664,0,2,20]
10-18 09:40:16.421 I/am_on_top_resumed_lost_called( 6416): [0,com.vitrinedecraques.app.MainActivity,topStateChangedWhenResumed]
10-18 09:40:16.437 I/am_pause_activity( 1594): [6416,182726623,com.vitrinedecraques.app/.MainActivity,userLeaving=true]
10-18 09:40:16.439 I/am_add_to_stopping( 1594): [0,182726623,com.vitrinedecraques.app/.MainActivity,makeInvisible]
10-18 09:40:16.450 I/am_on_paused_called( 6416): [0,com.vitrinedecraques.app.MainActivity,performPause,0]
10-18 09:40:16.918 I/am_stop_activity( 1594): [0,182726623,com.vitrinedecraques.app/.MainActivity]
10-18 09:40:16.998 I/am_on_stop_called( 6416): [0,com.vitrinedecraques.app.MainActivity,STOP_ACTIVITY_ITEM,0]
10-18 09:40:17.847 I/sysui_multi_action( 2131): [757,289,758,4,806,ComponentInfo{com.vitrinedecraques.app/com.vitrinedecraques.app.MainActivity}]
10-18 09:40:17.850 I/am_finish_activity( 1594): [6416,182726623,1590,com.vitrinedecraques.app/.MainActivity,remove-task]
10-18 09:40:17.850 I/am_destroy_activity( 1594): [6416,182726623,1590,com.vitrinedecraques.app/.MainActivity,finish-imm:finishActivityLocked]
10-18 09:40:17.857 I/dvm_lock_sample( 1594): [system_server,1,android.anim,6,InputMonitor.java,120,void com.android.server.wm.InputMonitor$1.run(),WindowProcessUtils.java,293,void com.android.server.wm.WindowProcessUtils.removeTask(int, com.android.server.wm.ActivityTaskManagerService),1]
10-18 09:40:17.871 I/am_kill ( 1594): [0,6416,com.vitrinedecraques.app,905,SwipeUpClean]
10-18 09:40:18.015 I/am_proc_died( 1594): [0,6416,com.vitrinedecraques.app,905,20]
10-18 09:41:43.834 I/dvm_lock_sample( 1594): [system_server,1,ActivityManager,41,PackageManagerService.java,25144,boolean com.android.server.pm.PackageManagerService$PackageManagerInternalImpl.isPermissionsReviewRequired(java.lang.String, int),-,8752,android.content.pm.ParceledListSlice com.android.server.pm.PackageManagerService.getInstalledPackages(int, int),8]
10-18 09:41:45.081 I/dvm_lock_sample( 1594): [system_server,1,Binder:1594_F,11,ActivityManagerService.java,14285,android.content.ComponentName com.android.server.am.ActivityManagerService.startService(android.app.IApplicationThread, android.content.Intent, java.lang.String, boolean, java.lang.String, int),BroadcastQueue.java,984,void com.android.server.am.BroadcastQueue.processNextBroadcast(boolean, boolean),2]
10-18 09:41:45.255 I/dvm_lock_sample( 1594): [system_server,0,Binder:1594_B,66,ActivityManagerService.java,14494,void com.android.server.am.ActivityManagerService.serviceDoneExecuting(android.os.IBinder, int, int, int),-,8605,boolean com.android.server.am.ActivityManagerService.isUidActive(int, java.lang.String),13]
10-18 09:41:45.257 I/dvm_lock_sample( 1594): [system_server,1,Binder:1594_11,46,ActivityManagerService.java,14791,android.content.Intent com.android.server.am.ActivityManagerService.registerReceiver(android.app.IApplicationThread, java.lang.String, android.content.IIntentReceiver, android.content.IntentFilter, java.lang.String, int, int),-,5395,void com.android.server.am.ActivityManagerService.attachApplication(android.app.IApplicationThread, long),9]
10-18 09:41:48.630 I/dvm_lock_sample( 1594): [system_server,1,Binder:1594_8,71,ActivityManagerService.java,8605,boolean com.android.server.am.ActivityManagerService.isUidActive(int, java.lang.String),-,16095,void com.android.server.am.ActivityManagerService.finishReceiver(android.os.IBinder, int, java.lang.String, android.os.Bundle, boolean, int),14]
10-18 09:42:13.587 I/dvm_lock_sample( 1594): [system_server,1,Binder:1594_F,26,ActivityManagerService.java,14474,void com.android.server.am.ActivityManagerService.publishService(android.os.IBinder, android.content.Intent, android.os.IBinder),-,1537,void com.android.server.am.ActivityManagerService$AppDeathRecipient.binderDied(),5]
10-18 09:44:36.543 I/dvm_lock_sample( 1594): [system_server,1,ActivityManager,8,NotificationManagerService.java,5129,boolean com.android.server.notification.NotificationManagerService.checkDisqualifyingFeatures(int, int, int, java.lang.String, com.android.server.notification.NotificationRecord, boolean),-,6324,void com.android.server.notification.NotificationManagerService.handleRankingReconsideration(android.os.Message),1]
10-18 09:47:51.974 I/dvm_lock_sample( 1594): [system_server,0,Binder:1594_14,8,ActivityManagerService.java,14494,void com.android.server.am.ActivityManagerService.serviceDoneExecuting(android.os.IBinder, int, int, int),-,14450,int com.android.server.am.ActivityManagerService.bindIsolatedService(android.app.IApplicationThread, android.os.IBinder, android.content.Intent, java.lang.String, android.app.IServiceConnection, int, java.lang.String, java.lang.String, int),1]
10-18 09:51:45.204 I/dvm_lock_sample( 1594): [system_server,0,android.bg,13,ActivityManagerService.java,1964,void com.android.server.am.ActivityManagerService$5.handleMessage(android.os.Message),-,14450,int com.android.server.am.ActivityManagerService.bindIsolatedService(android.app.IApplicationThread, android.os.IBinder, android.content.Intent, java.lang.String, android.app.IServiceConnection, int, java.lang.String, java.lang.String, int),2]
10-18 09:51:52.062 I/dvm_lock_sample( 1594): [system_server,1,Binder:1594_19,17,ActivityManagerService.java,14791,android.content.Intent com.android.server.am.ActivityManagerService.registerReceiver(android.app.IApplicationThread, java.lang.String, android.content.IIntentReceiver, android.content.IntentFilter, java.lang.String, int, int),-,14450,int com.android.server.am.ActivityManagerService.bindIsolatedService(android.app.IApplicationThread, android.os.IBinder, android.content.Intent, java.lang.String, android.app.IServiceConnection, int, java.lang.String, java.lang.String, int),3]
10-18 10:03:07.097 I/dvm_lock_sample( 1594): [system_server,1,Binder:1594_7,10,ActivityManagerService.java,8605,boolean com.android.server.am.ActivityManagerService.isUidActive(int, java.lang.String),-,14285,android.content.ComponentName com.android.server.am.ActivityManagerService.startService(android.app.IApplicationThread, android.content.Intent, java.lang.String, boolean, java.lang.String, int),2]
10-18 10:04:25.411 I/dvm_lock_sample( 1594): [system_server,1,Binder:1594_12,50,ActivityManagerService.java,15989,int com.android.server.am.ActivityManagerService.broadcastIntent(android.app.IApplicationThread, android.content.Intent, java.lang.String, android.content.IIntentReceiver, int, java.lang.String, android.os.Bundle, java.lang.String[], int, android.os.Bundle, boolean, boolean, int),-,16095,void com.android.server.am.ActivityManagerService.finishReceiver(android.os.IBinder, int, java.lang.String, android.os.Bundle, boolean, int),10]
10-18 10:04:36.156 I/dvm_lock_sample( 1594): [system_server,1,android.anim,8,InputMonitor.java,120,void com.android.server.wm.InputMonitor$1.run(),ActivityTaskManagerService.java,1601,boolean com.android.server.wm.ActivityTaskManagerService.finishActivity(android.os.IBinder, int, android.content.Intent, int),1]
10-18 10:04:36.179 I/dvm_lock_sample( 1594): [system_server,1,android.display,11,WindowProcessController.java,522,boolean com.android.server.wm.WindowProcessController.hasActivities(),ActivityTaskManagerService.java,1755,void com.android.server.wm.ActivityTaskManagerService.activityPaused(android.os.IBinder),2]
10-18 10:17:04.368 I/dvm_lock_sample( 1594): [system_server,1,Binder:1594_D,6,ActivityManagerService.java,10076,void com.android.server.am.ActivityManagerService.getMyMemoryState(android.app.ActivityManager$RunningAppProcessInfo),-,14474,void com.android.server.am.ActivityManagerService.publishService(android.os.IBinder, android.content.Intent, android.os.IBinder),1]
10-18 10:17:05.752 I/dvm_lock_sample( 1594): [system_server,1,Binder:1594_C,11,ActivityManagerService.java,8605,boolean com.android.server.am.ActivityManagerService.isUidActive(int, java.lang.String),-,14494,void com.android.server.am.ActivityManagerService.serviceDoneExecuting(android.os.IBinder, int, int, int),2]
10-18 10:18:46.904 I/binder_sample( 2404): [android.app.IActivityTaskManager,1,505,com.miui.home,100]
10-18 10:18:46.942 I/dvm_lock_sample( 1594): [system_server,1,Binder:1594_4,125,ActivityManagerService.java,6978,android.app.ContentProviderHolder com.android.server.am.ActivityManagerService.getContentProviderImpl(android.app.IApplicationThread, java.lang.String, android.os.IBinder, int, java.lang.String, java.lang.String, boolean, int),-,14463,boolean com.android.server.am.ActivityManagerService.unbindService(android.app.IServiceConnection),25]
10-18 10:19:04.609 I/dvm_lock_sample( 1594): [system_server,1,android.ui,183,ActivityManagerService.java,3378,void com.android.server.am.ActivityManagerService.dispatchUidsChanged(),-,15989,int com.android.server.am.ActivityManagerService.broadcastIntent(android.app.IApplicationThread, android.content.Intent, java.lang.String, android.content.IIntentReceiver, int, java.lang.String, android.os.Bundle, java.lang.String[], int, android.os.Bundle, boolean, boolean, int),36]
10-18 10:19:07.180 I/notification_cancel_all( 1594): [1000,1594,com.vitrinedecraques.app,0,0,0,5,NULL]
10-18 10:19:07.275 I/am_wtf  ( 1594): [0,1594,system_server,-1,PasspointManager,No app ops listener found for com.vitrinedecraques.app]
10-18 10:19:10.227 I/dvm_lock_sample( 1594): [system_server,1,Binder:1594_1E,22,ActivityManagerService.java,5955,boolean com.android.server.am.ActivityManagerService.isAppBad(android.content.pm.ApplicationInfo),-,1537,void com.android.server.am.ActivityManagerService$AppDeathRecipient.binderDied(),4]
10-18 10:19:11.664 I/dvm_lock_sample( 1594): [system_server,1,Binder:1594_8,13,ActivityManagerService.java,14791,android.content.Intent com.android.server.am.ActivityManagerService.registerReceiver(android.app.IApplicationThread, java.lang.String, android.content.IIntentReceiver, android.content.IntentFilter, java.lang.String, int, int),-,1537,void com.android.server.am.ActivityManagerService$AppDeathRecipient.binderDied(),2]
10-18 10:19:20.823 I/dvm_lock_sample( 1594): [system_server,1,Binder:1594_11,6,ActivityManagerService.java,14791,android.content.Intent com.android.server.am.ActivityManagerService.registerReceiver(android.app.IApplicationThread, java.lang.String, android.content.IIntentReceiver, android.content.IntentFilter, java.lang.String, int, int),-,14450,int com.android.server.am.ActivityManagerService.bindIsolatedService(android.app.IApplicationThread, android.os.IBinder, android.content.Intent, java.lang.String, android.app.IServiceConnection, int, java.lang.String, java.lang.String, int),1]
10-18 10:33:14.540 I/dvm_lock_sample( 1594): [system_server,0,Binder:1594_10,10,ActivityManagerService.java,14494,void com.android.server.am.ActivityManagerService.serviceDoneExecuting(android.os.IBinder, int, int, int),-,14450,int com.android.server.am.ActivityManagerService.bindIsolatedService(android.app.IApplicationThread, android.os.IBinder, android.content.Intent, java.lang.String, android.app.IServiceConnection, int, java.lang.String, java.lang.String, int),2]
10-18 10:37:57.567 I/dvm_lock_sample( 1594): [system_server,0,Binder:1594_1C,16,ActivityManagerService.java,14494,void com.android.server.am.ActivityManagerService.serviceDoneExecuting(android.os.IBinder, int, int, int),-,17200,void com.android.server.am.ActivityManagerService$ProcStatsRunnable.run(),3]
10-18 10:41:34.802 I/dvm_lock_sample( 1594): [system_server,0,miui.fg,8,ActivityManagerService.java,5955,boolean com.android.server.am.ActivityManagerService.isAppBad(android.content.pm.ApplicationInfo),-,14494,void com.android.server.am.ActivityManagerService.serviceDoneExecuting(android.os.IBinder, int, int, int),1]
10-18 10:45:41.070 I/dvm_lock_sample( 1594): [system_server,1,Binder:1594_1,17,ActivityManagerService.java,8605,boolean com.android.server.am.ActivityManagerService.isUidActive(int, java.lang.String),-,14494,void com.android.server.am.ActivityManagerService.serviceDoneExecuting(android.os.IBinder, int, int, int),3]
10-18 10:45:41.121 I/dvm_lock_sample( 1594): [system_server,1,android.ui,19,ActivityManagerService.java,3378,void com.android.server.am.ActivityManagerService.dispatchUidsChanged(),-,14494,void com.android.server.am.ActivityManagerService.serviceDoneExecuting(android.os.IBinder, int, int, int),3]
10-18 10:56:07.733 I/binder_sample(15641): [android.app.IActivityManager,15,438,<pre-initialized>,87]
10-18 10:56:08.015 I/sysui_multi_action( 1594): [757,147,758,4,759,1,806,com.vitrinedecraques.app]
10-18 10:56:08.189 I/dvm_lock_sample( 1594): [system_server,0,Binder:1594_6,19,ActivityManagerService.java,14494,void com.android.server.am.ActivityManagerService.serviceDoneExecuting(android.os.IBinder, int, int, int),-,14450,int com.android.server.am.ActivityManagerService.bindIsolatedService(android.app.IApplicationThread, android.os.IBinder, android.content.Intent, java.lang.String, android.app.IServiceConnection, int, java.lang.String, java.lang.String, int),3]
10-18 10:56:09.212 I/dvm_lock_sample( 1594): [system_server,1,android.ui,25,ActivityManagerService.java,3378,void com.android.server.am.ActivityManagerService.dispatchUidsChanged(),-,1537,void com.android.server.am.ActivityManagerService$AppDeathRecipient.binderDied(),5]
10-18 10:56:09.753 I/am_create_activity( 1594): [0,34619296,1596,com.vitrinedecraques.app/.MainActivity,NULL,NULL,NULL,268435456]
10-18 10:56:09.962 I/dvm_lock_sample( 1594): [system_server,1,Binder:1594_14,403,ActivityTaskManagerService.java,6513,boolean com.android.server.wm.ActivityTaskManagerService$LocalService.isGetTasksAllowed(java.lang.String, int, int),ActivityStarter.java,1313,int com.android.server.wm.ActivityStarter.startActivityMayWait(android.app.IApplicationThread, int, java.lang.String, int, int, android.content.Intent, java.lang.String, android.service.voice.IVoiceInteractionSession, com.android.internal.app.IVoiceInteractor, android.os.IBinder, java.lang.String, int, int, android.app.ProfilerInfo, android.app.WaitResult, android.content.res.Configuration, com.android.server.wm.SafeActivityOptions, boolean, int, com.android.server.wm.TaskRecord, java.lang.String, boolean, com.android.server.am.PendingIntentRecord, boolean),80]
10-18 10:56:09.963 I/dvm_lock_sample( 1594): [system_server,1,Binder:1594_5,295,WindowProcessUtils.java,405,java.lang.String com.android.server.wm.WindowProcessUtils.getCallerPackageName(com.android.server.wm.ActivityTaskManagerService, android.app.IApplicationThread),ActivityStarter.java,1313,int com.android.server.wm.ActivityStarter.startActivityMayWait(android.app.IApplicationThread, int, java.lang.String, int, int, android.content.Intent, java.lang.String, android.service.voice.IVoiceInteractionSession, com.android.internal.app.IVoiceInteractor, android.os.IBinder, java.lang.String, int, int, android.app.ProfilerInfo, android.app.WaitResult, android.content.res.Configuration, com.android.server.wm.SafeActivityOptions, boolean, int, com.android.server.wm.TaskRecord, java.lang.String, boolean, com.android.server.am.PendingIntentRecord, boolean),59]
10-18 10:56:09.963 I/dvm_lock_sample( 1594): [system_server,1,Binder:1594_12,416,ActivityManagerService.java,14791,android.content.Intent com.android.server.am.ActivityManagerService.registerReceiver(android.app.IApplicationThread, java.lang.String, android.content.IIntentReceiver, android.content.IntentFilter, java.lang.String, int, int),-,14494,void com.android.server.am.ActivityManagerService.serviceDoneExecuting(android.os.IBinder, int, int, int),83]
10-18 10:56:09.964 I/dvm_lock_sample( 1594): [system_server,1,Binder:1594_1A,370,ActivityManagerService.java,1537,void com.android.server.am.ActivityManagerService$AppDeathRecipient.binderDied(),-,14494,void com.android.server.am.ActivityManagerService.serviceDoneExecuting(android.os.IBinder, int, int, int),74]
10-18 10:56:09.988 I/dvm_lock_sample( 1594): [system_server,1,Binder:1594_1B,344,ActivityManagerService.java,14463,boolean com.android.server.am.ActivityManagerService.unbindService(android.app.IServiceConnection),-,14494,void com.android.server.am.ActivityManagerService.serviceDoneExecuting(android.os.IBinder, int, int, int),68]
10-18 10:56:09.994 I/dvm_lock_sample( 1594): [system_server,1,Binder:1594_20,308,ActivityManagerService.java,14791,android.content.Intent com.android.server.am.ActivityManagerService.registerReceiver(android.app.IApplicationThread, java.lang.String, android.content.IIntentReceiver, android.content.IntentFilter, java.lang.String, int, int),-,14494,void com.android.server.am.ActivityManagerService.serviceDoneExecuting(android.os.IBinder, int, int, int),61]
10-18 10:56:09.995 I/dvm_lock_sample( 1594): [system_server,1,Binder:1594_1E,349,ActivityManagerService.java,14791,android.content.Intent com.android.server.am.ActivityManagerService.registerReceiver(android.app.IApplicationThread, java.lang.String, android.content.IIntentReceiver, android.content.IntentFilter, java.lang.String, int, int),-,14494,void com.android.server.am.ActivityManagerService.serviceDoneExecuting(android.os.IBinder, int, int, int),69]
10-18 10:56:10.004 I/dvm_lock_sample( 1594): [system_server,0,NetworkStats,210,ActivityManagerService.java,15989,int com.android.server.am.ActivityManagerService.broadcastIntent(android.app.IApplicationThread, android.content.Intent, java.lang.String, android.content.IIntentReceiver, int, java.lang.String, android.os.Bundle, java.lang.String[], int, android.os.Bundle, boolean, boolean, int),-,14494,void com.android.server.am.ActivityManagerService.serviceDoneExecuting(android.os.IBinder, int, int, int),42]
10-18 10:56:10.066 I/binder_sample( 7233): [android.app.IActivityManager,29,428,com.miui.securitycenter.remote,85]
10-18 10:56:10.094 I/dvm_lock_sample( 1594): [system_server,1,ActivityManager,87,BroadcastQueue.java,984,void com.android.server.am.BroadcastQueue.processNextBroadcast(boolean, boolean),ActivityManagerService.java,1537,void com.android.server.am.ActivityManagerService$AppDeathRecipient.binderDied(),17]
10-18 10:56:10.133 I/dvm_lock_sample( 1594): [system_server,1,NetworkPolicy.uid,35,ActivityManagerService.java,18347,void com.android.server.am.ActivityManagerService$LocalService.notifyNetworkPolicyRulesUpdated(int, long),-,18863,void com.android.server.am.ActivityManagerService$LocalService.startProcess(java.lang.String, android.content.pm.ApplicationInfo, boolean, java.lang.String, android.content.ComponentName, java.lang.String),7]
10-18 10:56:10.147 I/dvm_lock_sample( 1594): [system_server,1,Binder:1594_1A,37,ActivityManagerService.java,7717,boolean com.android.server.am.ActivityManagerService.refContentProvider(android.os.IBinder, int, int),-,14285,android.content.ComponentName com.android.server.am.ActivityManagerService.startService(android.app.IApplicationThread, android.content.Intent, java.lang.String, boolean, java.lang.String, int),7]
10-18 10:56:10.239 I/am_proc_start( 1594): [0,16092,11389,com.vitrinedecraques.app,activity,{com.vitrinedecraques.app/com.vitrinedecraques.app.MainActivity}]
10-18 10:56:10.489 I/am_proc_bound( 1594): [0,16092,com.vitrinedecraques.app]
10-18 10:56:10.506 I/am_restart_activity( 1594): [0,34619296,1596,com.vitrinedecraques.app/.MainActivity,16092]
10-18 10:56:10.509 I/am_set_resumed_activity( 1594): [0,com.vitrinedecraques.app/.MainActivity,minimalResumeActivityLocked]
10-18 10:56:10.576 I/dvm_lock_sample( 1594): [system_server,1,Binder:1594_B,5,ActivityManagerService.java,7717,boolean com.android.server.am.ActivityManagerService.refContentProvider(android.os.IBinder, int, int),-,14494,void com.android.server.am.ActivityManagerService.serviceDoneExecuting(android.os.IBinder, int, int, int),1]
10-18 10:56:10.704 I/notification_cancel_all( 1594): [1000,1594,com.vitrinedecraques.app,0,0,0,5,NULL]
10-18 10:56:11.320 I/sysui_multi_action( 1594): [757,147,758,4,759,1,806,com.vitrinedecraques.app]
10-18 10:56:11.527 I/dvm_lock_sample( 1594): [system_server,1,Binder:1594_A,5,ActivityManagerService.java,10076,void com.android.server.am.ActivityManagerService.getMyMemoryState(android.app.ActivityManager$RunningAppProcessInfo),-,5395,void com.android.server.am.ActivityManagerService.attachApplication(android.app.IApplicationThread, long),1]
10-18 10:56:11.879 I/dvm_lock_sample( 1594): [system_server,1,android.ui,8,ActivityManagerService.java,3378,void com.android.server.am.ActivityManagerService.dispatchUidsChanged(),-,14474,void com.android.server.am.ActivityManagerService.publishService(android.os.IBinder, android.content.Intent, android.os.IBinder),1]
10-18 10:56:15.847 I/am_lifecycle_sample(16092): [0,com.vitrinedecraques.app,110,5306]
10-18 10:56:16.044 I/am_on_create_called(16092): [0,com.vitrinedecraques.app.MainActivity,performCreate,133]
10-18 10:56:16.097 I/am_on_start_called(16092): [0,com.vitrinedecraques.app.MainActivity,handleStartActivity,0]
10-18 10:56:16.100 I/am_on_resume_called(16092): [0,com.vitrinedecraques.app.MainActivity,RESUME_ACTIVITY,1]
10-18 10:56:16.123 I/am_on_top_resumed_gained_called(16092): [0,com.vitrinedecraques.app.MainActivity,topStateChangedWhenResumed]
10-18 10:56:17.453 I/sysui_multi_action( 1594): [319,1031,321,641,322,7953,325,1150153,757,761,758,7,759,1,806,com.vitrinedecraques.app,871,com.vitrinedecraques.app.MainActivity,904,com.android.shell,905,0,945,994,1320,12,1321,1]
10-18 10:56:17.456 I/am_activity_launch_time( 1594): [0,34619296,com.vitrinedecraques.app/.MainActivity,7953]
10-18 10:56:21.367 I/am_pss  ( 1594): [16092,11389,com.vitrinedecraques.app,162485248,153583616,222208,250941440,0,2,22]
10-18 10:56:32.882 I/am_pss  ( 1594): [16092,11389,com.vitrinedecraques.app,199607296,188198912,223232,291487744,0,2,18]
10-18 10:56:34.312 I/am_on_top_resumed_lost_called(16092): [0,com.vitrinedecraques.app.MainActivity,topStateChangedWhenResumed]
10-18 10:56:34.314 I/am_pause_activity( 1594): [16092,34619296,com.vitrinedecraques.app/.MainActivity,userLeaving=true]
10-18 10:56:34.316 I/am_add_to_stopping( 1594): [0,34619296,com.vitrinedecraques.app/.MainActivity,makeInvisible]
10-18 10:56:34.327 I/am_on_paused_called(16092): [0,com.vitrinedecraques.app.MainActivity,performPause,0]
10-18 10:56:34.851 I/am_stop_activity( 1594): [0,34619296,com.vitrinedecraques.app/.MainActivity]
10-18 10:56:34.992 I/am_on_stop_called(16092): [0,com.vitrinedecraques.app.MainActivity,STOP_ACTIVITY_ITEM,0]
10-18 10:56:35.591 I/sysui_multi_action( 2131): [757,289,758,4,806,ComponentInfo{com.vitrinedecraques.app/com.vitrinedecraques.app.MainActivity}]
10-18 10:56:35.594 I/am_finish_activity( 1594): [16092,34619296,1596,com.vitrinedecraques.app/.MainActivity,remove-task]
10-18 10:56:35.594 I/am_destroy_activity( 1594): [16092,34619296,1596,com.vitrinedecraques.app/.MainActivity,finish-imm:finishActivityLocked]
10-18 10:56:35.612 I/am_kill ( 1594): [0,16092,com.vitrinedecraques.app,915,SwipeUpClean]
10-18 10:56:35.728 I/am_proc_died( 1594): [0,16092,com.vitrinedecraques.app,915,20]
10-18 10:56:48.286 I/dvm_lock_sample( 1594): [system_server,1,Binder:1594_5,10,ActivityManagerService.java,14450,int com.android.server.am.ActivityManagerService.bindIsolatedService(android.app.IApplicationThread, android.os.IBinder, android.content.Intent, java.lang.String, android.app.IServiceConnection, int, java.lang.String, java.lang.String, int),-,14450,int com.android.server.am.ActivityManagerService.bindIsolatedService(android.app.IApplicationThread, android.os.IBinder, android.content.Intent, java.lang.String, android.app.IServiceConnection, int, java.lang.String, java.lang.String, int),2]
10-18 11:03:21.372 I/dvm_lock_sample( 1594): [system_server,0,Binder:1594_A,11,ActivityManagerService.java,14494,void com.android.server.am.ActivityManagerService.serviceDoneExecuting(android.os.IBinder, int, int, int),-,6978,android.app.ContentProviderHolder com.android.server.am.ActivityManagerService.getContentProviderImpl(android.app.IApplicationThread, java.lang.String, android.os.IBinder, int, java.lang.String, java.lang.String, boolean, int),2]
10-18 11:09:20.156 I/dvm_lock_sample( 1594): [system_server,1,Binder:1594_5,7,ActivityManagerService.java,14474,void com.android.server.am.ActivityManagerService.publishService(android.os.IBinder, android.content.Intent, android.os.IBinder),-,14450,int com.android.server.am.ActivityManagerService.bindIsolatedService(android.app.IApplicationThread, android.os.IBinder, android.content.Intent, java.lang.String, android.app.IServiceConnection, int, java.lang.String, java.lang.String, int),1]
10-18 11:09:22.913 I/dvm_lock_sample( 1594): [system_server,0,Binder:1594_A,52,ActivityManagerService.java,14494,void com.android.server.am.ActivityManagerService.serviceDoneExecuting(android.os.IBinder, int, int, int),-,14450,int com.android.server.am.ActivityManagerService.bindIsolatedService(android.app.IApplicationThread, android.os.IBinder, android.content.Intent, java.lang.String, android.app.IServiceConnection, int, java.lang.String, java.lang.String, int),10]
10-18 11:09:38.004 I/dvm_lock_sample( 1594): [system_server,0,Binder:1594_E,6,ActivityManagerService.java,14494,void com.android.server.am.ActivityManagerService.serviceDoneExecuting(android.os.IBinder, int, int, int),-,14463,boolean com.android.server.am.ActivityManagerService.unbindService(android.app.IServiceConnection),1]
10-18 11:12:00.122 I/dvm_lock_sample( 1594): [system_server,1,main,6,BroadcastDispatcher.java,186,void com.android.server.am.BroadcastDispatcher$1.broadcastAlarmComplete(int),ActivityManagerService.java,16095,void com.android.server.am.ActivityManagerService.finishReceiver(android.os.IBinder, int, java.lang.String, android.os.Bundle, boolean, int),1]
10-18 11:34:48.070 I/dvm_lock_sample( 1594): [system_server,1,Binder:1594_6,16,ActivityManagerService.java,14450,int com.android.server.am.ActivityManagerService.bindIsolatedService(android.app.IApplicationThread, android.os.IBinder, android.content.Intent, java.lang.String, android.app.IServiceConnection, int, java.lang.String, java.lang.String, int),-,14450,int com.android.server.am.ActivityManagerService.bindIsolatedService(android.app.IApplicationThread, android.os.IBinder, android.content.Intent, java.lang.String, android.app.IServiceConnection, int, java.lang.String, java.lang.String, int),3]
10-18 11:35:39.775 I/dvm_lock_sample( 1594): [system_server,1,android.ui,9,ActivityManagerService.java,3378,void com.android.server.am.ActivityManagerService.dispatchUidsChanged(),-,14450,int com.android.server.am.ActivityManagerService.bindIsolatedService(android.app.IApplicationThread, android.os.IBinder, android.content.Intent, java.lang.String, android.app.IServiceConnection, int, java.lang.String, java.lang.String, int),1]
10-18 11:36:52.570 I/dvm_lock_sample( 1594): [system_server,1,Binder:1594_5,6,ActivityManagerService.java,8605,boolean com.android.server.am.ActivityManagerService.isUidActive(int, java.lang.String),-,14494,void com.android.server.am.ActivityManagerService.serviceDoneExecuting(android.os.IBinder, int, int, int),1]
10-18 11:38:01.447 I/dvm_lock_sample( 1594): [system_server,0,android.bg,25,ActivityManagerService.java,1964,void com.android.server.am.ActivityManagerService$5.handleMessage(android.os.Message),-,17200,void com.android.server.am.ActivityManagerService$ProcStatsRunnable.run(),5]
10-18 11:51:53.515 I/dvm_lock_sample( 1594): [system_server,1,Binder:1594_20,12,ActivityManagerService.java,7717,boolean com.android.server.am.ActivityManagerService.refContentProvider(android.os.IBinder, int, int),-,14450,int com.android.server.am.ActivityManagerService.bindIsolatedService(android.app.IApplicationThread, android.os.IBinder, android.content.Intent, java.lang.String, android.app.IServiceConnection, int, java.lang.String, java.lang.String, int),2]
10-18 12:03:29.969 I/dvm_lock_sample( 1594): [system_server,1,Binder:1594_18,5,ActivityManagerService.java,14488,void com.android.server.am.ActivityManagerService.unbindFinished(android.os.IBinder, android.content.Intent, boolean),-,14463,boolean com.android.server.am.ActivityManagerService.unbindService(android.app.IServiceConnection),1]
10-18 12:04:12.431 I/dvm_lock_sample( 1594): [system_server,1,Binder:1594_18,12,ActivityManagerService.java,6181,boolean com.android.server.am.ActivityManagerService.isAppStartModeDisabled(int, java.lang.String),-,14450,int com.android.server.am.ActivityManagerService.bindIsolatedService(android.app.IApplicationThread, android.os.IBinder, android.content.Intent, java.lang.String, android.app.IServiceConnection, int, java.lang.String, java.lang.String, int),2]
10-18 12:20:40.155 I/dvm_lock_sample( 1594): [system_server,0,Binder:1594_F,6,ActivityManagerService.java,14494,void com.android.server.am.ActivityManagerService.serviceDoneExecuting(android.os.IBinder, int, int, int),-,14463,boolean com.android.server.am.ActivityManagerService.unbindService(android.app.IServiceConnection),1]
10-18 12:29:18.336 I/auditd  ( 1594): type=1400 audit(0.0:179427): avc: denied { getpgid } for comm="ActivityManager" scontext=u:r:system_server:s0 tcontext=u:r:app_zygote:s0:c512,c768 tclass=process permissive=0
10-18 12:29:18.346 I/auditd  ( 1594): type=1400 audit(0.0:179431): avc: denied { getpgid } for comm="ActivityManager" scontext=u:r:system_server:s0 tcontext=u:r:app_zygote:s0:c512,c768 tclass=process permissive=0
10-18 12:39:04.441 I/dvm_lock_sample( 1594): [system_server,0,miui.fg,17,ActivityManagerService.java,5955,boolean com.android.server.am.ActivityManagerService.isAppBad(android.content.pm.ApplicationInfo),-,14450,int com.android.server.am.ActivityManagerService.bindIsolatedService(android.app.IApplicationThread, android.os.IBinder, android.content.Intent, java.lang.String, android.app.IServiceConnection, int, java.lang.String, java.lang.String, int),3]
10-18 12:54:07.177 I/dvm_lock_sample( 1594): [system_server,0,android.bg,8,ActivityManagerService.java,1964,void com.android.server.am.ActivityManagerService$5.handleMessage(android.os.Message),-,14450,int com.android.server.am.ActivityManagerService.bindIsolatedService(android.app.IApplicationThread, android.os.IBinder, android.content.Intent, java.lang.String, android.app.IServiceConnection, int, java.lang.String, java.lang.String, int),1]
10-18 12:54:10.169 I/dvm_lock_sample( 1594): [system_server,1,Binder:1594_6,8,ActivityManagerService.java,8605,boolean com.android.server.am.ActivityManagerService.isUidActive(int, java.lang.String),-,14450,int com.android.server.am.ActivityManagerService.bindIsolatedService(android.app.IApplicationThread, android.os.IBinder, android.content.Intent, java.lang.String, android.app.IServiceConnection, int, java.lang.String, java.lang.String, int),1]
10-18 12:54:10.170 I/dvm_lock_sample( 1594): [system_server,1,android.ui,8,ActivityManagerService.java,3432,void com.android.server.am.ActivityManagerService.dispatchUidsChanged(),-,14450,int com.android.server.am.ActivityManagerService.bindIsolatedService(android.app.IApplicationThread, android.os.IBinder, android.content.Intent, java.lang.String, android.app.IServiceConnection, int, java.lang.String, java.lang.String, int),1]
10-18 13:01:49.036 I/dvm_lock_sample( 1594): [system_server,0,miui.fg,7,ActivityManagerService.java,5955,boolean com.android.server.am.ActivityManagerService.isAppBad(android.content.pm.ApplicationInfo),-,1537,void com.android.server.am.ActivityManagerService$AppDeathRecipient.binderDied(),1]
10-18 13:22:03.565 I/dvm_lock_sample( 1594): [system_server,1,ActivityManager,366,PackageManagerService.java,7389,java.lang.String com.android.server.pm.PackageManagerService.getInstantAppPackageName(int),-,17551,void com.android.server.pm.PackageManagerService.installPackagesLI(java.util.List),73]
10-18 13:22:03.704 I/notification_cancel_all( 1594): [1000,1594,com.vitrinedecraques.app,0,0,0,5,NULL]
