11-16 17:29:33.688 I/dvm_lock_sample( 1630): [system_server,1,Binder:1630_C,8,ActivityManagerService.java,14463,boolean com.android.server.am.ActivityManagerService.unbindService(android.app.IServiceConnection),-,1537,void com.android.server.am.ActivityManagerService$AppDeathRecipient.binderDied(),1]
11-16 17:53:20.833 I/dvm_lock_sample( 1630): [system_server,1,android.ui,16,ActivityManagerService.java,3378,void com.android.server.am.ActivityManagerService.dispatchUidsChanged(),-,5395,void com.android.server.am.ActivityManagerService.attachApplication(android.app.IApplicationThread, long),3]
11-16 17:57:47.079 I/dvm_lock_sample( 1630): [system_server,1,android.ui,10,ActivityManagerService.java,3378,void com.android.server.am.ActivityManagerService.dispatchUidsChanged(),-,14450,int com.android.server.am.ActivityManagerService.bindIsolatedService(android.app.IApplicationThread, android.os.IBinder, android.content.Intent, java.lang.String, android.app.IServiceConnection, int, java.lang.String, java.lang.String, int),2]
11-16 17:57:47.357 I/dvm_lock_sample( 1630): [system_server,1,Binder:1630_C,10,ActivityManagerService.java,6181,boolean com.android.server.am.ActivityManagerService.isAppStartModeDisabled(int, java.lang.String),-,14450,int com.android.server.am.ActivityManagerService.bindIsolatedService(android.app.IApplicationThread, android.os.IBinder, android.content.Intent, java.lang.String, android.app.IServiceConnection, int, java.lang.String, java.lang.String, int),2]
11-16 18:07:02.914 I/dvm_lock_sample( 1630): [system_server,1,android.ui,7,ActivityManagerService.java,3272,void com.android.server.am.ActivityManagerService.dispatchProcessesChanged(),-,14285,android.content.ComponentName com.android.server.am.ActivityManagerService.startService(android.app.IApplicationThread, android.content.Intent, java.lang.String, boolean, java.lang.String, int),1]
11-16 18:15:28.019 I/dvm_lock_sample( 1630): [system_server,1,Binder:1630_3,6,ActivityManagerService.java,6978,android.app.ContentProviderHolder com.android.server.am.ActivityManagerService.getContentProviderImpl(android.app.IApplicationThread, java.lang.String, android.os.IBinder, int, java.lang.String, java.lang.String, boolean, int),-,18684,android.content.ComponentName com.android.server.am.ActivityManagerService$LocalService.startServiceInPackage(int, android.content.Intent, java.lang.String, boolean, java.lang.String, int, boolean),1]
11-16 18:23:16.766 I/dvm_lock_sample( 1630): [system_server,0,Binder:1630_5,6,ActivityManagerService.java,14494,void com.android.server.am.ActivityManagerService.serviceDoneExecuting(android.os.IBinder, int, int, int),-,14463,boolean com.android.server.am.ActivityManagerService.unbindService(android.app.IServiceConnection),1]
11-16 18:27:47.295 I/dvm_lock_sample( 1630): [system_server,1,android.ui,15,ActivityManagerService.java,3378,void com.android.server.am.ActivityManagerService.dispatchUidsChanged(),-,1537,void com.android.server.am.ActivityManagerService$AppDeathRecipient.binderDied(),3]
11-16 18:34:04.123 I/dvm_lock_sample( 1630): [system_server,0,miui.fg,6,ActivityManagerService.java,10090,int com.android.server.am.ActivityManagerService.getMemoryTrimLevel(),-,14450,int com.android.server.am.ActivityManagerService.bindIsolatedService(android.app.IApplicationThread, android.os.IBinder, android.content.Intent, java.lang.String, android.app.IServiceConnection, int, java.lang.String, java.lang.String, int),1]
11-16 18:42:28.905 I/dvm_lock_sample( 1630): [system_server,1,android.ui,6,ActivityManagerService.java,3378,void com.android.server.am.ActivityManagerService.dispatchUidsChanged(),-,14450,int com.android.server.am.ActivityManagerService.bindIsolatedService(android.app.IApplicationThread, android.os.IBinder, android.content.Intent, java.lang.String, android.app.IServiceConnection, int, java.lang.String, java.lang.String, int),1]
11-16 18:49:36.592 I/dvm_lock_sample( 1630): [system_server,0,Binder:1630_D,11,ActivityManagerService.java,14494,void com.android.server.am.ActivityManagerService.serviceDoneExecuting(android.os.IBinder, int, int, int),-,1537,void com.android.server.am.ActivityManagerService$AppDeathRecipient.binderDied(),2]
11-16 18:51:46.183 I/dvm_lock_sample( 1630): [system_server,0,android.bg,5,ActivityManagerService.java,2012,void com.android.server.am.ActivityManagerService$5.handleMessage(android.os.Message),-,14474,void com.android.server.am.ActivityManagerService.publishService(android.os.IBinder, android.content.Intent, android.os.IBinder),1]
11-16 18:53:44.674 I/dvm_lock_sample( 1630): [system_server,1,Binder:1630_D,44,ActivityManagerService.java,8605,boolean com.android.server.am.ActivityManagerService.isUidActive(int, java.lang.String),-,14494,void com.android.server.am.ActivityManagerService.serviceDoneExecuting(android.os.IBinder, int, int, int),8]
11-16 18:53:44.681 I/dvm_lock_sample( 1630): [system_server,1,android.ui,49,ActivityManagerService.java,3378,void com.android.server.am.ActivityManagerService.dispatchUidsChanged(),-,14494,void com.android.server.am.ActivityManagerService.serviceDoneExecuting(android.os.IBinder, int, int, int),9]
11-16 19:34:52.803 I/dvm_lock_sample( 1630): [system_server,1,Binder:1630_B,11,ActivityManagerService.java,5955,boolean com.android.server.am.ActivityManagerService.isAppBad(android.content.pm.ApplicationInfo),-,14450,int com.android.server.am.ActivityManagerService.bindIsolatedService(android.app.IApplicationThread, android.os.IBinder, android.content.Intent, java.lang.String, android.app.IServiceConnection, int, java.lang.String, java.lang.String, int),2]
11-16 19:35:28.368 I/dvm_lock_sample( 1630): [system_server,0,Binder:1630_3,6,ActivityManagerService.java,14494,void com.android.server.am.ActivityManagerService.serviceDoneExecuting(android.os.IBinder, int, int, int),-,14450,int com.android.server.am.ActivityManagerService.bindIsolatedService(android.app.IApplicationThread, android.os.IBinder, android.content.Intent, java.lang.String, android.app.IServiceConnection, int, java.lang.String, java.lang.String, int),1]
11-16 19:36:01.313 I/auditd  ( 1630): type=1400 audit(0.0:68202): avc: denied { getpgid } for comm="ActivityManager" scontext=u:r:system_server:s0 tcontext=u:r:app_zygote:s0:c512,c768 tclass=process permissive=0
11-16 19:36:01.323 I/auditd  ( 1630): type=1400 audit(0.0:68206): avc: denied { getpgid } for comm="ActivityManager" scontext=u:r:system_server:s0 tcontext=u:r:app_zygote:s0:c512,c768 tclass=process permissive=0
11-16 19:54:25.987 I/dvm_lock_sample( 1630): [system_server,1,android.ui,12,ActivityManagerService.java,3378,void com.android.server.am.ActivityManagerService.dispatchUidsChanged(),-,5395,void com.android.server.am.ActivityManagerService.attachApplication(android.app.IApplicationThread, long),2]
11-16 19:54:26.445 I/dvm_lock_sample( 1630): [system_server,1,android.ui,5,ActivityManagerService.java,3378,void com.android.server.am.ActivityManagerService.dispatchUidsChanged(),-,14450,int com.android.server.am.ActivityManagerService.bindIsolatedService(android.app.IApplicationThread, android.os.IBinder, android.content.Intent, java.lang.String, android.app.IServiceConnection, int, java.lang.String, java.lang.String, int),1]
11-16 19:59:20.605 I/dvm_lock_sample( 1630): [system_server,1,Binder:1630_15,8,ActivityManagerService.java,8605,boolean com.android.server.am.ActivityManagerService.isUidActive(int, java.lang.String),-,14494,void com.android.server.am.ActivityManagerService.serviceDoneExecuting(android.os.IBinder, int, int, int),1]
11-16 20:16:55.131 I/dvm_lock_sample( 1630): [system_server,0,miui.fg,18,ActivityManagerService.java,5955,boolean com.android.server.am.ActivityManagerService.isAppBad(android.content.pm.ApplicationInfo),-,18684,android.content.ComponentName com.android.server.am.ActivityManagerService$LocalService.startServiceInPackage(int, android.content.Intent, java.lang.String, boolean, java.lang.String, int, boolean),3]
11-16 20:49:22.713 I/dvm_lock_sample( 1630): [system_server,1,Binder:1630_D,5,ActivityManagerService.java,5827,java.lang.String com.android.server.am.ActivityManagerService.getTagForIntentSender(android.content.IIntentSender, java.lang.String),-,14450,int com.android.server.am.ActivityManagerService.bindIsolatedService(android.app.IApplicationThread, android.os.IBinder, android.content.Intent, java.lang.String, android.app.IServiceConnection, int, java.lang.String, java.lang.String, int),1]
11-16 20:50:12.924 I/dvm_lock_sample( 1630): [system_server,0,Binder:1630_6,8,ActivityManagerService.java,14494,void com.android.server.am.ActivityManagerService.serviceDoneExecuting(android.os.IBinder, int, int, int),-,14463,boolean com.android.server.am.ActivityManagerService.unbindService(android.app.IServiceConnection),1]
11-16 20:54:28.192 I/dvm_lock_sample( 1630): [system_server,1,Binder:1630_3,10,ActivityManagerService.java,14791,android.content.Intent com.android.server.am.ActivityManagerService.registerReceiver(android.app.IApplicationThread, java.lang.String, android.content.IIntentReceiver, android.content.IntentFilter, java.lang.String, int, int),-,14450,int com.android.server.am.ActivityManagerService.bindIsolatedService(android.app.IApplicationThread, android.os.IBinder, android.content.Intent, java.lang.String, android.app.IServiceConnection, int, java.lang.String, java.lang.String, int),2]
11-16 20:54:28.491 I/dvm_lock_sample( 1630): [system_server,1,Binder:1630_18,9,ActivityManagerService.java,6752,java.lang.String com.android.server.am.ActivityManagerService.checkContentProviderAccess(java.lang.String, int),-,14450,int com.android.server.am.ActivityManagerService.bindIsolatedService(android.app.IApplicationThread, android.os.IBinder, android.content.Intent, java.lang.String, android.app.IServiceConnection, int, java.lang.String, java.lang.String, int),1]
11-16 20:59:32.447 I/dvm_lock_sample( 1630): [system_server,0,Binder:1630_3,6,ActivityManagerService.java,14494,void com.android.server.am.ActivityManagerService.serviceDoneExecuting(android.os.IBinder, int, int, int),-,14450,int com.android.server.am.ActivityManagerService.bindIsolatedService(android.app.IApplicationThread, android.os.IBinder, android.content.Intent, java.lang.String, android.app.IServiceConnection, int, java.lang.String, java.lang.String, int),1]
11-16 21:06:13.305 I/dvm_lock_sample( 1630): [system_server,1,Binder:1630_1C,5,ActivityManagerService.java,14488,void com.android.server.am.ActivityManagerService.unbindFinished(android.os.IBinder, android.content.Intent, boolean),-,14463,boolean com.android.server.am.ActivityManagerService.unbindService(android.app.IServiceConnection),1]
11-16 21:21:07.064 I/dvm_lock_sample( 1630): [system_server,1,android.ui,5,ActivityManagerService.java,3432,void com.android.server.am.ActivityManagerService.dispatchUidsChanged(),-,16095,void com.android.server.am.ActivityManagerService.finishReceiver(android.os.IBinder, int, java.lang.String, android.os.Bundle, boolean, int),1]
11-16 21:21:22.520 I/dvm_lock_sample( 1630): [system_server,1,Binder:1630_4,10,ActivityManagerService.java,5827,java.lang.String com.android.server.am.ActivityManagerService.getTagForIntentSender(android.content.IIntentSender, java.lang.String),-,14450,int com.android.server.am.ActivityManagerService.bindIsolatedService(android.app.IApplicationThread, android.os.IBinder, android.content.Intent, java.lang.String, android.app.IServiceConnection, int, java.lang.String, java.lang.String, int),2]
11-16 21:33:49.919 I/dvm_lock_sample( 1630): [system_server,1,Binder:1630_16,8,ActivityManagerService.java,5955,boolean com.android.server.am.ActivityManagerService.isAppBad(android.content.pm.ApplicationInfo),-,14463,boolean com.android.server.am.ActivityManagerService.unbindService(android.app.IServiceConnection),1]
11-16 21:41:25.901 I/dvm_lock_sample( 1630): [system_server,1,android.anim,10,WindowSurfacePlacer.java,61,void com.android.server.wm.WindowSurfacePlacer.lambda$new$0$WindowSurfacePlacer(),ActivityTaskManagerService.java,1755,void com.android.server.wm.ActivityTaskManagerService.activityPaused(android.os.IBinder),2]
11-16 21:41:27.108 I/sysui_multi_action( 1630): [757,147,758,4,759,1,806,com.vitrinedecraques.app]
11-16 21:41:27.111 I/dvm_lock_sample( 1630): [system_server,1,android.ui,15,ActivityManagerService.java,3378,void com.android.server.am.ActivityManagerService.dispatchUidsChanged(),-,5395,void com.android.server.am.ActivityManagerService.attachApplication(android.app.IApplicationThread, long),3]
11-16 21:41:27.111 I/dvm_lock_sample( 1630): [system_server,1,Binder:1630_6,13,ActivityManagerService.java,7717,boolean com.android.server.am.ActivityManagerService.refContentProvider(android.os.IBinder, int, int),-,5395,void com.android.server.am.ActivityManagerService.attachApplication(android.app.IApplicationThread, long),2]
11-16 21:41:27.755 I/am_create_activity( 1630): [0,249309115,2442,com.vitrinedecraques.app/.MainActivity,NULL,NULL,NULL,268435456]
11-16 21:41:27.838 I/dvm_lock_sample( 1630): [system_server,1,Binder:1630_D,83,ActivityTaskManagerService.java,1746,void com.android.server.wm.ActivityTaskManagerService.activityTopResumedStateLost(),ActivityStarter.java,1313,int com.android.server.wm.ActivityStarter.startActivityMayWait(android.app.IApplicationThread, int, java.lang.String, int, int, android.content.Intent, java.lang.String, android.service.voice.IVoiceInteractionSession, com.android.internal.app.IVoiceInteractor, android.os.IBinder, java.lang.String, int, int, android.app.ProfilerInfo, android.app.WaitResult, android.content.res.Configuration, com.android.server.wm.SafeActivityOptions, boolean, int, com.android.server.wm.TaskRecord, java.lang.String, boolean, com.android.server.am.PendingIntentRecord, boolean),16]
11-16 21:41:27.964 I/am_proc_start( 1630): [0,15368,11417,com.vitrinedecraques.app,activity,{com.vitrinedecraques.app/com.vitrinedecraques.app.MainActivity}]
11-16 21:41:28.091 I/am_proc_bound( 1630): [0,15368,com.vitrinedecraques.app]
11-16 21:41:28.103 I/am_restart_activity( 1630): [0,249309115,2442,com.vitrinedecraques.app/.MainActivity,15368]
11-16 21:41:28.111 I/am_set_resumed_activity( 1630): [0,com.vitrinedecraques.app/.MainActivity,minimalResumeActivityLocked]
11-16 21:41:29.402 I/notification_cancel_all( 1630): [1000,1630,com.vitrinedecraques.app,0,0,0,5,NULL]
11-16 21:41:29.506 I/notification_cancel_all( 1630): [1000,1630,com.vitrinedecraques.app,0,0,0,5,NULL]
11-16 21:41:31.261 I/dvm_lock_sample( 1630): [system_server,1,Binder:1630_1,45,ActivityManagerService.java,14285,android.content.ComponentName com.android.server.am.ActivityManagerService.startService(android.app.IApplicationThread, android.content.Intent, java.lang.String, boolean, java.lang.String, int),-,5395,void com.android.server.am.ActivityManagerService.attachApplication(android.app.IApplicationThread, long),9]
11-16 21:41:31.846 I/dvm_lock_sample( 1630): [system_server,0,Binder:1630_D,6,ActivityManagerService.java,14494,void com.android.server.am.ActivityManagerService.serviceDoneExecuting(android.os.IBinder, int, int, int),-,14463,boolean com.android.server.am.ActivityManagerService.unbindService(android.app.IServiceConnection),1]
11-16 21:41:33.469 I/am_lifecycle_sample(15368): [0,com.vitrinedecraques.app,110,5313]
11-16 21:41:33.497 I/dvm_lock_sample( 1630): [system_server,1,Binder:1630_1A,6,ActivityManagerService.java,8605,boolean com.android.server.am.ActivityManagerService.isUidActive(int, java.lang.String),-,14450,int com.android.server.am.ActivityManagerService.bindIsolatedService(android.app.IApplicationThread, android.os.IBinder, android.content.Intent, java.lang.String, android.app.IServiceConnection, int, java.lang.String, java.lang.String, int),1]
11-16 21:41:33.685 I/dvm_lock_sample( 1630): [system_server,1,Binder:1630_3,7,ActivityManagerService.java,14791,android.content.Intent com.android.server.am.ActivityManagerService.registerReceiver(android.app.IApplicationThread, java.lang.String, android.content.IIntentReceiver, android.content.IntentFilter, java.lang.String, int, int),-,14450,int com.android.server.am.ActivityManagerService.bindIsolatedService(android.app.IApplicationThread, android.os.IBinder, android.content.Intent, java.lang.String, android.app.IServiceConnection, int, java.lang.String, java.lang.String, int),1]
11-16 21:41:33.718 I/am_on_create_called(15368): [0,com.vitrinedecraques.app.MainActivity,performCreate,163]
11-16 21:41:33.723 I/dvm_lock_sample( 1630): [system_server,1,android.ui,7,ActivityManagerService.java,3378,void com.android.server.am.ActivityManagerService.dispatchUidsChanged(),-,14463,boolean com.android.server.am.ActivityManagerService.unbindService(android.app.IServiceConnection),1]
11-16 21:41:33.794 I/am_on_start_called(15368): [0,com.vitrinedecraques.app.MainActivity,handleStartActivity,0]
11-16 21:41:33.796 I/dvm_lock_sample( 1630): [system_server,1,Binder:1630_5,7,ActivityManagerService.java,14791,android.content.Intent com.android.server.am.ActivityManagerService.registerReceiver(android.app.IApplicationThread, java.lang.String, android.content.IIntentReceiver, android.content.IntentFilter, java.lang.String, int, int),-,14285,android.content.ComponentName com.android.server.am.ActivityManagerService.startService(android.app.IApplicationThread, android.content.Intent, java.lang.String, boolean, java.lang.String, int),1]
11-16 21:41:33.798 I/am_on_resume_called(15368): [0,com.vitrinedecraques.app.MainActivity,RESUME_ACTIVITY,1]
11-16 21:41:33.853 I/am_on_top_resumed_gained_called(15368): [0,com.vitrinedecraques.app.MainActivity,topStateChangedWhenResumed]
11-16 21:41:35.489 I/sysui_multi_action( 1630): [319,519,321,506,322,7875,325,379856,757,761,758,7,759,1,806,com.vitrinedecraques.app,871,com.vitrinedecraques.app.MainActivity,904,com.android.shell,905,0,945,481,1320,12,1321,1]
11-16 21:41:35.495 I/am_activity_launch_time( 1630): [0,249309115,com.vitrinedecraques.app/.MainActivity,7875]
11-16 21:41:38.254 I/am_pss  ( 1630): [15368,11417,com.vitrinedecraques.app,143007744,134172672,173056,227942400,0,2,15]
11-16 21:41:42.433 I/dvm_lock_sample( 1630): [system_server,0,Binder:1630_19,6,ActivityManagerService.java,14494,void com.android.server.am.ActivityManagerService.serviceDoneExecuting(android.os.IBinder, int, int, int),-,14463,boolean com.android.server.am.ActivityManagerService.unbindService(android.app.IServiceConnection),1]
11-16 21:41:48.326 I/am_pss  ( 1630): [15368,11417,com.vitrinedecraques.app,195232768,184541184,160768,286105600,0,2,17]
11-16 21:42:52.393 I/am_pss  ( 1630): [15368,11417,com.vitrinedecraques.app,218993664,208842752,168960,308592640,0,2,18]
11-16 21:43:08.953 I/am_pause_activity( 1630): [15368,249309115,com.vitrinedecraques.app/.MainActivity,userLeaving=true]
11-16 21:43:08.955 I/am_on_top_resumed_lost_called(15368): [0,com.vitrinedecraques.app.MainActivity,topStateChangedWhenResumed]
11-16 21:43:08.956 I/am_add_to_stopping( 1630): [0,249309115,com.vitrinedecraques.app/.MainActivity,makeInvisible]
11-16 21:43:08.990 I/am_on_paused_called(15368): [0,com.vitrinedecraques.app.MainActivity,performPause,0]
11-16 21:43:09.426 I/am_stop_activity( 1630): [0,249309115,com.vitrinedecraques.app/.MainActivity]
11-16 21:43:09.528 I/am_on_stop_called(15368): [0,com.vitrinedecraques.app.MainActivity,STOP_ACTIVITY_ITEM,0]
11-16 21:43:10.355 I/sysui_multi_action( 2028): [757,289,758,4,806,ComponentInfo{com.vitrinedecraques.app/com.vitrinedecraques.app.MainActivity}]
11-16 21:43:10.359 I/am_finish_activity( 1630): [15368,249309115,2442,com.vitrinedecraques.app/.MainActivity,remove-task]
11-16 21:43:10.360 I/am_destroy_activity( 1630): [15368,249309115,2442,com.vitrinedecraques.app/.MainActivity,finish-imm:finishActivityLocked]
11-16 21:43:10.379 I/am_kill ( 1630): [0,15368,com.vitrinedecraques.app,905,SwipeUpClean]
11-16 21:43:10.541 I/am_proc_died( 1630): [0,15368,com.vitrinedecraques.app,905,20]
11-16 22:43:08.129 I/dvm_lock_sample( 1630): [system_server,1,Binder:1630_4,12,ActivityManagerService.java,6181,boolean com.android.server.am.ActivityManagerService.isAppStartModeDisabled(int, java.lang.String),-,14450,int com.android.server.am.ActivityManagerService.bindIsolatedService(android.app.IApplicationThread, android.os.IBinder, android.content.Intent, java.lang.String, android.app.IServiceConnection, int, java.lang.String, java.lang.String, int),2]
11-16 23:03:51.259 I/dvm_lock_sample( 1630): [system_server,0,Binder:1630_6,8,ActivityManagerService.java,14494,void com.android.server.am.ActivityManagerService.serviceDoneExecuting(android.os.IBinder, int, int, int),-,14463,boolean com.android.server.am.ActivityManagerService.unbindService(android.app.IServiceConnection),1]
11-16 23:10:41.368 I/dvm_lock_sample( 1630): [system_server,0,Binder:1630_B,10,ActivityManagerService.java,14494,void com.android.server.am.ActivityManagerService.serviceDoneExecuting(android.os.IBinder, int, int, int),-,14450,int com.android.server.am.ActivityManagerService.bindIsolatedService(android.app.IApplicationThread, android.os.IBinder, android.content.Intent, java.lang.String, android.app.IServiceConnection, int, java.lang.String, java.lang.String, int),2]
11-16 23:11:00.011 I/dvm_lock_sample( 1630): [system_server,1,main,11,ActivityManagerService.java,15989,int com.android.server.am.ActivityManagerService.broadcastIntent(android.app.IApplicationThread, android.content.Intent, java.lang.String, android.content.IIntentReceiver, int, java.lang.String, android.os.Bundle, java.lang.String[], int, android.os.Bundle, boolean, boolean, int),-,14450,int com.android.server.am.ActivityManagerService.bindIsolatedService(android.app.IApplicationThread, android.os.IBinder, android.content.Intent, java.lang.String, android.app.IServiceConnection, int, java.lang.String, java.lang.String, int),2]
11-16 23:16:34.947 I/dvm_lock_sample( 1630): [system_server,0,Binder:1630_17,6,ActivityManagerService.java,14494,void com.android.server.am.ActivityManagerService.serviceDoneExecuting(android.os.IBinder, int, int, int),-,14450,int com.android.server.am.ActivityManagerService.bindIsolatedService(android.app.IApplicationThread, android.os.IBinder, android.content.Intent, java.lang.String, android.app.IServiceConnection, int, java.lang.String, java.lang.String, int),1]
11-16 23:39:15.657 I/dvm_lock_sample( 1630): [system_server,1,Binder:1630_1E,618,WindowProcessUtils.java,405,java.lang.String com.android.server.wm.WindowProcessUtils.getCallerPackageName(com.android.server.wm.ActivityTaskManagerService, android.app.IApplicationThread),ActivityStarter.java,1313,int com.android.server.wm.ActivityStarter.startActivityMayWait(android.app.IApplicationThread, int, java.lang.String, int, int, android.content.Intent, java.lang.String, android.service.voice.IVoiceInteractionSession, com.android.internal.app.IVoiceInteractor, android.os.IBinder, java.lang.String, int, int, android.app.ProfilerInfo, android.app.WaitResult, android.content.res.Configuration, com.android.server.wm.SafeActivityOptions, boolean, int, com.android.server.wm.TaskRecord, java.lang.String, boolean, com.android.server.am.PendingIntentRecord, boolean),100]
11-16 23:39:16.781 I/dvm_lock_sample( 1630): [system_server,1,Binder:1630_19,13,ActivityTaskManagerService.java,4219,boolean com.android.server.wm.ActivityTaskManagerService.isInMultiWindowMode(android.os.IBinder),-,1817,void com.android.server.wm.ActivityTaskManagerService.activityDestroyed(android.os.IBinder),2]
11-16 23:39:18.090 I/dvm_lock_sample( 1630): [system_server,1,Binder:1630_1B,60,ActivityManagerService.java,5827,java.lang.String com.android.server.am.ActivityManagerService.getTagForIntentSender(android.content.IIntentSender, java.lang.String),BroadcastQueue.java,984,void com.android.server.am.BroadcastQueue.processNextBroadcast(boolean, boolean),12]
11-16 23:39:18.113 I/dvm_lock_sample( 1630): [system_server,1,ActivityManager:procStart,30,ProcessList.java,1687,void com.android.server.am.ProcessList.lambda$startProcessLocked$0$ProcessList(com.android.server.am.ProcessRecord, java.lang.String, int[], int, int, java.lang.String, java.lang.String, java.lang.String, long),ActivityManagerService.java,14285,android.content.ComponentName com.android.server.am.ActivityManagerService.startService(android.app.IApplicationThread, android.content.Intent, java.lang.String, boolean, java.lang.String, int),6]
11-16 23:39:18.258 I/sysui_multi_action( 1630): [757,147,758,4,759,1,806,com.vitrinedecraques.app]
11-16 23:39:19.050 I/am_create_activity( 1630): [0,80070560,2444,com.vitrinedecraques.app/.MainActivity,NULL,NULL,NULL,268435456]
11-16 23:39:19.090 I/dvm_lock_sample( 1630): [system_server,1,Binder:1630_19,132,ActivityTaskManagerService.java,7377,com.android.server.wm.WindowProcessController com.android.server.wm.ActivityTaskManagerService$LocalService.getTopApp(),ActivityStarter.java,1313,int com.android.server.wm.ActivityStarter.startActivityMayWait(android.app.IApplicationThread, int, java.lang.String, int, int, android.content.Intent, java.lang.String, android.service.voice.IVoiceInteractionSession, com.android.internal.app.IVoiceInteractor, android.os.IBinder, java.lang.String, int, int, android.app.ProfilerInfo, android.app.WaitResult, android.content.res.Configuration, com.android.server.wm.SafeActivityOptions, boolean, int, com.android.server.wm.TaskRecord, java.lang.String, boolean, com.android.server.am.PendingIntentRecord, boolean),26]
11-16 23:39:19.164 I/am_proc_start( 1630): [0,23737,11417,com.vitrinedecraques.app,activity,{com.vitrinedecraques.app/com.vitrinedecraques.app.MainActivity}]
11-16 23:39:19.384 I/ActivityManager( 1630): Process com.qualcomm.telephony (pid 16601) has died: cch+99 SVC 
11-16 23:39:19.397 W/ActivityManager( 1630): Scheduling restart of crashed service com.qualcomm.atfwd/.AtFwdService in 10962ms
11-16 23:39:19.502 I/am_proc_bound( 1630): [0,23737,com.vitrinedecraques.app]
11-16 23:39:19.507 I/am_restart_activity( 1630): [0,80070560,2444,com.vitrinedecraques.app/.MainActivity,23737]
11-16 23:39:19.508 D/AutoInstallService(22259): onForegroundInfoChanged: com.vitrinedecraques.app
11-16 23:39:19.509 D/PerfEngineController( 6049): ForegroundInfo{mForegroundPackageName='com.vitrinedecraques.app', mForegroundUid=11417, mForegroundPid=23737, mLastForegroundPackageName='com.miui.home', mLastForegroundUid=10064, mLastForegroundPid=2365, mMultiWindowForegroundPackageName='null', mMultiWindowForegroundUid=-1, mFlags=1}
11-16 23:39:19.509 I/ProcessMonitor( 3631): onForegroundInfoChanged: ForegroundInfo{mForegroundPackageName='com.vitrinedecraques.app', mForegroundUid=11417, mForegroundPid=23737, mLastForegroundPackageName='com.miui.home', mLastForegroundUid=10064, mLastForegroundPid=2365, mMultiWindowForegroundPackageName='null', mMultiWindowForegroundUid=-1, mFlags=1}
11-16 23:39:19.509 I/GST     ( 9254): forePkg: com.vitrinedecraques.app, preForePkg: com.miui.home
11-16 23:39:19.511 I/am_set_resumed_activity( 1630): [0,com.vitrinedecraques.app/.MainActivity,minimalResumeActivityLocked]
11-16 23:39:19.644 I/dvm_lock_sample( 1630): [system_server,1,Binder:1630_1,17,ActivityTaskManagerService.java,6551,int com.android.server.wm.ActivityTaskManagerService$LocalService.getTopProcessState(),WindowSurfacePlacer.java,61,void com.android.server.wm.WindowSurfacePlacer.lambda$new$0$WindowSurfacePlacer(),3]
11-16 23:39:19.759 I/PI-ScanDispatch(23629): service bind, pkgName = com.vitrinedecraques.app, installer = null, isReplace = true, firstGoogleTime = 1614890563430
11-16 23:39:20.084 I/ActivityManager( 1630): Start proc 23899:com.google.process.gapps/u0a29 for content provider {com.google.android.gsf/com.google.android.gsf.settings.GoogleSettingsProvider} caller=com.android.vending
11-16 23:39:20.389 I/ActivityManager( 1630): Start proc 24014:com.qualcomm.qti.workloadclassifier/1000 for service {com.qualcomm.qti.workloadclassifier/com.qualcomm.qti.workloadclassifier.WLCService} caller=com.qualcomm.qti.workloadclassifier
11-16 23:39:21.308 I/ActivityManager( 1630): Killing 22155:com.google.android.apps.photos/u0a103 (adj 995): empty #17
11-16 23:39:21.312 I/ActivityManager( 1630): Killing 22447:com.google.android.gms.unstable/u0a29 (adj 995): empty #18
11-16 23:39:21.332 I/ActivityManager( 1630): Start proc 24048:com.android.vending:background/u0a54 for broadcast {com.android.vending/com.google.android.finsky.packagemonitor.backgroundimpl.BackgroundPackageMonitorReceiverImpl$RegisteredReceiver} caller=null
11-16 23:39:21.619 W/BpBinder(23652): Slow Binder: BpBinder transact took 1578ms, interface=android.app.IActivityManager, code=20 oneway=false
11-16 23:39:22.089 I/Finsky  (23652): [2] AIM: AppInfoCacheUpdater -> invalidating apps: [com.vitrinedecraques.app]
11-16 23:39:22.372 I/Finsky  (23652): [22226] AIM: AppInfoManager-Perf > OnDeviceAppInfo > cacheHitCount=0, cacheMissCount=1. Missed  in cache (limit 10) : [com.vitrinedecraques.app]
11-16 23:39:22.503 I/notification_cancel_all( 1630): [1000,1630,com.vitrinedecraques.app,0,0,0,5,NULL]
11-16 23:39:22.646 W/BroadcastQueue( 1630): Background execution not allowed: receiving Intent { act=android.intent.action.PACKAGE_REPLACED dat=package:com.vitrinedecraques.app flg=0x4000010 (has extras) } to com.facebook.appmanager/com.facebook.oxygen.common.packages.event.manifest.ManifestPackageEventReceiver
11-16 23:39:22.660 W/BroadcastQueue( 1630): Background execution not allowed: receiving Intent { act=android.intent.action.PACKAGE_REPLACED dat=package:com.vitrinedecraques.app flg=0x4000010 (has extras) } to com.google.android.gms/.chimera.GmsIntentOperationService$PersistentTrustedReceiver
11-16 23:39:22.666 W/BroadcastQueue( 1630): Background execution not allowed: receiving Intent { act=android.intent.action.PACKAGE_REPLACED dat=package:com.vitrinedecraques.app flg=0x4000010 (has extras) } to com.google.android.gms/.gass.chimera.PackageChangeBroadcastReceiver
11-16 23:39:22.667 W/BroadcastQueue( 1630): Background execution not allowed: receiving Intent { act=android.intent.action.PACKAGE_REPLACED dat=package:com.vitrinedecraques.app flg=0x4000010 (has extras) } to com.miui.audioeffect/com.android.musicfx.Compatibility$Receiver
11-16 23:39:22.667 W/BroadcastQueue( 1630): Background execution not allowed: receiving Intent { act=android.intent.action.PACKAGE_REPLACED dat=package:com.vitrinedecraques.app flg=0x4000010 (has extras) } to com.miui.notes/com.miui.floatwindow.BootBroadcastReceiver
11-16 23:39:22.667 W/BroadcastQueue( 1630): Background execution not allowed: receiving Intent { act=android.intent.action.PACKAGE_REPLACED dat=package:com.vitrinedecraques.app flg=0x4000010 (has extras) } to com.google.android.apps.photos/.account.full.FetchAccountPropertiesAppUpgradeBroadcastReceiver
11-16 23:39:22.667 W/BroadcastQueue( 1630): Background execution not allowed: receiving Intent { act=android.intent.action.PACKAGE_REPLACED dat=package:com.vitrinedecraques.app flg=0x4000010 (has extras) } to com.google.android.apps.photos/.account.full.SyncAccountsForLoginBroadcastReceiver
11-16 23:39:22.667 W/BroadcastQueue( 1630): Background execution not allowed: receiving Intent { act=android.intent.action.PACKAGE_REPLACED dat=package:com.vitrinedecraques.app flg=0x4000010 (has extras) } to com.google.android.apps.photos/.notificationchannels.AppUpdateBroadcastReceiver
11-16 23:39:22.678 I/ActivityManager( 1630): Start proc 24194:com.google.android.webview:webview_service/u0a112 for service {com.google.android.webview/org.chromium.android_webview.services.VariationsSeedServer} caller=com.miui.global.packageinstaller
11-16 23:39:22.682 I/notification_cancel_all( 1630): [1000,1630,com.vitrinedecraques.app,0,0,0,5,NULL]
11-16 23:39:22.866 I/ActivityManager( 1630): Start proc 24223:com.google.android.webview:sandboxed_process0:org.chromium.content.app.SandboxedProcessService0:0/u0i257 for  {com.miui.global.packageinstaller/org.chromium.content.app.SandboxedProcessService0:0} caller=com.miui.global.packageinstaller
11-16 23:39:23.129 I/ActivityManager( 1630): Process com.huaqin.diaglogger (pid 13858) has died: cch+95 SVC 
11-16 23:39:23.139 W/ActivityManager( 1630): Scheduling restart of crashed service com.huaqin.diaglogger/.DiagLogService in 17220ms
11-16 23:39:23.215 I/ActivityManager( 1630): Start proc 24296:com.google.android.webview:webview_apk/u0a112 for service {com.google.android.webview/org.chromium.android_webview.nonembedded.AwComponentUpdateService} caller=android
11-16 23:39:23.413 D/Launcher.Model( 2365): LauncherAppsCallback onPackageChanged|com.vitrinedecraques.app|UserHandle{0}
11-16 23:39:23.413 D/Launcher.Model( 2365): Got broadcast:Intent { act=android.intent.action.PACKAGE_CHANGED dat=package:com.vitrinedecraques.app (has extras) }
11-16 23:39:23.456 D/Launcher.AllAppsList( 2365): updatePackage, packageName=com.vitrinedecraques.app, loadMissing=false, user=UserHandle{0}, matchedSize=1
11-16 23:39:23.460 D/Launcher.AllAppsList( 2365): updatePackage, find appInfo=AppInfo, id=-1, itemType=0, user=UserHandle{0}, mIconType=0, pkgName=com.vitrinedecraques.app, className=com.vitrinedecraques.app.MainActivity, screenId=-1, container=-1, cellX=-1, cellY=-1, spanX=1, spanY=1, isLandscapePos=false from ComponentInfo{com.vitrinedecraques.app/com.vitrinedecraques.app.MainActivity}
11-16 23:39:23.479 D/Launcher.Model( 2365): onReceiveBackground, mAllAppsList=add=[], remove=[], modified=[(0, AppInfo, id=-1, itemType=0, user=UserHandle{0}, mIconType=0, pkgName=com.vitrinedecraques.app, className=com.vitrinedecraques.app.MainActivity, screenId=-1, container=-1, cellX=-1, cellY=-1, spanX=1, spanY=1, isLandscapePos=false)]
11-16 23:39:24.722 I/ActivityManager( 1630): Killing 22624:com.xiaomi.discover/u0a133 (adj 985): empty #17
11-16 23:39:24.785 I/am_lifecycle_sample(23737): [0,com.vitrinedecraques.app,110,5197]
11-16 23:39:24.802 E/Perf    (23737): Fail to get file list com.vitrinedecraques.app
11-16 23:39:24.803 E/Perf    (23737): Fail to get file list com.vitrinedecraques.app
11-16 23:39:24.892 I/ActivityManager( 1630): Process com.xiaomi.mi_connect_service (pid 16716) has died: cch+95 SVC 
11-16 23:39:24.903 W/ActivityManager( 1630): Scheduling restart of crashed service com.xiaomi.mi_connect_service/.MiConnectService in 25457ms
11-16 23:39:24.903 W/ActivityManager( 1630): Scheduling restart of crashed service com.xiaomi.mi_connect_service/com.xiaomi.idm.handoff_process_service.HandoffProcessService in 35457ms
11-16 23:39:25.041 D/ForceDarkHelper(23737): updateByCheckExcludeList: pkg: com.vitrinedecraques.app activity: com.vitrinedecraques.app.MainActivity@c98215c
11-16 23:39:25.048 D/ForceDarkHelper(23737): updateByCheckExcludeList: pkg: com.vitrinedecraques.app activity: com.vitrinedecraques.app.MainActivity@c98215c
11-16 23:39:25.165 I/am_on_create_called(23737): [0,com.vitrinedecraques.app.MainActivity,performCreate,269]
11-16 23:39:25.220 I/am_on_start_called(23737): [0,com.vitrinedecraques.app.MainActivity,handleStartActivity,0]
11-16 23:39:25.224 I/am_on_resume_called(23737): [0,com.vitrinedecraques.app.MainActivity,RESUME_ACTIVITY,2]
11-16 23:39:25.086 D/ForceDarkHelper(23737): updateByCheckExcludeList: pkg: com.vitrinedecraques.app activity: com.vitrinedecraques.app.MainActivity@c98215c
11-16 23:39:25.255 W/Looper  (23737): Slow Looper main: Activity com.vitrinedecraques.app/.MainActivity is 5187ms late (wall=463ms running=0ms ClientTransaction{ callbacks=[android.app.servertransaction.LaunchActivityItem] lifecycleRequest=android.app.servertransaction.ResumeActivityItem }) because of 1 msg, msg 1 took 5200ms (seq=2 late=1ms h=android.app.ActivityThread$H w=110)
11-16 23:39:25.255 I/am_on_top_resumed_gained_called(23737): [0,com.vitrinedecraques.app.MainActivity,topStateChangedWhenResumed]
11-16 23:39:25.256 W/Looper  (23737): Slow Looper main: Activity com.vitrinedecraques.app/.MainActivity is 5648ms late (wall=0ms running=0ms ClientTransaction{ callbacks=[android.app.servertransaction.TopResumedActivityChangeItem] }) because of 2 msg, msg 1 took 5200ms (seq=2 late=1ms h=android.app.ActivityThread$H w=110), msg 2 took 463ms (seq=3 late=5187ms h=android.app.ActivityThread$H w=159)
11-16 23:39:25.489 D/ForceDarkHelper(23737): updateByCheckExcludeList: pkg: com.vitrinedecraques.app activity: com.vitrinedecraques.app.MainActivity@c98215c
11-16 23:39:25.851 I/ActivityManager( 1630): Process com.google.android.dialer (pid 22604) has died: cch+85 CEM 
11-16 23:39:26.021 I/ActivityManager( 1630): Process com.google.android.projection.gearhead:provider (pid 22726) has died: cch+85 CEM 
