10-19 13:23:57.761 I/dvm_lock_sample( 1594): [system_server,1,android.ui,14,ActivityManagerService.java,3378,void com.android.server.am.ActivityManagerService.dispatchUidsChanged(),-,14450,int com.android.server.am.ActivityManagerService.bindIsolatedService(android.app.IApplicationThread, android.os.IBinder, android.content.Intent, java.lang.String, android.app.IServiceConnection, int, java.lang.String, java.lang.String, int),2]
10-19 13:23:58.721 I/dvm_lock_sample( 1594): [system_server,1,android.display,11,ActivityManagerService.java,18317,void com.android.server.am.ActivityManagerService$LocalService.setHasOverlayUi(int, boolean),-,1537,void com.android.server.am.ActivityManagerService$AppDeathRecipient.binderDied(),2]
10-19 13:24:02.307 I/am_lifecycle_sample(27016): [0,com.vitrinedecraques.app,110,5954]
10-19 13:24:02.517 I/am_on_create_called(27016): [0,com.vitrinedecraques.app.MainActivity,performCreate,139]
10-19 13:24:02.574 I/am_on_start_called(27016): [0,com.vitrinedecraques.app.MainActivity,handleStartActivity,0]
10-19 13:24:02.578 I/am_on_resume_called(27016): [0,com.vitrinedecraques.app.MainActivity,RESUME_ACTIVITY,1]
10-19 13:24:02.614 I/am_on_top_resumed_gained_called(27016): [0,com.vitrinedecraques.app.MainActivity,topStateChangedWhenResumed]
10-19 13:24:04.070 I/sysui_multi_action( 1594): [319,526,321,509,322,8144,325,1245420,757,761,758,7,759,1,806,com.vitrinedecraques.app,871,com.vitrinedecraques.app.MainActivity,904,com.android.shell,905,0,945,369,1320,12,1321,1]
10-19 13:24:04.073 I/am_activity_launch_time( 1594): [0,222507994,com.vitrinedecraques.app/.MainActivity,8144]
10-19 13:24:04.379 I/am_pss  ( 1594): [27016,11390,com.vitrinedecraques.app,137956352,128794624,231424,223297536,1,2,12]
10-19 13:24:16.193 I/am_pss  ( 1594): [27016,11390,com.vitrinedecraques.app,163567616,153505792,222208,252116992,0,2,19]
10-19 13:24:34.087 I/dvm_lock_sample( 1594): [system_server,1,android.ui,18,ActivityManagerService.java,3272,void com.android.server.am.ActivityManagerService.dispatchProcessesChanged(),-,14463,boolean com.android.server.am.ActivityManagerService.unbindService(android.app.IServiceConnection),3]
10-19 13:25:16.196 I/am_pss  ( 1594): [27016,11390,com.vitrinedecraques.app,152546304,142917632,194560,247324672,0,2,20]
10-19 13:25:30.258 I/dvm_lock_sample( 1594): [system_server,0,android.bg,11,ActivityManagerService.java,1964,void com.android.server.am.ActivityManagerService$5.handleMessage(android.os.Message),-,14450,int com.android.server.am.ActivityManagerService.bindIsolatedService(android.app.IApplicationThread, android.os.IBinder, android.content.Intent, java.lang.String, android.app.IServiceConnection, int, java.lang.String, java.lang.String, int),2]
10-19 13:26:28.357 I/dvm_lock_sample( 1594): [system_server,0,android.bg,15,ActivityManagerService.java,2043,void com.android.server.am.ActivityManagerService$5.handleMessage(android.os.Message),-,14285,android.content.ComponentName com.android.server.am.ActivityManagerService.startService(android.app.IApplicationThread, android.content.Intent, java.lang.String, boolean, java.lang.String, int),3]
10-19 13:26:29.546 I/am_on_top_resumed_lost_called(27016): [0,com.vitrinedecraques.app.MainActivity,topStateChangedWhenResumed]
10-19 13:26:29.550 I/am_pause_activity( 1594): [27016,222507994,com.vitrinedecraques.app/.MainActivity,userLeaving=true]
10-19 13:26:29.553 I/am_add_to_stopping( 1594): [0,222507994,com.vitrinedecraques.app/.MainActivity,makeInvisible]
10-19 13:26:29.561 I/am_on_paused_called(27016): [0,com.vitrinedecraques.app.MainActivity,performPause,0]
10-19 13:26:30.014 I/am_stop_activity( 1594): [0,222507994,com.vitrinedecraques.app/.MainActivity]
10-19 13:26:30.056 I/am_on_stop_called(27016): [0,com.vitrinedecraques.app.MainActivity,STOP_ACTIVITY_ITEM,0]
10-19 13:26:30.582 I/sysui_multi_action( 2131): [757,289,758,4,806,ComponentInfo{com.vitrinedecraques.app/com.vitrinedecraques.app.MainActivity}]
10-19 13:26:30.585 I/am_finish_activity( 1594): [27016,222507994,1652,com.vitrinedecraques.app/.MainActivity,remove-task]
10-19 13:26:30.585 I/am_destroy_activity( 1594): [27016,222507994,1652,com.vitrinedecraques.app/.MainActivity,finish-imm:finishActivityLocked]
10-19 13:26:30.598 I/dvm_lock_sample( 1594): [system_server,1,android.display,11,TaskChangeNotificationController.java,176,void com.android.server.wm.TaskChangeNotificationController$MainHandler.handleMessage(android.os.Message),WindowProcessUtils.java,293,void com.android.server.wm.WindowProcessUtils.removeTask(int, com.android.server.wm.ActivityTaskManagerService),2]
10-19 13:26:30.633 I/am_on_destroy_called(27016): [0,com.vitrinedecraques.app.MainActivity,performDestroy,0]
10-19 13:26:30.652 I/am_kill ( 1594): [0,27016,com.vitrinedecraques.app,700,SwipeUpClean]
10-19 13:26:30.771 I/am_proc_died( 1594): [0,27016,com.vitrinedecraques.app,700,16]
10-19 13:26:44.478 I/dvm_lock_sample( 1594): [system_server,0,Binder:1594_B,7,ActivityManagerService.java,14494,void com.android.server.am.ActivityManagerService.serviceDoneExecuting(android.os.IBinder, int, int, int),-,14463,boolean com.android.server.am.ActivityManagerService.unbindService(android.app.IServiceConnection),1]
10-19 13:27:56.766 I/dvm_lock_sample( 1594): [system_server,1,Binder:1594_4,59,ActivityManagerService.java,15989,int com.android.server.am.ActivityManagerService.broadcastIntent(android.app.IApplicationThread, android.content.Intent, java.lang.String, android.content.IIntentReceiver, int, java.lang.String, android.os.Bundle, java.lang.String[], int, android.os.Bundle, boolean, boolean, int),BroadcastQueue.java,984,void com.android.server.am.BroadcastQueue.processNextBroadcast(boolean, boolean),11]
10-19 13:27:56.785 I/dvm_lock_sample( 1594): [system_server,1,android.ui,39,ActivityManagerService.java,3272,void com.android.server.am.ActivityManagerService.dispatchProcessesChanged(),-,16095,void com.android.server.am.ActivityManagerService.finishReceiver(android.os.IBinder, int, java.lang.String, android.os.Bundle, boolean, int),7]
10-19 13:27:56.790 I/dvm_lock_sample( 1594): [system_server,1,Binder:1594_1B,11,ActivityManagerService.java,6752,java.lang.String com.android.server.am.ActivityManagerService.checkContentProviderAccess(java.lang.String, int),BroadcastQueue.java,984,void com.android.server.am.BroadcastQueue.processNextBroadcast(boolean, boolean),2]
10-19 13:28:15.194 I/dvm_lock_sample( 1594): [system_server,1,Binder:1594_13,117,WindowProcessUtils.java,405,java.lang.String com.android.server.wm.WindowProcessUtils.getCallerPackageName(com.android.server.wm.ActivityTaskManagerService, android.app.IApplicationThread),ActivityStarter.java,1313,int com.android.server.wm.ActivityStarter.startActivityMayWait(android.app.IApplicationThread, int, java.lang.String, int, int, android.content.Intent, java.lang.String, android.service.voice.IVoiceInteractionSession, com.android.internal.app.IVoiceInteractor, android.os.IBinder, java.lang.String, int, int, android.app.ProfilerInfo, android.app.WaitResult, android.content.res.Configuration, com.android.server.wm.SafeActivityOptions, boolean, int, com.android.server.wm.TaskRecord, java.lang.String, boolean, com.android.server.am.PendingIntentRecord, boolean),23]
10-19 13:28:15.433 I/dvm_lock_sample( 1594): [system_server,1,android.ui,30,ActivityManagerService.java,3378,void com.android.server.am.ActivityManagerService.dispatchUidsChanged(),-,14450,int com.android.server.am.ActivityManagerService.bindIsolatedService(android.app.IApplicationThread, android.os.IBinder, android.content.Intent, java.lang.String, android.app.IServiceConnection, int, java.lang.String, java.lang.String, int),6]
10-19 13:34:34.673 I/dvm_lock_sample( 1594): [system_server,1,android.ui,9,ActivityManagerService.java,3432,void com.android.server.am.ActivityManagerService.dispatchUidsChanged(),-,14494,void com.android.server.am.ActivityManagerService.serviceDoneExecuting(android.os.IBinder, int, int, int),1]
10-19 13:34:35.463 I/dvm_lock_sample( 1594): [system_server,1,Binder:1594_1E,11,ActivityManagerService.java,7717,boolean com.android.server.am.ActivityManagerService.refContentProvider(android.os.IBinder, int, int),-,14474,void com.android.server.am.ActivityManagerService.publishService(android.os.IBinder, android.content.Intent, android.os.IBinder),2]
10-19 13:34:35.702 I/dvm_lock_sample( 1594): [system_server,1,Binder:1594_A,13,ActivityManagerService.java,7717,boolean com.android.server.am.ActivityManagerService.refContentProvider(android.os.IBinder, int, int),-,14450,int com.android.server.am.ActivityManagerService.bindIsolatedService(android.app.IApplicationThread, android.os.IBinder, android.content.Intent, java.lang.String, android.app.IServiceConnection, int, java.lang.String, java.lang.String, int),2]
10-19 13:34:36.140 I/dvm_lock_sample( 1594): [system_server,1,Binder:1594_1,5,ActivityManagerService.java,14791,android.content.Intent com.android.server.am.ActivityManagerService.registerReceiver(android.app.IApplicationThread, java.lang.String, android.content.IIntentReceiver, android.content.IntentFilter, java.lang.String, int, int),-,14494,void com.android.server.am.ActivityManagerService.serviceDoneExecuting(android.os.IBinder, int, int, int),1]
10-19 13:37:45.423 I/dvm_lock_sample( 1594): [system_server,0,Binder:1594_20,7,ActivityManagerService.java,14494,void com.android.server.am.ActivityManagerService.serviceDoneExecuting(android.os.IBinder, int, int, int),-,14463,boolean com.android.server.am.ActivityManagerService.unbindService(android.app.IServiceConnection),1]
10-19 13:39:00.504 I/dvm_lock_sample( 1594): [system_server,0,Binder:1594_1B,6,ActivityManagerService.java,14494,void com.android.server.am.ActivityManagerService.serviceDoneExecuting(android.os.IBinder, int, int, int),-,14450,int com.android.server.am.ActivityManagerService.bindIsolatedService(android.app.IApplicationThread, android.os.IBinder, android.content.Intent, java.lang.String, android.app.IServiceConnection, int, java.lang.String, java.lang.String, int),1]
10-19 13:39:03.540 I/dvm_lock_sample( 1594): [system_server,1,android.ui,8,ActivityManagerService.java,3378,void com.android.server.am.ActivityManagerService.dispatchUidsChanged(),-,14450,int com.android.server.am.ActivityManagerService.bindIsolatedService(android.app.IApplicationThread, android.os.IBinder, android.content.Intent, java.lang.String, android.app.IServiceConnection, int, java.lang.String, java.lang.String, int),1]
10-19 13:45:10.897 I/dvm_lock_sample( 1594): [system_server,1,Binder:1594_12,13,ActivityManagerService.java,5955,boolean com.android.server.am.ActivityManagerService.isAppBad(android.content.pm.ApplicationInfo),-,14450,int com.android.server.am.ActivityManagerService.bindIsolatedService(android.app.IApplicationThread, android.os.IBinder, android.content.Intent, java.lang.String, android.app.IServiceConnection, int, java.lang.String, java.lang.String, int),2]
10-19 13:45:27.146 I/dvm_lock_sample( 1594): [system_server,1,android.ui,21,ActivityManagerService.java,3378,void com.android.server.am.ActivityManagerService.dispatchUidsChanged(),-,14285,android.content.ComponentName com.android.server.am.ActivityManagerService.startService(android.app.IApplicationThread, android.content.Intent, java.lang.String, boolean, java.lang.String, int),4]
10-19 13:54:05.719 I/dvm_lock_sample( 1594): [system_server,1,android.ui,11,ActivityManagerService.java,3378,void com.android.server.am.ActivityManagerService.dispatchUidsChanged(),-,14450,int com.android.server.am.ActivityManagerService.bindIsolatedService(android.app.IApplicationThread, android.os.IBinder, android.content.Intent, java.lang.String, android.app.IServiceConnection, int, java.lang.String, java.lang.String, int),2]
10-19 13:56:59.088 I/dvm_lock_sample( 1594): [system_server,1,android.display,14,WindowProcessController.java,522,boolean com.android.server.wm.WindowProcessController.hasActivities(),ActivityTaskManagerService.java,1755,void com.android.server.wm.ActivityTaskManagerService.activityPaused(android.os.IBinder),2]
10-19 13:56:59.133 I/dvm_lock_sample( 1594): [system_server,1,Binder:1594_1D,15,ActivityManagerService.java,6752,java.lang.String com.android.server.am.ActivityManagerService.checkContentProviderAccess(java.lang.String, int),ProcessRecord.java,1358,void com.android.server.am.ProcessRecord.updateProcessInfo(boolean, boolean, boolean),3]
10-19 13:57:00.185 I/dvm_lock_sample( 1594): [system_server,1,Binder:1594_17,26,ActivityManagerService.java,14450,int com.android.server.am.ActivityManagerService.bindIsolatedService(android.app.IApplicationThread, android.os.IBinder, android.content.Intent, java.lang.String, android.app.IServiceConnection, int, java.lang.String, java.lang.String, int),-,15989,int com.android.server.am.ActivityManagerService.broadcastIntent(android.app.IApplicationThread, android.content.Intent, java.lang.String, android.content.IIntentReceiver, int, java.lang.String, android.os.Bundle, java.lang.String[], int, android.os.Bundle, boolean, boolean, int),5]
10-19 13:57:00.261 I/dvm_lock_sample( 1594): [system_server,1,Binder:1594_1A,45,ActivityManagerService.java,14285,android.content.ComponentName com.android.server.am.ActivityManagerService.startService(android.app.IApplicationThread, android.content.Intent, java.lang.String, boolean, java.lang.String, int),-,15989,int com.android.server.am.ActivityManagerService.broadcastIntent(android.app.IApplicationThread, android.content.Intent, java.lang.String, android.content.IIntentReceiver, int, java.lang.String, android.os.Bundle, java.lang.String[], int, android.os.Bundle, boolean, boolean, int),9]
10-19 13:57:00.334 I/dvm_lock_sample( 1594): [system_server,1,ActivityManager:procStart,54,ProcessList.java,1687,void com.android.server.am.ProcessList.lambda$startProcessLocked$0$ProcessList(com.android.server.am.ProcessRecord, java.lang.String, int[], int, int, java.lang.String, java.lang.String, java.lang.String, long),ActivityManagerService.java,15989,int com.android.server.am.ActivityManagerService.broadcastIntent(android.app.IApplicationThread, android.content.Intent, java.lang.String, android.content.IIntentReceiver, int, java.lang.String, android.os.Bundle, java.lang.String[], int, android.os.Bundle, boolean, boolean, int),10]
10-19 13:57:00.338 I/dvm_lock_sample( 1594): [system_server,0,PackageManager,12,ActivityManagerService.java,15989,int com.android.server.am.ActivityManagerService.broadcastIntent(android.app.IApplicationThread, android.content.Intent, java.lang.String, android.content.IIntentReceiver, int, java.lang.String, android.os.Bundle, java.lang.String[], int, android.os.Bundle, boolean, boolean, int),BroadcastQueue.java,984,void com.android.server.am.BroadcastQueue.processNextBroadcast(boolean, boolean),2]
10-19 13:57:00.349 I/sysui_multi_action( 1594): [757,147,758,4,759,1,806,com.vitrinedecraques.app]
10-19 13:57:01.174 I/am_create_activity( 1594): [0,263602285,1656,com.vitrinedecraques.app/.MainActivity,NULL,NULL,NULL,268435456]
10-19 13:57:01.303 I/am_proc_start( 1594): [0,31606,11390,com.vitrinedecraques.app,activity,{com.vitrinedecraques.app/com.vitrinedecraques.app.MainActivity}]
10-19 13:57:01.476 I/am_proc_bound( 1594): [0,31606,com.vitrinedecraques.app]
10-19 13:57:01.491 I/am_restart_activity( 1594): [0,263602285,1656,com.vitrinedecraques.app/.MainActivity,31606]
10-19 13:57:01.493 I/am_set_resumed_activity( 1594): [0,com.vitrinedecraques.app/.MainActivity,minimalResumeActivityLocked]
10-19 13:57:01.495 I/dvm_lock_sample( 1594): [system_server,1,android.anim,15,WindowManagerService.java,2701,void com.android.server.wm.WindowManagerService.finishDrawingWindow(com.android.server.wm.Session, android.view.IWindow),ActivityTaskManagerService.java,7052,boolean com.android.server.wm.ActivityTaskManagerService$LocalService.attachApplication(com.android.server.wm.WindowProcessController),3]
10-19 13:57:01.520 I/dvm_lock_sample( 1594): [system_server,1,Binder:1594_20,20,ActivityTaskManagerService.java,6551,int com.android.server.wm.ActivityTaskManagerService$LocalService.getTopProcessState(),WindowSurfacePlacer.java,61,void com.android.server.wm.WindowSurfacePlacer.lambda$new$0$WindowSurfacePlacer(),4]
10-19 13:57:02.966 I/notification_cancel_all( 1594): [1000,1594,com.vitrinedecraques.app,0,0,0,5,NULL]
10-19 13:57:03.007 I/notification_cancel_all( 1594): [1000,1594,com.vitrinedecraques.app,0,0,0,5,NULL]
10-19 13:57:07.141 I/am_lifecycle_sample(31606): [0,com.vitrinedecraques.app,110,5630]
10-19 13:57:07.367 I/am_on_create_called(31606): [0,com.vitrinedecraques.app.MainActivity,performCreate,162]
10-19 13:57:07.419 I/am_on_start_called(31606): [0,com.vitrinedecraques.app.MainActivity,handleStartActivity,0]
10-19 13:57:07.423 I/am_on_resume_called(31606): [0,com.vitrinedecraques.app.MainActivity,RESUME_ACTIVITY,1]
10-19 13:57:07.453 I/am_on_top_resumed_gained_called(31606): [0,com.vitrinedecraques.app.MainActivity,topStateChangedWhenResumed]
10-19 13:57:09.077 I/sysui_multi_action( 1594): [319,393,321,377,322,7951,325,1247405,757,761,758,7,759,1,806,com.vitrinedecraques.app,871,com.vitrinedecraques.app.MainActivity,904,com.android.shell,905,0,945,353,1320,12,1321,1]
10-19 13:57:09.079 I/am_activity_launch_time( 1594): [0,263602285,com.vitrinedecraques.app/.MainActivity,7951]
10-19 13:57:12.405 I/am_pss  ( 1594): [31606,11390,com.vitrinedecraques.app,158278656,148959232,204800,244379648,0,2,16]
10-19 13:57:22.953 I/am_pss  ( 1594): [31606,11390,com.vitrinedecraques.app,160598016,151269376,200704,248336384,0,2,17]
10-19 13:57:53.811 I/am_on_top_resumed_lost_called(31606): [0,com.vitrinedecraques.app.MainActivity,topStateChangedWhenResumed]
10-19 13:57:53.813 I/am_pause_activity( 1594): [31606,263602285,com.vitrinedecraques.app/.MainActivity,userLeaving=true]
10-19 13:57:53.816 I/am_add_to_stopping( 1594): [0,263602285,com.vitrinedecraques.app/.MainActivity,makeInvisible]
10-19 13:57:53.826 I/am_on_paused_called(31606): [0,com.vitrinedecraques.app.MainActivity,performPause,0]
10-19 13:57:54.236 I/am_stop_activity( 1594): [0,263602285,com.vitrinedecraques.app/.MainActivity]
10-19 13:57:54.275 I/am_on_stop_called(31606): [0,com.vitrinedecraques.app.MainActivity,STOP_ACTIVITY_ITEM,0]
10-19 13:57:55.839 I/sysui_multi_action( 2131): [757,289,758,4,806,ComponentInfo{com.vitrinedecraques.app/com.vitrinedecraques.app.MainActivity}]
10-19 13:57:55.842 I/am_finish_activity( 1594): [31606,263602285,1656,com.vitrinedecraques.app/.MainActivity,remove-task]
10-19 13:57:55.842 I/am_destroy_activity( 1594): [31606,263602285,1656,com.vitrinedecraques.app/.MainActivity,finish-imm:finishActivityLocked]
10-19 13:57:55.882 I/am_on_destroy_called(31606): [0,com.vitrinedecraques.app.MainActivity,performDestroy,1]
10-19 13:57:55.932 I/am_kill ( 1594): [0,31606,com.vitrinedecraques.app,905,SwipeUpClean]
10-19 13:57:56.025 I/dvm_lock_sample( 1594): [system_server,0,AsyncTask #7,37,ActivityManagerService.java,10090,int com.android.server.am.ActivityManagerService.getMemoryTrimLevel(),ProcessRecord.java,1358,void com.android.server.am.ProcessRecord.updateProcessInfo(boolean, boolean, boolean),7]
10-19 13:57:56.052 I/am_proc_died( 1594): [0,31606,com.vitrinedecraques.app,905,20]
10-19 14:08:57.470 I/dvm_lock_sample( 1594): [system_server,1,android.ui,8,ActivityManagerService.java,3378,void com.android.server.am.ActivityManagerService.dispatchUidsChanged(),-,14450,int com.android.server.am.ActivityManagerService.bindIsolatedService(android.app.IApplicationThread, android.os.IBinder, android.content.Intent, java.lang.String, android.app.IServiceConnection, int, java.lang.String, java.lang.String, int),1]
10-19 14:09:08.055 I/dvm_lock_sample( 1594): [system_server,1,Binder:1594_20,10,ActivityManagerService.java,5827,java.lang.String com.android.server.am.ActivityManagerService.getTagForIntentSender(android.content.IIntentSender, java.lang.String),-,14450,int com.android.server.am.ActivityManagerService.bindIsolatedService(android.app.IApplicationThread, android.os.IBinder, android.content.Intent, java.lang.String, android.app.IServiceConnection, int, java.lang.String, java.lang.String, int),2]
10-19 14:16:54.622 I/dvm_lock_sample( 1594): [system_server,1,Binder:1594_14,30,ActivityManagerService.java,6181,boolean com.android.server.am.ActivityManagerService.isAppStartModeDisabled(int, java.lang.String),-,7564,void com.android.server.am.ActivityManagerService.removeContentProvider(android.os.IBinder, boolean),6]
10-19 14:16:54.636 I/dvm_lock_sample( 1594): [system_server,1,ActivityManager:procStart,23,ProcessList.java,1687,void com.android.server.am.ProcessList.lambda$startProcessLocked$0$ProcessList(com.android.server.am.ProcessRecord, java.lang.String, int[], int, int, java.lang.String, java.lang.String, java.lang.String, long),ActivityManagerService.java,1537,void com.android.server.am.ActivityManagerService$AppDeathRecipient.binderDied(),4]
10-19 14:16:54.671 I/dvm_lock_sample( 1594): [system_server,1,Binder:1594_1A,23,ActivityManagerService.java,6752,java.lang.String com.android.server.am.ActivityManagerService.checkContentProviderAccess(java.lang.String, int),-,5395,void com.android.server.am.ActivityManagerService.attachApplication(android.app.IApplicationThread, long),4]
10-19 14:16:56.231 I/dvm_lock_sample( 1594): [system_server,1,Binder:1594_19,23,ActivityManagerService.java,8605,boolean com.android.server.am.ActivityManagerService.isUidActive(int, java.lang.String),-,1537,void com.android.server.am.ActivityManagerService$AppDeathRecipient.binderDied(),4]
10-19 14:16:56.431 I/dvm_lock_sample( 1594): [system_server,1,Binder:1594_8,15,ActivityManagerService.java,14450,int com.android.server.am.ActivityManagerService.bindIsolatedService(android.app.IApplicationThread, android.os.IBinder, android.content.Intent, java.lang.String, android.app.IServiceConnection, int, java.lang.String, java.lang.String, int),-,14463,boolean com.android.server.am.ActivityManagerService.unbindService(android.app.IServiceConnection),3]
10-19 14:16:57.555 I/dvm_lock_sample( 1594): [system_server,1,Binder:1594_14,15,ActivityManagerService.java,14791,android.content.Intent com.android.server.am.ActivityManagerService.registerReceiver(android.app.IApplicationThread, java.lang.String, android.content.IIntentReceiver, android.content.IntentFilter, java.lang.String, int, int),-,14463,boolean com.android.server.am.ActivityManagerService.unbindService(android.app.IServiceConnection),3]
10-19 14:16:57.610 I/dvm_lock_sample( 1594): [system_server,1,Binder:1594_F,18,ActivityManagerService.java,7717,boolean com.android.server.am.ActivityManagerService.refContentProvider(android.os.IBinder, int, int),-,14450,int com.android.server.am.ActivityManagerService.bindIsolatedService(android.app.IApplicationThread, android.os.IBinder, android.content.Intent, java.lang.String, android.app.IServiceConnection, int, java.lang.String, java.lang.String, int),3]
10-19 14:16:57.740 I/dvm_lock_sample( 1594): [system_server,1,Binder:1594_11,8,ActivityManagerService.java,14474,void com.android.server.am.ActivityManagerService.publishService(android.os.IBinder, android.content.Intent, android.os.IBinder),-,14450,int com.android.server.am.ActivityManagerService.bindIsolatedService(android.app.IApplicationThread, android.os.IBinder, android.content.Intent, java.lang.String, android.app.IServiceConnection, int, java.lang.String, java.lang.String, int),1]
10-19 14:17:22.204 I/dvm_lock_sample( 1594): [system_server,0,Binder:1594_1A,5,ActivityManagerService.java,14494,void com.android.server.am.ActivityManagerService.serviceDoneExecuting(android.os.IBinder, int, int, int),-,14463,boolean com.android.server.am.ActivityManagerService.unbindService(android.app.IServiceConnection),1]
10-19 14:20:49.823 I/dvm_lock_sample( 1594): [system_server,0,android.bg,11,ActivityManagerService.java,2012,void com.android.server.am.ActivityManagerService$5.handleMessage(android.os.Message),-,14494,void com.android.server.am.ActivityManagerService.serviceDoneExecuting(android.os.IBinder, int, int, int),2]
10-19 14:21:55.889 I/dvm_lock_sample( 1594): [system_server,1,Binder:1594_1D,5,ActivityManagerService.java,14474,void com.android.server.am.ActivityManagerService.publishService(android.os.IBinder, android.content.Intent, android.os.IBinder),-,14450,int com.android.server.am.ActivityManagerService.bindIsolatedService(android.app.IApplicationThread, android.os.IBinder, android.content.Intent, java.lang.String, android.app.IServiceConnection, int, java.lang.String, java.lang.String, int),1]
10-19 14:21:55.894 I/dvm_lock_sample( 1594): [system_server,1,android.display,5,ActivityManagerService.java,18601,void com.android.server.am.ActivityManagerService$LocalService.scheduleAppGcs(),-,14494,void com.android.server.am.ActivityManagerService.serviceDoneExecuting(android.os.IBinder, int, int, int),1]
10-19 14:21:55.969 I/dvm_lock_sample( 1594): [system_server,1,Binder:1594_13,28,ActivityManagerService.java,14791,android.content.Intent com.android.server.am.ActivityManagerService.registerReceiver(android.app.IApplicationThread, java.lang.String, android.content.IIntentReceiver, android.content.IntentFilter, java.lang.String, int, int),-,16095,void com.android.server.am.ActivityManagerService.finishReceiver(android.os.IBinder, int, java.lang.String, android.os.Bundle, boolean, int),5]
10-19 14:22:37.473 I/dvm_lock_sample( 1594): [system_server,1,Binder:1594_16,6,ActivityManagerService.java,8605,boolean com.android.server.am.ActivityManagerService.isUidActive(int, java.lang.String),-,16095,void com.android.server.am.ActivityManagerService.finishReceiver(android.os.IBinder, int, java.lang.String, android.os.Bundle, boolean, int),1]
10-19 14:23:17.399 I/dvm_lock_sample( 1594): [system_server,0,android.bg,68,ActivityManagerService.java,2043,void com.android.server.am.ActivityManagerService$5.handleMessage(android.os.Message),-,16095,void com.android.server.am.ActivityManagerService.finishReceiver(android.os.IBinder, int, java.lang.String, android.os.Bundle, boolean, int),13]
10-19 14:23:17.404 I/dvm_lock_sample( 1594): [system_server,1,Binder:1594_1A,53,ActivityManagerService.java,15989,int com.android.server.am.ActivityManagerService.broadcastIntent(android.app.IApplicationThread, android.content.Intent, java.lang.String, android.content.IIntentReceiver, int, java.lang.String, android.os.Bundle, java.lang.String[], int, android.os.Bundle, boolean, boolean, int),-,16095,void com.android.server.am.ActivityManagerService.finishReceiver(android.os.IBinder, int, java.lang.String, android.os.Bundle, boolean, int),10]
10-19 14:23:17.605 I/dvm_lock_sample( 1594): [system_server,0,Binder:1594_F,13,WindowProcessController.java,1068,boolean com.android.server.wm.WindowProcessController.isHomeProcess(),ActivityTaskManagerService.java,1755,void com.android.server.wm.ActivityTaskManagerService.activityPaused(android.os.IBinder),2]
10-19 14:23:17.625 I/dvm_lock_sample( 1594): [system_server,1,Binder:1594_1A,59,ActivityManagerService.java,14791,android.content.Intent com.android.server.am.ActivityManagerService.registerReceiver(android.app.IApplicationThread, java.lang.String, android.content.IIntentReceiver, android.content.IntentFilter, java.lang.String, int, int),-,16095,void com.android.server.am.ActivityManagerService.finishReceiver(android.os.IBinder, int, java.lang.String, android.os.Bundle, boolean, int),11]
10-19 14:23:27.834 I/dvm_lock_sample( 1594): [system_server,0,Binder:1594_16,8,ActivityManagerService.java,14494,void com.android.server.am.ActivityManagerService.serviceDoneExecuting(android.os.IBinder, int, int, int),-,14463,boolean com.android.server.am.ActivityManagerService.unbindService(android.app.IServiceConnection),1]
10-19 14:23:58.755 I/dvm_lock_sample( 1594): [system_server,1,Binder:1594_1C,5,ActivityManagerService.java,14450,int com.android.server.am.ActivityManagerService.bindIsolatedService(android.app.IApplicationThread, android.os.IBinder, android.content.Intent, java.lang.String, android.app.IServiceConnection, int, java.lang.String, java.lang.String, int),-,14463,boolean com.android.server.am.ActivityManagerService.unbindService(android.app.IServiceConnection),1]
10-19 14:23:58.852 I/dvm_lock_sample( 1594): [system_server,1,android.ui,10,ActivityManagerService.java,3378,void com.android.server.am.ActivityManagerService.dispatchUidsChanged(),-,14450,int com.android.server.am.ActivityManagerService.bindIsolatedService(android.app.IApplicationThread, android.os.IBinder, android.content.Intent, java.lang.String, android.app.IServiceConnection, int, java.lang.String, java.lang.String, int),2]
10-19 14:24:41.429 I/dvm_lock_sample( 1594): [system_server,1,Binder:1594_20,10,ActivityManagerService.java,14474,void com.android.server.am.ActivityManagerService.publishService(android.os.IBinder, android.content.Intent, android.os.IBinder),-,14494,void com.android.server.am.ActivityManagerService.serviceDoneExecuting(android.os.IBinder, int, int, int),2]
10-19 14:25:31.375 I/dvm_lock_sample( 1594): [system_server,0,Binder:1594_1A,5,ActivityManagerService.java,14494,void com.android.server.am.ActivityManagerService.serviceDoneExecuting(android.os.IBinder, int, int, int),-,15989,int com.android.server.am.ActivityManagerService.broadcastIntent(android.app.IApplicationThread, android.content.Intent, java.lang.String, android.content.IIntentReceiver, int, java.lang.String, android.os.Bundle, java.lang.String[], int, android.os.Bundle, boolean, boolean, int),1]
10-19 14:25:31.563 I/dvm_lock_sample( 1594): [system_server,1,Binder:1594_18,42,ActivityManagerService.java,8605,boolean com.android.server.am.ActivityManagerService.isUidActive(int, java.lang.String),-,16095,void com.android.server.am.ActivityManagerService.finishReceiver(android.os.IBinder, int, java.lang.String, android.os.Bundle, boolean, int),8]
10-19 14:26:25.137 I/dvm_lock_sample( 1594): [system_server,1,android.display,5,ActivityTaskManagerService.java,2062,void com.android.server.wm.ActivityTaskManagerService.notifyActivityDrawn(android.os.IBinder),WindowSurfacePlacer.java,61,void com.android.server.wm.WindowSurfacePlacer.lambda$new$0$WindowSurfacePlacer(),1]
10-19 14:26:27.657 I/dvm_lock_sample( 1594): [system_server,1,android.display,23,WindowProcessController.java,522,boolean com.android.server.wm.WindowProcessController.hasActivities(),ActivityTaskManagerService.java,1755,void com.android.server.wm.ActivityTaskManagerService.activityPaused(android.os.IBinder),4]
10-19 14:35:04.951 I/dvm_lock_sample( 1594): [system_server,1,Binder:1594_17,24,ActivityManagerService.java,8605,boolean com.android.server.am.ActivityManagerService.isUidActive(int, java.lang.String),-,14494,void com.android.server.am.ActivityManagerService.serviceDoneExecuting(android.os.IBinder, int, int, int),4]
10-19 14:45:25.945 I/dvm_lock_sample( 1594): [system_server,1,android.ui,11,ActivityManagerService.java,3432,void com.android.server.am.ActivityManagerService.dispatchUidsChanged(),-,14494,void com.android.server.am.ActivityManagerService.serviceDoneExecuting(android.os.IBinder, int, int, int),2]
10-19 14:45:45.160 I/dvm_lock_sample( 1594): [system_server,1,android.ui,10,ActivityManagerService.java,3378,void com.android.server.am.ActivityManagerService.dispatchUidsChanged(),-,14463,boolean com.android.server.am.ActivityManagerService.unbindService(android.app.IServiceConnection),2]
10-19 14:46:52.239 I/dvm_lock_sample( 1594): [system_server,1,android.anim,7,InputMonitor.java,120,void com.android.server.wm.InputMonitor$1.run(),ActivityTaskManagerService.java,1817,void com.android.server.wm.ActivityTaskManagerService.activityDestroyed(android.os.IBinder),1]
10-19 14:46:53.100 I/dvm_lock_sample( 1594): [system_server,1,Binder:1594_C,8,ActivityManagerService.java,14285,android.content.ComponentName com.android.server.am.ActivityManagerService.startService(android.app.IApplicationThread, android.content.Intent, java.lang.String, boolean, java.lang.String, int),BroadcastQueue.java,984,void com.android.server.am.BroadcastQueue.processNextBroadcast(boolean, boolean),1]
10-19 14:46:53.272 I/dvm_lock_sample( 1594): [system_server,1,ActivityManager,52,BroadcastQueue.java,984,void com.android.server.am.BroadcastQueue.processNextBroadcast(boolean, boolean),ActivityManagerService.java,14285,android.content.ComponentName com.android.server.am.ActivityManagerService.startService(android.app.IApplicationThread, android.content.Intent, java.lang.String, boolean, java.lang.String, int),10]
10-19 14:46:53.298 I/dvm_lock_sample( 1594): [system_server,1,ActivityManager,21,BroadcastQueue.java,984,void com.android.server.am.BroadcastQueue.processNextBroadcast(boolean, boolean),ProcessList.java,1687,void com.android.server.am.ProcessList.lambda$startProcessLocked$0$ProcessList(com.android.server.am.ProcessRecord, java.lang.String, int[], int, int, java.lang.String, java.lang.String, java.lang.String, long),4]
10-19 14:46:53.316 I/dvm_lock_sample( 1594): [system_server,1,Binder:1594_E,10,ActivityManagerService.java,14474,void com.android.server.am.ActivityManagerService.publishService(android.os.IBinder, android.content.Intent, android.os.IBinder),-,14285,android.content.ComponentName com.android.server.am.ActivityManagerService.startService(android.app.IApplicationThread, android.content.Intent, java.lang.String, boolean, java.lang.String, int),2]
10-19 14:46:53.320 I/sysui_multi_action( 1594): [757,147,758,4,759,1,806,com.vitrinedecraques.app]
10-19 14:46:53.365 I/dvm_lock_sample( 1594): [system_server,1,android.ui,6,ActivityManagerService.java,3378,void com.android.server.am.ActivityManagerService.dispatchUidsChanged(),-,14463,boolean com.android.server.am.ActivityManagerService.unbindService(android.app.IServiceConnection),1]
10-19 14:46:53.951 I/am_create_activity( 1594): [0,15038413,1664,com.vitrinedecraques.app/.MainActivity,NULL,NULL,NULL,268435456]
10-19 14:46:54.108 I/dvm_lock_sample( 1594): [system_server,1,android.display,40,ActivityManagerService.java,18519,void com.android.server.am.ActivityManagerService$LocalService.updateCpuStats(),-,14310,int com.android.server.am.ActivityManagerService.stopService(android.app.IApplicationThread, android.content.Intent, java.lang.String, int),8]
10-19 14:46:54.176 I/dvm_lock_sample( 1594): [system_server,1,android.display,65,ActivityManagerService.java,18527,void com.android.server.am.ActivityManagerService$LocalService.updateBatteryStats(android.content.ComponentName, int, int, boolean),-,14285,android.content.ComponentName com.android.server.am.ActivityManagerService.startService(android.app.IApplicationThread, android.content.Intent, java.lang.String, boolean, java.lang.String, int),13]
10-19 14:46:54.218 I/am_proc_start( 1594): [0,6266,11390,com.vitrinedecraques.app,activity,{com.vitrinedecraques.app/com.vitrinedecraques.app.MainActivity}]
10-19 14:46:54.377 I/am_proc_bound( 1594): [0,6266,com.vitrinedecraques.app]
10-19 14:46:54.387 I/am_restart_activity( 1594): [0,15038413,1664,com.vitrinedecraques.app/.MainActivity,6266]
10-19 14:46:54.389 I/am_set_resumed_activity( 1594): [0,com.vitrinedecraques.app/.MainActivity,minimalResumeActivityLocked]
10-19 14:46:55.611 I/notification_cancel_all( 1594): [1000,1594,com.vitrinedecraques.app,0,0,0,5,NULL]
10-19 14:46:55.621 I/notification_cancel_all( 1594): [1000,1594,com.vitrinedecraques.app,0,0,0,5,NULL]
10-19 14:46:57.054 I/dvm_lock_sample( 1594): [system_server,1,android.ui,6,ActivityManagerService.java,3378,void com.android.server.am.ActivityManagerService.dispatchUidsChanged(),-,1537,void com.android.server.am.ActivityManagerService$AppDeathRecipient.binderDied(),1]
10-19 14:46:57.285 I/dvm_lock_sample( 1594): [system_server,1,Binder:1594_20,10,ActivityManagerService.java,8605,boolean com.android.server.am.ActivityManagerService.isUidActive(int, java.lang.String),-,1537,void com.android.server.am.ActivityManagerService$AppDeathRecipient.binderDied(),2]
10-19 14:46:58.008 I/dvm_lock_sample( 1594): [system_server,1,Binder:1594_4,14,ActivityManagerService.java,14450,int com.android.server.am.ActivityManagerService.bindIsolatedService(android.app.IApplicationThread, android.os.IBinder, android.content.Intent, java.lang.String, android.app.IServiceConnection, int, java.lang.String, java.lang.String, int),-,1537,void com.android.server.am.ActivityManagerService$AppDeathRecipient.binderDied(),2]
10-19 14:46:58.188 I/dvm_lock_sample( 1594): [system_server,1,Binder:1594_4,59,ActivityManagerService.java,8605,boolean com.android.server.am.ActivityManagerService.isUidActive(int, java.lang.String),-,14474,void com.android.server.am.ActivityManagerService.publishService(android.os.IBinder, android.content.Intent, android.os.IBinder),11]
10-19 14:46:59.536 I/am_lifecycle_sample( 6266): [0,com.vitrinedecraques.app,110,5123]
10-19 14:46:59.739 I/am_on_create_called( 6266): [0,com.vitrinedecraques.app.MainActivity,performCreate,133]
10-19 14:46:59.793 I/am_on_start_called( 6266): [0,com.vitrinedecraques.app.MainActivity,handleStartActivity,0]
10-19 14:46:59.796 I/am_on_resume_called( 6266): [0,com.vitrinedecraques.app.MainActivity,RESUME_ACTIVITY,2]
10-19 14:46:59.833 I/am_on_top_resumed_gained_called( 6266): [0,com.vitrinedecraques.app.MainActivity,topStateChangedWhenResumed]
10-19 14:47:01.555 I/sysui_multi_action( 1594): [319,538,321,480,322,7686,325,1250398,757,761,758,7,759,1,806,com.vitrinedecraques.app,871,com.vitrinedecraques.app.MainActivity,904,com.android.shell,905,0,945,512,1320,12,1321,1]
10-19 14:47:01.558 I/am_activity_launch_time( 1594): [0,15038413,com.vitrinedecraques.app/.MainActivity,7686]
10-19 14:47:05.436 I/am_pss  ( 1594): [6266,11390,com.vitrinedecraques.app,163234816,153071616,226304,254943232,0,2,19]
10-19 14:48:24.827 I/am_pss  ( 1594): [6266,11390,com.vitrinedecraques.app,162666496,150876160,233472,258117632,0,2,17]
10-19 14:49:05.315 I/dvm_lock_sample( 1594): [system_server,1,Binder:1594_1B,18,ActivityManagerService.java,14962,void com.android.server.am.ActivityManagerService.unregisterReceiver(android.content.IIntentReceiver),-,17200,void com.android.server.am.ActivityManagerService$ProcStatsRunnable.run(),3]
10-19 14:49:05.335 I/am_pss  ( 1594): [6266,11390,com.vitrinedecraques.app,162641920,150859776,233472,258101248,2,2,17]
10-19 14:49:37.878 I/am_on_top_resumed_lost_called( 6266): [0,com.vitrinedecraques.app.MainActivity,topStateChangedWhenResumed]
10-19 14:49:37.882 I/am_pause_activity( 1594): [6266,15038413,com.vitrinedecraques.app/.MainActivity,userLeaving=true]
10-19 14:49:37.888 I/am_add_to_stopping( 1594): [0,15038413,com.vitrinedecraques.app/.MainActivity,makeInvisible]
10-19 14:49:37.911 I/am_on_paused_called( 6266): [0,com.vitrinedecraques.app.MainActivity,performPause,0]
10-19 14:49:38.468 I/am_on_stop_called( 6266): [0,com.vitrinedecraques.app.MainActivity,STOP_ACTIVITY_ITEM,0]
10-19 14:53:35.704 I/am_lifecycle_sample(11263): [0,com.vitrinedecraques.app,110,5249]
10-19 14:53:35.909 I/am_on_create_called(11263): [0,com.vitrinedecraques.app.MainActivity,performCreate,133]
10-19 14:53:35.965 I/am_on_start_called(11263): [0,com.vitrinedecraques.app.MainActivity,handleStartActivity,0]
10-19 14:53:35.968 I/am_on_resume_called(11263): [0,com.vitrinedecraques.app.MainActivity,RESUME_ACTIVITY,2]
10-19 14:53:35.996 I/am_on_top_resumed_gained_called(11263): [0,com.vitrinedecraques.app.MainActivity,topStateChangedWhenResumed]
10-19 14:53:37.864 I/sysui_multi_action( 1594): [319,810,321,632,322,8203,325,1250793,757,761,758,7,759,1,806,com.vitrinedecraques.app,871,com.vitrinedecraques.app.MainActivity,904,com.android.shell,905,0,945,772,1320,12,1321,1]
10-19 14:53:37.874 I/am_activity_launch_time( 1594): [0,129900972,com.vitrinedecraques.app/.MainActivity,8203]
10-19 14:53:41.055 I/am_pss  ( 1594): [11263,11390,com.vitrinedecraques.app,142488576,132689920,223232,231440384,0,2,22]
10-19 14:53:51.881 I/am_pss  ( 1594): [11263,11390,com.vitrinedecraques.app,163587072,153112576,221184,253898752,0,2,21]
10-19 14:54:06.366 I/am_on_top_resumed_lost_called(11263): [0,com.vitrinedecraques.app.MainActivity,topStateChangedWhenResumed]
10-19 14:54:06.368 I/am_pause_activity( 1594): [11263,129900972,com.vitrinedecraques.app/.MainActivity,userLeaving=true]
10-19 14:54:06.372 I/am_add_to_stopping( 1594): [0,129900972,com.vitrinedecraques.app/.MainActivity,makeInvisible]
10-19 14:54:06.384 I/am_on_paused_called(11263): [0,com.vitrinedecraques.app.MainActivity,performPause,0]
10-19 14:54:06.802 I/am_stop_activity( 1594): [0,129900972,com.vitrinedecraques.app/.MainActivity]
10-19 14:54:06.875 I/am_on_stop_called(11263): [0,com.vitrinedecraques.app.MainActivity,STOP_ACTIVITY_ITEM,0]
10-19 14:54:07.411 I/sysui_multi_action( 2131): [757,289,758,4,806,ComponentInfo{com.vitrinedecraques.app/com.vitrinedecraques.app.MainActivity}]
10-19 14:54:07.413 I/am_finish_activity( 1594): [11263,129900972,1666,com.vitrinedecraques.app/.MainActivity,remove-task]
10-19 14:54:07.414 I/am_destroy_activity( 1594): [11263,129900972,1666,com.vitrinedecraques.app/.MainActivity,finish-imm:finishActivityLocked]
10-19 14:54:07.460 I/am_on_destroy_called(11263): [0,com.vitrinedecraques.app.MainActivity,performDestroy,1]
10-19 14:54:07.505 I/am_kill ( 1594): [0,11263,com.vitrinedecraques.app,905,SwipeUpClean]
10-19 14:54:07.664 I/am_proc_died( 1594): [0,11263,com.vitrinedecraques.app,905,20]
10-19 14:55:09.909 I/dvm_lock_sample( 1594): [system_server,0,miui.fg,13,ActivityManagerService.java,5955,boolean com.android.server.am.ActivityManagerService.isAppBad(android.content.pm.ApplicationInfo),-,18684,android.content.ComponentName com.android.server.am.ActivityManagerService$LocalService.startServiceInPackage(int, android.content.Intent, java.lang.String, boolean, java.lang.String, int, boolean),2]
10-19 14:55:46.213 I/dvm_lock_sample( 1594): [system_server,1,Binder:1594_9,7,ActivityManagerService.java,6752,java.lang.String com.android.server.am.ActivityManagerService.checkContentProviderAccess(java.lang.String, int),-,5395,void com.android.server.am.ActivityManagerService.attachApplication(android.app.IApplicationThread, long),1]
10-19 14:59:01.804 I/dvm_lock_sample( 1594): [system_server,1,main,52,ActivityManagerService.java,18291,void com.android.server.am.ActivityManagerService$LocalService.updateDeviceIdleTempWhitelist(int[], int, boolean),BroadcastQueue.java,984,void com.android.server.am.BroadcastQueue.processNextBroadcast(boolean, boolean),10]
10-19 14:59:01.951 I/dvm_lock_sample( 1594): [system_server,1,Binder:1594_10,73,ActivityManagerService.java,15989,int com.android.server.am.ActivityManagerService.broadcastIntent(android.app.IApplicationThread, android.content.Intent, java.lang.String, android.content.IIntentReceiver, int, java.lang.String, android.os.Bundle, java.lang.String[], int, android.os.Bundle, boolean, boolean, int),BroadcastQueue.java,984,void com.android.server.am.BroadcastQueue.processNextBroadcast(boolean, boolean),14]
10-19 14:59:02.021 I/dvm_lock_sample( 1594): [system_server,1,Binder:1594_17,36,ActivityManagerService.java,6181,boolean com.android.server.am.ActivityManagerService.isAppStartModeDisabled(int, java.lang.String),-,18347,void com.android.server.am.ActivityManagerService$LocalService.notifyNetworkPolicyRulesUpdated(int, long),7]
10-19 14:59:02.029 I/sysui_multi_action( 1594): [757,147,758,4,759,1,806,com.vitrinedecraques.app]
10-19 14:59:02.068 I/dvm_lock_sample( 1594): [system_server,1,Binder:1594_17,23,ActivityManagerService.java,6181,boolean com.android.server.am.ActivityManagerService.isAppStartModeDisabled(int, java.lang.String),-,14450,int com.android.server.am.ActivityManagerService.bindIsolatedService(android.app.IApplicationThread, android.os.IBinder, android.content.Intent, java.lang.String, android.app.IServiceConnection, int, java.lang.String, java.lang.String, int),4]
10-19 14:59:02.306 I/dvm_lock_sample( 1594): [system_server,0,Binder:1594_1B,9,ActivityManagerService.java,14494,void com.android.server.am.ActivityManagerService.serviceDoneExecuting(android.os.IBinder, int, int, int),ProcessList.java,1687,void com.android.server.am.ProcessList.lambda$startProcessLocked$0$ProcessList(com.android.server.am.ProcessRecord, java.lang.String, int[], int, int, java.lang.String, java.lang.String, java.lang.String, long),1]
10-19 14:59:02.781 I/am_create_activity( 1594): [0,160933359,1668,com.vitrinedecraques.app/.MainActivity,NULL,NULL,NULL,268435456]
10-19 14:59:02.842 I/dvm_lock_sample( 1594): [system_server,1,Binder:1594_18,121,ActivityManagerService.java,6978,android.app.ContentProviderHolder com.android.server.am.ActivityManagerService.getContentProviderImpl(android.app.IApplicationThread, java.lang.String, android.os.IBinder, int, java.lang.String, java.lang.String, boolean, int),-,14450,int com.android.server.am.ActivityManagerService.bindIsolatedService(android.app.IApplicationThread, android.os.IBinder, android.content.Intent, java.lang.String, android.app.IServiceConnection, int, java.lang.String, java.lang.String, int),24]
10-19 14:59:02.907 I/am_proc_start( 1594): [0,13680,11390,com.vitrinedecraques.app,activity,{com.vitrinedecraques.app/com.vitrinedecraques.app.MainActivity}]
10-19 14:59:03.058 I/am_proc_bound( 1594): [0,13680,com.vitrinedecraques.app]
10-19 14:59:03.063 I/am_restart_activity( 1594): [0,160933359,1668,com.vitrinedecraques.app/.MainActivity,13680]
10-19 14:59:03.064 I/am_set_resumed_activity( 1594): [0,com.vitrinedecraques.app/.MainActivity,minimalResumeActivityLocked]
10-19 14:59:03.067 I/dvm_lock_sample( 1594): [system_server,1,main,8,ActivityManagerService.java,6181,boolean com.android.server.am.ActivityManagerService.isAppStartModeDisabled(int, java.lang.String),-,5395,void com.android.server.am.ActivityManagerService.attachApplication(android.app.IApplicationThread, long),1]
10-19 14:59:03.151 I/notification_cancel_all( 1594): [1000,1594,com.vitrinedecraques.app,0,0,0,5,NULL]
10-19 14:59:03.152 I/notification_cancel_all( 1594): [1000,1594,com.vitrinedecraques.app,0,0,0,5,NULL]
10-19 14:59:05.619 I/dvm_lock_sample( 1594): [system_server,1,Binder:1594_6,5,ActivityManagerService.java,15989,int com.android.server.am.ActivityManagerService.broadcastIntent(android.app.IApplicationThread, android.content.Intent, java.lang.String, android.content.IIntentReceiver, int, java.lang.String, android.os.Bundle, java.lang.String[], int, android.os.Bundle, boolean, boolean, int),-,14450,int com.android.server.am.ActivityManagerService.bindIsolatedService(android.app.IApplicationThread, android.os.IBinder, android.content.Intent, java.lang.String, android.app.IServiceConnection, int, java.lang.String, java.lang.String, int),1]
10-19 14:59:08.382 I/am_lifecycle_sample(13680): [0,com.vitrinedecraques.app,110,5287]
10-19 14:59:08.652 I/am_on_create_called(13680): [0,com.vitrinedecraques.app.MainActivity,performCreate,172]
10-19 14:59:08.716 I/am_on_start_called(13680): [0,com.vitrinedecraques.app.MainActivity,handleStartActivity,0]
10-19 14:59:08.720 I/am_on_resume_called(13680): [0,com.vitrinedecraques.app.MainActivity,RESUME_ACTIVITY,1]
10-19 14:59:08.762 I/am_on_top_resumed_gained_called(13680): [0,com.vitrinedecraques.app.MainActivity,topStateChangedWhenResumed]
10-19 14:59:10.627 I/sysui_multi_action( 1594): [319,370,321,253,322,7910,325,1251126,757,761,758,7,759,1,806,com.vitrinedecraques.app,871,com.vitrinedecraques.app.MainActivity,904,com.android.shell,905,0,945,345,1320,12,1321,1]
10-19 14:59:10.631 I/am_activity_launch_time( 1594): [0,160933359,com.vitrinedecraques.app/.MainActivity,7910]
10-19 14:59:13.888 I/am_pss  ( 1594): [13680,11390,com.vitrinedecraques.app,141364224,133050368,187392,237580288,0,2,16]
10-19 14:59:24.321 I/am_pss  ( 1594): [13680,11390,com.vitrinedecraques.app,161819648,153296896,181248,258777088,0,2,16]
10-19 14:59:38.946 I/am_on_top_resumed_lost_called(13680): [0,com.vitrinedecraques.app.MainActivity,topStateChangedWhenResumed]
10-19 14:59:38.950 I/am_pause_activity( 1594): [13680,160933359,com.vitrinedecraques.app/.MainActivity,userLeaving=true]
10-19 14:59:38.952 I/am_add_to_stopping( 1594): [0,160933359,com.vitrinedecraques.app/.MainActivity,makeInvisible]
10-19 14:59:38.963 I/am_on_paused_called(13680): [0,com.vitrinedecraques.app.MainActivity,performPause,1]
10-19 14:59:39.377 I/am_stop_activity( 1594): [0,160933359,com.vitrinedecraques.app/.MainActivity]
10-19 14:59:39.428 I/am_on_stop_called(13680): [0,com.vitrinedecraques.app.MainActivity,STOP_ACTIVITY_ITEM,0]
10-19 14:59:40.023 I/sysui_multi_action( 2131): [757,289,758,4,806,ComponentInfo{com.vitrinedecraques.app/com.vitrinedecraques.app.MainActivity}]
10-19 14:59:40.025 I/am_finish_activity( 1594): [13680,160933359,1668,com.vitrinedecraques.app/.MainActivity,remove-task]
10-19 14:59:40.025 I/am_destroy_activity( 1594): [13680,160933359,1668,com.vitrinedecraques.app/.MainActivity,finish-imm:finishActivityLocked]
10-19 14:59:40.070 I/am_kill ( 1594): [0,13680,com.vitrinedecraques.app,905,SwipeUpClean]
10-19 14:59:40.263 I/am_proc_died( 1594): [0,13680,com.vitrinedecraques.app,905,20]
10-19 15:05:42.668 I/dvm_lock_sample( 1594): [system_server,1,Binder:1594_D,11,ActivityManagerService.java,14450,int com.android.server.am.ActivityManagerService.bindIsolatedService(android.app.IApplicationThread, android.os.IBinder, android.content.Intent, java.lang.String, android.app.IServiceConnection, int, java.lang.String, java.lang.String, int),-,14791,android.content.Intent com.android.server.am.ActivityManagerService.registerReceiver(android.app.IApplicationThread, java.lang.String, android.content.IIntentReceiver, android.content.IntentFilter, java.lang.String, int, int),2]
