10-19 15:05:42.734 I/dvm_lock_sample( 1594): [system_server,1,Binder:1594_15,14,ActivityManagerService.java,14791,android.content.Intent com.android.server.am.ActivityManagerService.registerReceiver(android.app.IApplicationThread, java.lang.String, android.content.IIntentReceiver, android.content.IntentFilter, java.lang.String, int, int),-,5395,void com.android.server.am.ActivityManagerService.attachApplication(android.app.IApplicationThread, long),2]
10-19 15:05:43.445 I/dvm_lock_sample( 1594): [system_server,1,Binder:1594_15,5,ActivityManagerService.java,8605,boolean com.android.server.am.ActivityManagerService.isUidActive(int, java.lang.String),-,5955,boolean com.android.server.am.ActivityManagerService.isAppBad(android.content.pm.ApplicationInfo),1]
10-19 15:05:43.505 I/dvm_lock_sample( 1594): [system_server,1,Binder:1594_D,15,ActivityManagerService.java,8605,boolean com.android.server.am.ActivityManagerService.isUidActive(int, java.lang.String),-,14450,int com.android.server.am.ActivityManagerService.bindIsolatedService(android.app.IApplicationThread, android.os.IBinder, android.content.Intent, java.lang.String, android.app.IServiceConnection, int, java.lang.String, java.lang.String, int),3]
10-19 15:09:49.484 I/dvm_lock_sample( 1594): [system_server,1,android.ui,11,ActivityManagerService.java,3378,void com.android.server.am.ActivityManagerService.dispatchUidsChanged(),-,14450,int com.android.server.am.ActivityManagerService.bindIsolatedService(android.app.IApplicationThread, android.os.IBinder, android.content.Intent, java.lang.String, android.app.IServiceConnection, int, java.lang.String, java.lang.String, int),2]
10-19 15:09:52.452 I/dvm_lock_sample( 1594): [system_server,1,Binder:1594_1A,8,ActivityManagerService.java,14791,android.content.Intent com.android.server.am.ActivityManagerService.registerReceiver(android.app.IApplicationThread, java.lang.String, android.content.IIntentReceiver, android.content.IntentFilter, java.lang.String, int, int),-,14450,int com.android.server.am.ActivityManagerService.bindIsolatedService(android.app.IApplicationThread, android.os.IBinder, android.content.Intent, java.lang.String, android.app.IServiceConnection, int, java.lang.String, java.lang.String, int),1]
10-19 15:10:33.510 I/dvm_lock_sample( 1594): [system_server,1,android.ui,5,ActivityManagerService.java,3378,void com.android.server.am.ActivityManagerService.dispatchUidsChanged(),-,1537,void com.android.server.am.ActivityManagerService$AppDeathRecipient.binderDied(),1]
10-19 15:14:48.454 I/dvm_lock_sample( 1594): [system_server,1,android.ui,37,ActivityManagerService.java,3378,void com.android.server.am.ActivityManagerService.dispatchUidsChanged(),-,1537,void com.android.server.am.ActivityManagerService$AppDeathRecipient.binderDied(),7]
10-19 15:14:49.310 I/dvm_lock_sample( 1594): [system_server,1,main,27,ActivityManagerService.java,15989,int com.android.server.am.ActivityManagerService.broadcastIntent(android.app.IApplicationThread, android.content.Intent, java.lang.String, android.content.IIntentReceiver, int, java.lang.String, android.os.Bundle, java.lang.String[], int, android.os.Bundle, boolean, boolean, int),-,15989,int com.android.server.am.ActivityManagerService.broadcastIntent(android.app.IApplicationThread, android.content.Intent, java.lang.String, android.content.IIntentReceiver, int, java.lang.String, android.os.Bundle, java.lang.String[], int, android.os.Bundle, boolean, boolean, int),5]
10-19 15:14:49.381 I/sysui_multi_action( 1594): [757,147,758,4,759,1,806,com.vitrinedecraques.app]
10-19 15:14:50.276 I/am_create_activity( 1594): [0,93684482,1670,com.vitrinedecraques.app/.MainActivity,NULL,NULL,NULL,268435456]
10-19 15:14:50.377 I/am_proc_start( 1594): [0,17553,11390,com.vitrinedecraques.app,activity,{com.vitrinedecraques.app/com.vitrinedecraques.app.MainActivity}]
10-19 15:14:50.516 I/am_proc_bound( 1594): [0,17553,com.vitrinedecraques.app]
10-19 15:14:50.525 I/am_restart_activity( 1594): [0,93684482,1670,com.vitrinedecraques.app/.MainActivity,17553]
10-19 15:14:50.527 I/am_set_resumed_activity( 1594): [0,com.vitrinedecraques.app/.MainActivity,minimalResumeActivityLocked]
10-19 15:14:52.004 I/notification_cancel_all( 1594): [1000,1594,com.vitrinedecraques.app,0,0,0,5,NULL]
10-19 15:14:52.050 I/notification_cancel_all( 1594): [1000,1594,com.vitrinedecraques.app,0,0,0,5,NULL]
10-19 15:14:56.356 I/am_lifecycle_sample(17553): [0,com.vitrinedecraques.app,110,5806]
10-19 15:14:56.574 I/am_on_create_called(17553): [0,com.vitrinedecraques.app.MainActivity,performCreate,149]
10-19 15:14:56.630 I/am_on_start_called(17553): [0,com.vitrinedecraques.app.MainActivity,handleStartActivity,0]
10-19 15:14:56.634 I/am_on_resume_called(17553): [0,com.vitrinedecraques.app.MainActivity,RESUME_ACTIVITY,2]
10-19 15:14:56.685 I/am_on_top_resumed_gained_called(17553): [0,com.vitrinedecraques.app.MainActivity,topStateChangedWhenResumed]
10-19 15:14:58.687 I/sysui_multi_action( 1594): [319,371,321,302,322,8150,325,1252074,757,761,758,7,759,1,806,com.vitrinedecraques.app,871,com.vitrinedecraques.app.MainActivity,904,com.android.shell,905,0,945,298,1320,12,1321,1]
10-19 15:14:58.688 I/am_activity_launch_time( 1594): [0,93684482,com.vitrinedecraques.app/.MainActivity,8150]
10-19 15:15:01.288 I/am_pss  ( 1594): [17553,11390,com.vitrinedecraques.app,143179776,134606848,202752,232558592,0,2,16]
10-19 15:15:11.938 I/am_pss  ( 1594): [17553,11390,com.vitrinedecraques.app,161959936,152031232,197632,254775296,0,2,17]
10-19 15:15:31.218 I/dvm_lock_sample(17553): [com.vitrinedecraques.app,0,DefaultDispatcher-worker-4,12,DiskLruCache.kt,722,okio.Path coil.disk.DiskLruCache$Editor.file(int),-,-1,coil.disk.DiskLruCache$Editor coil.disk.DiskLruCache.edit(java.lang.String),2]
10-19 15:15:45.104 I/dvm_lock_sample( 1594): [system_server,1,android.ui,7,ActivityManagerService.java,3272,void com.android.server.am.ActivityManagerService.dispatchProcessesChanged(),-,14335,boolean com.android.server.am.ActivityManagerService.stopServiceToken(android.content.ComponentName, android.os.IBinder, int),1]
10-19 15:16:07.314 I/am_on_top_resumed_lost_called(17553): [0,com.vitrinedecraques.app.MainActivity,topStateChangedWhenResumed]
10-19 15:16:07.318 I/am_pause_activity( 1594): [17553,93684482,com.vitrinedecraques.app/.MainActivity,userLeaving=true]
10-19 15:16:07.321 I/am_add_to_stopping( 1594): [0,93684482,com.vitrinedecraques.app/.MainActivity,makeInvisible]
10-19 15:16:07.335 I/am_on_paused_called(17553): [0,com.vitrinedecraques.app.MainActivity,performPause,0]
10-19 15:16:07.780 I/am_stop_activity( 1594): [0,93684482,com.vitrinedecraques.app/.MainActivity]
10-19 15:16:07.874 I/am_on_stop_called(17553): [0,com.vitrinedecraques.app.MainActivity,STOP_ACTIVITY_ITEM,0]
10-19 15:16:08.506 I/sysui_multi_action( 2131): [757,289,758,4,806,ComponentInfo{com.vitrinedecraques.app/com.vitrinedecraques.app.MainActivity}]
10-19 15:16:08.508 I/am_finish_activity( 1594): [17553,93684482,1670,com.vitrinedecraques.app/.MainActivity,remove-task]
10-19 15:16:08.509 I/am_destroy_activity( 1594): [17553,93684482,1670,com.vitrinedecraques.app/.MainActivity,finish-imm:finishActivityLocked]
10-19 15:16:08.630 I/am_kill ( 1594): [0,17553,com.vitrinedecraques.app,905,SwipeUpClean]
10-19 15:16:08.798 I/am_proc_died( 1594): [0,17553,com.vitrinedecraques.app,905,20]
10-19 15:16:14.695 I/am_create_activity( 1594): [0,78187878,1671,com.vitrinedecraques.app/.MainActivity,android.intent.action.MAIN,NULL,NULL,270532608]
10-19 15:16:14.742 I/am_proc_start( 1594): [0,19447,11390,com.vitrinedecraques.app,activity,{com.vitrinedecraques.app/com.vitrinedecraques.app.MainActivity}]
10-19 15:16:14.818 I/am_proc_bound( 1594): [0,19447,com.vitrinedecraques.app]
10-19 15:16:14.823 I/am_restart_activity( 1594): [0,78187878,1671,com.vitrinedecraques.app/.MainActivity,19447]
10-19 15:16:14.824 I/am_set_resumed_activity( 1594): [0,com.vitrinedecraques.app/.MainActivity,minimalResumeActivityLocked]
10-19 15:16:19.445 I/am_lifecycle_sample(19447): [0,com.vitrinedecraques.app,110,4550]
10-19 15:16:19.640 I/am_on_create_called(19447): [0,com.vitrinedecraques.app.MainActivity,performCreate,131]
10-19 15:16:19.692 I/am_on_start_called(19447): [0,com.vitrinedecraques.app.MainActivity,handleStartActivity,0]
10-19 15:16:19.696 I/am_on_resume_called(19447): [0,com.vitrinedecraques.app.MainActivity,RESUME_ACTIVITY,1]
10-19 15:16:19.719 I/am_on_top_resumed_gained_called(19447): [0,com.vitrinedecraques.app.MainActivity,topStateChangedWhenResumed]
10-19 15:16:21.089 I/sysui_multi_action( 1594): [319,150,321,70,322,6404,325,1252158,757,761,758,7,759,1,806,com.vitrinedecraques.app,871,com.vitrinedecraques.app.MainActivity,904,com.miui.home,905,0,945,135,1320,12,1321,1]
10-19 15:16:21.093 I/am_activity_launch_time( 1594): [0,78187878,com.vitrinedecraques.app/.MainActivity,6404]
10-19 15:16:27.896 I/am_on_top_resumed_lost_called(19447): [0,com.vitrinedecraques.app.MainActivity,topStateChangedWhenResumed]
10-19 15:16:27.898 I/am_pause_activity( 1594): [19447,78187878,com.vitrinedecraques.app/.MainActivity,userLeaving=true]
10-19 15:16:27.900 I/am_add_to_stopping( 1594): [0,78187878,com.vitrinedecraques.app/.MainActivity,makeInvisible]
10-19 15:16:27.911 I/am_on_paused_called(19447): [0,com.vitrinedecraques.app.MainActivity,performPause,0]
10-19 15:16:27.945 I/am_pss  ( 1594): [19447,11390,com.vitrinedecraques.app,169845760,158502912,174080,264589312,0,2,14]
10-19 15:16:28.341 I/am_stop_activity( 1594): [0,78187878,com.vitrinedecraques.app/.MainActivity]
10-19 15:16:28.451 I/am_on_stop_called(19447): [0,com.vitrinedecraques.app.MainActivity,STOP_ACTIVITY_ITEM,1]
10-19 15:16:28.939 I/sysui_multi_action( 2131): [757,289,758,4,806,ComponentInfo{com.vitrinedecraques.app/com.vitrinedecraques.app.MainActivity}]
10-19 15:16:28.941 I/am_finish_activity( 1594): [19447,78187878,1671,com.vitrinedecraques.app/.MainActivity,remove-task]
10-19 15:16:28.941 I/am_destroy_activity( 1594): [19447,78187878,1671,com.vitrinedecraques.app/.MainActivity,finish-imm:finishActivityLocked]
10-19 15:16:28.981 I/am_kill ( 1594): [0,19447,com.vitrinedecraques.app,700,SwipeUpClean]
10-19 15:16:29.133 I/am_proc_died( 1594): [0,19447,com.vitrinedecraques.app,700,16]
10-19 15:18:17.988 I/dvm_lock_sample( 1594): [system_server,1,Binder:1594_1C,51,AutoStartManagerService.java,85,boolean com.android.server.am.AutoStartManagerService.isAllowStartService(android.content.Context, android.content.Intent, int, int),ActivityManagerService.java,16095,void com.android.server.am.ActivityManagerService.finishReceiver(android.os.IBinder, int, java.lang.String, android.os.Bundle, boolean, int),10]
10-19 15:18:18.045 I/dvm_lock_sample( 1594): [system_server,1,Binder:1594_A,36,ActivityManagerService.java,6752,java.lang.String com.android.server.am.ActivityManagerService.checkContentProviderAccess(java.lang.String, int),-,16095,void com.android.server.am.ActivityManagerService.finishReceiver(android.os.IBinder, int, java.lang.String, android.os.Bundle, boolean, int),7]
10-19 15:18:18.120 I/dvm_lock_sample( 1594): [system_server,1,Binder:1594_1C,11,ActivityManagerService.java,6752,java.lang.String com.android.server.am.ActivityManagerService.checkContentProviderAccess(java.lang.String, int),-,14285,android.content.ComponentName com.android.server.am.ActivityManagerService.startService(android.app.IApplicationThread, android.content.Intent, java.lang.String, boolean, java.lang.String, int),2]
10-19 15:18:18.214 I/dvm_lock_sample( 1594): [system_server,0,miui.fg,40,ActivityManagerService.java,5955,boolean com.android.server.am.ActivityManagerService.isAppBad(android.content.pm.ApplicationInfo),-,1537,void com.android.server.am.ActivityManagerService$AppDeathRecipient.binderDied(),8]
10-19 15:18:36.390 I/dvm_lock_sample( 1594): [system_server,1,Binder:1594_1F,13,ActivityManagerService.java,14463,boolean com.android.server.am.ActivityManagerService.unbindService(android.app.IServiceConnection),-,14450,int com.android.server.am.ActivityManagerService.bindIsolatedService(android.app.IApplicationThread, android.os.IBinder, android.content.Intent, java.lang.String, android.app.IServiceConnection, int, java.lang.String, java.lang.String, int),2]
10-19 15:18:51.566 I/dvm_lock_sample( 1594): [system_server,0,Binder:1594_A,8,ActivityManagerService.java,14494,void com.android.server.am.ActivityManagerService.serviceDoneExecuting(android.os.IBinder, int, int, int),-,14463,boolean com.android.server.am.ActivityManagerService.unbindService(android.app.IServiceConnection),1]
10-19 15:24:03.112 I/dvm_lock_sample( 1594): [system_server,1,android.ui,7,ActivityManagerService.java,3378,void com.android.server.am.ActivityManagerService.dispatchUidsChanged(),-,14450,int com.android.server.am.ActivityManagerService.bindIsolatedService(android.app.IApplicationThread, android.os.IBinder, android.content.Intent, java.lang.String, android.app.IServiceConnection, int, java.lang.String, java.lang.String, int),1]
10-19 15:24:41.970 I/dvm_lock_sample( 1594): [system_server,0,Binder:1594_10,6,ActivityManagerService.java,14494,void com.android.server.am.ActivityManagerService.serviceDoneExecuting(android.os.IBinder, int, int, int),-,14463,boolean com.android.server.am.ActivityManagerService.unbindService(android.app.IServiceConnection),1]
10-19 15:28:33.763 I/dvm_lock_sample( 1594): [system_server,1,Binder:1594_6,20,ActivityManagerService.java,14791,android.content.Intent com.android.server.am.ActivityManagerService.registerReceiver(android.app.IApplicationThread, java.lang.String, android.content.IIntentReceiver, android.content.IntentFilter, java.lang.String, int, int),-,14463,boolean com.android.server.am.ActivityManagerService.unbindService(android.app.IServiceConnection),4]
10-19 15:28:33.949 I/dvm_lock_sample( 1594): [system_server,1,Binder:1594_10,21,ActivityManagerService.java,14474,void com.android.server.am.ActivityManagerService.publishService(android.os.IBinder, android.content.Intent, android.os.IBinder),-,14450,int com.android.server.am.ActivityManagerService.bindIsolatedService(android.app.IApplicationThread, android.os.IBinder, android.content.Intent, java.lang.String, android.app.IServiceConnection, int, java.lang.String, java.lang.String, int),4]
10-19 15:31:12.378 I/dvm_lock_sample( 1594): [system_server,1,android.ui,10,ActivityManagerService.java,3432,void com.android.server.am.ActivityManagerService.dispatchUidsChanged(),-,14450,int com.android.server.am.ActivityManagerService.bindIsolatedService(android.app.IApplicationThread, android.os.IBinder, android.content.Intent, java.lang.String, android.app.IServiceConnection, int, java.lang.String, java.lang.String, int),2]
10-19 15:35:06.941 I/dvm_lock_sample( 1594): [system_server,1,Binder:1594_E,10,ActivityManagerService.java,7717,boolean com.android.server.am.ActivityManagerService.refContentProvider(android.os.IBinder, int, int),BroadcastQueue.java,984,void com.android.server.am.BroadcastQueue.processNextBroadcast(boolean, boolean),2]
10-19 15:41:30.801 I/dvm_lock_sample( 1594): [system_server,1,Binder:1594_3,10,ActivityManagerService.java,7717,boolean com.android.server.am.ActivityManagerService.refContentProvider(android.os.IBinder, int, int),-,14450,int com.android.server.am.ActivityManagerService.bindIsolatedService(android.app.IApplicationThread, android.os.IBinder, android.content.Intent, java.lang.String, android.app.IServiceConnection, int, java.lang.String, java.lang.String, int),2]
10-19 15:46:10.675 I/dvm_lock_sample( 1594): [system_server,1,Binder:1594_20,11,ActivityManagerService.java,14791,android.content.Intent com.android.server.am.ActivityManagerService.registerReceiver(android.app.IApplicationThread, java.lang.String, android.content.IIntentReceiver, android.content.IntentFilter, java.lang.String, int, int),-,1537,void com.android.server.am.ActivityManagerService$AppDeathRecipient.binderDied(),2]
10-19 15:46:31.125 I/dvm_lock_sample( 1594): [system_server,1,android.ui,5,ActivityManagerService.java,3378,void com.android.server.am.ActivityManagerService.dispatchUidsChanged(),-,14285,android.content.ComponentName com.android.server.am.ActivityManagerService.startService(android.app.IApplicationThread, android.content.Intent, java.lang.String, boolean, java.lang.String, int),1]
10-19 15:53:06.330 I/dvm_lock_sample( 1594): [system_server,1,ActivityManager,9,ActivityManagerService.java,17200,void com.android.server.am.ActivityManagerService$ProcStatsRunnable.run(),-,14463,boolean com.android.server.am.ActivityManagerService.unbindService(android.app.IServiceConnection),1]
10-19 15:53:06.619 I/dvm_lock_sample( 1594): [system_server,1,android.display,5,ActivityManagerService.java,18863,void com.android.server.am.ActivityManagerService$LocalService.startProcess(java.lang.String, android.content.pm.ApplicationInfo, boolean, java.lang.String, android.content.ComponentName, java.lang.String),-,14450,int com.android.server.am.ActivityManagerService.bindIsolatedService(android.app.IApplicationThread, android.os.IBinder, android.content.Intent, java.lang.String, android.app.IServiceConnection, int, java.lang.String, java.lang.String, int),1]
10-19 15:53:06.634 I/dvm_lock_sample( 1594): [system_server,1,Binder:1594_19,12,ActivityManagerService.java,14450,int com.android.server.am.ActivityManagerService.bindIsolatedService(android.app.IApplicationThread, android.os.IBinder, android.content.Intent, java.lang.String, android.app.IServiceConnection, int, java.lang.String, java.lang.String, int),-,14450,int com.android.server.am.ActivityManagerService.bindIsolatedService(android.app.IApplicationThread, android.os.IBinder, android.content.Intent, java.lang.String, android.app.IServiceConnection, int, java.lang.String, java.lang.String, int),2]
10-19 15:53:08.459 I/dvm_lock_sample( 1594): [system_server,1,main,51,ActivityManagerService.java,18291,void com.android.server.am.ActivityManagerService$LocalService.updateDeviceIdleTempWhitelist(int[], int, boolean),BroadcastQueue.java,984,void com.android.server.am.BroadcastQueue.processNextBroadcast(boolean, boolean),10]
10-19 15:53:08.474 I/notification_cancel_all( 1594): [1000,1594,com.vitrinedecraques.app,0,0,0,5,NULL]
10-19 15:53:08.696 I/dvm_lock_sample( 1594): [system_server,1,Binder:1594_13,50,ActivityManagerService.java,6181,boolean com.android.server.am.ActivityManagerService.isAppStartModeDisabled(int, java.lang.String),BroadcastQueue.java,984,void com.android.server.am.BroadcastQueue.processNextBroadcast(boolean, boolean),10]
10-19 15:53:08.721 I/dvm_lock_sample( 1594): [system_server,1,Binder:1594_1B,15,ActivityManagerService.java,14285,android.content.ComponentName com.android.server.am.ActivityManagerService.startService(android.app.IApplicationThread, android.content.Intent, java.lang.String, boolean, java.lang.String, int),BroadcastQueue.java,984,void com.android.server.am.BroadcastQueue.processNextBroadcast(boolean, boolean),3]
10-19 15:53:08.725 I/sysui_multi_action( 1594): [757,147,758,4,759,1,806,com.vitrinedecraques.app]
10-19 15:53:08.753 I/dvm_lock_sample( 1594): [system_server,1,Binder:1594_1,10,ActivityManagerService.java,5395,void com.android.server.am.ActivityManagerService.attachApplication(android.app.IApplicationThread, long),-,15989,int com.android.server.am.ActivityManagerService.broadcastIntent(android.app.IApplicationThread, android.content.Intent, java.lang.String, android.content.IIntentReceiver, int, java.lang.String, android.os.Bundle, java.lang.String[], int, android.os.Bundle, boolean, boolean, int),2]
10-19 15:53:08.849 I/dvm_lock_sample( 1594): [system_server,1,Binder:1594_1E,16,ActivityManagerService.java,8605,boolean com.android.server.am.ActivityManagerService.isUidActive(int, java.lang.String),-,14285,android.content.ComponentName com.android.server.am.ActivityManagerService.startService(android.app.IApplicationThread, android.content.Intent, java.lang.String, boolean, java.lang.String, int),3]
10-19 15:53:09.186 I/dvm_lock_sample( 1594): [system_server,1,Binder:1594_A,10,ActivityManagerService.java,14285,android.content.ComponentName com.android.server.am.ActivityManagerService.startService(android.app.IApplicationThread, android.content.Intent, java.lang.String, boolean, java.lang.String, int),-,1537,void com.android.server.am.ActivityManagerService$AppDeathRecipient.binderDied(),2]
10-19 15:53:09.456 I/am_create_activity( 1594): [0,108829128,1674,com.vitrinedecraques.app/.MainActivity,NULL,NULL,NULL,268435456]
10-19 15:53:09.532 I/am_proc_start( 1594): [0,23042,11390,com.vitrinedecraques.app,activity,{com.vitrinedecraques.app/com.vitrinedecraques.app.MainActivity}]
10-19 15:53:09.752 I/am_proc_bound( 1594): [0,23042,com.vitrinedecraques.app]
10-19 15:53:09.769 I/am_restart_activity( 1594): [0,108829128,1674,com.vitrinedecraques.app/.MainActivity,23042]
10-19 15:53:09.770 I/am_set_resumed_activity( 1594): [0,com.vitrinedecraques.app/.MainActivity,minimalResumeActivityLocked]
10-19 15:53:11.210 I/notification_cancel_all( 1594): [1000,1594,com.vitrinedecraques.app,0,0,0,5,NULL]
10-19 15:53:11.905 I/dvm_lock_sample( 1594): [system_server,1,android.ui,19,ActivityManagerService.java,3378,void com.android.server.am.ActivityManagerService.dispatchUidsChanged(),-,1537,void com.android.server.am.ActivityManagerService$AppDeathRecipient.binderDied(),3]
10-19 15:53:11.938 I/sysui_multi_action( 1594): [757,147,758,4,759,1,806,com.vitrinedecraques.app]
10-19 15:53:13.769 I/dvm_lock_sample( 1594): [system_server,1,android.display,9,ActivityManagerService.java,18317,void com.android.server.am.ActivityManagerService$LocalService.setHasOverlayUi(int, boolean),-,1537,void com.android.server.am.ActivityManagerService$AppDeathRecipient.binderDied(),1]
10-19 15:53:15.592 I/am_lifecycle_sample(23042): [0,com.vitrinedecraques.app,110,5784]
10-19 15:53:15.853 I/am_on_create_called(23042): [0,com.vitrinedecraques.app.MainActivity,performCreate,159]
10-19 15:53:15.917 I/am_on_start_called(23042): [0,com.vitrinedecraques.app.MainActivity,handleStartActivity,0]
10-19 15:53:15.921 I/am_on_resume_called(23042): [0,com.vitrinedecraques.app.MainActivity,RESUME_ACTIVITY,2]
10-19 15:53:15.964 I/am_on_top_resumed_gained_called(23042): [0,com.vitrinedecraques.app.MainActivity,topStateChangedWhenResumed]
10-19 15:53:17.833 I/sysui_multi_action( 1594): [319,384,321,337,322,8423,325,1254373,757,761,758,7,759,1,806,com.vitrinedecraques.app,871,com.vitrinedecraques.app.MainActivity,904,com.android.shell,905,0,945,346,1320,12,1321,1]
10-19 15:53:17.837 I/am_activity_launch_time( 1594): [0,108829128,com.vitrinedecraques.app/.MainActivity,8423]
10-19 15:53:19.843 I/am_pss  ( 1594): [23042,11390,com.vitrinedecraques.app,155969536,146636800,218112,244047872,0,2,24]
10-19 15:53:20.032 I/dvm_lock_sample(23042): [com.vitrinedecraques.app,0,DefaultDispatcher-worker-3,18,ExifUtils.kt,32,coil.decode.ExifData coil.decode.ExifUtils.getExifData(java.lang.String, okio.BufferedSource, coil.decode.ExifOrientationPolicy),-,32,coil.decode.ExifData coil.decode.ExifUtils.getExifData(java.lang.String, okio.BufferedSource, coil.decode.ExifOrientationPolicy),3]
10-19 15:53:22.621 I/am_pause_activity( 1594): [23042,108829128,com.vitrinedecraques.app/.MainActivity,userLeaving=true]
10-19 15:53:22.623 I/am_add_to_stopping( 1594): [0,108829128,com.vitrinedecraques.app/.MainActivity,makeInvisible]
10-19 15:53:22.627 I/am_on_top_resumed_lost_called(23042): [0,com.vitrinedecraques.app.MainActivity,topStateChangedWhenResumed]
10-19 15:53:22.638 I/am_on_paused_called(23042): [0,com.vitrinedecraques.app.MainActivity,performPause,0]
10-19 15:53:22.701 I/dvm_lock_sample(23042): [com.vitrinedecraques.app,0,ExoPlayer:Playback,89,MediaCodecUtil.java,220,java.util.List androidx.media3.exoplayer.mediacodec.MediaCodecUtil.getDecoderInfosSoftMatch(androidx.media3.exoplayer.mediacodec.MediaCodecSelector, androidx.media3.common.Format, boolean, boolean),-,-1,java.util.List androidx.media3.exoplayer.mediacodec.MediaCodecUtil.getDecoderInfos(java.lang.String, boolean, boolean),17]
10-19 15:53:23.071 I/am_stop_activity( 1594): [0,108829128,com.vitrinedecraques.app/.MainActivity]
10-19 15:53:23.498 I/am_on_stop_called(23042): [0,com.vitrinedecraques.app.MainActivity,STOP_ACTIVITY_ITEM,0]
10-19 15:53:23.872 I/sysui_multi_action( 2131): [757,289,758,4,806,ComponentInfo{com.vitrinedecraques.app/com.vitrinedecraques.app.MainActivity}]
10-19 15:53:23.875 I/am_finish_activity( 1594): [23042,108829128,1674,com.vitrinedecraques.app/.MainActivity,remove-task]
10-19 15:53:23.875 I/am_destroy_activity( 1594): [23042,108829128,1674,com.vitrinedecraques.app/.MainActivity,finish-imm:finishActivityLocked]
10-19 15:53:23.903 I/am_kill ( 1594): [0,23042,com.vitrinedecraques.app,700,SwipeUpClean]
10-19 15:53:24.071 I/am_proc_died( 1594): [0,23042,com.vitrinedecraques.app,700,16]
10-19 15:55:57.929 I/dvm_lock_sample( 1594): [system_server,1,main,6,BroadcastDispatcher.java,186,void com.android.server.am.BroadcastDispatcher$1.broadcastAlarmComplete(int),ActivityManagerService.java,16095,void com.android.server.am.ActivityManagerService.finishReceiver(android.os.IBinder, int, java.lang.String, android.os.Bundle, boolean, int),1]
10-19 16:09:47.943 I/dvm_lock_sample( 1594): [system_server,0,android.bg,7,ActivityManagerService.java,1964,void com.android.server.am.ActivityManagerService$5.handleMessage(android.os.Message),-,14463,boolean com.android.server.am.ActivityManagerService.unbindService(android.app.IServiceConnection),1]
10-19 16:09:52.378 I/dvm_lock_sample( 1594): [system_server,1,Binder:1594_F,11,ActivityManagerService.java,8605,boolean com.android.server.am.ActivityManagerService.isUidActive(int, java.lang.String),-,14494,void com.android.server.am.ActivityManagerService.serviceDoneExecuting(android.os.IBinder, int, int, int),2]
10-19 16:25:49.159 I/dvm_lock_sample( 1594): [system_server,1,Binder:1594_1C,7,ActivityManagerService.java,14962,void com.android.server.am.ActivityManagerService.unregisterReceiver(android.content.IIntentReceiver),-,14450,int com.android.server.am.ActivityManagerService.bindIsolatedService(android.app.IApplicationThread, android.os.IBinder, android.content.Intent, java.lang.String, android.app.IServiceConnection, int, java.lang.String, java.lang.String, int),1]
10-19 16:33:39.862 I/dvm_lock_sample( 1594): [system_server,1,android.ui,12,ActivityManagerService.java,3378,void com.android.server.am.ActivityManagerService.dispatchUidsChanged(),-,5395,void com.android.server.am.ActivityManagerService.attachApplication(android.app.IApplicationThread, long),2]
10-19 16:37:39.662 I/dvm_lock_sample( 1594): [system_server,1,android.ui,37,ActivityManagerService.java,3378,void com.android.server.am.ActivityManagerService.dispatchUidsChanged(),-,18291,void com.android.server.am.ActivityManagerService$LocalService.updateDeviceIdleTempWhitelist(int[], int, boolean),7]
10-19 16:37:39.744 I/dvm_lock_sample( 1594): [system_server,1,android.ui,31,ActivityManagerService.java,3432,void com.android.server.am.ActivityManagerService.dispatchUidsChanged(),-,15989,int com.android.server.am.ActivityManagerService.broadcastIntent(android.app.IApplicationThread, android.content.Intent, java.lang.String, android.content.IIntentReceiver, int, java.lang.String, android.os.Bundle, java.lang.String[], int, android.os.Bundle, boolean, boolean, int),6]
10-19 16:37:39.761 I/sysui_multi_action( 1594): [757,147,758,4,759,1,806,com.vitrinedecraques.app]
10-19 16:37:40.354 I/dvm_lock_sample( 1594): [system_server,1,Binder:1594_13,18,ActivityManagerService.java,14285,android.content.ComponentName com.android.server.am.ActivityManagerService.startService(android.app.IApplicationThread, android.content.Intent, java.lang.String, boolean, java.lang.String, int),-,14285,android.content.ComponentName com.android.server.am.ActivityManagerService.startService(android.app.IApplicationThread, android.content.Intent, java.lang.String, boolean, java.lang.String, int),3]
10-19 16:37:40.752 I/am_create_activity( 1594): [0,22100242,1676,com.vitrinedecraques.app/.MainActivity,NULL,NULL,NULL,268435456]
10-19 16:37:40.874 I/am_proc_start( 1594): [0,27579,11390,com.vitrinedecraques.app,activity,{com.vitrinedecraques.app/com.vitrinedecraques.app.MainActivity}]
10-19 16:37:41.015 I/am_proc_bound( 1594): [0,27579,com.vitrinedecraques.app]
10-19 16:37:41.029 I/am_restart_activity( 1594): [0,22100242,1676,com.vitrinedecraques.app/.MainActivity,27579]
10-19 16:37:41.031 I/am_set_resumed_activity( 1594): [0,com.vitrinedecraques.app/.MainActivity,minimalResumeActivityLocked]
10-19 16:37:41.913 I/notification_cancel_all( 1594): [1000,1594,com.vitrinedecraques.app,0,0,0,5,NULL]
10-19 16:37:42.003 I/notification_cancel_all( 1594): [1000,1594,com.vitrinedecraques.app,0,0,0,5,NULL]
10-19 16:37:42.486 I/dvm_lock_sample( 1594): [system_server,1,Binder:1594_C,19,ActivityManagerService.java,14450,int com.android.server.am.ActivityManagerService.bindIsolatedService(android.app.IApplicationThread, android.os.IBinder, android.content.Intent, java.lang.String, android.app.IServiceConnection, int, java.lang.String, java.lang.String, int),-,5395,void com.android.server.am.ActivityManagerService.attachApplication(android.app.IApplicationThread, long),3]
10-19 16:37:46.234 I/am_lifecycle_sample(27579): [0,com.vitrinedecraques.app,110,5185]
10-19 16:37:46.471 I/am_on_create_called(27579): [0,com.vitrinedecraques.app.MainActivity,performCreate,160]
10-19 16:37:46.532 I/am_on_start_called(27579): [0,com.vitrinedecraques.app.MainActivity,handleStartActivity,0]
10-19 16:37:46.537 I/am_on_resume_called(27579): [0,com.vitrinedecraques.app.MainActivity,RESUME_ACTIVITY,2]
10-19 16:37:46.576 I/am_on_top_resumed_gained_called(27579): [0,com.vitrinedecraques.app.MainActivity,topStateChangedWhenResumed]
10-19 16:37:48.540 I/sysui_multi_action( 1594): [319,452,321,354,322,7931,325,1257044,757,761,758,7,759,1,806,com.vitrinedecraques.app,871,com.vitrinedecraques.app.MainActivity,904,com.android.shell,905,0,945,408,1320,12,1321,1]
10-19 16:37:48.552 I/am_activity_launch_time( 1594): [0,22100242,com.vitrinedecraques.app/.MainActivity,7931]
10-19 16:37:51.124 I/am_pss  ( 1594): [27579,11390,com.vitrinedecraques.app,178394112,168497152,187392,270573568,0,2,24]
10-19 16:38:01.201 I/am_pss  ( 1594): [27579,11390,com.vitrinedecraques.app,192395264,181141504,178176,286859264,0,2,21]
10-19 16:38:34.975 I/am_on_top_resumed_lost_called(27579): [0,com.vitrinedecraques.app.MainActivity,topStateChangedWhenResumed]
10-19 16:38:34.982 I/am_pause_activity( 1594): [27579,22100242,com.vitrinedecraques.app/.MainActivity,userLeaving=true]
10-19 16:38:34.984 I/am_add_to_stopping( 1594): [0,22100242,com.vitrinedecraques.app/.MainActivity,makeInvisible]
10-19 16:38:35.002 I/am_on_paused_called(27579): [0,com.vitrinedecraques.app.MainActivity,performPause,1]
10-19 16:38:35.436 I/am_stop_activity( 1594): [0,22100242,com.vitrinedecraques.app/.MainActivity]
10-19 16:38:35.558 I/am_on_stop_called(27579): [0,com.vitrinedecraques.app.MainActivity,STOP_ACTIVITY_ITEM,0]
10-19 16:38:35.986 I/sysui_multi_action( 2131): [757,289,758,4,806,ComponentInfo{com.vitrinedecraques.app/com.vitrinedecraques.app.MainActivity}]
10-19 16:38:35.990 I/am_finish_activity( 1594): [27579,22100242,1676,com.vitrinedecraques.app/.MainActivity,remove-task]
10-19 16:38:35.991 I/am_destroy_activity( 1594): [27579,22100242,1676,com.vitrinedecraques.app/.MainActivity,finish-imm:finishActivityLocked]
10-19 16:38:36.108 I/am_kill ( 1594): [0,27579,com.vitrinedecraques.app,905,SwipeUpClean]
10-19 16:38:36.354 I/am_proc_died( 1594): [0,27579,com.vitrinedecraques.app,905,20]
10-19 16:39:07.329 I/am_create_activity( 1594): [0,198553501,1677,com.vitrinedecraques.app/.MainActivity,android.intent.action.MAIN,NULL,NULL,270532608]
10-19 16:39:07.392 I/am_proc_start( 1594): [0,28677,11390,com.vitrinedecraques.app,activity,{com.vitrinedecraques.app/com.vitrinedecraques.app.MainActivity}]
10-19 16:39:07.476 I/am_proc_bound( 1594): [0,28677,com.vitrinedecraques.app]
10-19 16:39:07.481 I/am_restart_activity( 1594): [0,198553501,1677,com.vitrinedecraques.app/.MainActivity,28677]
10-19 16:39:07.483 I/am_set_resumed_activity( 1594): [0,com.vitrinedecraques.app/.MainActivity,minimalResumeActivityLocked]
10-19 16:39:07.517 I/dvm_lock_sample(28677): [com.vitrinedecraques.app,0,Binder:28677_1,11,ActivityThread.java,3062,void android.app.ActivityThread.updatePendingConfiguration(android.content.res.Configuration),CompatibilityInfo.java,298,boolean android.content.res.CompatibilityInfo.isScalingRequired(),2]
10-19 16:39:12.151 I/am_lifecycle_sample(28677): [0,com.vitrinedecraques.app,110,4653]
10-19 16:39:12.368 I/am_on_create_called(28677): [0,com.vitrinedecraques.app.MainActivity,performCreate,139]
10-19 16:39:12.424 I/am_on_start_called(28677): [0,com.vitrinedecraques.app.MainActivity,handleStartActivity,0]
10-19 16:39:12.428 I/am_on_resume_called(28677): [0,com.vitrinedecraques.app.MainActivity,RESUME_ACTIVITY,1]
10-19 16:39:12.464 I/am_on_top_resumed_gained_called(28677): [0,com.vitrinedecraques.app.MainActivity,topStateChangedWhenResumed]
10-19 16:39:13.998 I/sysui_multi_action( 1594): [319,181,321,63,322,6681,325,1257131,757,761,758,7,759,1,806,com.vitrinedecraques.app,871,com.vitrinedecraques.app.MainActivity,904,com.miui.home,905,0,945,162,1320,12,1321,1]
10-19 16:39:14.001 I/am_activity_launch_time( 1594): [0,198553501,com.vitrinedecraques.app/.MainActivity,6681]
10-19 16:39:19.217 I/am_pss  ( 1594): [28677,11390,com.vitrinedecraques.app,171858944,161751040,178176,265601024,0,2,17]
10-19 16:39:28.729 I/am_on_top_resumed_lost_called(28677): [0,com.vitrinedecraques.app.MainActivity,topStateChangedWhenResumed]
10-19 16:39:28.736 I/am_pause_activity( 1594): [28677,198553501,com.vitrinedecraques.app/.MainActivity,userLeaving=true]
10-19 16:39:28.738 I/am_add_to_stopping( 1594): [0,198553501,com.vitrinedecraques.app/.MainActivity,makeInvisible]
10-19 16:39:28.751 I/am_on_paused_called(28677): [0,com.vitrinedecraques.app.MainActivity,performPause,0]
10-19 16:39:29.258 I/am_stop_activity( 1594): [0,198553501,com.vitrinedecraques.app/.MainActivity]
10-19 16:39:29.396 I/am_on_stop_called(28677): [0,com.vitrinedecraques.app.MainActivity,STOP_ACTIVITY_ITEM,0]
10-19 16:39:29.820 I/sysui_multi_action( 2131): [757,289,758,4,806,ComponentInfo{com.vitrinedecraques.app/com.vitrinedecraques.app.MainActivity}]
10-19 16:39:29.823 I/am_finish_activity( 1594): [28677,198553501,1677,com.vitrinedecraques.app/.MainActivity,remove-task]
10-19 16:39:29.823 I/am_destroy_activity( 1594): [28677,198553501,1677,com.vitrinedecraques.app/.MainActivity,finish-imm:finishActivityLocked]
10-19 16:39:29.861 I/am_kill ( 1594): [0,28677,com.vitrinedecraques.app,700,SwipeUpClean]
10-19 16:39:29.902 I/dvm_lock_sample( 1594): [system_server,0,AsyncTask #7,46,ActivityManagerService.java,10090,int com.android.server.am.ActivityManagerService.getMemoryTrimLevel(),ProcessRecord.java,1358,void com.android.server.am.ProcessRecord.updateProcessInfo(boolean, boolean, boolean),9]
10-19 16:39:29.902 I/dvm_lock_sample( 1594): [system_server,1,Binder:1594_1D,15,ActivityManagerService.java,15989,int com.android.server.am.ActivityManagerService.broadcastIntent(android.app.IApplicationThread, android.content.Intent, java.lang.String, android.content.IIntentReceiver, int, java.lang.String, android.os.Bundle, java.lang.String[], int, android.os.Bundle, boolean, boolean, int),ProcessRecord.java,1358,void com.android.server.am.ProcessRecord.updateProcessInfo(boolean, boolean, boolean),3]
10-19 16:39:30.067 I/am_proc_died( 1594): [0,28677,com.vitrinedecraques.app,700,16]
10-19 16:39:36.628 I/dvm_lock_sample( 1594): [system_server,1,Binder:1594_18,8,ActivityTaskManagerService.java,1746,void com.android.server.wm.ActivityTaskManagerService.activityTopResumedStateLost(),ActivityStarter.java,1313,int com.android.server.wm.ActivityStarter.startActivityMayWait(android.app.IApplicationThread, int, java.lang.String, int, int, android.content.Intent, java.lang.String, android.service.voice.IVoiceInteractionSession, com.android.internal.app.IVoiceInteractor, android.os.IBinder, java.lang.String, int, int, android.app.ProfilerInfo, android.app.WaitResult, android.content.res.Configuration, com.android.server.wm.SafeActivityOptions, boolean, int, com.android.server.wm.TaskRecord, java.lang.String, boolean, com.android.server.am.PendingIntentRecord, boolean),1]
10-19 16:39:37.720 I/dvm_lock_sample( 1594): [system_server,1,Binder:1594_12,12,ActivityManagerService.java,8605,boolean com.android.server.am.ActivityManagerService.isUidActive(int, java.lang.String),-,14450,int com.android.server.am.ActivityManagerService.bindIsolatedService(android.app.IApplicationThread, android.os.IBinder, android.content.Intent, java.lang.String, android.app.IServiceConnection, int, java.lang.String, java.lang.String, int),2]
10-19 16:45:43.692 I/dvm_lock_sample( 1594): [system_server,1,Binder:1594_D,10,ActivityManagerService.java,10031,java.util.List com.android.server.am.ActivityManagerService.getRunningAppProcesses(),-,14450,int com.android.server.am.ActivityManagerService.bindIsolatedService(android.app.IApplicationThread, android.os.IBinder, android.content.Intent, java.lang.String, android.app.IServiceConnection, int, java.lang.String, java.lang.String, int),2]
10-19 16:54:33.087 I/dvm_lock_sample( 1594): [system_server,1,android.ui,10,ActivityManagerService.java,3378,void com.android.server.am.ActivityManagerService.dispatchUidsChanged(),-,5395,void com.android.server.am.ActivityManagerService.attachApplication(android.app.IApplicationThread, long),2]
10-19 16:54:55.030 I/dvm_lock_sample( 1594): [system_server,1,android.ui,6,ActivityManagerService.java,3378,void com.android.server.am.ActivityManagerService.dispatchUidsChanged(),-,14285,android.content.ComponentName com.android.server.am.ActivityManagerService.startService(android.app.IApplicationThread, android.content.Intent, java.lang.String, boolean, java.lang.String, int),1]
10-19 17:02:33.441 I/dvm_lock_sample( 1594): [system_server,1,Binder:1594_E,6,ActivityManagerService.java,8605,boolean com.android.server.am.ActivityManagerService.isUidActive(int, java.lang.String),-,14494,void com.android.server.am.ActivityManagerService.serviceDoneExecuting(android.os.IBinder, int, int, int),1]
10-19 17:02:33.480 I/dvm_lock_sample( 1594): [system_server,1,Binder:1594_9,11,ProcessManagerService.java,1704,java.util.List com.android.server.am.ProcessManagerService.getRunningProcessInfo(int, int, java.lang.String, java.lang.String, int),ActivityManagerService.java,1537,void com.android.server.am.ActivityManagerService$AppDeathRecipient.binderDied(),2]
10-19 17:03:18.574 I/dvm_lock_sample( 1594): [system_server,1,Binder:1594_15,11,ActivityManagerService.java,5963,int com.android.server.am.ActivityManagerService.getUidState(int),-,14450,int com.android.server.am.ActivityManagerService.bindIsolatedService(android.app.IApplicationThread, android.os.IBinder, android.content.Intent, java.lang.String, android.app.IServiceConnection, int, java.lang.String, java.lang.String, int),2]
10-19 17:03:18.579 I/dvm_lock_sample( 1594): [system_server,0,Binder:1594_7,6,ActivityManagerService.java,14494,void com.android.server.am.ActivityManagerService.serviceDoneExecuting(android.os.IBinder, int, int, int),-,14474,void com.android.server.am.ActivityManagerService.publishService(android.os.IBinder, android.content.Intent, android.os.IBinder),1]
10-19 17:03:21.304 I/dvm_lock_sample( 1594): [system_server,0,Binder:1594_1D,11,ActivityManagerService.java,14494,void com.android.server.am.ActivityManagerService.serviceDoneExecuting(android.os.IBinder, int, int, int),-,14285,android.content.ComponentName com.android.server.am.ActivityManagerService.startService(android.app.IApplicationThread, android.content.Intent, java.lang.String, boolean, java.lang.String, int),2]
10-19 17:10:45.343 I/dvm_lock_sample( 1594): [system_server,1,Binder:1594_7,11,ActivityManagerService.java,5955,boolean com.android.server.am.ActivityManagerService.isAppBad(android.content.pm.ApplicationInfo),-,14450,int com.android.server.am.ActivityManagerService.bindIsolatedService(android.app.IApplicationThread, android.os.IBinder, android.content.Intent, java.lang.String, android.app.IServiceConnection, int, java.lang.String, java.lang.String, int),2]
10-19 17:25:52.081 I/dvm_lock_sample( 1594): [system_server,1,android.ui,10,ActivityManagerService.java,3432,void com.android.server.am.ActivityManagerService.dispatchUidsChanged(),-,14463,boolean com.android.server.am.ActivityManagerService.unbindService(android.app.IServiceConnection),2]
10-19 17:37:00.169 I/dvm_lock_sample( 1594): [system_server,1,Binder:1594_F,10,ActivityManagerService.java,14450,int com.android.server.am.ActivityManagerService.bindIsolatedService(android.app.IApplicationThread, android.os.IBinder, android.content.Intent, java.lang.String, android.app.IServiceConnection, int, java.lang.String, java.lang.String, int),-,14450,int com.android.server.am.ActivityManagerService.bindIsolatedService(android.app.IApplicationThread, android.os.IBinder, android.content.Intent, java.lang.String, android.app.IServiceConnection, int, java.lang.String, java.lang.String, int),2]
10-19 17:47:22.365 I/dvm_lock_sample( 1594): [system_server,1,ActivityManager:procStart,14,ProcessList.java,1687,void com.android.server.am.ProcessList.lambda$startProcessLocked$0$ProcessList(com.android.server.am.ProcessRecord, java.lang.String, int[], int, int, java.lang.String, java.lang.String, java.lang.String, long),ActivityManagerService.java,14285,android.content.ComponentName com.android.server.am.ActivityManagerService.startService(android.app.IApplicationThread, android.content.Intent, java.lang.String, boolean, java.lang.String, int),2]
10-19 17:47:22.368 I/dvm_lock_sample( 1594): [system_server,0,Binder:1594_18,14,ActivityManagerService.java,14494,void com.android.server.am.ActivityManagerService.serviceDoneExecuting(android.os.IBinder, int, int, int),-,14285,android.content.ComponentName com.android.server.am.ActivityManagerService.startService(android.app.IApplicationThread, android.content.Intent, java.lang.String, boolean, java.lang.String, int),2]
10-19 17:47:33.388 I/dvm_lock_sample( 1594): [system_server,1,Binder:1594_6,12,ActivityManagerService.java,14249,java.util.List com.android.server.am.ActivityManagerService.getServices(int, int),-,16095,void com.android.server.am.ActivityManagerService.finishReceiver(android.os.IBinder, int, java.lang.String, android.os.Bundle, boolean, int),2]
10-19 17:53:18.521 I/dvm_lock_sample( 1594): [system_server,1,Binder:1594_5,18,ActivityManagerService.java,14791,android.content.Intent com.android.server.am.ActivityManagerService.registerReceiver(android.app.IApplicationThread, java.lang.String, android.content.IIntentReceiver, android.content.IntentFilter, java.lang.String, int, int),-,14494,void com.android.server.am.ActivityManagerService.serviceDoneExecuting(android.os.IBinder, int, int, int),3]
10-19 17:53:18.524 I/dvm_lock_sample( 1594): [system_server,1,Binder:1594_17,18,ActivityManagerService.java,6752,java.lang.String com.android.server.am.ActivityManagerService.checkContentProviderAccess(java.lang.String, int),-,14494,void com.android.server.am.ActivityManagerService.serviceDoneExecuting(android.os.IBinder, int, int, int),3]
10-19 17:53:18.809 I/dvm_lock_sample( 1594): [system_server,1,Binder:1594_15,23,ActivityManagerService.java,6978,android.app.ContentProviderHolder com.android.server.am.ActivityManagerService.getContentProviderImpl(android.app.IApplicationThread, java.lang.String, android.os.IBinder, int, java.lang.String, java.lang.String, boolean, int),BroadcastQueue.java,984,void com.android.server.am.BroadcastQueue.processNextBroadcast(boolean, boolean),4]
10-19 17:53:18.900 I/dvm_lock_sample( 1594): [system_server,1,Binder:1594_1,25,ActivityTaskManagerService.java,1746,void com.android.server.wm.ActivityTaskManagerService.activityTopResumedStateLost(),ActivityStarter.java,1313,int com.android.server.wm.ActivityStarter.startActivityMayWait(android.app.IApplicationThread, int, java.lang.String, int, int, android.content.Intent, java.lang.String, android.service.voice.IVoiceInteractionSession, com.android.internal.app.IVoiceInteractor, android.os.IBinder, java.lang.String, int, int, android.app.ProfilerInfo, android.app.WaitResult, android.content.res.Configuration, com.android.server.wm.SafeActivityOptions, boolean, int, com.android.server.wm.TaskRecord, java.lang.String, boolean, com.android.server.am.PendingIntentRecord, boolean),5]
10-19 17:53:18.944 I/dvm_lock_sample( 1594): [system_server,1,Binder:1594_5,52,ActivityManagerService.java,14791,android.content.Intent com.android.server.am.ActivityManagerService.registerReceiver(android.app.IApplicationThread, java.lang.String, android.content.IIntentReceiver, android.content.IntentFilter, java.lang.String, int, int),-,14450,int com.android.server.am.ActivityManagerService.bindIsolatedService(android.app.IApplicationThread, android.os.IBinder, android.content.Intent, java.lang.String, android.app.IServiceConnection, int, java.lang.String, java.lang.String, int),10]
10-19 17:55:14.602 I/notification_cancel_all( 1594): [1000,1594,com.vitrinedecraques.app,0,0,0,5,NULL]
10-19 17:55:14.680 I/dvm_lock_sample( 1594): [system_server,1,android.ui,82,ActivityManagerService.java,3432,void com.android.server.am.ActivityManagerService.dispatchUidsChanged(),-,14285,android.content.ComponentName com.android.server.am.ActivityManagerService.startService(android.app.IApplicationThread, android.content.Intent, java.lang.String, boolean, java.lang.String, int),16]
10-19 17:55:14.875 I/sysui_multi_action( 1594): [757,147,758,4,759,1,806,com.vitrinedecraques.app]
10-19 17:55:15.054 I/dvm_lock_sample( 1594): [system_server,1,Binder:1594_16,16,ActivityManagerService.java,8605,boolean com.android.server.am.ActivityManagerService.isUidActive(int, java.lang.String),-,1537,void com.android.server.am.ActivityManagerService$AppDeathRecipient.binderDied(),3]
10-19 17:55:15.828 I/am_create_activity( 1594): [0,24206624,1682,com.vitrinedecraques.app/.MainActivity,NULL,NULL,NULL,268435456]
10-19 17:55:15.917 I/am_proc_start( 1594): [0,5884,11390,com.vitrinedecraques.app,activity,{com.vitrinedecraques.app/com.vitrinedecraques.app.MainActivity}]
10-19 17:55:16.179 I/am_proc_bound( 1594): [0,5884,com.vitrinedecraques.app]
10-19 17:55:16.183 I/am_restart_activity( 1594): [0,24206624,1682,com.vitrinedecraques.app/.MainActivity,5884]
10-19 17:55:16.184 I/am_set_resumed_activity( 1594): [0,com.vitrinedecraques.app/.MainActivity,minimalResumeActivityLocked]
10-19 17:55:17.624 I/dvm_lock_sample( 1594): [system_server,1,Binder:1594_1,58,ActivityManagerService.java,14791,android.content.Intent com.android.server.am.ActivityManagerService.registerReceiver(android.app.IApplicationThread, java.lang.String, android.content.IIntentReceiver, android.content.IntentFilter, java.lang.String, int, int),-,14450,int com.android.server.am.ActivityManagerService.bindIsolatedService(android.app.IApplicationThread, android.os.IBinder, android.content.Intent, java.lang.String, android.app.IServiceConnection, int, java.lang.String, java.lang.String, int),11]
10-19 17:55:18.267 I/notification_cancel_all( 1594): [1000,1594,com.vitrinedecraques.app,0,0,0,5,NULL]
10-19 17:55:18.756 I/dvm_lock_sample( 1594): [system_server,1,Binder:1594_1F,47,ProcessManagerService.java,1704,java.util.List com.android.server.am.ProcessManagerService.getRunningProcessInfo(int, int, java.lang.String, java.lang.String, int),ActivityManagerService.java,1537,void com.android.server.am.ActivityManagerService$AppDeathRecipient.binderDied(),9]
10-19 17:55:20.013 I/dvm_lock_sample( 1594): [system_server,0,Binder:1594_8,15,ActivityManagerService.java,14494,void com.android.server.am.ActivityManagerService.serviceDoneExecuting(android.os.IBinder, int, int, int),-,1537,void com.android.server.am.ActivityManagerService$AppDeathRecipient.binderDied(),3]
10-19 17:55:21.466 I/am_lifecycle_sample( 5884): [0,com.vitrinedecraques.app,110,5065]
10-19 17:55:21.681 I/am_on_create_called( 5884): [0,com.vitrinedecraques.app.MainActivity,performCreate,134]
10-19 17:55:21.749 I/am_on_start_called( 5884): [0,com.vitrinedecraques.app.MainActivity,handleStartActivity,0]
10-19 17:55:21.754 I/am_on_resume_called( 5884): [0,com.vitrinedecraques.app.MainActivity,RESUME_ACTIVITY,1]
10-19 17:55:21.783 I/am_on_top_resumed_gained_called( 5884): [0,com.vitrinedecraques.app.MainActivity,topStateChangedWhenResumed]
10-19 17:55:23.579 I/sysui_multi_action( 1594): [319,601,321,338,322,7979,325,1261686,757,761,758,7,759,1,806,com.vitrinedecraques.app,871,com.vitrinedecraques.app.MainActivity,904,com.android.shell,905,0,945,582,1320,12,1321,1]
10-19 17:55:23.582 I/am_activity_launch_time( 1594): [0,24206624,com.vitrinedecraques.app/.MainActivity,7979]
10-19 17:55:26.400 I/am_pss  ( 1594): [5884,11390,com.vitrinedecraques.app,152553472,142385152,220160,242839552,0,2,23]
10-19 17:55:36.814 I/am_pss  ( 1594): [5884,11390,com.vitrinedecraques.app,192033792,180989952,200704,285769728,0,2,23]
10-19 17:55:48.573 I/dvm_lock_sample( 1594): [system_server,1,ActivityManager,5,ActiveServices.java,1099,void com.android.server.am.ActiveServices.updateForegroundApps(com.android.server.am.ActiveServices$ServiceMap),ActivityManagerService.java,14343,void com.android.server.am.ActivityManagerService.setServiceForeground(android.content.ComponentName, android.os.IBinder, int, android.app.Notification, int, int),1]
10-19 17:55:48.584 I/dvm_lock_sample( 1594): [system_server,1,Binder:1594_13,7,ActivityManagerService.java,7717,boolean com.android.server.am.ActivityManagerService.refContentProvider(android.os.IBinder, int, int),-,14343,void com.android.server.am.ActivityManagerService.setServiceForeground(android.content.ComponentName, android.os.IBinder, int, android.app.Notification, int, int),1]
