11-16 11:15:36.413 I/dvm_lock_sample( 1630): [system_server,1,Binder:1630_5,15,ActivityManagerService.java,5955,boolean com.android.server.am.ActivityManagerService.isAppBad(android.content.pm.ApplicationInfo),-,14494,void com.android.server.am.ActivityManagerService.serviceDoneExecuting(android.os.IBinder, int, int, int),3]
11-16 11:15:36.540 I/dvm_lock_sample( 1630): [system_server,0,Binder:1630_11,9,ActivityManagerService.java,14494,void com.android.server.am.ActivityManagerService.serviceDoneExecuting(android.os.IBinder, int, int, int),-,1537,void com.android.server.am.ActivityManagerService$AppDeathRecipient.binderDied(),1]
11-16 11:30:48.548 I/dvm_lock_sample( 1630): [system_server,1,Binder:1630_1C,10,ActivityManagerService.java,6181,boolean com.android.server.am.ActivityManagerService.isAppStartModeDisabled(int, java.lang.String),-,14285,android.content.ComponentName com.android.server.am.ActivityManagerService.startService(android.app.IApplicationThread, android.content.Intent, java.lang.String, boolean, java.lang.String, int),2]
11-16 11:37:08.544 I/dvm_lock_sample( 1630): [system_server,0,android.bg,10,ActivityManagerService.java,2043,void com.android.server.am.ActivityManagerService$5.handleMessage(android.os.Message),-,5395,void com.android.server.am.ActivityManagerService.attachApplication(android.app.IApplicationThread, long),2]
11-16 11:37:09.899 I/dvm_lock_sample( 1630): [system_server,1,Binder:1630_1C,7,ActivityManagerService.java,5955,boolean com.android.server.am.ActivityManagerService.isAppBad(android.content.pm.ApplicationInfo),-,14474,void com.android.server.am.ActivityManagerService.publishService(android.os.IBinder, android.content.Intent, android.os.IBinder),1]
11-16 11:44:24.252 I/dvm_lock_sample( 1630): [system_server,0,Binder:1630_1,5,ActivityManagerService.java,14494,void com.android.server.am.ActivityManagerService.serviceDoneExecuting(android.os.IBinder, int, int, int),-,14463,boolean com.android.server.am.ActivityManagerService.unbindService(android.app.IServiceConnection),1]
11-16 11:45:16.562 I/dvm_lock_sample( 1630): [system_server,1,Binder:1630_1B,13,ActivityManagerService.java,14285,android.content.ComponentName com.android.server.am.ActivityManagerService.startService(android.app.IApplicationThread, android.content.Intent, java.lang.String, boolean, java.lang.String, int),-,16095,void com.android.server.am.ActivityManagerService.finishReceiver(android.os.IBinder, int, java.lang.String, android.os.Bundle, boolean, int),2]
11-16 11:57:47.265 I/dvm_lock_sample( 1630): [system_server,0,android.bg,5,ActivityManagerService.java,2043,void com.android.server.am.ActivityManagerService$5.handleMessage(android.os.Message),-,16095,void com.android.server.am.ActivityManagerService.finishReceiver(android.os.IBinder, int, java.lang.String, android.os.Bundle, boolean, int),1]
11-16 12:05:34.807 I/dvm_lock_sample( 1630): [system_server,1,Binder:1630_7,16,ActivityManagerService.java,14474,void com.android.server.am.ActivityManagerService.publishService(android.os.IBinder, android.content.Intent, android.os.IBinder),-,14450,int com.android.server.am.ActivityManagerService.bindIsolatedService(android.app.IApplicationThread, android.os.IBinder, android.content.Intent, java.lang.String, android.app.IServiceConnection, int, java.lang.String, java.lang.String, int),3]
11-16 12:21:18.979 I/dvm_lock_sample( 1630): [system_server,1,Binder:1630_D,14,ActivityManagerService.java,14463,boolean com.android.server.am.ActivityManagerService.unbindService(android.app.IServiceConnection),-,1537,void com.android.server.am.ActivityManagerService$AppDeathRecipient.binderDied(),2]
11-16 12:21:19.710 I/dvm_lock_sample( 1630): [system_server,1,Binder:1630_D,12,ActivityManagerService.java,7717,boolean com.android.server.am.ActivityManagerService.refContentProvider(android.os.IBinder, int, int),-,14450,int com.android.server.am.ActivityManagerService.bindIsolatedService(android.app.IApplicationThread, android.os.IBinder, android.content.Intent, java.lang.String, android.app.IServiceConnection, int, java.lang.String, java.lang.String, int),2]
11-16 12:30:52.168 I/dvm_lock_sample( 1630): [system_server,1,Binder:1630_6,5,ActivityManagerService.java,14474,void com.android.server.am.ActivityManagerService.publishService(android.os.IBinder, android.content.Intent, android.os.IBinder),-,5395,void com.android.server.am.ActivityManagerService.attachApplication(android.app.IApplicationThread, long),1]
11-16 12:30:55.593 I/dvm_lock_sample( 1630): [system_server,1,Binder:1630_1E,17,ActivityManagerService.java,6181,boolean com.android.server.am.ActivityManagerService.isAppStartModeDisabled(int, java.lang.String),-,1537,void com.android.server.am.ActivityManagerService$AppDeathRecipient.binderDied(),3]
11-16 12:30:55.686 I/dvm_lock_sample( 1630): [system_server,1,Binder:1630_1,39,ActivityManagerService.java,6752,java.lang.String com.android.server.am.ActivityManagerService.checkContentProviderAccess(java.lang.String, int),-,1537,void com.android.server.am.ActivityManagerService$AppDeathRecipient.binderDied(),7]
11-16 12:31:23.081 I/dvm_lock_sample( 1630): [system_server,1,android.ui,5,ActivityManagerService.java,3432,void com.android.server.am.ActivityManagerService.dispatchUidsChanged(),-,14463,boolean com.android.server.am.ActivityManagerService.unbindService(android.app.IServiceConnection),1]
11-16 13:04:19.645 I/dvm_lock_sample( 1630): [system_server,0,Binder:1630_8,9,ActivityManagerService.java,14494,void com.android.server.am.ActivityManagerService.serviceDoneExecuting(android.os.IBinder, int, int, int),-,14463,boolean com.android.server.am.ActivityManagerService.unbindService(android.app.IServiceConnection),1]
11-16 13:33:54.287 I/dvm_lock_sample( 1630): [system_server,0,Binder:1630_14,7,ActivityManagerService.java,14494,void com.android.server.am.ActivityManagerService.serviceDoneExecuting(android.os.IBinder, int, int, int),-,14450,int com.android.server.am.ActivityManagerService.bindIsolatedService(android.app.IApplicationThread, android.os.IBinder, android.content.Intent, java.lang.String, android.app.IServiceConnection, int, java.lang.String, java.lang.String, int),1]
11-16 13:48:48.463 I/dvm_lock_sample( 1630): [system_server,1,Binder:1630_2,41,ActivityManagerService.java,14463,boolean com.android.server.am.ActivityManagerService.unbindService(android.app.IServiceConnection),-,14463,boolean com.android.server.am.ActivityManagerService.unbindService(android.app.IServiceConnection),8]
11-16 13:50:19.677 I/dvm_lock_sample( 1630): [system_server,1,main,8,ActivityManagerService.java,14463,boolean com.android.server.am.ActivityManagerService.unbindService(android.app.IServiceConnection),-,14463,boolean com.android.server.am.ActivityManagerService.unbindService(android.app.IServiceConnection),1]
11-16 13:53:34.676 I/dvm_lock_sample( 1630): [system_server,1,android.ui,7,ActivityManagerService.java,3378,void com.android.server.am.ActivityManagerService.dispatchUidsChanged(),-,14285,android.content.ComponentName com.android.server.am.ActivityManagerService.startService(android.app.IApplicationThread, android.content.Intent, java.lang.String, boolean, java.lang.String, int),1]
11-16 14:13:31.567 I/dvm_lock_sample( 1630): [system_server,1,Binder:1630_1E,14,ActivityManagerService.java,6752,java.lang.String com.android.server.am.ActivityManagerService.checkContentProviderAccess(java.lang.String, int),-,14450,int com.android.server.am.ActivityManagerService.bindIsolatedService(android.app.IApplicationThread, android.os.IBinder, android.content.Intent, java.lang.String, android.app.IServiceConnection, int, java.lang.String, java.lang.String, int),2]
11-16 14:15:02.545 I/dvm_lock_sample( 1630): [system_server,1,android.ui,16,ActivityManagerService.java,3378,void com.android.server.am.ActivityManagerService.dispatchUidsChanged(),-,1537,void com.android.server.am.ActivityManagerService$AppDeathRecipient.binderDied(),3]
11-16 14:15:09.666 I/dvm_lock_sample( 1630): [system_server,1,Binder:1630_7,10,ActivityManagerService.java,5827,java.lang.String com.android.server.am.ActivityManagerService.getTagForIntentSender(android.content.IIntentSender, java.lang.String),-,14285,android.content.ComponentName com.android.server.am.ActivityManagerService.startService(android.app.IApplicationThread, android.content.Intent, java.lang.String, boolean, java.lang.String, int),2]
11-16 14:15:10.367 I/dvm_lock_sample( 1630): [system_server,0,Binder:1630_2,239,ActivityTaskManagerService.java,7377,com.android.server.wm.WindowProcessController com.android.server.wm.ActivityTaskManagerService$LocalService.getTopApp(),ActivityStarter.java,1313,int com.android.server.wm.ActivityStarter.startActivityMayWait(android.app.IApplicationThread, int, java.lang.String, int, int, android.content.Intent, java.lang.String, android.service.voice.IVoiceInteractionSession, com.android.internal.app.IVoiceInteractor, android.os.IBinder, java.lang.String, int, int, android.app.ProfilerInfo, android.app.WaitResult, android.content.res.Configuration, com.android.server.wm.SafeActivityOptions, boolean, int, com.android.server.wm.TaskRecord, java.lang.String, boolean, com.android.server.am.PendingIntentRecord, boolean),47]
11-16 14:15:10.384 I/dvm_lock_sample( 1630): [system_server,1,Binder:1630_1D,257,ActivityManagerService.java,8605,boolean com.android.server.am.ActivityManagerService.isUidActive(int, java.lang.String),-,16095,void com.android.server.am.ActivityManagerService.finishReceiver(android.os.IBinder, int, java.lang.String, android.os.Bundle, boolean, int),51]
11-16 14:15:10.392 I/dvm_lock_sample( 1630): [system_server,1,Binder:1630_B,257,ActivityManagerService.java,14962,void com.android.server.am.ActivityManagerService.unregisterReceiver(android.content.IIntentReceiver),-,16095,void com.android.server.am.ActivityManagerService.finishReceiver(android.os.IBinder, int, java.lang.String, android.os.Bundle, boolean, int),51]
11-16 14:44:31.658 I/dvm_lock_sample( 1630): [system_server,1,Binder:1630_16,25,ActivityManagerService.java,7717,boolean com.android.server.am.ActivityManagerService.refContentProvider(android.os.IBinder, int, int),BroadcastQueue.java,984,void com.android.server.am.BroadcastQueue.processNextBroadcast(boolean, boolean),5]
11-16 14:44:31.659 I/dvm_lock_sample( 1630): [system_server,1,Binder:1630_9,25,ActivityManagerService.java,14791,android.content.Intent com.android.server.am.ActivityManagerService.registerReceiver(android.app.IApplicationThread, java.lang.String, android.content.IIntentReceiver, android.content.IntentFilter, java.lang.String, int, int),BroadcastQueue.java,984,void com.android.server.am.BroadcastQueue.processNextBroadcast(boolean, boolean),5]
11-16 14:44:31.878 I/dvm_lock_sample( 1630): [system_server,1,NetworkPolicy.uid,9,ActivityManagerService.java,18347,void com.android.server.am.ActivityManagerService$LocalService.notifyNetworkPolicyRulesUpdated(int, long),-,14450,int com.android.server.am.ActivityManagerService.bindIsolatedService(android.app.IApplicationThread, android.os.IBinder, android.content.Intent, java.lang.String, android.app.IServiceConnection, int, java.lang.String, java.lang.String, int),1]
11-16 14:44:45.185 I/dvm_lock_sample( 1630): [system_server,1,Binder:1630_1D,7,ActivityManagerService.java,14791,android.content.Intent com.android.server.am.ActivityManagerService.registerReceiver(android.app.IApplicationThread, java.lang.String, android.content.IIntentReceiver, android.content.IntentFilter, java.lang.String, int, int),-,14285,android.content.ComponentName com.android.server.am.ActivityManagerService.startService(android.app.IApplicationThread, android.content.Intent, java.lang.String, boolean, java.lang.String, int),1]
11-16 14:44:49.524 I/dvm_lock_sample( 1630): [system_server,1,Binder:1630_13,8,ActivityManagerService.java,8605,boolean com.android.server.am.ActivityManagerService.isUidActive(int, java.lang.String),-,14463,boolean com.android.server.am.ActivityManagerService.unbindService(android.app.IServiceConnection),1]
11-16 14:44:52.574 I/dvm_lock_sample( 1630): [system_server,1,Binder:1630_1D,82,ActivityTaskManagerService.java,2913,android.app.ActivityManager$StackInfo com.android.server.wm.ActivityTaskManagerService.getStackInfo(int, int),ActivityStarter.java,1313,int com.android.server.wm.ActivityStarter.startActivityMayWait(android.app.IApplicationThread, int, java.lang.String, int, int, android.content.Intent, java.lang.String, android.service.voice.IVoiceInteractionSession, com.android.internal.app.IVoiceInteractor, android.os.IBinder, java.lang.String, int, int, android.app.ProfilerInfo, android.app.WaitResult, android.content.res.Configuration, com.android.server.wm.SafeActivityOptions, boolean, int, com.android.server.wm.TaskRecord, java.lang.String, boolean, com.android.server.am.PendingIntentRecord, boolean),16]
11-16 14:44:52.579 I/dvm_lock_sample( 1630): [system_server,1,Binder:1630_1C,94,ActivityManagerService.java,8605,boolean com.android.server.am.ActivityManagerService.isUidActive(int, java.lang.String),-,16095,void com.android.server.am.ActivityManagerService.finishReceiver(android.os.IBinder, int, java.lang.String, android.os.Bundle, boolean, int),18]
11-16 14:47:42.231 I/dvm_lock_sample( 1630): [system_server,1,Binder:1630_17,23,ActivityManagerService.java,14335,boolean com.android.server.am.ActivityManagerService.stopServiceToken(android.content.ComponentName, android.os.IBinder, int),-,14285,android.content.ComponentName com.android.server.am.ActivityManagerService.startService(android.app.IApplicationThread, android.content.Intent, java.lang.String, boolean, java.lang.String, int),4]
11-16 14:47:42.774 I/dvm_lock_sample( 1630): [system_server,1,Binder:1630_A,16,ActivityTaskManagerService.java,6586,boolean com.android.server.wm.ActivityTaskManagerService$LocalService.isSleeping(),WindowSurfacePlacer.java,61,void com.android.server.wm.WindowSurfacePlacer.lambda$new$0$WindowSurfacePlacer(),3]
11-16 15:11:42.663 I/dvm_lock_sample( 1630): [system_server,0,miui.fg,12,ActivityManagerService.java,10090,int com.android.server.am.ActivityManagerService.getMemoryTrimLevel(),BroadcastQueue.java,984,void com.android.server.am.BroadcastQueue.processNextBroadcast(boolean, boolean),2]
11-16 15:13:03.432 I/dvm_lock_sample( 1630): [system_server,1,Binder:1630_12,47,ActivityManagerService.java,14791,android.content.Intent com.android.server.am.ActivityManagerService.registerReceiver(android.app.IApplicationThread, java.lang.String, android.content.IIntentReceiver, android.content.IntentFilter, java.lang.String, int, int),-,16095,void com.android.server.am.ActivityManagerService.finishReceiver(android.os.IBinder, int, java.lang.String, android.os.Bundle, boolean, int),9]
11-16 15:13:06.499 I/dvm_lock_sample( 1630): [system_server,1,android.anim,14,InputMonitor.java,120,void com.android.server.wm.InputMonitor$1.run(),ActivityTaskManagerService.java,1601,boolean com.android.server.wm.ActivityTaskManagerService.finishActivity(android.os.IBinder, int, android.content.Intent, int),2]
11-16 15:19:13.977 I/dvm_lock_sample( 1630): [system_server,1,Binder:1630_12,10,ActivityManagerService.java,8605,boolean com.android.server.am.ActivityManagerService.isUidActive(int, java.lang.String),-,14450,int com.android.server.am.ActivityManagerService.bindIsolatedService(android.app.IApplicationThread, android.os.IBinder, android.content.Intent, java.lang.String, android.app.IServiceConnection, int, java.lang.String, java.lang.String, int),2]
11-16 15:38:33.428 I/dvm_lock_sample( 1630): [system_server,1,Binder:1630_11,21,ActivityManagerService.java,14310,int com.android.server.am.ActivityManagerService.stopService(android.app.IApplicationThread, android.content.Intent, java.lang.String, int),-,16095,void com.android.server.am.ActivityManagerService.finishReceiver(android.os.IBinder, int, java.lang.String, android.os.Bundle, boolean, int),4]
11-16 15:38:36.241 I/dvm_lock_sample( 1630): [system_server,1,android.ui,17,ActivityManagerService.java,3432,void com.android.server.am.ActivityManagerService.dispatchUidsChanged(),BroadcastQueue.java,984,void com.android.server.am.BroadcastQueue.processNextBroadcast(boolean, boolean),3]
11-16 15:39:51.556 I/dvm_lock_sample( 1630): [system_server,1,Binder:1630_1C,5,ActivityManagerService.java,14474,void com.android.server.am.ActivityManagerService.publishService(android.os.IBinder, android.content.Intent, android.os.IBinder),-,14450,int com.android.server.am.ActivityManagerService.bindIsolatedService(android.app.IApplicationThread, android.os.IBinder, android.content.Intent, java.lang.String, android.app.IServiceConnection, int, java.lang.String, java.lang.String, int),1]
11-16 15:41:31.797 I/dvm_lock_sample( 1630): [system_server,1,Binder:1630_8,6,ActivityManagerService.java,14450,int com.android.server.am.ActivityManagerService.bindIsolatedService(android.app.IApplicationThread, android.os.IBinder, android.content.Intent, java.lang.String, android.app.IServiceConnection, int, java.lang.String, java.lang.String, int),-,6978,android.app.ContentProviderHolder com.android.server.am.ActivityManagerService.getContentProviderImpl(android.app.IApplicationThread, java.lang.String, android.os.IBinder, int, java.lang.String, java.lang.String, boolean, int),1]
11-16 15:41:33.213 I/dvm_lock_sample( 1630): [system_server,1,Binder:1630_2,9,ActivityManagerService.java,6752,java.lang.String com.android.server.am.ActivityManagerService.checkContentProviderAccess(java.lang.String, int),-,14450,int com.android.server.am.ActivityManagerService.bindIsolatedService(android.app.IApplicationThread, android.os.IBinder, android.content.Intent, java.lang.String, android.app.IServiceConnection, int, java.lang.String, java.lang.String, int),1]
11-16 15:41:33.441 I/dvm_lock_sample( 1630): [system_server,1,Binder:1630_D,28,ActivityManagerService.java,14335,boolean com.android.server.am.ActivityManagerService.stopServiceToken(android.content.ComponentName, android.os.IBinder, int),-,1537,void com.android.server.am.ActivityManagerService$AppDeathRecipient.binderDied(),5]
11-16 15:41:33.451 I/dvm_lock_sample( 1630): [system_server,1,Binder:1630_13,19,ActivityManagerService.java,1537,void com.android.server.am.ActivityManagerService$AppDeathRecipient.binderDied(),-,1537,void com.android.server.am.ActivityManagerService$AppDeathRecipient.binderDied(),3]
11-16 15:48:28.656 I/sysui_multi_action( 1630): [757,147,758,4,759,1,806,com.vitrinedecraques.app]
11-16 15:48:30.265 I/am_create_activity( 1630): [0,165797622,2435,com.vitrinedecraques.app/.MainActivity,NULL,NULL,NULL,268435456]
11-16 15:48:30.302 I/dvm_lock_sample( 1630): [system_server,1,Binder:1630_18,463,WindowProcessUtils.java,405,java.lang.String com.android.server.wm.WindowProcessUtils.getCallerPackageName(com.android.server.wm.ActivityTaskManagerService, android.app.IApplicationThread),ActivityStarter.java,1313,int com.android.server.wm.ActivityStarter.startActivityMayWait(android.app.IApplicationThread, int, java.lang.String, int, int, android.content.Intent, java.lang.String, android.service.voice.IVoiceInteractionSession, com.android.internal.app.IVoiceInteractor, android.os.IBinder, java.lang.String, int, int, android.app.ProfilerInfo, android.app.WaitResult, android.content.res.Configuration, com.android.server.wm.SafeActivityOptions, boolean, int, com.android.server.wm.TaskRecord, java.lang.String, boolean, com.android.server.am.PendingIntentRecord, boolean),92]
11-16 15:48:30.303 I/dvm_lock_sample( 1630): [system_server,1,Binder:1630_2,437,WindowProcessUtils.java,405,java.lang.String com.android.server.wm.WindowProcessUtils.getCallerPackageName(com.android.server.wm.ActivityTaskManagerService, android.app.IApplicationThread),ActivityStarter.java,1313,int com.android.server.wm.ActivityStarter.startActivityMayWait(android.app.IApplicationThread, int, java.lang.String, int, int, android.content.Intent, java.lang.String, android.service.voice.IVoiceInteractionSession, com.android.internal.app.IVoiceInteractor, android.os.IBinder, java.lang.String, int, int, android.app.ProfilerInfo, android.app.WaitResult, android.content.res.Configuration, com.android.server.wm.SafeActivityOptions, boolean, int, com.android.server.wm.TaskRecord, java.lang.String, boolean, com.android.server.am.PendingIntentRecord, boolean),87]
11-16 15:48:30.315 I/dvm_lock_sample( 1630): [system_server,1,Binder:1630_14,82,ActivityManagerService.java,7639,void com.android.server.am.ActivityManagerService.publishContentProviders(android.app.IApplicationThread, java.util.List),-,6978,android.app.ContentProviderHolder com.android.server.am.ActivityManagerService.getContentProviderImpl(android.app.IApplicationThread, java.lang.String, android.os.IBinder, int, java.lang.String, java.lang.String, boolean, int),16]
11-16 15:48:30.445 I/am_proc_start( 1630): [0,20061,11417,com.vitrinedecraques.app,activity,{com.vitrinedecraques.app/com.vitrinedecraques.app.MainActivity}]
11-16 15:48:30.485 I/dvm_lock_sample( 1630): [system_server,1,Binder:1630_2,12,ActivityManagerService.java,8605,boolean com.android.server.am.ActivityManagerService.isUidActive(int, java.lang.String),-,1537,void com.android.server.am.ActivityManagerService$AppDeathRecipient.binderDied(),2]
11-16 15:48:30.730 I/am_proc_bound( 1630): [0,20061,com.vitrinedecraques.app]
11-16 15:48:30.739 I/am_restart_activity( 1630): [0,165797622,2435,com.vitrinedecraques.app/.MainActivity,20061]
11-16 15:48:30.742 I/am_set_resumed_activity( 1630): [0,com.vitrinedecraques.app/.MainActivity,minimalResumeActivityLocked]
11-16 15:48:32.124 I/notification_cancel_all( 1630): [1000,1630,com.vitrinedecraques.app,0,0,0,5,NULL]
11-16 15:48:35.394 I/dvm_lock_sample( 1630): [system_server,1,Binder:1630_10,11,ActivityManagerService.java,5955,boolean com.android.server.am.ActivityManagerService.isAppBad(android.content.pm.ApplicationInfo),-,1537,void com.android.server.am.ActivityManagerService$AppDeathRecipient.binderDied(),2]
11-16 15:48:36.235 I/am_lifecycle_sample(20061): [0,com.vitrinedecraques.app,110,5425]
11-16 15:48:36.529 I/am_on_create_called(20061): [0,com.vitrinedecraques.app.MainActivity,performCreate,190]
11-16 15:48:36.594 I/am_on_start_called(20061): [0,com.vitrinedecraques.app.MainActivity,handleStartActivity,0]
11-16 15:48:36.598 I/am_on_resume_called(20061): [0,com.vitrinedecraques.app.MainActivity,RESUME_ACTIVITY,1]
11-16 15:48:36.626 I/am_on_top_resumed_gained_called(20061): [0,com.vitrinedecraques.app.MainActivity,topStateChangedWhenResumed]
11-16 15:48:38.433 I/sysui_multi_action( 1630): [319,1298,321,1289,322,8616,325,359748,757,761,758,7,759,1,806,com.vitrinedecraques.app,871,com.vitrinedecraques.app.MainActivity,904,com.android.shell,905,0,945,915,1320,12,1321,1]
11-16 15:48:38.439 I/am_activity_launch_time( 1630): [0,165797622,com.vitrinedecraques.app/.MainActivity,8616]
11-16 15:48:40.838 I/am_pss  ( 1630): [20061,11417,com.vitrinedecraques.app,137526272,130322432,178176,219004928,0,2,15]
11-16 15:48:50.981 I/am_pss  ( 1630): [20061,11417,com.vitrinedecraques.app,156355584,147730432,176128,238546944,0,2,21]
11-16 15:49:20.972 I/dvm_lock_sample( 1630): [system_server,0,Binder:1630_B,7,ActivityManagerService.java,14494,void com.android.server.am.ActivityManagerService.serviceDoneExecuting(android.os.IBinder, int, int, int),-,14450,int com.android.server.am.ActivityManagerService.bindIsolatedService(android.app.IApplicationThread, android.os.IBinder, android.content.Intent, java.lang.String, android.app.IServiceConnection, int, java.lang.String, java.lang.String, int),1]
11-16 15:49:24.199 I/dvm_lock_sample( 1630): [system_server,1,Binder:1630_17,18,ActivityManagerService.java,15989,int com.android.server.am.ActivityManagerService.broadcastIntent(android.app.IApplicationThread, android.content.Intent, java.lang.String, android.content.IIntentReceiver, int, java.lang.String, android.os.Bundle, java.lang.String[], int, android.os.Bundle, boolean, boolean, int),-,14463,boolean com.android.server.am.ActivityManagerService.unbindService(android.app.IServiceConnection),3]
11-16 15:49:51.038 I/am_pss  ( 1630): [20061,11417,com.vitrinedecraques.app,152150016,142729216,176128,230559744,0,2,17]
11-16 15:51:24.105 I/am_pss  ( 1630): [20061,11417,com.vitrinedecraques.app,152386560,142815232,181248,230789120,0,2,22]
11-16 15:53:39.830 I/dvm_lock_sample( 1630): [system_server,1,Binder:1630_4,14,ActivityManagerService.java,1537,void com.android.server.am.ActivityManagerService$AppDeathRecipient.binderDied(),-,1537,void com.android.server.am.ActivityManagerService$AppDeathRecipient.binderDied(),2]
11-16 15:53:53.594 I/am_pss  ( 1630): [20061,11417,com.vitrinedecraques.app,151601152,142565376,181248,227950592,0,2,17]
11-16 15:58:24.060 I/am_pss  ( 1630): [20061,11417,com.vitrinedecraques.app,151081984,142499840,181248,224419840,0,2,20]
11-16 16:03:38.275 I/am_pss  ( 1630): [20061,11417,com.vitrinedecraques.app,151040000,142499840,177152,224419840,0,2,16]
11-16 16:09:03.884 I/dvm_lock_sample( 1630): [system_server,1,Binder:1630_D,5,ActivityManagerService.java,14310,int com.android.server.am.ActivityManagerService.stopService(android.app.IApplicationThread, android.content.Intent, java.lang.String, int),-,14962,void com.android.server.am.ActivityManagerService.unregisterReceiver(android.content.IIntentReceiver),1]
11-16 16:11:16.855 I/am_pss  ( 1630): [20061,11417,com.vitrinedecraques.app,151047168,142520320,184320,223567872,0,2,24]
11-16 16:14:04.287 I/am_pause_activity( 1630): [20061,165797622,com.vitrinedecraques.app/.MainActivity,userLeaving=false]
11-16 16:14:04.290 I/am_on_top_resumed_lost_called(20061): [0,com.vitrinedecraques.app.MainActivity,topStateChangedWhenResumed]
11-16 16:14:04.344 I/am_on_paused_called(20061): [0,com.vitrinedecraques.app.MainActivity,performPause,0]
11-16 16:14:04.345 I/am_add_to_stopping( 1630): [0,165797622,com.vitrinedecraques.app/.MainActivity,completePauseLocked]
11-16 16:14:04.357 I/am_stop_activity( 1630): [0,165797622,com.vitrinedecraques.app/.MainActivity]
11-16 16:14:04.379 I/am_on_stop_called(20061): [0,com.vitrinedecraques.app.MainActivity,sleeping,0]
11-16 16:14:04.516 I/am_pss  ( 1630): [20061,11417,com.vitrinedecraques.app,142354432,133578752,184320,217260032,1,13,12]
11-16 16:16:17.656 I/dvm_lock_sample( 1630): [system_server,1,Binder:1630_5,491,ActivityManagerService.java,14791,android.content.Intent com.android.server.am.ActivityManagerService.registerReceiver(android.app.IApplicationThread, java.lang.String, android.content.IIntentReceiver, android.content.IntentFilter, java.lang.String, int, int),-,14494,void com.android.server.am.ActivityManagerService.serviceDoneExecuting(android.os.IBinder, int, int, int),98]
11-16 16:16:17.656 I/dvm_lock_sample( 1630): [system_server,0,miui.fg,478,ActivityManagerService.java,5963,int com.android.server.am.ActivityManagerService.getUidState(int),-,14494,void com.android.server.am.ActivityManagerService.serviceDoneExecuting(android.os.IBinder, int, int, int),95]
11-16 16:16:17.657 I/dvm_lock_sample( 1630): [system_server,1,Binder:1630_17,540,ActivityManagerService.java,14791,android.content.Intent com.android.server.am.ActivityManagerService.registerReceiver(android.app.IApplicationThread, java.lang.String, android.content.IIntentReceiver, android.content.IntentFilter, java.lang.String, int, int),-,14494,void com.android.server.am.ActivityManagerService.serviceDoneExecuting(android.os.IBinder, int, int, int),100]
11-16 16:16:17.657 I/dvm_lock_sample( 1630): [system_server,1,Binder:1630_18,536,ActivityManagerService.java,6181,boolean com.android.server.am.ActivityManagerService.isAppStartModeDisabled(int, java.lang.String),-,14494,void com.android.server.am.ActivityManagerService.serviceDoneExecuting(android.os.IBinder, int, int, int),100]
11-16 16:16:17.658 I/dvm_lock_sample( 1630): [system_server,1,android.ui,536,ActivityManagerService.java,3378,void com.android.server.am.ActivityManagerService.dispatchUidsChanged(),-,14494,void com.android.server.am.ActivityManagerService.serviceDoneExecuting(android.os.IBinder, int, int, int),100]
11-16 16:17:31.354 I/dvm_lock_sample( 1630): [system_server,1,Binder:1630_5,16,ActivityManagerService.java,6181,boolean com.android.server.am.ActivityManagerService.isAppStartModeDisabled(int, java.lang.String),-,14450,int com.android.server.am.ActivityManagerService.bindIsolatedService(android.app.IApplicationThread, android.os.IBinder, android.content.Intent, java.lang.String, android.app.IServiceConnection, int, java.lang.String, java.lang.String, int),3]
11-16 16:17:39.555 I/binder_sample(23444): [android.app.IActivityManager,30,442,com.google.android.webview:sandboxed_pr,88]
11-16 16:17:49.750 I/dvm_lock_sample( 1630): [system_server,1,Binder:1630_9,461,ActivityManagerService.java,14791,android.content.Intent com.android.server.am.ActivityManagerService.registerReceiver(android.app.IApplicationThread, java.lang.String, android.content.IIntentReceiver, android.content.IntentFilter, java.lang.String, int, int),-,14285,android.content.ComponentName com.android.server.am.ActivityManagerService.startService(android.app.IApplicationThread, android.content.Intent, java.lang.String, boolean, java.lang.String, int),92]
11-16 16:17:49.754 I/binder_sample(23482): [android.app.IActivityManager,27,479,com.google.android.webview:webview_serv,95]
11-16 16:22:19.757 I/dvm_lock_sample( 1630): [system_server,1,Binder:1630_5,442,ActivityManagerService.java,6752,java.lang.String com.android.server.am.ActivityManagerService.checkContentProviderAccess(java.lang.String, int),-,14450,int com.android.server.am.ActivityManagerService.bindIsolatedService(android.app.IApplicationThread, android.os.IBinder, android.content.Intent, java.lang.String, android.app.IServiceConnection, int, java.lang.String, java.lang.String, int),88]
11-16 16:36:03.991 I/am_pss  ( 1630): [20061,11417,com.vitrinedecraques.app,110910464,104321024,211968,178249728,1,13,12]
11-16 16:53:38.550 I/dvm_lock_sample( 1630): [system_server,1,Binder:1630_20,10,ActivityManagerService.java,14450,int com.android.server.am.ActivityManagerService.bindIsolatedService(android.app.IApplicationThread, android.os.IBinder, android.content.Intent, java.lang.String, android.app.IServiceConnection, int, java.lang.String, java.lang.String, int),-,14474,void com.android.server.am.ActivityManagerService.publishService(android.os.IBinder, android.content.Intent, android.os.IBinder),2]
11-16 16:54:00.801 I/dvm_lock_sample( 1630): [system_server,1,Binder:1630_7,5,ActivityManagerService.java,14488,void com.android.server.am.ActivityManagerService.unbindFinished(android.os.IBinder, android.content.Intent, boolean),-,14463,boolean com.android.server.am.ActivityManagerService.unbindService(android.app.IServiceConnection),1]
11-16 16:54:38.689 I/dvm_lock_sample( 1630): [system_server,0,Binder:1630_18,15,ActivityManagerService.java,14494,void com.android.server.am.ActivityManagerService.serviceDoneExecuting(android.os.IBinder, int, int, int),-,1537,void com.android.server.am.ActivityManagerService$AppDeathRecipient.binderDied(),3]
11-16 17:02:55.927 I/dvm_lock_sample( 1630): [system_server,1,Binder:1630_D,5,ActivityManagerService.java,8605,boolean com.android.server.am.ActivityManagerService.isUidActive(int, java.lang.String),-,16095,void com.android.server.am.ActivityManagerService.finishReceiver(android.os.IBinder, int, java.lang.String, android.os.Bundle, boolean, int),1]
11-16 17:02:56.264 I/am_set_resumed_activity( 1630): [0,com.vitrinedecraques.app/.MainActivity,resumeTopActivityInnerLocked]
11-16 17:02:56.265 I/am_resume_activity( 1630): [0,165797622,2435,com.vitrinedecraques.app/.MainActivity,20061]
11-16 17:02:56.314 I/am_on_restart_called(20061): [0,com.vitrinedecraques.app.MainActivity,performRestartActivity,1]
11-16 17:02:56.318 I/am_on_start_called(20061): [0,com.vitrinedecraques.app.MainActivity,handleStartActivity,0]
11-16 17:02:56.327 I/am_on_resume_called(20061): [0,com.vitrinedecraques.app.MainActivity,RESUME_ACTIVITY,5]
11-16 17:02:56.328 I/am_on_top_resumed_gained_called(20061): [0,com.vitrinedecraques.app.MainActivity,topWhenResuming]
11-16 17:02:56.602 I/am_pss  ( 1630): [20061,11417,com.vitrinedecraques.app,115593216,110292992,184320,185200640,1,2,15]
11-16 17:03:02.510 I/dvm_lock_sample( 1630): [system_server,1,Binder:1630_18,8,ActivityManagerService.java,5955,boolean com.android.server.am.ActivityManagerService.isAppBad(android.content.pm.ApplicationInfo),-,1537,void com.android.server.am.ActivityManagerService$AppDeathRecipient.binderDied(),1]
11-16 17:03:59.646 I/dvm_lock_sample( 1630): [system_server,1,Binder:1630_4,10,ActivityManagerService.java,8605,boolean com.android.server.am.ActivityManagerService.isUidActive(int, java.lang.String),-,14494,void com.android.server.am.ActivityManagerService.serviceDoneExecuting(android.os.IBinder, int, int, int),2]
11-16 17:04:59.672 I/dvm_lock_sample( 1630): [system_server,1,android.ui,7,ActivityManagerService.java,3378,void com.android.server.am.ActivityManagerService.dispatchUidsChanged(),-,14463,boolean com.android.server.am.ActivityManagerService.unbindService(android.app.IServiceConnection),1]
11-16 17:07:56.711 I/am_pause_activity( 1630): [20061,165797622,com.vitrinedecraques.app/.MainActivity,userLeaving=false]
11-16 17:07:56.714 I/am_on_top_resumed_lost_called(20061): [0,com.vitrinedecraques.app.MainActivity,topStateChangedWhenResumed]
11-16 17:07:56.717 I/am_on_paused_called(20061): [0,com.vitrinedecraques.app.MainActivity,performPause,1]
11-16 17:07:56.718 I/am_add_to_stopping( 1630): [0,165797622,com.vitrinedecraques.app/.MainActivity,completePauseLocked]
11-16 17:07:56.724 I/am_stop_activity( 1630): [0,165797622,com.vitrinedecraques.app/.MainActivity]
11-16 17:07:56.733 I/am_on_stop_called(20061): [0,com.vitrinedecraques.app.MainActivity,sleeping,0]
11-16 17:10:24.233 I/am_set_resumed_activity( 1630): [0,com.vitrinedecraques.app/.MainActivity,resumeTopActivityInnerLocked]
11-16 17:10:24.234 I/am_resume_activity( 1630): [0,165797622,2435,com.vitrinedecraques.app/.MainActivity,20061]
11-16 17:10:24.257 I/am_on_restart_called(20061): [0,com.vitrinedecraques.app.MainActivity,performRestartActivity,0]
11-16 17:10:24.262 I/am_on_start_called(20061): [0,com.vitrinedecraques.app.MainActivity,handleStartActivity,0]
11-16 17:10:24.272 I/am_on_resume_called(20061): [0,com.vitrinedecraques.app.MainActivity,RESUME_ACTIVITY,1]
11-16 17:10:24.273 I/am_on_top_resumed_gained_called(20061): [0,com.vitrinedecraques.app.MainActivity,topWhenResuming]
11-16 17:10:34.668 I/am_on_top_resumed_lost_called(20061): [0,com.vitrinedecraques.app.MainActivity,topStateChangedWhenResumed]
11-16 17:10:34.685 I/am_pause_activity( 1630): [20061,165797622,com.vitrinedecraques.app/.MainActivity,userLeaving=true]
11-16 17:10:34.696 I/am_on_paused_called(20061): [0,com.vitrinedecraques.app.MainActivity,performPause,0]
11-16 17:10:34.702 I/dvm_lock_sample( 1630): [system_server,1,Binder:1630_1E,9,WindowProcessUtils.java,432,boolean com.android.server.wm.WindowProcessUtils.isPackageRunning(com.android.server.wm.ActivityTaskManagerService, java.lang.String, java.lang.String, int),ActivityTaskManagerService.java,1746,void com.android.server.wm.ActivityTaskManagerService.activityTopResumedStateLost(),1]
11-16 17:10:38.564 I/am_set_resumed_activity( 1630): [0,com.vitrinedecraques.app/.MainActivity,finishActivity]
11-16 17:10:38.591 I/am_set_resumed_activity( 1630): [0,com.vitrinedecraques.app/.MainActivity,resumeTopActivityInnerLocked]
11-16 17:10:38.592 I/am_resume_activity( 1630): [0,165797622,2435,com.vitrinedecraques.app/.MainActivity,20061]
11-16 17:10:38.636 I/am_on_resume_called(20061): [0,com.vitrinedecraques.app.MainActivity,RESUME_ACTIVITY,4]
11-16 17:10:38.638 I/am_on_top_resumed_gained_called(20061): [0,com.vitrinedecraques.app.MainActivity,topWhenResuming]
11-16 17:12:21.051 I/am_on_top_resumed_lost_called(20061): [0,com.vitrinedecraques.app.MainActivity,topStateChangedWhenResumed]
11-16 17:12:21.057 I/am_pause_activity( 1630): [20061,165797622,com.vitrinedecraques.app/.MainActivity,userLeaving=true]
11-16 17:12:21.063 I/am_on_paused_called(20061): [0,com.vitrinedecraques.app.MainActivity,performPause,1]
11-16 17:12:21.826 I/am_set_resumed_activity( 1630): [0,com.vitrinedecraques.app/.MainActivity,finishActivity]
11-16 17:12:21.994 I/am_set_resumed_activity( 1630): [0,com.vitrinedecraques.app/.MainActivity,resumeTopActivityInnerLocked]
11-16 17:12:21.999 I/am_resume_activity( 1630): [0,165797622,2435,com.vitrinedecraques.app/.MainActivity,20061]
11-16 17:12:22.001 I/am_on_resume_called(20061): [0,com.vitrinedecraques.app.MainActivity,RESUME_ACTIVITY,1]
11-16 17:12:22.002 I/am_on_top_resumed_gained_called(20061): [0,com.vitrinedecraques.app.MainActivity,topWhenResuming]
11-16 17:12:22.249 I/am_kill ( 1630): [0,20061,com.vitrinedecraques.app,0,stop com.vitrinedecraques.app: installPackageLI]
11-16 17:12:22.253 I/am_finish_activity( 1630): [0,165797622,2435,com.vitrinedecraques.app/.MainActivity,proc died without state saved]
11-16 17:12:22.766 I/dvm_lock_sample( 1630): [system_server,1,ActivityManager,498,PackageManagerService.java,7389,java.lang.String com.android.server.pm.PackageManagerService.getInstantAppPackageName(int),-,17551,void com.android.server.pm.PackageManagerService.installPackagesLI(java.util.List),99]
11-16 17:12:22.774 I/dvm_lock_sample( 1630): [system_server,1,android.display,522,TaskChangeNotificationController.java,176,void com.android.server.wm.TaskChangeNotificationController$MainHandler.handleMessage(android.os.Message),ActivityTaskManagerService.java,6942,void com.android.server.wm.ActivityTaskManagerService$LocalService.handleAppDied(com.android.server.wm.WindowProcessController, boolean, java.lang.Runnable),100]
11-16 17:12:22.775 I/dvm_lock_sample( 1630): [system_server,1,android.anim,519,InputMonitor.java,120,void com.android.server.wm.InputMonitor$1.run(),ActivityTaskManagerService.java,6942,void com.android.server.wm.ActivityTaskManagerService$LocalService.handleAppDied(com.android.server.wm.WindowProcessController, boolean, java.lang.Runnable),100]
11-16 17:12:22.776 I/dvm_lock_sample( 1630): [system_server,1,Binder:1630_4,408,Session.java,146,void com.android.server.wm.Session.binderDied(),ActivityTaskManagerService.java,6942,void com.android.server.wm.ActivityTaskManagerService$LocalService.handleAppDied(com.android.server.wm.WindowProcessController, boolean, java.lang.Runnable),81]
11-16 17:12:22.791 I/dvm_lock_sample( 1630): [system_server,1,android.ui,534,ActivityManagerService.java,3378,void com.android.server.am.ActivityManagerService.dispatchUidsChanged(),-,1777,void com.android.server.am.ActivityManagerService$MainHandler.handleMessage(android.os.Message),100]
11-16 17:12:22.823 I/dvm_lock_sample( 1630): [system_server,1,Binder:1630_F,15,ActivityManagerService.java,6752,java.lang.String com.android.server.am.ActivityManagerService.checkContentProviderAccess(java.lang.String, int),-,14450,int com.android.server.am.ActivityManagerService.bindIsolatedService(android.app.IApplicationThread, android.os.IBinder, android.content.Intent, java.lang.String, android.app.IServiceConnection, int, java.lang.String, java.lang.String, int),3]
11-16 17:12:22.964 I/dvm_lock_sample( 1630): [system_server,1,Binder:1630_19,70,ActivityManagerService.java,14285,android.content.ComponentName com.android.server.am.ActivityManagerService.startService(android.app.IApplicationThread, android.content.Intent, java.lang.String, boolean, java.lang.String, int),-,15989,int com.android.server.am.ActivityManagerService.broadcastIntent(android.app.IApplicationThread, android.content.Intent, java.lang.String, android.content.IIntentReceiver, int, java.lang.String, android.os.Bundle, java.lang.String[], int, android.os.Bundle, boolean, boolean, int),14]
11-16 17:12:22.995 I/dvm_lock_sample( 1630): [system_server,1,Binder:1630_10,62,ActivityManagerService.java,14450,int com.android.server.am.ActivityManagerService.bindIsolatedService(android.app.IApplicationThread, android.os.IBinder, android.content.Intent, java.lang.String, android.app.IServiceConnection, int, java.lang.String, java.lang.String, int),BroadcastQueue.java,984,void com.android.server.am.BroadcastQueue.processNextBroadcast(boolean, boolean),12]
11-16 17:12:23.008 I/dvm_lock_sample( 1630): [system_server,1,ActivityManager,61,BroadcastQueue.java,984,void com.android.server.am.BroadcastQueue.processNextBroadcast(boolean, boolean),ActivityManagerService.java,6978,android.app.ContentProviderHolder com.android.server.am.ActivityManagerService.getContentProviderImpl(android.app.IApplicationThread, java.lang.String, android.os.IBinder, int, java.lang.String, java.lang.String, boolean, int),12]
11-16 17:12:23.172 I/sysui_multi_action( 1630): [757,147,758,4,759,1,806,com.vitrinedecraques.app]
11-16 17:12:23.280 I/dvm_lock_sample( 1630): [system_server,0,Binder:1630_3,40,ActivityManagerService.java,14494,void com.android.server.am.ActivityManagerService.serviceDoneExecuting(android.os.IBinder, int, int, int),-,7639,void com.android.server.am.ActivityManagerService.publishContentProviders(android.app.IApplicationThread, java.util.List),8]
11-16 17:12:24.301 I/am_create_activity( 1630): [0,94858711,2438,com.vitrinedecraques.app/.MainActivity,NULL,NULL,NULL,268435456]
11-16 17:12:24.367 I/dvm_lock_sample( 1630): [system_server,1,Binder:1630_1D,134,ActivityManagerService.java,6752,java.lang.String com.android.server.am.ActivityManagerService.checkContentProviderAccess(java.lang.String, int),-,6978,android.app.ContentProviderHolder com.android.server.am.ActivityManagerService.getContentProviderImpl(android.app.IApplicationThread, java.lang.String, android.os.IBinder, int, java.lang.String, java.lang.String, boolean, int),26]
11-16 17:12:24.407 I/am_proc_start( 1630): [0,27613,11417,com.vitrinedecraques.app,activity,{com.vitrinedecraques.app/com.vitrinedecraques.app.MainActivity}]
11-16 17:12:24.582 I/am_proc_bound( 1630): [0,27613,com.vitrinedecraques.app]
11-16 17:12:24.594 I/am_restart_activity( 1630): [0,94858711,2438,com.vitrinedecraques.app/.MainActivity,27613]
11-16 17:12:24.631 I/am_set_resumed_activity( 1630): [0,com.vitrinedecraques.app/.MainActivity,minimalResumeActivityLocked]
11-16 17:12:24.833 I/notification_cancel_all( 1630): [1000,1630,com.vitrinedecraques.app,0,0,0,5,NULL]
11-16 17:12:24.849 I/notification_cancel_all( 1630): [1000,1630,com.vitrinedecraques.app,0,0,0,5,NULL]
11-16 17:12:25.104 I/dvm_lock_sample( 1630): [system_server,1,Binder:1630_18,51,ActivityManagerService.java,6978,android.app.ContentProviderHolder com.android.server.am.ActivityManagerService.getContentProviderImpl(android.app.IApplicationThread, java.lang.String, android.os.IBinder, int, java.lang.String, java.lang.String, boolean, int),-,1537,void com.android.server.am.ActivityManagerService$AppDeathRecipient.binderDied(),10]
11-16 17:12:25.106 I/dvm_lock_sample( 1630): [system_server,1,Binder:1630_E,50,ActivityManagerService.java,14285,android.content.ComponentName com.android.server.am.ActivityManagerService.startService(android.app.IApplicationThread, android.content.Intent, java.lang.String, boolean, java.lang.String, int),-,1537,void com.android.server.am.ActivityManagerService$AppDeathRecipient.binderDied(),10]
11-16 17:12:29.983 I/am_lifecycle_sample(27613): [0,com.vitrinedecraques.app,110,5342]
11-16 17:12:30.215 I/am_on_create_called(27613): [0,com.vitrinedecraques.app.MainActivity,performCreate,151]
11-16 17:12:30.270 I/am_on_start_called(27613): [0,com.vitrinedecraques.app.MainActivity,handleStartActivity,0]
11-16 17:12:30.273 I/am_on_resume_called(27613): [0,com.vitrinedecraques.app.MainActivity,RESUME_ACTIVITY,1]
11-16 17:12:30.335 I/dvm_lock_sample( 1630): [system_server,1,Binder:1630_F,13,ActivityTaskManagerService.java,2648,java.util.List com.android.server.wm.ActivityTaskManagerService.getFilteredTasks(int, int, int),WindowManagerService.java,1438,int com.android.server.wm.WindowManagerService.addWindow(com.android.server.wm.Session, android.view.IWindow, int, android.view.WindowManager$LayoutParams, int, int, android.graphics.Rect, android.graphics.Rect, android.graphics.Rect, android.graphics.Rect, android.view.DisplayCutout$ParcelableWrapper, android.view.InputChannel, android.view.InsetsState),2]
11-16 17:12:30.343 I/am_on_top_resumed_gained_called(27613): [0,com.vitrinedecraques.app.MainActivity,topStateChangedWhenResumed]
11-16 17:12:32.018 I/sysui_multi_action( 1630): [319,457,321,300,322,7826,325,363712,757,761,758,7,759,1,806,com.vitrinedecraques.app,871,com.vitrinedecraques.app.MainActivity,904,com.android.shell,905,0,945,393,1320,12,1321,1]
11-16 17:12:32.022 I/am_activity_launch_time( 1630): [0,94858711,com.vitrinedecraques.app/.MainActivity,7826]
11-16 17:12:35.105 I/am_pss  ( 1630): [27613,11417,com.vitrinedecraques.app,144474112,136470528,164864,227270656,0,2,16]
11-16 17:12:45.395 I/am_pss  ( 1630): [27613,11417,com.vitrinedecraques.app,156915712,147419136,172032,240435200,0,2,16]
11-16 17:12:45.396 I/dvm_lock_sample( 1630): [system_server,0,Binder:1630_F,12,ActivityManagerService.java,14494,void com.android.server.am.ActivityManagerService.serviceDoneExecuting(android.os.IBinder, int, int, int),-,14450,int com.android.server.am.ActivityManagerService.bindIsolatedService(android.app.IApplicationThread, android.os.IBinder, android.content.Intent, java.lang.String, android.app.IServiceConnection, int, java.lang.String, java.lang.String, int),2]
11-16 17:13:45.453 I/am_pss  ( 1630): [27613,11417,com.vitrinedecraques.app,197351424,185667584,167936,289030144,0,2,18]
11-16 17:13:56.861 I/dvm_lock_sample( 1630): [system_server,1,Binder:1630_3,5,ActivityManagerService.java,14450,int com.android.server.am.ActivityManagerService.bindIsolatedService(android.app.IApplicationThread, android.os.IBinder, android.content.Intent, java.lang.String, android.app.IServiceConnection, int, java.lang.String, java.lang.String, int),-,14450,int com.android.server.am.ActivityManagerService.bindIsolatedService(android.app.IApplicationThread, android.os.IBinder, android.content.Intent, java.lang.String, android.app.IServiceConnection, int, java.lang.String, java.lang.String, int),1]
11-16 17:14:11.935 I/am_on_top_resumed_lost_called(27613): [0,com.vitrinedecraques.app.MainActivity,topStateChangedWhenResumed]
11-16 17:14:11.938 I/am_pause_activity( 1630): [27613,94858711,com.vitrinedecraques.app/.MainActivity,userLeaving=true]
11-16 17:14:11.941 I/am_add_to_stopping( 1630): [0,94858711,com.vitrinedecraques.app/.MainActivity,makeInvisible]
11-16 17:14:11.951 I/am_on_paused_called(27613): [0,com.vitrinedecraques.app.MainActivity,performPause,0]
11-16 17:14:12.359 I/am_stop_activity( 1630): [0,94858711,com.vitrinedecraques.app/.MainActivity]
11-16 17:14:12.483 I/am_on_stop_called(27613): [0,com.vitrinedecraques.app.MainActivity,STOP_ACTIVITY_ITEM,0]
11-16 17:14:13.180 I/sysui_multi_action( 2028): [757,289,758,4,806,ComponentInfo{com.vitrinedecraques.app/com.vitrinedecraques.app.MainActivity}]
11-16 17:14:13.184 I/am_finish_activity( 1630): [27613,94858711,2438,com.vitrinedecraques.app/.MainActivity,remove-task]
11-16 17:14:13.184 I/am_destroy_activity( 1630): [27613,94858711,2438,com.vitrinedecraques.app/.MainActivity,finish-imm:finishActivityLocked]
11-16 17:14:13.305 I/dvm_lock_sample( 1630): [system_server,1,Binder:1630_1C,112,ProcessUtils.java,252,long com.android.server.am.ProcessUtils.getPackageLastPss(com.android.server.am.ActivityManagerService, com.android.server.am.ProcessManagerService, java.lang.String, int),ProcessRecord.java,1358,void com.android.server.am.ProcessRecord.updateProcessInfo(boolean, boolean, boolean),22]
11-16 17:14:13.322 I/am_kill ( 1630): [0,27613,com.vitrinedecraques.app,905,SwipeUpClean]
11-16 17:14:13.520 I/am_proc_died( 1630): [0,27613,com.vitrinedecraques.app,905,20]
11-16 17:21:29.920 I/dvm_lock_sample( 1630): [system_server,1,Binder:1630_1A,5,ActivityManagerService.java,14962,void com.android.server.am.ActivityManagerService.unregisterReceiver(android.content.IIntentReceiver),-,14463,boolean com.android.server.am.ActivityManagerService.unbindService(android.app.IServiceConnection),1]
11-16 17:21:33.515 I/dvm_lock_sample( 1630): [system_server,1,main,16,ActivityManagerService.java,15989,int com.android.server.am.ActivityManagerService.broadcastIntent(android.app.IApplicationThread, android.content.Intent, java.lang.String, android.content.IIntentReceiver, int, java.lang.String, android.os.Bundle, java.lang.String[], int, android.os.Bundle, boolean, boolean, int),-,14285,android.content.ComponentName com.android.server.am.ActivityManagerService.startService(android.app.IApplicationThread, android.content.Intent, java.lang.String, boolean, java.lang.String, int),3]
11-16 17:21:33.515 I/dvm_lock_sample( 1630): [system_server,1,Binder:1630_2,11,ActivityManagerService.java,5955,boolean com.android.server.am.ActivityManagerService.isAppBad(android.content.pm.ApplicationInfo),BroadcastQueue.java,984,void com.android.server.am.BroadcastQueue.processNextBroadcast(boolean, boolean),2]
11-16 17:21:33.948 I/dvm_lock_sample( 1630): [system_server,1,Binder:1630_3,28,ActivityManagerService.java,14791,android.content.Intent com.android.server.am.ActivityManagerService.registerReceiver(android.app.IApplicationThread, java.lang.String, android.content.IIntentReceiver, android.content.IntentFilter, java.lang.String, int, int),-,16095,void com.android.server.am.ActivityManagerService.finishReceiver(android.os.IBinder, int, java.lang.String, android.os.Bundle, boolean, int),5]
11-16 17:21:37.407 I/dvm_lock_sample( 1630): [system_server,1,android.anim,28,WindowSurfacePlacer.java,61,void com.android.server.wm.WindowSurfacePlacer.lambda$new$0$WindowSurfacePlacer(),ActivityTaskManagerService.java,1755,void com.android.server.wm.ActivityTaskManagerService.activityPaused(android.os.IBinder),5]
