10-19 16:45:43.692 I/dvm_lock_sample( 1594): [system_server,1,Binder:1594_D,10,ActivityManagerService.java,10031,java.util.List com.android.server.am.ActivityManagerService.getRunningAppProcesses(),-,14450,int com.android.server.am.ActivityManagerService.bindIsolatedService(android.app.IApplicationThread, android.os.IBinder, android.content.Intent, java.lang.String, android.app.IServiceConnection, int, java.lang.String, java.lang.String, int),2]
10-19 16:54:33.087 I/dvm_lock_sample( 1594): [system_server,1,android.ui,10,ActivityManagerService.java,3378,void com.android.server.am.ActivityManagerService.dispatchUidsChanged(),-,5395,void com.android.server.am.ActivityManagerService.attachApplication(android.app.IApplicationThread, long),2]
10-19 16:54:55.030 I/dvm_lock_sample( 1594): [system_server,1,android.ui,6,ActivityManagerService.java,3378,void com.android.server.am.ActivityManagerService.dispatchUidsChanged(),-,14285,android.content.ComponentName com.android.server.am.ActivityManagerService.startService(android.app.IApplicationThread, android.content.Intent, java.lang.String, boolean, java.lang.String, int),1]
10-19 17:02:33.441 I/dvm_lock_sample( 1594): [system_server,1,Binder:1594_E,6,ActivityManagerService.java,8605,boolean com.android.server.am.ActivityManagerService.isUidActive(int, java.lang.String),-,14494,void com.android.server.am.ActivityManagerService.serviceDoneExecuting(android.os.IBinder, int, int, int),1]
10-19 17:02:33.480 I/dvm_lock_sample( 1594): [system_server,1,Binder:1594_9,11,ProcessManagerService.java,1704,java.util.List com.android.server.am.ProcessManagerService.getRunningProcessInfo(int, int, java.lang.String, java.lang.String, int),ActivityManagerService.java,1537,void com.android.server.am.ActivityManagerService$AppDeathRecipient.binderDied(),2]
10-19 17:03:18.574 I/dvm_lock_sample( 1594): [system_server,1,Binder:1594_15,11,ActivityManagerService.java,5963,int com.android.server.am.ActivityManagerService.getUidState(int),-,14450,int com.android.server.am.ActivityManagerService.bindIsolatedService(android.app.IApplicationThread, android.os.IBinder, android.content.Intent, java.lang.String, android.app.IServiceConnection, int, java.lang.String, java.lang.String, int),2]
10-19 17:03:18.579 I/dvm_lock_sample( 1594): [system_server,0,Binder:1594_7,6,ActivityManagerService.java,14494,void com.android.server.am.ActivityManagerService.serviceDoneExecuting(android.os.IBinder, int, int, int),-,14474,void com.android.server.am.ActivityManagerService.publishService(android.os.IBinder, android.content.Intent, android.os.IBinder),1]
10-19 17:03:21.304 I/dvm_lock_sample( 1594): [system_server,0,Binder:1594_1D,11,ActivityManagerService.java,14494,void com.android.server.am.ActivityManagerService.serviceDoneExecuting(android.os.IBinder, int, int, int),-,14285,android.content.ComponentName com.android.server.am.ActivityManagerService.startService(android.app.IApplicationThread, android.content.Intent, java.lang.String, boolean, java.lang.String, int),2]
10-19 17:10:45.343 I/dvm_lock_sample( 1594): [system_server,1,Binder:1594_7,11,ActivityManagerService.java,5955,boolean com.android.server.am.ActivityManagerService.isAppBad(android.content.pm.ApplicationInfo),-,14450,int com.android.server.am.ActivityManagerService.bindIsolatedService(android.app.IApplicationThread, android.os.IBinder, android.content.Intent, java.lang.String, android.app.IServiceConnection, int, java.lang.String, java.lang.String, int),2]
10-19 17:25:52.081 I/dvm_lock_sample( 1594): [system_server,1,android.ui,10,ActivityManagerService.java,3432,void com.android.server.am.ActivityManagerService.dispatchUidsChanged(),-,14463,boolean com.android.server.am.ActivityManagerService.unbindService(android.app.IServiceConnection),2]
10-19 17:37:00.169 I/dvm_lock_sample( 1594): [system_server,1,Binder:1594_F,10,ActivityManagerService.java,14450,int com.android.server.am.ActivityManagerService.bindIsolatedService(android.app.IApplicationThread, android.os.IBinder, android.content.Intent, java.lang.String, android.app.IServiceConnection, int, java.lang.String, java.lang.String, int),-,14450,int com.android.server.am.ActivityManagerService.bindIsolatedService(android.app.IApplicationThread, android.os.IBinder, android.content.Intent, java.lang.String, android.app.IServiceConnection, int, java.lang.String, java.lang.String, int),2]
10-19 17:47:22.365 I/dvm_lock_sample( 1594): [system_server,1,ActivityManager:procStart,14,ProcessList.java,1687,void com.android.server.am.ProcessList.lambda$startProcessLocked$0$ProcessList(com.android.server.am.ProcessRecord, java.lang.String, int[], int, int, java.lang.String, java.lang.String, java.lang.String, long),ActivityManagerService.java,14285,android.content.ComponentName com.android.server.am.ActivityManagerService.startService(android.app.IApplicationThread, android.content.Intent, java.lang.String, boolean, java.lang.String, int),2]
10-19 17:47:22.368 I/dvm_lock_sample( 1594): [system_server,0,Binder:1594_18,14,ActivityManagerService.java,14494,void com.android.server.am.ActivityManagerService.serviceDoneExecuting(android.os.IBinder, int, int, int),-,14285,android.content.ComponentName com.android.server.am.ActivityManagerService.startService(android.app.IApplicationThread, android.content.Intent, java.lang.String, boolean, java.lang.String, int),2]
10-19 17:47:33.388 I/dvm_lock_sample( 1594): [system_server,1,Binder:1594_6,12,ActivityManagerService.java,14249,java.util.List com.android.server.am.ActivityManagerService.getServices(int, int),-,16095,void com.android.server.am.ActivityManagerService.finishReceiver(android.os.IBinder, int, java.lang.String, android.os.Bundle, boolean, int),2]
10-19 17:53:18.521 I/dvm_lock_sample( 1594): [system_server,1,Binder:1594_5,18,ActivityManagerService.java,14791,android.content.Intent com.android.server.am.ActivityManagerService.registerReceiver(android.app.IApplicationThread, java.lang.String, android.content.IIntentReceiver, android.content.IntentFilter, java.lang.String, int, int),-,14494,void com.android.server.am.ActivityManagerService.serviceDoneExecuting(android.os.IBinder, int, int, int),3]
10-19 17:53:18.524 I/dvm_lock_sample( 1594): [system_server,1,Binder:1594_17,18,ActivityManagerService.java,6752,java.lang.String com.android.server.am.ActivityManagerService.checkContentProviderAccess(java.lang.String, int),-,14494,void com.android.server.am.ActivityManagerService.serviceDoneExecuting(android.os.IBinder, int, int, int),3]
10-19 17:53:18.809 I/dvm_lock_sample( 1594): [system_server,1,Binder:1594_15,23,ActivityManagerService.java,6978,android.app.ContentProviderHolder com.android.server.am.ActivityManagerService.getContentProviderImpl(android.app.IApplicationThread, java.lang.String, android.os.IBinder, int, java.lang.String, java.lang.String, boolean, int),BroadcastQueue.java,984,void com.android.server.am.BroadcastQueue.processNextBroadcast(boolean, boolean),4]
10-19 17:53:18.900 I/dvm_lock_sample( 1594): [system_server,1,Binder:1594_1,25,ActivityTaskManagerService.java,1746,void com.android.server.wm.ActivityTaskManagerService.activityTopResumedStateLost(),ActivityStarter.java,1313,int com.android.server.wm.ActivityStarter.startActivityMayWait(android.app.IApplicationThread, int, java.lang.String, int, int, android.content.Intent, java.lang.String, android.service.voice.IVoiceInteractionSession, com.android.internal.app.IVoiceInteractor, android.os.IBinder, java.lang.String, int, int, android.app.ProfilerInfo, android.app.WaitResult, android.content.res.Configuration, com.android.server.wm.SafeActivityOptions, boolean, int, com.android.server.wm.TaskRecord, java.lang.String, boolean, com.android.server.am.PendingIntentRecord, boolean),5]
10-19 17:53:18.944 I/dvm_lock_sample( 1594): [system_server,1,Binder:1594_5,52,ActivityManagerService.java,14791,android.content.Intent com.android.server.am.ActivityManagerService.registerReceiver(android.app.IApplicationThread, java.lang.String, android.content.IIntentReceiver, android.content.IntentFilter, java.lang.String, int, int),-,14450,int com.android.server.am.ActivityManagerService.bindIsolatedService(android.app.IApplicationThread, android.os.IBinder, android.content.Intent, java.lang.String, android.app.IServiceConnection, int, java.lang.String, java.lang.String, int),10]
10-19 17:55:14.602 I/notification_cancel_all( 1594): [1000,1594,com.vitrinedecraques.app,0,0,0,5,NULL]
10-19 17:55:14.680 I/dvm_lock_sample( 1594): [system_server,1,android.ui,82,ActivityManagerService.java,3432,void com.android.server.am.ActivityManagerService.dispatchUidsChanged(),-,14285,android.content.ComponentName com.android.server.am.ActivityManagerService.startService(android.app.IApplicationThread, android.content.Intent, java.lang.String, boolean, java.lang.String, int),16]
10-19 17:55:14.875 I/sysui_multi_action( 1594): [757,147,758,4,759,1,806,com.vitrinedecraques.app]
10-19 17:55:15.054 I/dvm_lock_sample( 1594): [system_server,1,Binder:1594_16,16,ActivityManagerService.java,8605,boolean com.android.server.am.ActivityManagerService.isUidActive(int, java.lang.String),-,1537,void com.android.server.am.ActivityManagerService$AppDeathRecipient.binderDied(),3]
10-19 17:55:15.828 I/am_create_activity( 1594): [0,24206624,1682,com.vitrinedecraques.app/.MainActivity,NULL,NULL,NULL,268435456]
10-19 17:55:15.917 I/am_proc_start( 1594): [0,5884,11390,com.vitrinedecraques.app,activity,{com.vitrinedecraques.app/com.vitrinedecraques.app.MainActivity}]
10-19 17:55:16.179 I/am_proc_bound( 1594): [0,5884,com.vitrinedecraques.app]
10-19 17:55:16.183 I/am_restart_activity( 1594): [0,24206624,1682,com.vitrinedecraques.app/.MainActivity,5884]
10-19 17:55:16.184 I/am_set_resumed_activity( 1594): [0,com.vitrinedecraques.app/.MainActivity,minimalResumeActivityLocked]
10-19 17:55:17.624 I/dvm_lock_sample( 1594): [system_server,1,Binder:1594_1,58,ActivityManagerService.java,14791,android.content.Intent com.android.server.am.ActivityManagerService.registerReceiver(android.app.IApplicationThread, java.lang.String, android.content.IIntentReceiver, android.content.IntentFilter, java.lang.String, int, int),-,14450,int com.android.server.am.ActivityManagerService.bindIsolatedService(android.app.IApplicationThread, android.os.IBinder, android.content.Intent, java.lang.String, android.app.IServiceConnection, int, java.lang.String, java.lang.String, int),11]
10-19 17:55:18.267 I/notification_cancel_all( 1594): [1000,1594,com.vitrinedecraques.app,0,0,0,5,NULL]
10-19 17:55:18.756 I/dvm_lock_sample( 1594): [system_server,1,Binder:1594_1F,47,ProcessManagerService.java,1704,java.util.List com.android.server.am.ProcessManagerService.getRunningProcessInfo(int, int, java.lang.String, java.lang.String, int),ActivityManagerService.java,1537,void com.android.server.am.ActivityManagerService$AppDeathRecipient.binderDied(),9]
10-19 17:55:20.013 I/dvm_lock_sample( 1594): [system_server,0,Binder:1594_8,15,ActivityManagerService.java,14494,void com.android.server.am.ActivityManagerService.serviceDoneExecuting(android.os.IBinder, int, int, int),-,1537,void com.android.server.am.ActivityManagerService$AppDeathRecipient.binderDied(),3]
10-19 17:55:21.466 I/am_lifecycle_sample( 5884): [0,com.vitrinedecraques.app,110,5065]
10-19 17:55:21.681 I/am_on_create_called( 5884): [0,com.vitrinedecraques.app.MainActivity,performCreate,134]
10-19 17:55:21.749 I/am_on_start_called( 5884): [0,com.vitrinedecraques.app.MainActivity,handleStartActivity,0]
10-19 17:55:21.754 I/am_on_resume_called( 5884): [0,com.vitrinedecraques.app.MainActivity,RESUME_ACTIVITY,1]
10-19 17:55:21.783 I/am_on_top_resumed_gained_called( 5884): [0,com.vitrinedecraques.app.MainActivity,topStateChangedWhenResumed]
10-19 17:55:23.579 I/sysui_multi_action( 1594): [319,601,321,338,322,7979,325,1261686,757,761,758,7,759,1,806,com.vitrinedecraques.app,871,com.vitrinedecraques.app.MainActivity,904,com.android.shell,905,0,945,582,1320,12,1321,1]
10-19 17:55:23.582 I/am_activity_launch_time( 1594): [0,24206624,com.vitrinedecraques.app/.MainActivity,7979]
10-19 17:55:26.400 I/am_pss  ( 1594): [5884,11390,com.vitrinedecraques.app,152553472,142385152,220160,242839552,0,2,23]
10-19 17:55:36.814 I/am_pss  ( 1594): [5884,11390,com.vitrinedecraques.app,192033792,180989952,200704,285769728,0,2,23]
10-19 17:55:48.573 I/dvm_lock_sample( 1594): [system_server,1,ActivityManager,5,ActiveServices.java,1099,void com.android.server.am.ActiveServices.updateForegroundApps(com.android.server.am.ActiveServices$ServiceMap),ActivityManagerService.java,14343,void com.android.server.am.ActivityManagerService.setServiceForeground(android.content.ComponentName, android.os.IBinder, int, android.app.Notification, int, int),1]
10-19 17:55:48.584 I/dvm_lock_sample( 1594): [system_server,1,Binder:1594_13,7,ActivityManagerService.java,7717,boolean com.android.server.am.ActivityManagerService.refContentProvider(android.os.IBinder, int, int),-,14343,void com.android.server.am.ActivityManagerService.setServiceForeground(android.content.ComponentName, android.os.IBinder, int, android.app.Notification, int, int),1]
10-19 17:55:56.736 I/ActivityTaskManager( 1594): START u0 {flg=0x10884000 cmp=com.android.systemui/.recents.RecentsActivity} from uid 1000
10-19 17:55:56.770 I/ActivityTaskManager( 1594): Ignoring FLAG_ACTIVITY_NEW_DOCUMENT, launchMode is "singleInstance" or "singleTask"
10-19 17:55:56.773 I/am_on_top_resumed_lost_called( 5884): [0,com.vitrinedecraques.app.MainActivity,topStateChangedWhenResumed]
10-19 17:55:56.783 I/am_pause_activity( 1594): [5884,24206624,com.vitrinedecraques.app/.MainActivity,userLeaving=true]
10-19 17:55:56.787 I/am_add_to_stopping( 1594): [0,24206624,com.vitrinedecraques.app/.MainActivity,makeInvisible]
10-19 17:55:56.806 I/am_on_paused_called( 5884): [0,com.vitrinedecraques.app.MainActivity,performPause,1]
10-19 17:55:57.236 I/am_stop_activity( 1594): [0,24206624,com.vitrinedecraques.app/.MainActivity]
10-19 17:55:57.390 I/am_on_stop_called( 5884): [0,com.vitrinedecraques.app.MainActivity,STOP_ACTIVITY_ITEM,0]
10-19 17:55:57.886 I/sysui_multi_action( 2131): [757,289,758,4,806,ComponentInfo{com.vitrinedecraques.app/com.vitrinedecraques.app.MainActivity}]
10-19 17:55:57.890 I/am_finish_activity( 1594): [5884,24206624,1682,com.vitrinedecraques.app/.MainActivity,remove-task]
10-19 17:55:57.890 I/am_destroy_activity( 1594): [5884,24206624,1682,com.vitrinedecraques.app/.MainActivity,finish-imm:finishActivityLocked]
10-19 17:55:57.904 I/ActivityTaskManager( 1594): START u0 {act=android.intent.action.MAIN cat=[android.intent.category.HOME] flg=0x10200000 cmp=com.miui.home/.launcher.Launcher} from uid 1000
10-19 17:55:57.969 I/dvm_lock_sample( 1594): [system_server,1,android.display,65,ActivityTaskManagerService.java,7386,void com.android.server.wm.ActivityTaskManagerService$LocalService.rankTaskLayersIfNeeded(),ActivityStarter.java,1313,int com.android.server.wm.ActivityStarter.startActivityMayWait(android.app.IApplicationThread, int, java.lang.String, int, int, android.content.Intent, java.lang.String, android.service.voice.IVoiceInteractionSession, com.android.internal.app.IVoiceInteractor, android.os.IBinder, java.lang.String, int, int, android.app.ProfilerInfo, android.app.WaitResult, android.content.res.Configuration, com.android.server.wm.SafeActivityOptions, boolean, int, com.android.server.wm.TaskRecord, java.lang.String, boolean, com.android.server.am.PendingIntentRecord, boolean),13]
10-19 17:55:58.010 I/ProcessManager( 1594): SwipeUpClean: kill com.vitrinedecraques.app Adj=905 State=20
10-19 17:55:58.011 I/dvm_lock_sample( 1594): [system_server,1,Binder:1594_10,14,ActivityManagerService.java,14450,int com.android.server.am.ActivityManagerService.bindIsolatedService(android.app.IApplicationThread, android.os.IBinder, android.content.Intent, java.lang.String, android.app.IServiceConnection, int, java.lang.String, java.lang.String, int),ProcessRecord.java,1358,void com.android.server.am.ProcessRecord.updateProcessInfo(boolean, boolean, boolean),2]
10-19 17:55:58.011 I/ActivityManager( 1594): Killing 5884:com.vitrinedecraques.app/u0a1390 (adj 905): SwipeUpClean
10-19 17:55:58.011 I/am_kill ( 1594): [0,5884,com.vitrinedecraques.app,905,SwipeUpClean]
10-19 17:55:58.172 I/WindowManager( 1594): WIN DEATH: Window{8ac5e44 u0 com.vitrinedecraques.app/com.vitrinedecraques.app.MainActivity}
10-19 17:55:58.180 I/am_proc_died( 1594): [0,5884,com.vitrinedecraques.app,905,20]
10-19 17:55:58.205 W/ActivityManager( 1594): setHasOverlayUi called on unknown pid: 5884
10-19 17:56:22.361 I/ActivityManager( 1594): Start proc 7508:com.xiaomi.mipicks/u0a135 for service {com.xiaomi.mipicks/androidx.work.impl.background.systemjob.SystemJobService} caller=android
10-19 17:56:23.015 W/ActivityManager( 1594): Receiver with filter android.content.IntentFilter@cf282bf already registered for pid 7508, callerPackage is com.xiaomi.mipicks
10-19 17:56:52.742 W/ActivityManager( 1594): Stopping service due to app idle: u0a47 -1m4s226ms com.miui.gallery/.scanner.core.MediaScannerService
10-19 17:57:08.076 I/ActivityManager( 1594): Start proc 7813:com.android.cellbroadcastreceiver/u0a24 for broadcast {com.android.cellbroadcastreceiver/com.android.cellbroadcastreceiver.CellBroadcastReceiver} caller=android
10-19 18:00:00.697 I/ActivityManager( 1594): Start proc 7888:com.miui.weather2/u0a53 for content provider {com.miui.weather2/com.miui.weather2.providers.WeatherProvider} caller=com.mi.android.globalminusscreen
10-19 18:00:00.885 W/BpBinder( 4654): Slow Binder: BpBinder transact took 224ms, interface=android.app.IActivityManager, code=20 oneway=false
10-19 18:04:35.531 I/ActivityManager( 1594): Start proc 8014:com.google.android.youtube/u0a124 for service {com.google.android.youtube/androidx.work.impl.background.systemjob.SystemJobService} caller=android
10-19 18:04:36.594 I/ActivityManager( 1594): Process com.qualcomm.qti.workloadclassifier (pid 3787) has died: svcb SVC 
10-19 18:04:36.602 W/ActivityManager( 1594): Scheduling restart of crashed service com.qualcomm.qti.workloadclassifier/.WLCService in 1000ms
10-19 18:04:36.728 I/ActivityManager( 1594): Process com.xiaomi.mi_connect_service (pid 2568) has died: cch+75 SVC 
10-19 18:04:36.733 W/ActivityManager( 1594): Scheduling restart of crashed service com.xiaomi.mi_connect_service/.MiConnectService in 10870ms
10-19 18:04:36.733 W/ActivityManager( 1594): Scheduling restart of crashed service com.xiaomi.mi_connect_service/com.xiaomi.idm.handoff_process_service.HandoffProcessService in 20869ms
10-19 18:04:37.574 I/ActivityManager( 1594): Process com.android.settings:remote (pid 3153) has died: svc SVC 
10-19 18:04:37.583 W/ActivityManager( 1594): Scheduling restart of crashed service com.android.settings/.dangerousoptions.DangerousOptionsWarningService in 30020ms
10-19 18:04:37.626 I/ActivityManager( 1594): Start proc 8117:com.qualcomm.qti.workloadclassifier/1000 for service {com.qualcomm.qti.workloadclassifier/com.qualcomm.qti.workloadclassifier.WLCService} caller=com.qualcomm.qti.workloadclassifier
10-19 18:04:47.639 I/ActivityManager( 1594): Start proc 8173:com.xiaomi.mi_connect_service/1000 for service {com.xiaomi.mi_connect_service/com.xiaomi.mi_connect_service.MiConnectService} caller=com.xiaomi.mi_connect_service
10-19 18:04:48.159 I/ActivityManager( 1594): Process com.miui.powerkeeper (pid 4056) has died: svcb BTOP
10-19 18:04:48.167 W/ActivityManager( 1594): Scheduling restart of crashed service com.miui.powerkeeper/.feedbackcontrol.FeedbackControlService in 1000ms
10-19 18:04:48.168 W/ActivityManager( 1594): Scheduling restart of crashed service com.miui.powerkeeper/.PowerKeeperBackgroundService in 29435ms
10-19 18:04:48.168 W/ActivityManager( 1594): Scheduling restart of crashed service com.miui.powerkeeper/.powerchecker.PowerCheckerService in 39435ms
10-19 18:04:48.168 W/ActivityManager( 1594): Scheduling restart of crashed service com.miui.powerkeeper/.statemachine.PowerStateMachineService in 49434ms
10-19 18:04:48.169 W/ActivityManager( 1594): Scheduling restart of crashed service com.miui.powerkeeper/.stepsprovider.StepsService in 59434ms
10-19 18:04:48.169 W/ActivityManager( 1594): Scheduling restart of crashed service com.xiaomi.powerchecker/.PowerCheckerService in 69433ms
10-19 18:04:48.528 I/ActivityManager( 1594): Process android.process.acore (pid 6550) has died: cch+85 CEM 
10-19 18:04:48.548 I/ActivityManager( 1594): Process com.android.vending:background (pid 6228) has died: cch+75 CEM 
10-19 18:04:49.205 I/ActivityManager( 1594): Start proc 8321:com.miui.powerkeeper/1000 for service {com.miui.powerkeeper/com.miui.powerkeeper.feedbackcontrol.FeedbackControlService} caller=com.miui.powerkeeper
10-19 18:04:50.175 I/ActivityManager( 1594): Process com.huaqin.diaglogger (pid 4319) has died: svcb SVC 
10-19 18:04:50.179 W/ActivityManager( 1594): Scheduling restart of crashed service com.huaqin.diaglogger/.DiagLogService in 1000ms
10-19 18:04:51.210 I/ActivityManager( 1594): Start proc 8381:com.huaqin.diaglogger/1000 for service {com.huaqin.diaglogger/com.huaqin.diaglogger.DiagLogService} caller=com.huaqin.diaglogger
10-19 18:05:07.638 I/ActivityManager( 1594): Start proc 8414:com.android.settings:remote/1000 for service {com.android.settings/com.android.settings.dangerousoptions.DangerousOptionsWarningService} caller=com.android.settings
10-19 18:05:14.017 I/ActivityManager( 1594): Process android.process.media (pid 3085) has died: svcb SVC 
10-19 18:05:14.025 W/ActivityManager( 1594): Scheduling restart of crashed service com.android.providers.media/.MtpService in 1430370ms
10-19 18:05:24.154 I/ActivityManager( 1594): Process com.miui.core (pid 5582) has died: svcb SVC 
10-19 18:05:24.161 W/ActivityManager( 1594): Scheduling restart of crashed service com.miui.core/miui.autoinstall.config.service.AutoInstallService in 1000ms
10-19 18:05:25.206 I/ActivityManager( 1594): Start proc 8456:com.miui.core/u0a75 for service {com.miui.core/miui.autoinstall.config.service.AutoInstallService} caller=com.miui.core
10-19 18:06:13.997 I/ActivityManager( 1594): Idle maintenance over +29m46s639ms low RAM for +40s207ms
10-19 18:07:25.578 I/dvm_lock_sample( 1594): [system_server,1,Binder:1594_16,6,ActivityManagerService.java,1537,void com.android.server.am.ActivityManagerService$AppDeathRecipient.binderDied(),-,14285,android.content.ComponentName com.android.server.am.ActivityManagerService.startService(android.app.IApplicationThread, android.content.Intent, java.lang.String, boolean, java.lang.String, int),1]
10-19 18:07:25.579 I/ActivityManager( 1594): Process com.huaqin.sarcontroller:controller (pid 5789) has died: svcb SVC 
10-19 18:07:25.584 W/ActivityManager( 1594): Scheduling restart of crashed service com.huaqin.sarcontroller/.SarControllerService in 0ms
10-19 18:07:25.620 I/ActivityManager( 1594): Start proc 8534:com.huaqin.sarcontroller:controller/1000 for service {com.huaqin.sarcontroller/com.huaqin.sarcontroller.SarControllerService} caller=com.huaqin.sarcontroller
10-19 18:07:25.733 I/ActivityManager( 1594): Process com.google.process.gapps (pid 6005) has died: cch+65 CEM 
10-19 18:07:25.936 I/ActivityManager( 1594): Process com.qualcomm.qti.qdma (pid 6154) has died: svcb SVC 
10-19 18:07:25.941 W/ActivityManager( 1594): Scheduling restart of crashed service com.qualcomm.qti.qdma/.job.QDMAJobService in 1000ms
10-19 18:07:25.941 W/ActivityManager( 1594): Scheduling restart of crashed service com.qualcomm.qti.qdma/.uploader.UploaderService in 11000ms
10-19 18:07:27.009 I/ActivityManager( 1594): Start proc 8569:com.qualcomm.qti.qdma/1000 for service {com.qualcomm.qti.qdma/com.qualcomm.qti.qdma.job.QDMAJobService} caller=com.qualcomm.qti.qdma
10-19 18:07:27.277 I/ActivityManager( 1594): Process com.android.vending (pid 6755) has died: cch+65 CEM 
10-19 18:07:30.606 I/dvm_lock_sample( 1594): [system_server,0,Binder:1594_D,6,ActivityManagerService.java,14494,void com.android.server.am.ActivityManagerService.serviceDoneExecuting(android.os.IBinder, int, int, int),-,14463,boolean com.android.server.am.ActivityManagerService.unbindService(android.app.IServiceConnection),1]
10-19 18:09:51.699 I/ActivityManager( 1594): Start proc 8631:com.miui.videoplayer/u0a84 for service {com.miui.videoplayer/androidx.work.impl.background.systemjob.SystemJobService} caller=android
10-19 18:09:52.505 I/ActivityManager( 1594): Process com.xiaomi.bluetooth (pid 6496) has died: svcb SVC 
10-19 18:09:52.512 W/ActivityManager( 1594): Scheduling restart of crashed service com.xiaomi.bluetooth/com.android.bluetooth.ble.app.MiuiBleAppService in 1000ms
10-19 18:09:52.512 W/ActivityManager( 1594): Scheduling restart of crashed service com.xiaomi.bluetooth/com.android.bluetooth.ble.app.MiuiFastConnectService in 10999ms
10-19 18:09:52.513 W/ActivityManager( 1594): Scheduling restart of crashed service com.xiaomi.bluetooth/com.android.bluetooth.ble.app.MiuiNearbyService in 20998ms
10-19 18:09:52.927 I/ActivityManager( 1594): Start proc 8735:android.process.media/u0a39 for content provider {com.android.providers.media/com.android.providers.media.MediaProvider} caller=com.miui.videoplayer
10-19 18:09:52.956 I/ActivityManager( 1594): Process com.android.systemui:screenshot (pid 7026) has died: cch+65 CEM 
10-19 18:09:52.970 W/ActivityManager( 1594): setHasOverlayUi called on unknown pid: 7026
10-19 18:09:52.984 I/dvm_lock_sample( 1594): [system_server,1,Binder:1594_6,17,ProcessManagerService.java,1704,java.util.List com.android.server.am.ProcessManagerService.getRunningProcessInfo(int, int, java.lang.String, java.lang.String, int),ActivityManagerService.java,1537,void com.android.server.am.ActivityManagerService$AppDeathRecipient.binderDied(),3]
10-19 18:09:53.094 I/ActivityManager( 1594): Process com.android.camera (pid 7157) has died: cch+55 CEM 
10-19 18:09:53.192 W/BpBinder( 8631): Slow Binder: BpBinder transact took 299ms, interface=android.app.IActivityManager, code=20 oneway=false
10-19 18:09:53.553 I/ActivityManager( 1594): Start proc 8777:com.xiaomi.bluetooth/1002 for service {com.xiaomi.bluetooth/com.android.bluetooth.ble.app.MiuiBleAppService} caller=com.xiaomi.bluetooth
10-19 18:10:42.857 I/ActivityManager( 1594): Start proc 8905:com.xiaomi.glgm/u0a70 for service {com.xiaomi.glgm/androidx.work.impl.background.systemjob.SystemJobService} caller=android
10-19 18:10:43.334 I/ActivityManager( 1594): Process com.qualcomm.telephony (pid 6960) has died: svcb SVC 
10-19 18:10:43.342 W/ActivityManager( 1594): Scheduling restart of crashed service com.qualcomm.atfwd/.AtFwdService in 1000ms
10-19 18:10:44.370 I/ActivityManager( 1594): Start proc 9004:com.qualcomm.telephony/u0a147 for service {com.qualcomm.atfwd/com.qualcomm.atfwd.AtFwdService} caller=com.qualcomm.atfwd
10-19 18:10:54.658 I/dvm_lock_sample( 1594): [system_server,0,android.bg,7,ActivityManagerService.java,1964,void com.android.server.am.ActivityManagerService$5.handleMessage(android.os.Message),-,14463,boolean com.android.server.am.ActivityManagerService.unbindService(android.app.IServiceConnection),1]
10-19 18:12:59.045 I/ActivityManager( 1594): Start proc 9110:com.google.android.googlequicksearchbox:googleapp/u0a48 for broadcast {com.google.android.googlequicksearchbox/com.google.firebase.iid.FirebaseInstanceIdReceiver} caller=com.google.android.gms
10-19 18:13:00.234 I/ActivityManager( 1594): Process com.qualcomm.qti.workloadclassifier (pid 8117) has died: svcb SVC 
10-19 18:13:00.239 W/ActivityManager( 1594): Scheduling restart of crashed service com.qualcomm.qti.workloadclassifier/.WLCService in 1000ms
10-19 18:13:00.880 I/ActivityManager( 1594): Start proc 9206:com.google.android.googlequicksearchbox:search/u0a48 for broadcast {com.google.android.googlequicksearchbox/com.google.android.libraries.search.gcm.search.SearchProcessGcmBroadcastReceiver_Receiver} caller=com.google.android.gms
10-19 18:13:01.089 I/ActivityManager( 1594): Start proc 9234:com.google.android.webview:sandboxed_process0:org.chromium.content.app.SandboxedProcessService0:0/u0i933 for  {com.google.android.googlequicksearchbox/org.chromium.content.app.SandboxedProcessService0:0} caller=com.google.android.googlequicksearchbox
10-19 18:13:01.273 I/ActivityManager( 1594): Start proc 9269:com.qualcomm.qti.workloadclassifier/1000 for service {com.qualcomm.qti.workloadclassifier/com.qualcomm.qti.workloadclassifier.WLCService} caller=com.qualcomm.qti.workloadclassifier
10-19 18:13:01.412 I/ActivityManager( 1594): Start proc 9315:com.google.android.webview:webview_service/u0a112 for service {com.google.android.webview/org.chromium.android_webview.services.ComponentsProviderService} caller=com.google.android.googlequicksearchbox
10-19 18:15:04.429 W/ActivityManager( 1594): Permission Denial: getStackInfo() from pid=30088, uid=10093 requires android.permission.MANAGE_ACTIVITY_STACKS
10-19 18:15:04.550 I/ActivityTaskManager( 1594): START u0 {act=android.intent.action.VIEW dat=file:///data/app/vmdl1377299190.tmp typ=application/vnd.android.package-archive flg=0x18000000 cmp=com.miui.securitycenter/com.miui.permcenter.install.AdbInstallActivity (has extras)} from uid 1000
10-19 18:15:04.646 I/ActivityManager( 1594): Start proc 9493:com.miui.securitycenter/1000 for activity {com.miui.securitycenter/com.miui.permcenter.install.AdbInstallActivity} caller=pm
10-19 18:15:05.612 I/ActivityManager( 1594): Killing 7264:com.xiaomi.simactivate.service/u0a141 (adj 985): empty #17
10-19 18:15:05.680 I/dvm_lock_sample( 1594): [system_server,1,android.display,5,WindowManagerService.java,5370,void com.android.server.wm.WindowManagerService$H.handleMessage(android.os.Message),ActivityTaskManagerService.java,1817,void com.android.server.wm.ActivityTaskManagerService.activityDestroyed(android.os.IBinder),1]
10-19 18:15:06.000 I/ActivityManager( 1594): Force stopping com.vitrinedecraques.app appid=11390 user=-1: installPackageLI
10-19 18:15:06.001 I/PackageManager( 1594): Update package com.vitrinedecraques.app code path from /data/app/com.vitrinedecraques.app-8WxMJo2J5TD1tDGpWyNtGw== to /data/app/com.vitrinedecraques.app-AQHr5-ks-6Afhf9217LyMA==; Retain data and using new
10-19 18:15:06.001 I/PackageManager( 1594): Update package com.vitrinedecraques.app resource path from /data/app/com.vitrinedecraques.app-8WxMJo2J5TD1tDGpWyNtGw== to /data/app/com.vitrinedecraques.app-AQHr5-ks-6Afhf9217LyMA==; Retain data and using new
10-19 18:15:06.597 I/InstallationStatistic( 1594): com.vitrinedecraques.app|null|2556|237|124|1301|0|0
10-19 18:15:06.616 I/ActivityManager( 1594): Force stopping com.vitrinedecraques.app appid=11390 user=0: pkg removed
10-19 18:15:06.617 I/AutoStartManagerService( 1594): MIUILOG- Reject RestartService packageName :com.vitrinedecraques.app uid : 11390
10-19 18:15:06.633 D/MiuiNetworkPolicyAppBuckets( 1594): updateAppPN packageName=com.vitrinedecraques.app,uid=11390,installed=false
10-19 18:15:06.636 D/BluetoothMapAppObserver(30467): The removed package is: com.vitrinedecraques.app
10-19 18:15:06.639 W/BroadcastQueue( 1594): Background execution not allowed: receiving Intent { act=android.intent.action.PACKAGE_REMOVED dat=package:com.vitrinedecraques.app flg=0x4000010 (has extras) } to com.lbe.security.miui/com.lbe.security.service.BootReceiver
10-19 18:15:06.648 E/InstallApkReceiver( 2404): uninstall:package:com.vitrinedecraques.app
10-19 18:15:06.660 I/MiuiCompatModePackages( 1594): package com.vitrinedecraques.app updated, removing config
10-19 18:15:06.661 D/MiuiNetworkPolicyAppBuckets( 1594): updateAppPN packageName=com.vitrinedecraques.app,uid=11390,installed=true
10-19 18:15:06.665 E/InstallApkReceiver( 2404): install:package:com.vitrinedecraques.app
10-19 18:15:06.672 D/Avrcp_ext(30467): AvrcpServiceBroadcastReceiver-> packageName: com.vitrinedecraques.app
10-19 18:15:06.672 D/Avrcp_ext(30467): packageName: com.vitrinedecraques.app removed: false
10-19 18:15:06.677 D/AppInstalledReceiver( 7233): packageName: com.vitrinedecraques.app
10-19 18:15:06.679 D/BluetoothMapAppObserver(30467): The installed package is: com.vitrinedecraques.app
10-19 18:15:06.684 W/BroadcastQueue( 1594): Background execution not allowed: receiving Intent { act=android.intent.action.PACKAGE_REMOVED dat=package:com.vitrinedecraques.app flg=0x4000010 (has extras) } to com.android.settings/.search.provider.UpdateReceiver
10-19 18:15:06.694 D/ImsResolver( 2395): maybeAddedImsService, packageName: com.vitrinedecraques.app
10-19 18:15:06.701 W/BroadcastQueue( 1594): Background execution not allowed: receiving Intent { act=android.intent.action.PACKAGE_REMOVED dat=package:com.vitrinedecraques.app flg=0x4000010 (has extras) } to com.android.vending/com.google.android.finsky.packagemonitor.impl.PackageMonitorReceiverImpl$RegisteredReceiver
10-19 18:15:06.701 W/BroadcastQueue( 1594): Background execution not allowed: receiving Intent { act=android.intent.action.PACKAGE_REMOVED dat=package:com.vitrinedecraques.app flg=0x4000010 (has extras) } to com.android.vending/com.google.android.finsky.packagemonitor.backgroundimpl.BackgroundPackageMonitorReceiverImpl$RegisteredReceiver
10-19 18:15:06.702 W/BroadcastQueue( 1594): Background execution not allowed: receiving Intent { act=android.intent.action.PACKAGE_REMOVED dat=package:com.vitrinedecraques.app flg=0x4000010 (has extras) } to com.android.vending/com.google.android.finsky.instantapps.appmanagement.InstantAppRemoveMonitor
10-19 18:15:06.702 W/BroadcastQueue( 1594): Background execution not allowed: receiving Intent { act=android.intent.action.PACKAGE_REMOVED dat=package:com.vitrinedecraques.app flg=0x4000010 (has extras) } to com.google.android.apps.maps/com.google.android.libraries.social.peoplekit.thirdparty.viewcontrollers.ThirdPartyReceiver
10-19 18:15:06.739 E/Recents ( 2131): packageMonitor   onPackageModified  packageName=com.vitrinedecraques.app   mIsRecentsWithinLauncher=true
10-19 18:15:06.763 W/BroadcastQueue( 1594): Background execution not allowed: receiving Intent { act=android.intent.action.PACKAGE_REMOVED dat=package:com.vitrinedecraques.app flg=0x4000010 (has extras) } to com.google.android.gms/.chimera.GmsIntentOperationService$PersistentTrustedReceiver
10-19 18:15:06.778 I/ActivityManager( 1594): Start proc 9576:com.miui.global.packageinstaller/u0a121 for service {com.miui.global.packageinstaller/com.miui.global.packageinstaller.service.ScanDispatchService} caller=com.miui.securitycenter
10-19 18:15:06.785 W/BroadcastQueue( 1594): Background execution not allowed: receiving Intent { act=android.intent.action.PACKAGE_REMOVED dat=package:com.vitrinedecraques.app flg=0x4000010 (has extras) } to com.miui.audioeffect/com.android.musicfx.Compatibility$Receiver
10-19 18:15:06.799 W/BroadcastQueue( 1594): Background execution not allowed: receiving Intent { act=android.intent.action.PACKAGE_REMOVED dat=package:com.vitrinedecraques.app flg=0x4000010 (has extras) } to com.xiaomi.discover/com.xiaomi.market.data.MyPackageMonitor
10-19 18:15:06.799 W/BroadcastQueue( 1594): Background execution not allowed: receiving Intent { act=android.intent.action.PACKAGE_REMOVED dat=package:com.vitrinedecraques.app flg=0x4000010 (has extras) } to com.xiaomi.mipicks/com.xiaomi.market.data.MyPackageMonitor
10-19 18:15:06.800 W/BroadcastQueue( 1594): Background execution not allowed: receiving Intent { act=android.intent.action.PACKAGE_REMOVED dat=package:com.vitrinedecraques.app flg=0x4000010 (has extras) } to com.xiaomi.misettings/.usagestats.AppTimerReceiver
10-19 18:15:06.800 W/BroadcastQueue( 1594): Background execution not allowed: receiving Intent { act=android.intent.action.PACKAGE_REMOVED dat=package:com.vitrinedecraques.app flg=0x4000010 (has extras) } to com.google.android.apps.photos/com.google.android.libraries.social.peoplekit.thirdparty.viewcontrollers.ThirdPartyReceiver
10-19 18:15:06.800 W/BroadcastQueue( 1594): Background execution not allowed: receiving Intent { act=android.intent.action.PACKAGE_REMOVED dat=package:com.vitrinedecraques.app flg=0x4000010 (has extras) } to com.google.android.videos/com.google.android.libraries.social.peoplekit.thirdparty.viewcontrollers.ThirdPartyReceiver
10-19 18:15:06.801 W/BroadcastQueue( 1594): Background execution not allowed: receiving Intent { act=android.intent.action.PACKAGE_ADDED dat=package:com.vitrinedecraques.app flg=0x4000010 (has extras) } to com.lbe.security.miui/com.lbe.security.service.BootReceiver
10-19 18:15:06.801 W/BroadcastQueue( 1594): Background execution not allowed: receiving Intent { act=android.intent.action.PACKAGE_ADDED dat=package:com.vitrinedecraques.app flg=0x4000010 (has extras) } to com.google.android.packageinstaller/com.android.packageinstaller.PackageInstalledReceiver
10-19 18:15:06.801 W/BroadcastQueue( 1594): Background execution not allowed: receiving Intent { act=android.intent.action.PACKAGE_ADDED dat=package:com.vitrinedecraques.app flg=0x4000010 (has extras) } to com.android.settings/.search.provider.UpdateReceiver
10-19 18:15:06.802 W/BroadcastQueue( 1594): Background execution not allowed: receiving Intent { act=android.intent.action.PACKAGE_ADDED dat=package:com.vitrinedecraques.app flg=0x4000010 (has extras) } to com.android.vending/com.google.android.finsky.packagemonitor.impl.PackageMonitorReceiverImpl$RegisteredReceiver
10-19 18:15:06.802 W/BroadcastQueue( 1594): Background execution not allowed: receiving Intent { act=android.intent.action.PACKAGE_ADDED dat=package:com.vitrinedecraques.app flg=0x4000010 (has extras) } to com.android.vending/com.google.android.finsky.packagemonitor.backgroundimpl.BackgroundPackageMonitorReceiverImpl$RegisteredReceiver
10-19 18:15:06.802 W/BroadcastQueue( 1594): Background execution not allowed: receiving Intent { act=android.intent.action.PACKAGE_ADDED dat=package:com.vitrinedecraques.app flg=0x4000010 (has extras) } to com.facebook.appmanager/com.facebook.oxygen.common.packages.event.manifest.ManifestPackageEventReceiver
10-19 18:15:06.803 W/BroadcastQueue( 1594): Background execution not allowed: receiving Intent { act=android.intent.action.PACKAGE_ADDED dat=package:com.vitrinedecraques.app flg=0x4000010 (has extras) } to com.google.android.gms/.chimera.GmsIntentOperationService$PersistentTrustedReceiver
10-19 18:15:06.803 W/BroadcastQueue( 1594): Background execution not allowed: receiving Intent { act=android.intent.action.PACKAGE_ADDED dat=package:com.vitrinedecraques.app flg=0x4000010 (has extras) } to com.google.android.gms/.gass.chimera.PackageChangeBroadcastReceiver
10-19 18:15:06.803 W/BroadcastQueue( 1594): Background execution not allowed: receiving Intent { act=android.intent.action.PACKAGE_ADDED dat=package:com.vitrinedecraques.app flg=0x4000010 (has extras) } to com.miui.audioeffect/com.android.musicfx.Compatibility$Receiver
10-19 18:15:06.803 W/BroadcastQueue( 1594): Background execution not allowed: receiving Intent { act=android.intent.action.PACKAGE_ADDED dat=package:com.vitrinedecraques.app flg=0x4000010 (has extras) } to com.xiaomi.discover/com.xiaomi.market.data.MyPackageMonitor
10-19 18:15:06.804 W/BroadcastQueue( 1594): Background execution not allowed: receiving Intent { act=android.intent.action.PACKAGE_ADDED dat=package:com.vitrinedecraques.app flg=0x4000010 (has extras) } to com.xiaomi.mipicks/com.xiaomi.market.data.MyPackageMonitor
10-19 18:15:06.804 W/BroadcastQueue( 1594): Background execution not allowed: receiving Intent { act=android.intent.action.PACKAGE_ADDED dat=package:com.vitrinedecraques.app flg=0x4000010 (has extras) } to com.xiaomi.misettings/.usagestats.AppTimerReceiver
10-19 18:15:06.824 I/MiPicks-LocalAppManager( 7508): add package to list: com.vitrinedecraques.app
10-19 18:15:06.858 I/sysui_multi_action( 1594): [757,147,758,4,759,1,806,com.vitrinedecraques.app]
10-19 18:15:06.865 W/ActivityManager( 1594): Slow operation: 163ms so far, now at startProcess: returned from zygote!
10-19 18:15:06.907 W/ActivityManager( 1594): Slow operation: 204ms so far, now at startProcess: done updating battery stats
10-19 18:15:06.908 W/ActivityManager( 1594): Slow operation: 205ms so far, now at startProcess: building log message
10-19 18:15:06.908 I/ActivityManager( 1594): Start proc 9601:com.android.keychain/1000 for service {com.android.keychain/com.android.keychain.KeyChainService} caller=android
10-19 18:15:06.908 W/ActivityManager( 1594): Slow operation: 205ms so far, now at startProcess: starting to update pids map
10-19 18:15:06.908 W/ActivityManager( 1594): Slow operation: 205ms so far, now at startProcess: done updating pids map
10-19 18:15:06.912 I/dvm_lock_sample( 1594): [system_server,1,android.ui,32,ActivityManagerService.java,3378,void com.android.server.am.ActivityManagerService.dispatchUidsChanged(),-,5395,void com.android.server.am.ActivityManagerService.attachApplication(android.app.IApplicationThread, long),6]
10-19 18:15:06.956 W/ActivityManager( 1594): Slow operation: 147ms so far, now at startProcess: returned from zygote!
10-19 18:15:06.956 W/ActivityManager( 1594): Slow operation: 148ms so far, now at startProcess: done updating battery stats
10-19 18:15:06.957 W/ActivityManager( 1594): Slow operation: 148ms so far, now at startProcess: building log message
10-19 18:15:06.957 I/ActivityManager( 1594): Start proc 9613:com.android.vending/u0a54 for broadcast {com.android.vending/com.google.android.finsky.packagemonitor.impl.PackageMonitorReceiverImpl$RegisteredReceiver} caller=null
10-19 18:15:06.957 W/ActivityManager( 1594): Slow operation: 148ms so far, now at startProcess: starting to update pids map
10-19 18:15:06.957 W/ActivityManager( 1594): Slow operation: 149ms so far, now at startProcess: done updating pids map
10-19 18:15:07.106 I/dvm_lock_sample( 1594): [system_server,1,Binder:1594_10,36,ActivityManagerService.java,14285,android.content.ComponentName com.android.server.am.ActivityManagerService.startService(android.app.IApplicationThread, android.content.Intent, java.lang.String, boolean, java.lang.String, int),-,14285,android.content.ComponentName com.android.server.am.ActivityManagerService.startService(android.app.IApplicationThread, android.content.Intent, java.lang.String, boolean, java.lang.String, int),7]
10-19 18:15:07.402 I/ActivityManager( 1594): Process com.miui.powerkeeper (pid 8321) has died: svcb BTOP
10-19 18:15:07.420 W/ActivityManager( 1594): Scheduling restart of crashed service com.miui.powerkeeper/.feedbackcontrol.FeedbackControlService in 1000ms
10-19 18:15:07.420 W/ActivityManager( 1594): Scheduling restart of crashed service com.miui.powerkeeper/.PowerKeeperBackgroundService in 11000ms
10-19 18:15:07.421 W/ActivityManager( 1594): Scheduling restart of crashed service com.miui.powerkeeper/.powerchecker.PowerCheckerService in 21000ms
10-19 18:15:07.421 W/ActivityManager( 1594): Scheduling restart of crashed service com.miui.powerkeeper/.statemachine.PowerStateMachineService in 31000ms
10-19 18:15:07.421 W/ActivityManager( 1594): Scheduling restart of crashed service com.miui.powerkeeper/.stepsprovider.StepsService in 41000ms
10-19 18:15:07.421 W/ActivityManager( 1594): Scheduling restart of crashed service com.xiaomi.powerchecker/.PowerCheckerService in 51000ms
10-19 18:15:07.438 I/ActivityManager( 1594): Killing 7225:com.miui.cloudservice:galleryproxy/u0a89 (adj 985): empty #17
10-19 18:15:07.669 I/ActivityTaskManager( 1594): START u0 {flg=0x10000000 cmp=com.vitrinedecraques.app/.MainActivity} from uid 2000
10-19 18:15:07.768 I/am_create_activity( 1594): [0,210673515,1684,com.vitrinedecraques.app/.MainActivity,NULL,NULL,NULL,268435456]
10-19 18:15:07.811 I/PI-ScanDispatch( 9576): service bind, pkgName = com.vitrinedecraques.app, installer = null, isReplace = true, firstGoogleTime = 1614890563430
10-19 18:15:07.820 I/dvm_lock_sample( 1594): [system_server,1,Binder:1594_19,76,WindowProcessUtils.java,405,java.lang.String com.android.server.wm.WindowProcessUtils.getCallerPackageName(com.android.server.wm.ActivityTaskManagerService, android.app.IApplicationThread),ActivityStarter.java,1313,int com.android.server.wm.ActivityStarter.startActivityMayWait(android.app.IApplicationThread, int, java.lang.String, int, int, android.content.Intent, java.lang.String, android.service.voice.IVoiceInteractionSession, com.android.internal.app.IVoiceInteractor, android.os.IBinder, java.lang.String, int, int, android.app.ProfilerInfo, android.app.WaitResult, android.content.res.Configuration, com.android.server.wm.SafeActivityOptions, boolean, int, com.android.server.wm.TaskRecord, java.lang.String, boolean, com.android.server.am.PendingIntentRecord, boolean),15]
10-19 18:15:07.876 I/am_proc_start( 1594): [0,9747,11390,com.vitrinedecraques.app,activity,{com.vitrinedecraques.app/com.vitrinedecraques.app.MainActivity}]
10-19 18:15:07.877 D/OemNetd (  518): setPidForPackage: packageName=com.vitrinedecraques.app, pid=9747, pid=11390
10-19 18:15:07.877 I/ActivityManager( 1594): Start proc 9747:com.vitrinedecraques.app/u0a1390 for activity {com.vitrinedecraques.app/com.vitrinedecraques.app.MainActivity} caller=com.android.shell
10-19 18:15:07.887 I/dvm_lock_sample( 1594): [system_server,1,android.display,31,ActivityManagerService.java,18863,void com.android.server.am.ActivityManagerService$LocalService.startProcess(java.lang.String, android.content.pm.ApplicationInfo, boolean, java.lang.String, android.content.ComponentName, java.lang.String),-,14450,int com.android.server.am.ActivityManagerService.bindIsolatedService(android.app.IApplicationThread, android.os.IBinder, android.content.Intent, java.lang.String, android.app.IServiceConnection, int, java.lang.String, java.lang.String, int),6]
10-19 18:15:08.098 I/am_proc_bound( 1594): [0,9747,com.vitrinedecraques.app]
10-19 18:15:08.109 I/am_restart_activity( 1594): [0,210673515,1684,com.vitrinedecraques.app/.MainActivity,9747]
10-19 18:15:08.111 I/am_set_resumed_activity( 1594): [0,com.vitrinedecraques.app/.MainActivity,minimalResumeActivityLocked]
10-19 18:15:08.111 D/AutoInstallService( 8456): onForegroundInfoChanged: com.vitrinedecraques.app
10-19 18:15:08.111 I/GST     (10006): forePkg: com.vitrinedecraques.app, preForePkg: com.miui.home
10-19 18:15:08.111 I/ProcessMonitor( 7233): onForegroundInfoChanged: ForegroundInfo{mForegroundPackageName='com.vitrinedecraques.app', mForegroundUid=11390, mForegroundPid=9747, mLastForegroundPackageName='com.miui.home', mLastForegroundUid=10064, mLastForegroundPid=2404, mMultiWindowForegroundPackageName='null', mMultiWindowForegroundUid=-1, mFlags=1}
10-19 18:15:08.474 I/ActivityManager( 1594): Start proc 9873:com.miui.powerkeeper/1000 for service {com.miui.powerkeeper/com.miui.powerkeeper.feedbackcontrol.FeedbackControlService} caller=com.miui.powerkeeper
10-19 18:15:08.703 I/ActivityManager( 1594): Start proc 9914:com.google.process.gapps/u0a29 for content provider {com.google.android.gsf/com.google.android.gsf.settings.GoogleSettingsProvider} caller=com.android.vending
10-19 18:15:09.071 I/dvm_lock_sample( 1594): [system_server,1,Binder:1594_B,5,ActivityManagerService.java,14450,int com.android.server.am.ActivityManagerService.bindIsolatedService(android.app.IApplicationThread, android.os.IBinder, android.content.Intent, java.lang.String, android.app.IServiceConnection, int, java.lang.String, java.lang.String, int),-,14450,int com.android.server.am.ActivityManagerService.bindIsolatedService(android.app.IApplicationThread, android.os.IBinder, android.content.Intent, java.lang.String, android.app.IServiceConnection, int, java.lang.String, java.lang.String, int),1]
10-19 18:15:09.183 I/Finsky  ( 9613): [2] AIM: AppInfoCacheUpdater -> invalidating apps: [com.vitrinedecraques.app]
10-19 18:15:09.199 I/notification_cancel_all( 1594): [1000,1594,com.vitrinedecraques.app,0,0,0,5,NULL]
10-19 18:15:09.234 I/notification_cancel_all( 1594): [1000,1594,com.vitrinedecraques.app,0,0,0,5,NULL]
10-19 18:15:09.352 I/Finsky  ( 9613): [94313] AIM: AppInfoManager-Perf > OnDeviceAppInfo > cacheHitCount=0, cacheMissCount=1. Missed  in cache (limit 10) : [com.vitrinedecraques.app]
10-19 18:15:09.397 W/BpBinder( 9613): Slow Binder: BpBinder transact took 775ms, interface=android.app.IActivityManager, code=20 oneway=false
10-19 18:15:09.679 D/Launcher.Model( 2404): LauncherAppsCallback onPackageChanged|com.vitrinedecraques.app|UserHandle{0}
10-19 18:15:09.680 D/Launcher.Model( 2404): Got broadcast:Intent { act=android.intent.action.PACKAGE_CHANGED dat=package:com.vitrinedecraques.app (has extras) }
10-19 18:15:09.762 D/Launcher.AllAppsList( 2404): updatePackage, packageName=com.vitrinedecraques.app, loadMissing=false, user=UserHandle{0}, matchedSize=1
10-19 18:15:09.780 D/Launcher.AllAppsList( 2404): updatePackage, find appInfo=AppInfo, id=-1, itemType=0, user=UserHandle{0}, mIconType=0, pkgName=com.vitrinedecraques.app, className=com.vitrinedecraques.app.MainActivity, screenId=-1, container=-1, cellX=-1, cellY=-1, spanX=1, spanY=1, isLandscapePos=false from ComponentInfo{com.vitrinedecraques.app/com.vitrinedecraques.app.MainActivity}
10-19 18:15:09.788 W/ActivityManager( 1594): Slow operation: 117ms so far, now at startProcess: returned from zygote!
10-19 18:15:09.788 W/ActivityManager( 1594): Slow operation: 117ms so far, now at startProcess: done updating battery stats
10-19 18:15:09.789 W/ActivityManager( 1594): Slow operation: 119ms so far, now at startProcess: building log message
10-19 18:15:09.789 I/ActivityManager( 1594): Start proc 10105:com.android.vending:background/u0a54 for broadcast {com.android.vending/com.google.android.finsky.packagemonitor.backgroundimpl.BackgroundPackageMonitorReceiverImpl$RegisteredReceiver} caller=null
10-19 18:15:09.789 W/ActivityManager( 1594): Slow operation: 119ms so far, now at startProcess: starting to update pids map
10-19 18:15:09.789 W/ActivityManager( 1594): Slow operation: 119ms so far, now at startProcess: done updating pids map
