11-02 10:03:47.865 I/dvm_lock_sample( 1594): [system_server,1,Binder:1594_B,118,ActivityManagerService.java,5395,void com.android.server.am.ActivityManagerService.attachApplication(android.app.IApplicationThread, long),-,5395,void com.android.server.am.ActivityManagerService.attachApplication(android.app.IApplicationThread, long),23]
11-02 10:03:47.951 I/dvm_lock_sample( 1594): [system_server,1,Binder:1594_1,131,ActivityManagerService.java,14285,android.content.ComponentName com.android.server.am.ActivityManagerService.startService(android.app.IApplicationThread, android.content.Intent, java.lang.String, boolean, java.lang.String, int),-,5395,void com.android.server.am.ActivityManagerService.attachApplication(android.app.IApplicationThread, long),26]
11-02 10:03:47.953 I/dvm_lock_sample( 1594): [system_server,1,Binder:1594_13,92,ActivityManagerService.java,14285,android.content.ComponentName com.android.server.am.ActivityManagerService.startService(android.app.IApplicationThread, android.content.Intent, java.lang.String, boolean, java.lang.String, int),-,14450,int com.android.server.am.ActivityManagerService.bindIsolatedService(android.app.IApplicationThread, android.os.IBinder, android.content.Intent, java.lang.String, android.app.IServiceConnection, int, java.lang.String, java.lang.String, int),18]
11-02 10:03:48.036 I/dvm_lock_sample( 1594): [system_server,1,ActivityManager,85,ActivityManagerService.java,18263,void com.android.server.am.ActivityManagerService$LocalService.setPendingIntentAllowBgActivityStarts(android.content.IIntentSender, android.os.IBinder, int),-,14285,android.content.ComponentName com.android.server.am.ActivityManagerService.startService(android.app.IApplicationThread, android.content.Intent, java.lang.String, boolean, java.lang.String, int),17]
11-02 10:03:48.037 I/dvm_lock_sample( 1594): [system_server,1,Binder:1594_1,74,ActivityManagerService.java,8605,boolean com.android.server.am.ActivityManagerService.isUidActive(int, java.lang.String),-,14285,android.content.ComponentName com.android.server.am.ActivityManagerService.startService(android.app.IApplicationThread, android.content.Intent, java.lang.String, boolean, java.lang.String, int),14]
11-02 10:03:48.223 I/notification_cancel_all( 1594): [1000,1594,com.vitrinedecraques.app,0,0,0,5,NULL]
11-02 10:03:48.398 I/am_create_activity( 1594): [0,73941459,2138,com.vitrinedecraques.app/.MainActivity,NULL,NULL,NULL,268435456]
11-02 10:03:48.470 I/dvm_lock_sample( 1594): [system_server,1,Binder:1594_13,12,ActivityManagerService.java,7717,boolean com.android.server.am.ActivityManagerService.refContentProvider(android.os.IBinder, int, int),BroadcastQueue.java,984,void com.android.server.am.BroadcastQueue.processNextBroadcast(boolean, boolean),2]
11-02 10:03:48.519 I/am_proc_start( 1594): [0,2296,11404,com.vitrinedecraques.app,activity,{com.vitrinedecraques.app/com.vitrinedecraques.app.MainActivity}]
11-02 10:03:48.739 I/am_proc_bound( 1594): [0,2296,com.vitrinedecraques.app]
11-02 10:03:48.746 I/am_restart_activity( 1594): [0,73941459,2138,com.vitrinedecraques.app/.MainActivity,2296]
11-02 10:03:48.798 I/am_set_resumed_activity( 1594): [0,com.vitrinedecraques.app/.MainActivity,minimalResumeActivityLocked]
11-02 10:03:49.386 I/dvm_lock_sample( 1594): [system_server,1,Binder:1594_1E,172,ProcessManagerService.java,1704,java.util.List com.android.server.am.ProcessManagerService.getRunningProcessInfo(int, int, java.lang.String, java.lang.String, int),ActivityManagerService.java,1537,void com.android.server.am.ActivityManagerService$AppDeathRecipient.binderDied(),34]
11-02 10:03:49.397 I/dvm_lock_sample( 1594): [system_server,0,Binder:1594_1,21,ActivityManagerService.java,14494,void com.android.server.am.ActivityManagerService.serviceDoneExecuting(android.os.IBinder, int, int, int),-,5395,void com.android.server.am.ActivityManagerService.attachApplication(android.app.IApplicationThread, long),4]
11-02 10:03:49.434 I/dvm_lock_sample( 1594): [system_server,1,Binder:1594_18,51,ActivityManagerService.java,14343,void com.android.server.am.ActivityManagerService.setServiceForeground(android.content.ComponentName, android.os.IBinder, int, android.app.Notification, int, int),-,10031,java.util.List com.android.server.am.ActivityManagerService.getRunningAppProcesses(),10]
11-02 10:03:49.434 I/dvm_lock_sample( 1594): [system_server,0,miui.fg,39,ActivityManagerService.java,5955,boolean com.android.server.am.ActivityManagerService.isAppBad(android.content.pm.ApplicationInfo),-,14463,boolean com.android.server.am.ActivityManagerService.unbindService(android.app.IServiceConnection),7]
11-02 10:03:49.949 I/dvm_lock_sample( 1594): [system_server,1,Binder:1594_13,67,ActivityManagerService.java,7717,boolean com.android.server.am.ActivityManagerService.refContentProvider(android.os.IBinder, int, int),ActiveServices.java,2189,void com.android.server.am.ActiveServices$ServiceRestarter.run(),13]
11-02 10:03:50.057 I/dvm_lock_sample( 1594): [system_server,1,Binder:1594_12,18,ActivityManagerService.java,14474,void com.android.server.am.ActivityManagerService.publishService(android.os.IBinder, android.content.Intent, android.os.IBinder),-,14450,int com.android.server.am.ActivityManagerService.bindIsolatedService(android.app.IApplicationThread, android.os.IBinder, android.content.Intent, java.lang.String, android.app.IServiceConnection, int, java.lang.String, java.lang.String, int),3]
11-02 10:03:54.010 I/dvm_lock_sample( 1594): [system_server,1,android.ui,8,ActivityManagerService.java,3378,void com.android.server.am.ActivityManagerService.dispatchUidsChanged(),-,1537,void com.android.server.am.ActivityManagerService$AppDeathRecipient.binderDied(),1]
11-02 10:03:54.426 I/am_lifecycle_sample( 2296): [0,com.vitrinedecraques.app,110,5622]
11-02 10:03:54.683 I/am_on_create_called( 2296): [0,com.vitrinedecraques.app.MainActivity,performCreate,163]
11-02 10:03:54.762 I/am_on_start_called( 2296): [0,com.vitrinedecraques.app.MainActivity,handleStartActivity,0]
11-02 10:03:54.767 I/am_on_resume_called( 2296): [0,com.vitrinedecraques.app.MainActivity,RESUME_ACTIVITY,2]
11-02 10:03:54.818 I/am_on_top_resumed_gained_called( 2296): [0,com.vitrinedecraques.app.MainActivity,topStateChangedWhenResumed]
11-02 10:03:56.898 I/sysui_multi_action( 1594): [319,474,321,213,322,8544,325,2430874,757,761,758,7,759,1,806,com.vitrinedecraques.app,871,com.vitrinedecraques.app.MainActivity,904,com.android.shell,905,0,945,387,1320,12,1321,1]
11-02 10:03:56.902 I/am_activity_launch_time( 1594): [0,73941459,com.vitrinedecraques.app/.MainActivity,8544]
11-02 10:03:58.965 I/am_pss  ( 1594): [2296,11404,com.vitrinedecraques.app,143494144,133701632,258048,224374784,0,2,15]
11-02 10:04:12.023 I/am_pss  ( 1594): [2296,11404,com.vitrinedecraques.app,163826688,153407488,246784,249217024,0,2,16]
11-02 10:04:45.836 I/dvm_lock_sample( 2296): [com.vitrinedecraques.app,0,DefaultDispatcher-worker-1,17,ExifUtils.kt,32,coil.decode.ExifData coil.decode.ExifUtils.getExifData(java.lang.String, okio.BufferedSource, coil.decode.ExifOrientationPolicy),-,32,coil.decode.ExifData coil.decode.ExifUtils.getExifData(java.lang.String, okio.BufferedSource, coil.decode.ExifOrientationPolicy),3]
11-02 10:04:52.482 I/chatty  ( 2296): uid=11404(com.vitrinedecraques.app) identical 3 lines
11-02 10:05:12.760 I/am_pss  ( 1594): [2296,11404,com.vitrinedecraques.app,217163776,194805760,244736,316235776,0,2,18]
11-02 10:05:34.201 I/am_pause_activity( 1594): [2296,73941459,com.vitrinedecraques.app/.MainActivity,userLeaving=true]
11-02 10:05:34.204 I/am_add_to_stopping( 1594): [0,73941459,com.vitrinedecraques.app/.MainActivity,makeInvisible]
11-02 10:05:34.222 I/am_on_top_resumed_lost_called( 2296): [0,com.vitrinedecraques.app.MainActivity,topStateChangedWhenResumed]
11-02 10:05:34.244 I/am_on_paused_called( 2296): [0,com.vitrinedecraques.app.MainActivity,performPause,2]
11-02 10:05:34.668 I/am_stop_activity( 1594): [0,73941459,com.vitrinedecraques.app/.MainActivity]
11-02 10:05:34.671 I/dvm_lock_sample( 1594): [system_server,1,ActivityManager,12,ActiveServices.java,2189,void com.android.server.am.ActiveServices$ServiceRestarter.run(),ActivityManagerService.java,5395,void com.android.server.am.ActivityManagerService.attachApplication(android.app.IApplicationThread, long),2]
11-02 10:05:34.822 I/am_on_stop_called( 2296): [0,com.vitrinedecraques.app.MainActivity,STOP_ACTIVITY_ITEM,0]
11-02 10:05:35.697 I/sysui_multi_action(14041): [757,289,758,4,806,ComponentInfo{com.vitrinedecraques.app/com.vitrinedecraques.app.MainActivity}]
11-02 10:05:35.700 I/am_finish_activity( 1594): [2296,73941459,2138,com.vitrinedecraques.app/.MainActivity,remove-task]
11-02 10:05:35.700 I/am_destroy_activity( 1594): [2296,73941459,2138,com.vitrinedecraques.app/.MainActivity,finish-imm:finishActivityLocked]
11-02 10:05:35.762 I/dvm_lock_sample( 1594): [system_server,0,Binder:1594_1B,49,ActivityTaskManagerService.java,7702,void com.android.server.wm.ActivityTaskManagerService.setDummyTranslucent(android.os.IBinder, boolean),ActivityStarter.java,1313,int com.android.server.wm.ActivityStarter.startActivityMayWait(android.app.IApplicationThread, int, java.lang.String, int, int, android.content.Intent, java.lang.String, android.service.voice.IVoiceInteractionSession, com.android.internal.app.IVoiceInteractor, android.os.IBinder, java.lang.String, int, int, android.app.ProfilerInfo, android.app.WaitResult, android.content.res.Configuration, com.android.server.wm.SafeActivityOptions, boolean, int, com.android.server.wm.TaskRecord, java.lang.String, boolean, com.android.server.am.PendingIntentRecord, boolean),9]
11-02 10:05:35.764 I/am_kill ( 1594): [0,2296,com.vitrinedecraques.app,700,SwipeUpClean]
11-02 10:05:35.776 I/dvm_lock_sample( 1594): [system_server,0,AsyncTask #7,20,ActivityManagerService.java,10090,int com.android.server.am.ActivityManagerService.getMemoryTrimLevel(),ProcessRecord.java,1358,void com.android.server.am.ProcessRecord.updateProcessInfo(boolean, boolean, boolean),4]
11-02 10:05:35.946 I/am_proc_died( 1594): [0,2296,com.vitrinedecraques.app,700,16]
11-02 10:08:25.269 I/dvm_lock_sample( 1594): [system_server,1,Binder:1594_10,11,ActivityManagerService.java,5827,java.lang.String com.android.server.am.ActivityManagerService.getTagForIntentSender(android.content.IIntentSender, java.lang.String),-,14450,int com.android.server.am.ActivityManagerService.bindIsolatedService(android.app.IApplicationThread, android.os.IBinder, android.content.Intent, java.lang.String, android.app.IServiceConnection, int, java.lang.String, java.lang.String, int),2]
11-02 10:08:31.735 I/dvm_lock_sample( 1594): [system_server,1,android.ui,33,ActivityManagerService.java,3378,void com.android.server.am.ActivityManagerService.dispatchUidsChanged(),-,1537,void com.android.server.am.ActivityManagerService$AppDeathRecipient.binderDied(),6]
11-02 10:13:24.528 I/dvm_lock_sample( 1594): [system_server,1,Binder:1594_9,5,ActivityManagerService.java,6752,java.lang.String com.android.server.am.ActivityManagerService.checkContentProviderAccess(java.lang.String, int),-,14343,void com.android.server.am.ActivityManagerService.setServiceForeground(android.content.ComponentName, android.os.IBinder, int, android.app.Notification, int, int),1]
11-02 10:15:32.945 I/dvm_lock_sample( 1594): [system_server,1,ActivityManager,5,ActiveServices.java,2189,void com.android.server.am.ActiveServices$ServiceRestarter.run(),ActivityManagerService.java,5395,void com.android.server.am.ActivityManagerService.attachApplication(android.app.IApplicationThread, long),1]
11-02 10:25:05.804 I/dvm_lock_sample( 1594): [system_server,1,Binder:1594_20,6,ActivityManagerService.java,6978,android.app.ContentProviderHolder com.android.server.am.ActivityManagerService.getContentProviderImpl(android.app.IApplicationThread, java.lang.String, android.os.IBinder, int, java.lang.String, java.lang.String, boolean, int),-,14450,int com.android.server.am.ActivityManagerService.bindIsolatedService(android.app.IApplicationThread, android.os.IBinder, android.content.Intent, java.lang.String, android.app.IServiceConnection, int, java.lang.String, java.lang.String, int),1]
11-02 10:35:08.813 I/dvm_lock_sample( 1594): [system_server,1,Binder:1594_3,11,ProcessManagerService.java,1704,java.util.List com.android.server.am.ProcessManagerService.getRunningProcessInfo(int, int, java.lang.String, java.lang.String, int),ActivityManagerService.java,1537,void com.android.server.am.ActivityManagerService$AppDeathRecipient.binderDied(),2]
11-02 10:37:34.577 I/dvm_lock_sample( 1594): [system_server,1,Binder:1594_1C,10,ActivityManagerService.java,10031,java.util.List com.android.server.am.ActivityManagerService.getRunningAppProcesses(),-,14450,int com.android.server.am.ActivityManagerService.bindIsolatedService(android.app.IApplicationThread, android.os.IBinder, android.content.Intent, java.lang.String, android.app.IServiceConnection, int, java.lang.String, java.lang.String, int),2]
11-02 11:07:34.309 I/dvm_lock_sample( 1594): [system_server,1,Binder:1594_4,9,ActivityManagerService.java,14474,void com.android.server.am.ActivityManagerService.publishService(android.os.IBinder, android.content.Intent, android.os.IBinder),-,14450,int com.android.server.am.ActivityManagerService.bindIsolatedService(android.app.IApplicationThread, android.os.IBinder, android.content.Intent, java.lang.String, android.app.IServiceConnection, int, java.lang.String, java.lang.String, int),1]
11-02 11:07:34.488 I/dvm_lock_sample( 1594): [system_server,1,Binder:1594_13,25,ActivityManagerService.java,8605,boolean com.android.server.am.ActivityManagerService.isUidActive(int, java.lang.String),-,14450,int com.android.server.am.ActivityManagerService.bindIsolatedService(android.app.IApplicationThread, android.os.IBinder, android.content.Intent, java.lang.String, android.app.IServiceConnection, int, java.lang.String, java.lang.String, int),5]
11-02 11:07:36.686 I/dvm_lock_sample( 1594): [system_server,1,Binder:1594_B,17,ProcessManagerService.java,1704,java.util.List com.android.server.am.ProcessManagerService.getRunningProcessInfo(int, int, java.lang.String, java.lang.String, int),ActivityManagerService.java,1537,void com.android.server.am.ActivityManagerService$AppDeathRecipient.binderDied(),3]
11-02 11:07:37.913 I/dvm_lock_sample( 1594): [system_server,1,Binder:1594_D,16,ActivityManagerService.java,6752,java.lang.String com.android.server.am.ActivityManagerService.checkContentProviderAccess(java.lang.String, int),-,1537,void com.android.server.am.ActivityManagerService$AppDeathRecipient.binderDied(),3]
11-02 11:16:15.798 I/dvm_lock_sample( 1594): [system_server,0,android.bg,9,ActivityManagerService.java,2043,void com.android.server.am.ActivityManagerService$5.handleMessage(android.os.Message),-,14285,android.content.ComponentName com.android.server.am.ActivityManagerService.startService(android.app.IApplicationThread, android.content.Intent, java.lang.String, boolean, java.lang.String, int),1]
11-02 11:18:04.736 I/dvm_lock_sample( 1594): [system_server,1,Binder:1594_B,22,ActivityManagerService.java,6978,android.app.ContentProviderHolder com.android.server.am.ActivityManagerService.getContentProviderImpl(android.app.IApplicationThread, java.lang.String, android.os.IBinder, int, java.lang.String, java.lang.String, boolean, int),-,14285,android.content.ComponentName com.android.server.am.ActivityManagerService.startService(android.app.IApplicationThread, android.content.Intent, java.lang.String, boolean, java.lang.String, int),4]
11-02 11:18:04.965 I/dvm_lock_sample( 1594): [system_server,1,Binder:1594_B,25,ActivityManagerService.java,14474,void com.android.server.am.ActivityManagerService.publishService(android.os.IBinder, android.content.Intent, android.os.IBinder),BroadcastQueue.java,984,void com.android.server.am.BroadcastQueue.processNextBroadcast(boolean, boolean),5]
11-02 11:18:05.327 I/dvm_lock_sample( 1594): [system_server,1,Binder:1594_19,9,ActivityManagerService.java,8574,int com.android.server.am.ActivityManagerService.getUidProcessState(int, java.lang.String),-,14450,int com.android.server.am.ActivityManagerService.bindIsolatedService(android.app.IApplicationThread, android.os.IBinder, android.content.Intent, java.lang.String, android.app.IServiceConnection, int, java.lang.String, java.lang.String, int),1]
11-02 11:18:08.662 I/dvm_lock_sample( 1594): [system_server,1,Binder:1594_B,5,ActivityTaskManagerService.java,6551,int com.android.server.wm.ActivityTaskManagerService$LocalService.getTopProcessState(),WindowManagerService.java,2115,void com.android.server.wm.WindowManagerService.setInsetsWindow(com.android.server.wm.Session, android.view.IWindow, int, android.graphics.Rect, android.graphics.Rect, android.graphics.Region),1]
11-02 11:18:08.814 I/dvm_lock_sample( 1594): [system_server,1,Binder:1594_1F,145,ActivityManagerService.java,14285,android.content.ComponentName com.android.server.am.ActivityManagerService.startService(android.app.IApplicationThread, android.content.Intent, java.lang.String, boolean, java.lang.String, int),-,6978,android.app.ContentProviderHolder com.android.server.am.ActivityManagerService.getContentProviderImpl(android.app.IApplicationThread, java.lang.String, android.os.IBinder, int, java.lang.String, java.lang.String, boolean, int),29]
11-02 11:18:08.823 I/dvm_lock_sample( 1594): [system_server,1,Binder:1594_1C,153,ActivityManagerService.java,6752,java.lang.String com.android.server.am.ActivityManagerService.checkContentProviderAccess(java.lang.String, int),-,6978,android.app.ContentProviderHolder com.android.server.am.ActivityManagerService.getContentProviderImpl(android.app.IApplicationThread, java.lang.String, android.os.IBinder, int, java.lang.String, java.lang.String, boolean, int),30]
11-02 11:18:08.852 I/dvm_lock_sample( 1594): [system_server,1,Binder:1594_10,127,ActivityManagerService.java,14791,android.content.Intent com.android.server.am.ActivityManagerService.registerReceiver(android.app.IApplicationThread, java.lang.String, android.content.IIntentReceiver, android.content.IntentFilter, java.lang.String, int, int),-,6978,android.app.ContentProviderHolder com.android.server.am.ActivityManagerService.getContentProviderImpl(android.app.IApplicationThread, java.lang.String, android.os.IBinder, int, java.lang.String, java.lang.String, boolean, int),25]
11-02 11:18:08.877 I/dvm_lock_sample( 1594): [system_server,1,android.ui,15,ActivityManagerService.java,3272,void com.android.server.am.ActivityManagerService.dispatchProcessesChanged(),-,5955,boolean com.android.server.am.ActivityManagerService.isAppBad(android.content.pm.ApplicationInfo),3]
11-02 11:18:08.878 I/dvm_lock_sample( 1594): [system_server,1,Binder:1594_12,14,ActivityManagerService.java,14285,android.content.ComponentName com.android.server.am.ActivityManagerService.startService(android.app.IApplicationThread, android.content.Intent, java.lang.String, boolean, java.lang.String, int),-,6978,android.app.ContentProviderHolder com.android.server.am.ActivityManagerService.getContentProviderImpl(android.app.IApplicationThread, java.lang.String, android.os.IBinder, int, java.lang.String, java.lang.String, boolean, int),2]
11-02 11:18:08.880 I/dvm_lock_sample( 1594): [system_server,0,miui.fg,16,ActivityManagerService.java,5955,boolean com.android.server.am.ActivityManagerService.isAppBad(android.content.pm.ApplicationInfo),-,6978,android.app.ContentProviderHolder com.android.server.am.ActivityManagerService.getContentProviderImpl(android.app.IApplicationThread, java.lang.String, android.os.IBinder, int, java.lang.String, java.lang.String, boolean, int),3]
11-02 11:18:09.182 I/dvm_lock_sample( 1594): [system_server,1,Binder:1594_A,23,ActivityManagerService.java,7717,boolean com.android.server.am.ActivityManagerService.refContentProvider(android.os.IBinder, int, int),-,14450,int com.android.server.am.ActivityManagerService.bindIsolatedService(android.app.IApplicationThread, android.os.IBinder, android.content.Intent, java.lang.String, android.app.IServiceConnection, int, java.lang.String, java.lang.String, int),4]
11-02 11:18:09.265 I/dvm_lock_sample( 1594): [system_server,1,Binder:1594_A,54,ActivityManagerService.java,6752,java.lang.String com.android.server.am.ActivityManagerService.checkContentProviderAccess(java.lang.String, int),-,5955,boolean com.android.server.am.ActivityManagerService.isAppBad(android.content.pm.ApplicationInfo),10]
11-02 11:18:15.947 I/dvm_lock_sample( 1594): [system_server,1,Binder:1594_8,12,ActivityManagerService.java,14450,int com.android.server.am.ActivityManagerService.bindIsolatedService(android.app.IApplicationThread, android.os.IBinder, android.content.Intent, java.lang.String, android.app.IServiceConnection, int, java.lang.String, java.lang.String, int),-,14450,int com.android.server.am.ActivityManagerService.bindIsolatedService(android.app.IApplicationThread, android.os.IBinder, android.content.Intent, java.lang.String, android.app.IServiceConnection, int, java.lang.String, java.lang.String, int),2]
11-02 11:19:54.962 I/dvm_lock_sample( 1594): [system_server,1,android.display,13,ActivityManagerService.java,17671,void com.android.server.am.ActivityManagerService.trimApplications(java.lang.String),-,15989,int com.android.server.am.ActivityManagerService.broadcastIntent(android.app.IApplicationThread, android.content.Intent, java.lang.String, android.content.IIntentReceiver, int, java.lang.String, android.os.Bundle, java.lang.String[], int, android.os.Bundle, boolean, boolean, int),2]
11-02 11:19:54.988 I/dvm_lock_sample( 1594): [system_server,0,PackageManager,5,ActivityManagerService.java,15989,int com.android.server.am.ActivityManagerService.broadcastIntent(android.app.IApplicationThread, android.content.Intent, java.lang.String, android.content.IIntentReceiver, int, java.lang.String, android.os.Bundle, java.lang.String[], int, android.os.Bundle, boolean, boolean, int),-,18291,void com.android.server.am.ActivityManagerService$LocalService.updateDeviceIdleTempWhitelist(int[], int, boolean),1]
11-02 11:19:55.029 I/notification_cancel_all( 1594): [1000,1594,com.vitrinedecraques.app,0,0,0,5,NULL]
11-02 11:19:55.090 I/dvm_lock_sample( 1594): [system_server,0,miui.fg,82,ActivityManagerService.java,10090,int com.android.server.am.ActivityManagerService.getMemoryTrimLevel(),-,14285,android.content.ComponentName com.android.server.am.ActivityManagerService.startService(android.app.IApplicationThread, android.content.Intent, java.lang.String, boolean, java.lang.String, int),16]
11-02 11:19:55.207 I/sysui_multi_action( 1594): [757,147,758,4,759,1,806,com.vitrinedecraques.app]
11-02 11:19:55.327 I/dvm_lock_sample( 1594): [system_server,1,ActivityManager,25,BroadcastQueue.java,984,void com.android.server.am.BroadcastQueue.processNextBroadcast(boolean, boolean),ActivityManagerService.java,14494,void com.android.server.am.ActivityManagerService.serviceDoneExecuting(android.os.IBinder, int, int, int),5]
11-02 11:19:55.889 I/am_create_activity( 1594): [0,134439188,2141,com.vitrinedecraques.app/.MainActivity,NULL,NULL,NULL,268435456]
11-02 11:19:55.941 I/dvm_lock_sample( 1594): [system_server,1,Binder:1594_1C,209,WindowProcessUtils.java,405,java.lang.String com.android.server.wm.WindowProcessUtils.getCallerPackageName(com.android.server.wm.ActivityTaskManagerService, android.app.IApplicationThread),ActivityStarter.java,1313,int com.android.server.wm.ActivityStarter.startActivityMayWait(android.app.IApplicationThread, int, java.lang.String, int, int, android.content.Intent, java.lang.String, android.service.voice.IVoiceInteractionSession, com.android.internal.app.IVoiceInteractor, android.os.IBinder, java.lang.String, int, int, android.app.ProfilerInfo, android.app.WaitResult, android.content.res.Configuration, com.android.server.wm.SafeActivityOptions, boolean, int, com.android.server.wm.TaskRecord, java.lang.String, boolean, com.android.server.am.PendingIntentRecord, boolean),41]
11-02 11:19:56.075 I/dvm_lock_sample( 1594): [system_server,1,Binder:1594_1B,124,ActivityManagerService.java,14285,android.content.ComponentName com.android.server.am.ActivityManagerService.startService(android.app.IApplicationThread, android.content.Intent, java.lang.String, boolean, java.lang.String, int),-,14285,android.content.ComponentName com.android.server.am.ActivityManagerService.startService(android.app.IApplicationThread, android.content.Intent, java.lang.String, boolean, java.lang.String, int),24]
11-02 11:19:56.126 I/dvm_lock_sample( 1594): [system_server,0,Binder:1594_1E,17,ActivityManagerService.java,14494,void com.android.server.am.ActivityManagerService.serviceDoneExecuting(android.os.IBinder, int, int, int),-,17671,void com.android.server.am.ActivityManagerService.trimApplications(java.lang.String),3]
11-02 11:19:56.147 I/dvm_lock_sample( 1594): [system_server,1,android.ui,22,ActivityManagerService.java,3378,void com.android.server.am.ActivityManagerService.dispatchUidsChanged(),-,17671,void com.android.server.am.ActivityManagerService.trimApplications(java.lang.String),4]
11-02 11:19:56.160 I/am_proc_start( 1594): [0,26940,11404,com.vitrinedecraques.app,activity,{com.vitrinedecraques.app/com.vitrinedecraques.app.MainActivity}]
11-02 11:19:56.329 I/am_proc_bound( 1594): [0,26940,com.vitrinedecraques.app]
11-02 11:19:56.346 I/am_restart_activity( 1594): [0,134439188,2141,com.vitrinedecraques.app/.MainActivity,26940]
11-02 11:19:56.351 I/am_set_resumed_activity( 1594): [0,com.vitrinedecraques.app/.MainActivity,minimalResumeActivityLocked]
11-02 11:19:56.354 I/dvm_lock_sample( 1594): [system_server,1,android.display,9,ActivityMetricsLogger.java,544,void com.android.server.wm.ActivityMetricsLogger.checkVisibility(com.android.server.wm.TaskRecord, com.android.server.wm.ActivityRecord),ActivityTaskManagerService.java,7052,boolean com.android.server.wm.ActivityTaskManagerService$LocalService.attachApplication(com.android.server.wm.WindowProcessController),1]
11-02 11:19:56.657 I/dvm_lock_sample( 1594): [system_server,0,android.fg,42,ActivityManagerService.java,15989,int com.android.server.am.ActivityManagerService.broadcastIntent(android.app.IApplicationThread, android.content.Intent, java.lang.String, android.content.IIntentReceiver, int, java.lang.String, android.os.Bundle, java.lang.String[], int, android.os.Bundle, boolean, boolean, int),-,1537,void com.android.server.am.ActivityManagerService$AppDeathRecipient.binderDied(),8]
11-02 11:19:56.928 I/notification_cancel_all( 1594): [1000,1594,com.vitrinedecraques.app,0,0,0,5,NULL]
11-02 11:20:01.525 I/am_lifecycle_sample(26940): [0,com.vitrinedecraques.app,110,5164]
11-02 11:20:01.755 I/am_on_create_called(26940): [0,com.vitrinedecraques.app.MainActivity,performCreate,151]
11-02 11:20:01.811 I/am_on_start_called(26940): [0,com.vitrinedecraques.app.MainActivity,handleStartActivity,0]
11-02 11:20:01.815 I/am_on_resume_called(26940): [0,com.vitrinedecraques.app.MainActivity,RESUME_ACTIVITY,1]
11-02 11:20:01.870 I/am_on_top_resumed_gained_called(26940): [0,com.vitrinedecraques.app.MainActivity,topStateChangedWhenResumed]
11-02 11:20:03.562 I/sysui_multi_action( 1594): [319,658,321,334,322,7850,325,2435441,757,761,758,7,759,1,806,com.vitrinedecraques.app,871,com.vitrinedecraques.app.MainActivity,904,com.android.shell,905,0,945,619,1320,12,1321,1]
11-02 11:20:03.565 I/am_activity_launch_time( 1594): [0,134439188,com.vitrinedecraques.app/.MainActivity,7850]
11-02 11:20:05.915 I/dvm_lock_sample(26940): [com.vitrinedecraques.app,0,OkHttp TaskRunner,26,TaskRunner.kt,58,void okhttp3.internal.concurrent.TaskRunner$runnable$1.run(),Thread.java,-2,void java.lang.Thread.nativeCreate(java.lang.Thread, long, boolean),5]
11-02 11:20:06.415 I/dvm_lock_sample(26940): [com.vitrinedecraques.app,0,ExoPlayer:Playback,11,ProgressiveMediaSource.java,303,androidx.media3.exoplayer.source.MediaPeriod androidx.media3.exoplayer.source.ProgressiveMediaSource.createPeriod(androidx.media3.exoplayer.source.MediaSource$MediaPeriodId, androidx.media3.exoplayer.upstream.Allocator, long),-,303,androidx.media3.exoplayer.source.MediaPeriod androidx.media3.exoplayer.source.ProgressiveMediaSource.createPeriod(androidx.media3.exoplayer.source.MediaSource$MediaPeriodId, androidx.media3.exoplayer.upstream.Allocator, long),2]
11-02 11:20:06.435 I/am_pss  ( 1594): [26940,11404,com.vitrinedecraques.app,163325952,150802432,258048,252809216,0,2,19]
11-02 11:20:15.799 I/dvm_lock_sample(26940): [com.vitrinedecraques.app,0,ExoPlayer:Playback,6181,MediaCodecUtil.java,-1,java.util.List androidx.media3.exoplayer.mediacodec.MediaCodecUtil.getDecoderInfos(java.lang.String, boolean, boolean),MediaCodecList.java,-2,int android.media.MediaCodecList.native_getCodecCount(),100]
11-02 11:20:16.798 I/am_pss  ( 1594): [26940,11404,com.vitrinedecraques.app,195128320,182423552,263168,283602944,0,2,18]
11-02 11:20:26.389 I/dvm_lock_sample(26940): [com.vitrinedecraques.app,0,ExoPlayer:Loader:ProgressiveMediaPeriod,16,AsyncTimeout.java,-1,boolean com.android.okhttp.okio.AsyncTimeout.cancelScheduledTimeout(com.android.okhttp.okio.AsyncTimeout),-,-1,com.android.okhttp.okio.AsyncTimeout com.android.okhttp.okio.AsyncTimeout.awaitTimeout(),3]
11-02 11:21:16.825 I/am_pss  ( 1594): [26940,11404,com.vitrinedecraques.app,228056064,210120704,229376,327442432,0,2,22]
11-02 11:22:46.926 I/am_pss  ( 1594): [26940,11404,com.vitrinedecraques.app,243110912,225656832,225280,342974464,0,2,23]
11-02 11:25:02.080 I/am_pss  ( 1594): [26940,11404,com.vitrinedecraques.app,264301568,247009280,220160,364453888,0,2,24]
11-02 11:27:39.430 I/dvm_lock_sample(26940): [com.vitrinedecraques.app,0,ExoPlayer:Loader:ProgressiveMediaPeriod,12,AsyncTimeout.java,-1,boolean com.android.okhttp.okio.AsyncTimeout.cancelScheduledTimeout(com.android.okhttp.okio.AsyncTimeout),-,-1,com.android.okhttp.okio.AsyncTimeout com.android.okhttp.okio.AsyncTimeout.awaitTimeout(),2]
11-02 11:28:26.972 I/am_pss  ( 1594): [26940,11404,com.vitrinedecraques.app,263909376,246595584,220160,363958272,0,2,21]
11-02 11:29:38.881 I/am_pss  ( 1594): [26940,11404,com.vitrinedecraques.app,271986688,254914560,208896,371802112,1,2,23]
11-02 11:29:39.282 I/dvm_lock_sample( 1594): [system_server,1,Binder:1594_3,11,ActivityManagerService.java,14450,int com.android.server.am.ActivityManagerService.bindIsolatedService(android.app.IApplicationThread, android.os.IBinder, android.content.Intent, java.lang.String, android.app.IServiceConnection, int, java.lang.String, java.lang.String, int),-,15989,int com.android.server.am.ActivityManagerService.broadcastIntent(android.app.IApplicationThread, android.content.Intent, java.lang.String, android.content.IIntentReceiver, int, java.lang.String, android.os.Bundle, java.lang.String[], int, android.os.Bundle, boolean, boolean, int),2]
11-02 11:29:40.095 I/dvm_lock_sample( 1594): [system_server,1,Binder:1594_14,24,ActivityManagerService.java,5955,boolean com.android.server.am.ActivityManagerService.isAppBad(android.content.pm.ApplicationInfo),-,14450,int com.android.server.am.ActivityManagerService.bindIsolatedService(android.app.IApplicationThread, android.os.IBinder, android.content.Intent, java.lang.String, android.app.IServiceConnection, int, java.lang.String, java.lang.String, int),4]
11-02 11:29:42.751 I/dvm_lock_sample( 1594): [system_server,1,Binder:1594_1,12,ActivityManagerService.java,8605,boolean com.android.server.am.ActivityManagerService.isUidActive(int, java.lang.String),-,1537,void com.android.server.am.ActivityManagerService$AppDeathRecipient.binderDied(),2]
11-02 11:29:44.516 I/dvm_lock_sample( 1594): [system_server,0,Binder:1594_15,11,ActivityManagerService.java,14494,void com.android.server.am.ActivityManagerService.serviceDoneExecuting(android.os.IBinder, int, int, int),-,14450,int com.android.server.am.ActivityManagerService.bindIsolatedService(android.app.IApplicationThread, android.os.IBinder, android.content.Intent, java.lang.String, android.app.IServiceConnection, int, java.lang.String, java.lang.String, int),2]
11-02 11:29:49.095 I/dvm_lock_sample( 1594): [system_server,1,Binder:1594_A,11,ActivityManagerService.java,8605,boolean com.android.server.am.ActivityManagerService.isUidActive(int, java.lang.String),-,14450,int com.android.server.am.ActivityManagerService.bindIsolatedService(android.app.IApplicationThread, android.os.IBinder, android.content.Intent, java.lang.String, android.app.IServiceConnection, int, java.lang.String, java.lang.String, int),2]
11-02 11:30:03.277 I/dvm_lock_sample( 1594): [system_server,1,Binder:1594_4,18,ActivityManagerService.java,14450,int com.android.server.am.ActivityManagerService.bindIsolatedService(android.app.IApplicationThread, android.os.IBinder, android.content.Intent, java.lang.String, android.app.IServiceConnection, int, java.lang.String, java.lang.String, int),-,1537,void com.android.server.am.ActivityManagerService$AppDeathRecipient.binderDied(),3]
11-02 11:37:15.857 I/am_pss  ( 1594): [26940,11404,com.vitrinedecraques.app,287283200,266960896,216064,384299008,0,2,26]
11-02 11:37:26.537 I/am_on_top_resumed_lost_called(26940): [0,com.vitrinedecraques.app.MainActivity,topStateChangedWhenResumed]
11-02 11:37:26.542 I/am_pause_activity( 1594): [26940,134439188,com.vitrinedecraques.app/.MainActivity,userLeaving=true]
11-02 11:37:26.546 I/am_add_to_stopping( 1594): [0,134439188,com.vitrinedecraques.app/.MainActivity,makeInvisible]
11-02 11:37:26.559 I/am_on_paused_called(26940): [0,com.vitrinedecraques.app.MainActivity,performPause,1]
11-02 11:37:26.980 I/am_stop_activity( 1594): [0,134439188,com.vitrinedecraques.app/.MainActivity]
11-02 11:37:27.120 I/am_on_stop_called(26940): [0,com.vitrinedecraques.app.MainActivity,STOP_ACTIVITY_ITEM,0]
11-02 11:37:28.981 I/am_set_resumed_activity( 1594): [0,com.vitrinedecraques.app/.MainActivity,moveTaskToFront findTaskToMoveToFront]
11-02 11:37:29.009 I/sysui_multi_action(14041): [757,277,758,4,806,ComponentInfo{com.vitrinedecraques.app/com.vitrinedecraques.app.MainActivity}]
11-02 11:37:29.018 I/am_set_resumed_activity( 1594): [0,com.vitrinedecraques.app/.MainActivity,resumeTopActivityInnerLocked]
11-02 11:37:29.019 I/am_resume_activity( 1594): [0,134439188,2141,com.vitrinedecraques.app/.MainActivity,26940]
11-02 11:37:29.036 I/am_on_restart_called(26940): [0,com.vitrinedecraques.app.MainActivity,performRestartActivity,0]
11-02 11:37:29.064 I/am_on_start_called(26940): [0,com.vitrinedecraques.app.MainActivity,handleStartActivity,0]
11-02 11:37:29.071 I/am_on_resume_called(26940): [0,com.vitrinedecraques.app.MainActivity,RESUME_ACTIVITY,1]
11-02 11:37:29.073 I/am_on_top_resumed_gained_called(26940): [0,com.vitrinedecraques.app.MainActivity,topWhenResuming]
11-02 11:37:29.349 I/sysui_multi_action( 1594): [319,71,321,43,322,369,325,2436494,757,761,758,9,759,4,806,com.vitrinedecraques.app,871,com.vitrinedecraques.app.MainActivity,904,com.android.shell,905,0,1320,12,1321,1]
11-02 11:37:33.980 I/am_on_top_resumed_lost_called(26940): [0,com.vitrinedecraques.app.MainActivity,topStateChangedWhenResumed]
11-02 11:37:33.982 I/am_pause_activity( 1594): [26940,134439188,com.vitrinedecraques.app/.MainActivity,userLeaving=true]
11-02 11:37:33.997 I/am_add_to_stopping( 1594): [0,134439188,com.vitrinedecraques.app/.MainActivity,makeInvisible]
11-02 11:37:34.024 I/am_on_paused_called(26940): [0,com.vitrinedecraques.app.MainActivity,performPause,1]
11-02 11:37:34.129 I/dvm_lock_sample( 1594): [system_server,1,android.ui,14,ActivityManagerService.java,3432,void com.android.server.am.ActivityManagerService.dispatchUidsChanged(),-,17671,void com.android.server.am.ActivityManagerService.trimApplications(java.lang.String),2]
11-02 11:37:34.590 I/am_stop_activity( 1594): [0,134439188,com.vitrinedecraques.app/.MainActivity]
11-02 11:37:34.693 I/am_on_stop_called(26940): [0,com.vitrinedecraques.app.MainActivity,STOP_ACTIVITY_ITEM,0]
11-02 11:37:35.869 I/sysui_multi_action(14041): [757,289,758,4,806,ComponentInfo{com.vitrinedecraques.app/com.vitrinedecraques.app.MainActivity}]
11-02 11:37:35.872 I/am_finish_activity( 1594): [26940,134439188,2141,com.vitrinedecraques.app/.MainActivity,remove-task]
11-02 11:37:35.872 I/am_destroy_activity( 1594): [26940,134439188,2141,com.vitrinedecraques.app/.MainActivity,finish-imm:finishActivityLocked]
11-02 11:37:35.963 I/am_kill ( 1594): [0,26940,com.vitrinedecraques.app,905,SwipeUpClean]
11-02 11:37:36.187 I/am_proc_died( 1594): [0,26940,com.vitrinedecraques.app,905,20]
11-02 11:37:37.671 I/dvm_lock_sample( 1594): [system_server,1,Binder:1594_3,15,ActivityManagerService.java,6752,java.lang.String com.android.server.am.ActivityManagerService.checkContentProviderAccess(java.lang.String, int),ProcessRecord.java,1358,void com.android.server.am.ProcessRecord.updateProcessInfo(boolean, boolean, boolean),3]
11-02 11:37:38.045 I/dvm_lock_sample( 1594): [system_server,1,Binder:1594_19,15,ActivityManagerService.java,14962,void com.android.server.am.ActivityManagerService.unregisterReceiver(android.content.IIntentReceiver),-,14463,boolean com.android.server.am.ActivityManagerService.unbindService(android.app.IServiceConnection),3]
11-02 11:50:04.562 I/dvm_lock_sample( 1594): [system_server,1,Binder:1594_13,5,ProcessManagerService.java,1704,java.util.List com.android.server.am.ProcessManagerService.getRunningProcessInfo(int, int, java.lang.String, java.lang.String, int),ActivityManagerService.java,1537,void com.android.server.am.ActivityManagerService$AppDeathRecipient.binderDied(),1]
11-02 11:51:38.806 I/dvm_lock_sample( 1594): [system_server,1,android.anim,5,InputMonitor.java,120,void com.android.server.wm.InputMonitor$1.run(),ActivityTaskManagerService.java,1755,void com.android.server.wm.ActivityTaskManagerService.activityPaused(android.os.IBinder),1]
11-02 11:51:42.200 I/dvm_lock_sample( 1594): [system_server,1,ActivityManager,499,PackageManagerService.java,25144,boolean com.android.server.pm.PackageManagerService$PackageManagerInternalImpl.isPermissionsReviewRequired(java.lang.String, int),-,17551,void com.android.server.pm.PackageManagerService.installPackagesLI(java.util.List),99]
11-02 11:51:42.236 I/dvm_lock_sample( 1594): [system_server,0,Binder:1594_13,475,ActivityManagerService.java,7564,void com.android.server.am.ActivityManagerService.removeContentProvider(android.os.IBinder, boolean),BroadcastQueue.java,984,void com.android.server.am.BroadcastQueue.processNextBroadcast(boolean, boolean),95]
11-02 11:51:42.485 I/dvm_lock_sample( 1594): [system_server,1,ActivityManager:procStart,35,ProcessList.java,1687,void com.android.server.am.ProcessList.lambda$startProcessLocked$0$ProcessList(com.android.server.am.ProcessRecord, java.lang.String, int[], int, int, java.lang.String, java.lang.String, java.lang.String, long),ActivityManagerService.java,15989,int com.android.server.am.ActivityManagerService.broadcastIntent(android.app.IApplicationThread, android.content.Intent, java.lang.String, android.content.IIntentReceiver, int, java.lang.String, android.os.Bundle, java.lang.String[], int, android.os.Bundle, boolean, boolean, int),7]
11-02 11:51:42.548 I/sysui_multi_action( 1594): [757,147,758,4,759,1,806,com.vitrinedecraques.app]
11-02 11:51:42.558 I/dvm_lock_sample( 1594): [system_server,1,Binder:1594_1B,26,ActivityManagerService.java,14285,android.content.ComponentName com.android.server.am.ActivityManagerService.startService(android.app.IApplicationThread, android.content.Intent, java.lang.String, boolean, java.lang.String, int),BroadcastQueue.java,984,void com.android.server.am.BroadcastQueue.processNextBroadcast(boolean, boolean),5]
11-02 11:51:43.346 I/am_create_activity( 1594): [0,97203560,2144,com.vitrinedecraques.app/.MainActivity,NULL,NULL,NULL,268435456]
11-02 11:51:43.439 I/am_proc_start( 1594): [0,1407,11404,com.vitrinedecraques.app,activity,{com.vitrinedecraques.app/com.vitrinedecraques.app.MainActivity}]
11-02 11:51:43.631 I/am_proc_bound( 1594): [0,1407,com.vitrinedecraques.app]
11-02 11:51:43.652 I/am_restart_activity( 1594): [0,97203560,2144,com.vitrinedecraques.app/.MainActivity,1407]
11-02 11:51:43.654 I/am_set_resumed_activity( 1594): [0,com.vitrinedecraques.app/.MainActivity,minimalResumeActivityLocked]
11-02 11:51:43.664 I/dvm_lock_sample( 1594): [system_server,1,Binder:1594_1,12,ActivityManagerService.java,6752,java.lang.String com.android.server.am.ActivityManagerService.checkContentProviderAccess(java.lang.String, int),-,5395,void com.android.server.am.ActivityManagerService.attachApplication(android.app.IApplicationThread, long),2]
11-02 11:51:43.775 I/dvm_lock_sample( 1594): [system_server,1,Binder:1594_1A,39,ActivityManagerService.java,14463,boolean com.android.server.am.ActivityManagerService.unbindService(android.app.IServiceConnection),-,5395,void com.android.server.am.ActivityManagerService.attachApplication(android.app.IApplicationThread, long),7]
11-02 11:51:44.834 I/notification_cancel_all( 1594): [1000,1594,com.vitrinedecraques.app,0,0,0,5,NULL]
11-02 11:51:44.883 I/notification_cancel_all( 1594): [1000,1594,com.vitrinedecraques.app,0,0,0,5,NULL]
11-02 11:51:44.946 I/dvm_lock_sample( 1594): [system_server,1,Binder:1594_2,54,ActivityManagerService.java,5963,int com.android.server.am.ActivityManagerService.getUidState(int),-,7717,boolean com.android.server.am.ActivityManagerService.refContentProvider(android.os.IBinder, int, int),10]
11-02 11:51:44.976 I/dvm_lock_sample( 1594): [system_server,1,Binder:1594_2,29,ActivityManagerService.java,5963,int com.android.server.am.ActivityManagerService.getUidState(int),-,14875,android.content.Intent com.android.server.am.ActivityManagerService.registerReceiver(android.app.IApplicationThread, java.lang.String, android.content.IIntentReceiver, android.content.IntentFilter, java.lang.String, int, int),5]
11-02 11:51:48.767 I/am_lifecycle_sample( 1407): [0,com.vitrinedecraques.app,110,5094]
11-02 11:51:49.005 I/am_on_create_called( 1407): [0,com.vitrinedecraques.app.MainActivity,performCreate,147]
11-02 11:51:49.063 I/am_on_start_called( 1407): [0,com.vitrinedecraques.app.MainActivity,handleStartActivity,0]
11-02 11:51:49.067 I/am_on_resume_called( 1407): [0,com.vitrinedecraques.app.MainActivity,RESUME_ACTIVITY,1]
11-02 11:51:49.098 I/am_on_top_resumed_gained_called( 1407): [0,com.vitrinedecraques.app.MainActivity,topStateChangedWhenResumed]
11-02 11:51:50.915 I/sysui_multi_action( 1594): [319,495,321,435,322,7716,325,2437349,757,761,758,7,759,1,806,com.vitrinedecraques.app,871,com.vitrinedecraques.app.MainActivity,904,com.android.shell,905,0,945,437,1320,12,1321,1]
11-02 11:51:50.920 I/am_activity_launch_time( 1594): [0,97203560,com.vitrinedecraques.app/.MainActivity,7716]
11-02 11:51:53.931 I/am_pss  ( 1594): [1407,11404,com.vitrinedecraques.app,172852224,162004992,239616,263643136,0,2,19]
11-02 11:51:53.988 I/dvm_lock_sample( 1407): [com.vitrinedecraques.app,0,ExoPlayer:Loader:ProgressiveMediaPeriod,81,StreamAllocation.java,180,com.android.okhttp.internal.io.RealConnection com.android.okhttp.internal.http.StreamAllocation.findConnection(int, int, int, boolean),Thread.java,-2,void java.lang.Thread.nativeCreate(java.lang.Thread, long, boolean),16]
11-02 11:52:03.402 I/chatty  ( 1407): uid=11404(com.vitrinedecraques.app) identical 3 lines
11-02 11:52:03.903 I/dvm_lock_sample( 1407): [com.vitrinedecraques.app,0,ExoPlayer:Playback,3738,MediaCodecUtil.java,-1,java.util.List androidx.media3.exoplayer.mediacodec.MediaCodecUtil.getDecoderInfos(java.lang.String, boolean, boolean),MediaCodecList.java,-2,int android.media.MediaCodecList.native_getCodecCount(),100]
11-02 11:52:04.375 I/am_pss  ( 1594): [1407,11404,com.vitrinedecraques.app,186870784,175022080,236544,278601728,0,2,19]
11-02 11:53:04.399 I/am_pss  ( 1594): [1407,11404,com.vitrinedecraques.app,227909632,209387520,225280,327630848,0,2,22]
11-02 11:54:34.569 I/am_pss  ( 1594): [1407,11404,com.vitrinedecraques.app,245167104,226934784,217088,345292800,0,2,21]
11-02 11:56:49.791 I/am_pss  ( 1594): [1407,11404,com.vitrinedecraques.app,269930496,251641856,217088,370130944,0,2,25]
11-02 11:59:20.650 I/dvm_lock_sample( 1594): [system_server,1,Binder:1594_6,5,ActivityManagerService.java,14875,android.content.Intent com.android.server.am.ActivityManagerService.registerReceiver(android.app.IApplicationThread, java.lang.String, android.content.IIntentReceiver, android.content.IntentFilter, java.lang.String, int, int),-,3378,void com.android.server.am.ActivityManagerService.dispatchUidsChanged(),1]
11-02 11:59:24.170 I/am_on_top_resumed_lost_called( 1407): [0,com.vitrinedecraques.app.MainActivity,topStateChangedWhenResumed]
11-02 11:59:24.172 I/am_pause_activity( 1594): [1407,97203560,com.vitrinedecraques.app/.MainActivity,userLeaving=true]
11-02 11:59:24.175 I/am_add_to_stopping( 1594): [0,97203560,com.vitrinedecraques.app/.MainActivity,makeInvisible]
11-02 11:59:24.196 I/am_on_paused_called( 1407): [0,com.vitrinedecraques.app.MainActivity,performPause,0]
11-02 11:59:24.595 I/am_stop_activity( 1594): [0,97203560,com.vitrinedecraques.app/.MainActivity]
11-02 11:59:24.732 I/am_on_stop_called( 1407): [0,com.vitrinedecraques.app.MainActivity,STOP_ACTIVITY_ITEM,0]
11-02 11:59:25.481 I/sysui_multi_action(14041): [757,289,758,4,806,ComponentInfo{com.vitrinedecraques.app/com.vitrinedecraques.app.MainActivity}]
11-02 11:59:25.551 I/am_finish_activity( 1594): [1407,97203560,2144,com.vitrinedecraques.app/.MainActivity,remove-task]
11-02 11:59:25.551 I/am_destroy_activity( 1594): [1407,97203560,2144,com.vitrinedecraques.app/.MainActivity,finish-imm:finishActivityLocked]
11-02 11:59:25.585 I/dvm_lock_sample( 1594): [system_server,1,android.display,18,ActivityManagerService.java,18519,void com.android.server.am.ActivityManagerService$LocalService.updateCpuStats(),BroadcastQueue.java,984,void com.android.server.am.BroadcastQueue.processNextBroadcast(boolean, boolean),3]
11-02 11:59:25.593 I/am_kill ( 1594): [0,1407,com.vitrinedecraques.app,905,SwipeUpClean]
11-02 11:59:25.764 I/am_proc_died( 1594): [0,1407,com.vitrinedecraques.app,905,20]
11-02 12:00:20.156 I/dvm_lock_sample( 1594): [system_server,0,Binder:1594_18,8,ActivityManagerService.java,14494,void com.android.server.am.ActivityManagerService.serviceDoneExecuting(android.os.IBinder, int, int, int),-,14450,int com.android.server.am.ActivityManagerService.bindIsolatedService(android.app.IApplicationThread, android.os.IBinder, android.content.Intent, java.lang.String, android.app.IServiceConnection, int, java.lang.String, java.lang.String, int),1]
11-02 12:00:35.092 I/dvm_lock_sample( 1594): [system_server,1,Binder:1594_10,18,ActivityManagerService.java,14791,android.content.Intent com.android.server.am.ActivityManagerService.registerReceiver(android.app.IApplicationThread, java.lang.String, android.content.IIntentReceiver, android.content.IntentFilter, java.lang.String, int, int),-,1537,void com.android.server.am.ActivityManagerService$AppDeathRecipient.binderDied(),3]
11-02 12:00:37.735 I/dvm_lock_sample( 1594): [system_server,1,Binder:1594_1B,50,ActivityManagerService.java,5963,int com.android.server.am.ActivityManagerService.getUidState(int),-,14450,int com.android.server.am.ActivityManagerService.bindIsolatedService(android.app.IApplicationThread, android.os.IBinder, android.content.Intent, java.lang.String, android.app.IServiceConnection, int, java.lang.String, java.lang.String, int),10]
11-02 12:00:38.050 I/dvm_lock_sample( 1594): [system_server,1,Binder:1594_C,12,ActivityManagerService.java,1537,void com.android.server.am.ActivityManagerService$AppDeathRecipient.binderDied(),-,14463,boolean com.android.server.am.ActivityManagerService.unbindService(android.app.IServiceConnection),2]
11-02 12:01:03.494 I/dvm_lock_sample( 1594): [system_server,1,Binder:1594_6,16,ActivityManagerService.java,8605,boolean com.android.server.am.ActivityManagerService.isUidActive(int, java.lang.String),-,14494,void com.android.server.am.ActivityManagerService.serviceDoneExecuting(android.os.IBinder, int, int, int),3]
11-02 12:08:21.893 I/dvm_lock_sample( 1594): [system_server,1,main,16,ActivityManagerService.java,15989,int com.android.server.am.ActivityManagerService.broadcastIntent(android.app.IApplicationThread, android.content.Intent, java.lang.String, android.content.IIntentReceiver, int, java.lang.String, android.os.Bundle, java.lang.String[], int, android.os.Bundle, boolean, boolean, int),BroadcastQueue.java,984,void com.android.server.am.BroadcastQueue.processNextBroadcast(boolean, boolean),3]
11-02 12:08:21.908 I/dvm_lock_sample( 1594): [system_server,1,android.ui,10,ActivityManagerService.java,3378,void com.android.server.am.ActivityManagerService.dispatchUidsChanged(),-,14463,boolean com.android.server.am.ActivityManagerService.unbindService(android.app.IServiceConnection),2]
11-02 12:08:22.039 I/dvm_lock_sample( 1594): [system_server,1,Binder:1594_10,47,ActivityManagerService.java,6752,java.lang.String com.android.server.am.ActivityManagerService.checkContentProviderAccess(java.lang.String, int),BroadcastQueue.java,984,void com.android.server.am.BroadcastQueue.processNextBroadcast(boolean, boolean),9]
11-02 12:08:22.504 I/dvm_lock_sample( 1594): [system_server,1,Binder:1594_10,20,ActivityManagerService.java,8605,boolean com.android.server.am.ActivityManagerService.isUidActive(int, java.lang.String),-,5955,boolean com.android.server.am.ActivityManagerService.isAppBad(android.content.pm.ApplicationInfo),4]
11-02 12:08:22.516 I/dvm_lock_sample( 1594): [system_server,1,Binder:1594_1B,6,ActivityManagerService.java,6752,java.lang.String com.android.server.am.ActivityManagerService.checkContentProviderAccess(java.lang.String, int),-,14463,boolean com.android.server.am.ActivityManagerService.unbindService(android.app.IServiceConnection),1]
